******************************************************************************
               TMS320C6x Linker PC v7.4.20                     
******************************************************************************
>> Linked Wed Apr 01 07:54:07 2026

OUTPUT FILE NAME:   <lab_4.out>
ENTRY POINT SYMBOL: "_c_int00"  address: 00001ec0


MEMORY CONFIGURATION

         name            origin    length      used     unused   attr    fill
----------------------  --------  ---------  --------  --------  ----  --------
  RAM                   00000001   fffffffe  00002d04  ffffd2fa  RWIX


SECTION ALLOCATION MAP

 output                                  attributes/
section   page    origin      length       input sections
--------  ----  ----------  ----------   ----------------
.pinit     0    00000004    00000000     UNINITIALIZED

.data      0    00000008    00000000     UNINITIALIZED

.bss       0    00000008    00000000     UNINITIALIZED

.text      0    00000020    00002120     
                  00000020    00000640     c6416dskinit.obj (.text)
                  00000660    000003c0     dsk6416bsl.lib : dsk6416.obj (.text)
                  00000a20    000002c0     Loop_intr.obj (.text:retain)
                  00000ce0    00000220     dsk6416bsl.lib : dsk6416_aic23_opencodec.obj (.text)
                  00000f00    00000220                    : dsk6416_aic23_registers.obj (.text)
                  00001120    000001e0     csl6416.lib : csl_irq.obj (.text:_IRQ_map)
                  00001300    000001e0                 : csl_mcbsp.obj (.text:_MCBSP_reset)
                  000014e0    00000100     dsk6416bsl.lib : dsk6416_aic23_setfreq.obj (.text)
                  000015e0    000000e0     csl6416.lib : csl_mcbsp.obj (.text:_MCBSP_open)
                  000016c0    000000e0                 : csl_mcbsp.obj (.text:_MCBSP_start)
                  000017a0    000000e0     rts6400.lib : autoinit.obj (.text:__auto_init)
                  00001880    000000e0                 : memcpy64.obj (.text:_memcpy)
                  00001960    000000c0     csl6416.lib : csl_mcbsp.obj (.text:_MCBSP_config)
                  00001a20    000000c0     rts6400.lib : strasg.obj (.text:__strasg)
                  00001ae0    000000c0                 : exit.obj (.text:_exit)
                  00001ba0    000000c0     csl6416.lib : csl_irq.obj (.text:_setMux)
                  00001c60    000000a0                 : csl_emifa.obj (.text:_EMIFA_config)
                  00001d00    000000a0                 : csl_emifb.obj (.text:_EMIFB_config)
                  00001da0    000000a0     rts6400.lib : cpy_tbl.obj (.text:_copy_in)
                  00001e40    00000080                 : cpp_init.obj (.text:___TI_cpp_init)
                  00001ec0    00000060                 : boot.obj (.text:_c_int00)
                  00001f20    00000040     csl6416.lib : csl_irq.obj (.text:_IRQ_reset)
                  00001f60    00000040     rts6400.lib : args_main.obj (.text:__args_main)
                  00001fa0    00000020     Loop_intr.obj (.text)
                  00001fc0    00000020     Vectors_intr.obj (.text)
                  00001fe0    00000020     csl6416.lib : csl_irq.obj (.text:_IRQ_enable)
                  00002000    00000020                 : csl_irq.obj (.text:_IRQ_globalDisable)
                  00002020    00000020                 : csl_irq.obj (.text:_IRQ_globalEnable)
                  00002040    00000020                 : csl_irq.obj (.text:_IRQ_nmiEnable)
                  00002060    00000020                 : csl_mcbsp.obj (.text:_MCBSP_getXmtEventId)
                  00002080    00000020                 : csl_mcbsp.obj (.text:_MCBSP_read)
                  000020a0    00000020                 : csl_mcbsp.obj (.text:_MCBSP_rrdy)
                  000020c0    00000020                 : csl_mcbsp.obj (.text:_MCBSP_write)
                  000020e0    00000020                 : csl_mcbsp.obj (.text:_MCBSP_xrdy)
                  00002100    00000020     rts6400.lib : exit.obj (.text:_abort)
                  00002120    00000020     csl6416.lib : csl_irq.obj (.text)

.stack     0    00002140    00000400     UNINITIALIZED
                  00002140    00000008     rts6400.lib : boot.obj (.stack)
                  00002148    000003f8     --HOLE--

.cinit     0    00002540    000002ac     
                  00002540    0000012c     csl6416.lib : csl_irq.obj (.cinit)
                  0000266c    00000004     --HOLE-- [fill = 0]
                  00002670    0000007c                 : csl_mcbsp.obj (.cinit)
                  000026ec    00000004     --HOLE-- [fill = 0]
                  000026f0    0000005c     c6416dskinit.obj (.cinit)
                  0000274c    00000004     --HOLE-- [fill = 0]
                  00002750    0000002c     rts6400.lib : exit.obj (.cinit)
                  0000277c    00000004     --HOLE-- [fill = 0]
                  00002780    00000028     dsk6416bsl.lib : dsk6416_aic23_setfreq.obj (.cinit)
                  000027a8    0000001c     Loop_intr.obj (.cinit)
                  000027c4    00000004     --HOLE-- [fill = 0]
                  000027c8    0000001c     dsk6416bsl.lib : dsk6416_aic23_registers.obj (.cinit)
                  000027e4    00000004     --HOLE-- [fill = 0]
                  000027e8    00000004     (.pad.cinit) [fill = 0]

.far       0    000027f0    00000208     UNINITIALIZED
                  000027f0    00000100     csl6416.lib : csl_irq.obj (.far)
                  000028f0    0000005a     c6416dskinit.obj (.far)
                  0000294a    00000004     dsk6416bsl.lib : dsk6416.obj (.far)
                  0000294e    00000002     --HOLE--
                  00002950    00000054     csl6416.lib : csl_mcbsp.obj (.far)
                  000029a4    00000004     --HOLE--
                  000029a8    00000020     dsk6416bsl.lib : dsk6416_aic23_setfreq.obj (.far)
                  000029c8    00000014                    : dsk6416_aic23_registers.obj (.far)
                  000029dc    0000000c     rts6400.lib : exit.obj (.far)
                  000029e8    00000008     Loop_intr.obj (.far)
                  000029f0    00000008     dsk6416bsl.lib : dsk6416_aic23_opencodec.obj (.far)

.const     0    000029f8    00000130     
                  000029f8    000000c0     dsk6416bsl.lib : dsk6416.obj (.const)
                  00002ab8    00000070                    : dsk6416_aic23_opencodec.obj (.const)

.vecs      0    00002c00    00000200     
                  00002c00    00000200     Vectors_intr.obj (.vecs)


GLOBAL SYMBOLS: SORTED ALPHABETICALLY BY Name 

address    name
--------   ----
00000008   $bss
00000008   .bss
00000008   .data
00000020   .text
00002100   C$$EXIT
000028fc   _AIC23CfgData
000028f0   _AIC_data
000029f0   _DSK6416_AIC23_codeccontrolhandle
000029f4   _DSK6416_AIC23_codecdatahandle
0000105c   _DSK6416_AIC23_config
00000ce0   _DSK6416_AIC23_openCodec
0000101c   _DSK6416_AIC23_rget
00000f00   _DSK6416_AIC23_rset
000014e0   _DSK6416_AIC23_setFreq
0000094c   _DSK6416_getVersion
00000660   _DSK6416_init
00000810   _DSK6416_rget
00000848   _DSK6416_rset
0000294a   _DSK6416_version
00000890   _DSK6416_wait
00000900   _DSK6416_waitusec
00001c60   _EMIFA_config
00001d00   _EMIFB_config
00001fe0   _IRQ_enable
00002000   _IRQ_globalDisable
00002020   _IRQ_globalEnable
00001120   _IRQ_map
00002040   _IRQ_nmiEnable
00001f20   _IRQ_reset
00001960   _MCBSP_config
00002060   _MCBSP_getXmtEventId
000015e0   _MCBSP_open
00002080   _MCBSP_read
00001300   _MCBSP_reset
000020a0   _MCBSP_rrdy
000016c0   _MCBSP_start
000020c0   _MCBSP_write
000020e0   _MCBSP_xrdy
000028e8   __IRQ_dispatchTable
00002820   __IRQ_eventTable
00002120   __IRQ_hookFetchPacket
000028a8   __IRQ_intTable
00002998   __MCBSP_hDev0
0000299c   __MCBSP_hDev1
000029a0   __MCBSP_hDev2
00002540   __STACK_END
00000400   __STACK_SIZE
00000001   __TI_args_main
00001e40   ___TI_cpp_init
000029e4   ___TI_enable_exit_profile_output
ffffffff   ___TI_pprof_out_hndl
ffffffff   ___TI_prof_data_size
ffffffff   ___TI_prof_data_start
ffffffff   ___binit__
00000008   ___bss__
ffffffff   ___c_args__
00002540   ___cinit__
00000008   ___data__
00000008   ___edata__
00000008   ___end__
00002140   ___etext__
ffffffff   ___pinit__
00000020   ___text__
00001f60   __args_main
000017a0   __auto_init
000029dc   __cleanup_ptr
000029e0   __dtors_ptr
00002140   __stack
00001a20   __strasg
00002100   _abort
00000020   _c6416_dsk_init
00001ec0   _c_int00
00000a20   _c_int11
000000ec   _comm_intr
000000c4   _comm_poll
00002934   _config
00001da0   _copy_in
00001ae0   _exit
000029e8   _fs
000029ec   _gain
00002948   _hAIC23_handle
00000508   _input_left_sample
000005a8   _input_right_sample
00000430   _input_sample
00001fa0   _main
00001880   _memcpy
000002c4   _output_left_sample
0000037c   _output_right_sample
000001d8   _output_sample
00002c20   _vector1
00002d40   _vector10
00002d80   _vector12
00002da0   _vector13
00002dc0   _vector14
00002de0   _vector15
00002c40   _vector2
00002c60   _vector3
00002c80   _vector4
00002ca0   _vector5
00002cc0   _vector6
00002ce0   _vector7
00002d00   _vector8
00002d20   _vector9
00002c00   _vectors
ffffffff   binit
00002540   cinit
00000008   edata
00000008   end
00002140   etext
ffffffff   pinit


GLOBAL SYMBOLS: SORTED BY Symbol Address 

address    name
--------   ----
00000001   __TI_args_main
00000008   $bss
00000008   .bss
00000008   .data
00000008   ___bss__
00000008   ___data__
00000008   ___edata__
00000008   ___end__
00000008   edata
00000008   end
00000020   .text
00000020   ___text__
00000020   _c6416_dsk_init
000000c4   _comm_poll
000000ec   _comm_intr
000001d8   _output_sample
000002c4   _output_left_sample
0000037c   _output_right_sample
00000400   __STACK_SIZE
00000430   _input_sample
00000508   _input_left_sample
000005a8   _input_right_sample
00000660   _DSK6416_init
00000810   _DSK6416_rget
00000848   _DSK6416_rset
00000890   _DSK6416_wait
00000900   _DSK6416_waitusec
0000094c   _DSK6416_getVersion
00000a20   _c_int11
00000ce0   _DSK6416_AIC23_openCodec
00000f00   _DSK6416_AIC23_rset
0000101c   _DSK6416_AIC23_rget
0000105c   _DSK6416_AIC23_config
00001120   _IRQ_map
00001300   _MCBSP_reset
000014e0   _DSK6416_AIC23_setFreq
000015e0   _MCBSP_open
000016c0   _MCBSP_start
000017a0   __auto_init
00001880   _memcpy
00001960   _MCBSP_config
00001a20   __strasg
00001ae0   _exit
00001c60   _EMIFA_config
00001d00   _EMIFB_config
00001da0   _copy_in
00001e40   ___TI_cpp_init
00001ec0   _c_int00
00001f20   _IRQ_reset
00001f60   __args_main
00001fa0   _main
00001fe0   _IRQ_enable
00002000   _IRQ_globalDisable
00002020   _IRQ_globalEnable
00002040   _IRQ_nmiEnable
00002060   _MCBSP_getXmtEventId
00002080   _MCBSP_read
000020a0   _MCBSP_rrdy
000020c0   _MCBSP_write
000020e0   _MCBSP_xrdy
00002100   C$$EXIT
00002100   _abort
00002120   __IRQ_hookFetchPacket
00002140   ___etext__
00002140   __stack
00002140   etext
00002540   __STACK_END
00002540   ___cinit__
00002540   cinit
00002820   __IRQ_eventTable
000028a8   __IRQ_intTable
000028e8   __IRQ_dispatchTable
000028f0   _AIC_data
000028fc   _AIC23CfgData
00002934   _config
00002948   _hAIC23_handle
0000294a   _DSK6416_version
00002998   __MCBSP_hDev0
0000299c   __MCBSP_hDev1
000029a0   __MCBSP_hDev2
000029dc   __cleanup_ptr
000029e0   __dtors_ptr
000029e4   ___TI_enable_exit_profile_output
000029e8   _fs
000029ec   _gain
000029f0   _DSK6416_AIC23_codeccontrolhandle
000029f4   _DSK6416_AIC23_codecdatahandle
00002c00   _vectors
00002c20   _vector1
00002c40   _vector2
00002c60   _vector3
00002c80   _vector4
00002ca0   _vector5
00002cc0   _vector6
00002ce0   _vector7
00002d00   _vector8
00002d20   _vector9
00002d40   _vector10
00002d80   _vector12
00002da0   _vector13
00002dc0   _vector14
00002de0   _vector15
ffffffff   ___TI_pprof_out_hndl
ffffffff   ___TI_prof_data_size
ffffffff   ___TI_prof_data_start
ffffffff   ___binit__
ffffffff   ___c_args__
ffffffff   ___pinit__
ffffffff   binit
ffffffff   pinit

[110 symbols]
