<?xml version="1.0"?>
<link_info>
   <banner>TMS320C6x Linker PC v7.4.20</banner>
   <copyright>Copyright (c) 1996-2015 Texas Instruments Incorporated</copyright>
   <link_time>0x69d599f0</link_time>
   <output_file>lab_5.out</output_file>
   <entry_point>
      <name>_c_int00</name>
      <address>0x2080</address>
   </entry_point>
   <input_file_list>
      <input_file id="fl-2">
         <path>.\</path>
         <kind>object</kind>
         <file>Fir.obj</file>
         <name>Fir.obj</name>
      </input_file>
      <input_file id="fl-3">
         <path>.\</path>
         <kind>object</kind>
         <file>Vectors_intr.obj</file>
         <name>Vectors_intr.obj</name>
      </input_file>
      <input_file id="fl-4">
         <path>.\</path>
         <kind>object</kind>
         <file>c6416dskinit.obj</file>
         <name>c6416dskinit.obj</name>
      </input_file>
      <input_file id="fl-80">
         <path>C:\Program Files\TI\ccsv7\tools\compiler\ti-cgt-c6000_7.4.20\lib\</path>
         <kind>archive</kind>
         <file>rts6400.lib</file>
         <name>boot.obj</name>
      </input_file>
      <input_file id="fl-81">
         <path>C:\Program Files\TI\ccsv7\tools\compiler\ti-cgt-c6000_7.4.20\lib\</path>
         <kind>archive</kind>
         <file>rts6400.lib</file>
         <name>exit.obj</name>
      </input_file>
      <input_file id="fl-82">
         <path>C:\Program Files\TI\ccsv7\tools\compiler\ti-cgt-c6000_7.4.20\lib\</path>
         <kind>archive</kind>
         <file>rts6400.lib</file>
         <name>args_main.obj</name>
      </input_file>
      <input_file id="fl-83">
         <path>C:\Program Files\TI\ccsv7\tools\compiler\ti-cgt-c6000_7.4.20\lib\</path>
         <kind>archive</kind>
         <file>rts6400.lib</file>
         <name>autoinit.obj</name>
      </input_file>
      <input_file id="fl-84">
         <path>C:\Program Files\TI\ccsv7\tools\compiler\ti-cgt-c6000_7.4.20\lib\</path>
         <kind>archive</kind>
         <file>rts6400.lib</file>
         <name>cpp_init.obj</name>
      </input_file>
      <input_file id="fl-85">
         <path>C:\Program Files\TI\ccsv7\tools\compiler\ti-cgt-c6000_7.4.20\lib\</path>
         <kind>archive</kind>
         <file>rts6400.lib</file>
         <name>cpy_tbl.obj</name>
      </input_file>
      <input_file id="fl-86">
         <path>C:\Program Files\TI\ccsv7\tools\compiler\ti-cgt-c6000_7.4.20\lib\</path>
         <kind>archive</kind>
         <file>rts6400.lib</file>
         <name>memcpy64.obj</name>
      </input_file>
      <input_file id="fl-87">
         <path>D:\linh-tinh\1_USB_total\2_ThuvienDSP\lib\</path>
         <kind>archive</kind>
         <file>csl6416.lib</file>
         <name>csl_irq.obj</name>
      </input_file>
      <input_file id="fl-88">
         <path>D:\linh-tinh\1_USB_total\2_ThuvienDSP\lib\</path>
         <kind>archive</kind>
         <file>csl6416.lib</file>
         <name>csl_mcbsp.obj</name>
      </input_file>
      <input_file id="fl-89">
         <path>D:\linh-tinh\1_USB_total\2_ThuvienDSP\lib\</path>
         <kind>archive</kind>
         <file>dsk6416bsl.lib</file>
         <name>dsk6416.obj</name>
      </input_file>
      <input_file id="fl-8a">
         <path>D:\linh-tinh\1_USB_total\2_ThuvienDSP\lib\</path>
         <kind>archive</kind>
         <file>dsk6416bsl.lib</file>
         <name>dsk6416_aic23_opencodec.obj</name>
      </input_file>
      <input_file id="fl-8b">
         <path>D:\linh-tinh\1_USB_total\2_ThuvienDSP\lib\</path>
         <kind>archive</kind>
         <file>dsk6416bsl.lib</file>
         <name>dsk6416_aic23_registers.obj</name>
      </input_file>
      <input_file id="fl-8c">
         <path>D:\linh-tinh\1_USB_total\2_ThuvienDSP\lib\</path>
         <kind>archive</kind>
         <file>dsk6416bsl.lib</file>
         <name>dsk6416_aic23_setfreq.obj</name>
      </input_file>
      <input_file id="fl-8d">
         <path>C:\Program Files\TI\ccsv7\tools\compiler\ti-cgt-c6000_7.4.20\lib\</path>
         <kind>archive</kind>
         <file>rts6400.lib</file>
         <name>strasg.obj</name>
      </input_file>
      <input_file id="fl-8e">
         <path>D:\linh-tinh\1_USB_total\2_ThuvienDSP\lib\</path>
         <kind>archive</kind>
         <file>csl6416.lib</file>
         <name>csl_emifa.obj</name>
      </input_file>
      <input_file id="fl-8f">
         <path>D:\linh-tinh\1_USB_total\2_ThuvienDSP\lib\</path>
         <kind>archive</kind>
         <file>csl6416.lib</file>
         <name>csl_emifb.obj</name>
      </input_file>
   </input_file_list>
   <object_component_list>
      <object_component id="oc-60">
         <name>.text</name>
         <load_address>0x20</load_address>
         <run_address>0x20</run_address>
         <size>0x640</size>
         <input_file_ref idref="fl-4"/>
      </object_component>
      <object_component id="oc-6">
         <name>.text:retain</name>
         <load_address>0x660</load_address>
         <run_address>0x660</run_address>
         <size>0x3e0</size>
         <input_file_ref idref="fl-2"/>
      </object_component>
      <object_component id="oc-38">
         <name>.text</name>
         <load_address>0xa40</load_address>
         <run_address>0xa40</run_address>
         <size>0x3c0</size>
         <input_file_ref idref="fl-89"/>
      </object_component>
      <object_component id="oc-3f">
         <name>.text</name>
         <load_address>0xe00</load_address>
         <run_address>0xe00</run_address>
         <size>0x220</size>
         <input_file_ref idref="fl-8a"/>
      </object_component>
      <object_component id="oc-46">
         <name>.text</name>
         <load_address>0x1020</load_address>
         <run_address>0x1020</run_address>
         <size>0x220</size>
         <input_file_ref idref="fl-8b"/>
      </object_component>
      <object_component id="oc-72">
         <name>.text:_IRQ_map</name>
         <load_address>0x1240</load_address>
         <run_address>0x1240</run_address>
         <size>0x1e0</size>
         <input_file_ref idref="fl-87"/>
      </object_component>
      <object_component id="oc-77">
         <name>.text:_MCBSP_reset</name>
         <load_address>0x1420</load_address>
         <run_address>0x1420</run_address>
         <size>0x1e0</size>
         <input_file_ref idref="fl-88"/>
      </object_component>
      <object_component id="oc-4d">
         <name>.text</name>
         <load_address>0x1600</load_address>
         <run_address>0x1600</run_address>
         <size>0x100</size>
         <input_file_ref idref="fl-8c"/>
      </object_component>
      <object_component id="oc-64">
         <name>.text:_MCBSP_open</name>
         <load_address>0x1700</load_address>
         <run_address>0x1700</run_address>
         <size>0xe0</size>
         <input_file_ref idref="fl-88"/>
      </object_component>
      <object_component id="oc-66">
         <name>.text:_MCBSP_start</name>
         <load_address>0x17e0</load_address>
         <run_address>0x17e0</run_address>
         <size>0xe0</size>
         <input_file_ref idref="fl-88"/>
      </object_component>
      <object_component id="oc-5d">
         <name>.text:__auto_init</name>
         <load_address>0x18c0</load_address>
         <run_address>0x18c0</run_address>
         <size>0xe0</size>
         <input_file_ref idref="fl-83"/>
      </object_component>
      <object_component id="oc-6c">
         <name>.text:_memcpy</name>
         <load_address>0x19a0</load_address>
         <run_address>0x19a0</run_address>
         <size>0xe0</size>
         <input_file_ref idref="fl-86"/>
      </object_component>
      <object_component id="oc-65">
         <name>.text:_MCBSP_config</name>
         <load_address>0x1a80</load_address>
         <run_address>0x1a80</run_address>
         <size>0xc0</size>
         <input_file_ref idref="fl-88"/>
      </object_component>
      <object_component id="oc-61">
         <name>.text:__strasg</name>
         <load_address>0x1b40</load_address>
         <run_address>0x1b40</run_address>
         <size>0xc0</size>
         <input_file_ref idref="fl-8d"/>
      </object_component>
      <object_component id="oc-5f">
         <name>.text:_exit</name>
         <load_address>0x1c00</load_address>
         <run_address>0x1c00</run_address>
         <size>0xc0</size>
         <input_file_ref idref="fl-81"/>
      </object_component>
      <object_component id="oc-78">
         <name>.text:_setMux</name>
         <load_address>0x1cc0</load_address>
         <run_address>0x1cc0</run_address>
         <size>0xc0</size>
         <input_file_ref idref="fl-87"/>
      </object_component>
      <object_component id="oc-6e">
         <name>.text</name>
         <load_address>0x1d80</load_address>
         <run_address>0x1d80</run_address>
         <size>0xa0</size>
         <input_file_ref idref="fl-2"/>
      </object_component>
      <object_component id="oc-63">
         <name>.text:_EMIFA_config</name>
         <load_address>0x1e20</load_address>
         <run_address>0x1e20</run_address>
         <size>0xa0</size>
         <input_file_ref idref="fl-8e"/>
      </object_component>
      <object_component id="oc-62">
         <name>.text:_EMIFB_config</name>
         <load_address>0x1ec0</load_address>
         <run_address>0x1ec0</run_address>
         <size>0xa0</size>
         <input_file_ref idref="fl-8f"/>
      </object_component>
      <object_component id="oc-6b">
         <name>.text:_copy_in</name>
         <load_address>0x1f60</load_address>
         <run_address>0x1f60</run_address>
         <size>0xa0</size>
         <input_file_ref idref="fl-85"/>
      </object_component>
      <object_component id="oc-6d">
         <name>.text:___TI_cpp_init</name>
         <load_address>0x2000</load_address>
         <run_address>0x2000</run_address>
         <size>0x80</size>
         <input_file_ref idref="fl-84"/>
      </object_component>
      <object_component id="oc-2">
         <name>.text:_c_int00</name>
         <load_address>0x2080</load_address>
         <run_address>0x2080</run_address>
         <size>0x60</size>
         <input_file_ref idref="fl-80"/>
      </object_component>
      <object_component id="oc-73">
         <name>.text:_IRQ_reset</name>
         <load_address>0x20e0</load_address>
         <run_address>0x20e0</run_address>
         <size>0x40</size>
         <input_file_ref idref="fl-87"/>
      </object_component>
      <object_component id="oc-5e">
         <name>.text:__args_main</name>
         <load_address>0x2120</load_address>
         <run_address>0x2120</run_address>
         <size>0x40</size>
         <input_file_ref idref="fl-82"/>
      </object_component>
      <object_component id="oc-a">
         <name>.text</name>
         <load_address>0x2160</load_address>
         <run_address>0x2160</run_address>
         <size>0x20</size>
         <input_file_ref idref="fl-3"/>
      </object_component>
      <object_component id="oc-76">
         <name>.text:_IRQ_enable</name>
         <load_address>0x2180</load_address>
         <run_address>0x2180</run_address>
         <size>0x20</size>
         <input_file_ref idref="fl-87"/>
      </object_component>
      <object_component id="oc-70">
         <name>.text:_IRQ_globalDisable</name>
         <load_address>0x21a0</load_address>
         <run_address>0x21a0</run_address>
         <size>0x20</size>
         <input_file_ref idref="fl-87"/>
      </object_component>
      <object_component id="oc-74">
         <name>.text:_IRQ_globalEnable</name>
         <load_address>0x21c0</load_address>
         <run_address>0x21c0</run_address>
         <size>0x20</size>
         <input_file_ref idref="fl-87"/>
      </object_component>
      <object_component id="oc-75">
         <name>.text:_IRQ_nmiEnable</name>
         <load_address>0x21e0</load_address>
         <run_address>0x21e0</run_address>
         <size>0x20</size>
         <input_file_ref idref="fl-87"/>
      </object_component>
      <object_component id="oc-71">
         <name>.text:_MCBSP_getXmtEventId</name>
         <load_address>0x2200</load_address>
         <run_address>0x2200</run_address>
         <size>0x20</size>
         <input_file_ref idref="fl-88"/>
      </object_component>
      <object_component id="oc-68">
         <name>.text:_MCBSP_read</name>
         <load_address>0x2220</load_address>
         <run_address>0x2220</run_address>
         <size>0x20</size>
         <input_file_ref idref="fl-88"/>
      </object_component>
      <object_component id="oc-67">
         <name>.text:_MCBSP_rrdy</name>
         <load_address>0x2240</load_address>
         <run_address>0x2240</run_address>
         <size>0x20</size>
         <input_file_ref idref="fl-88"/>
      </object_component>
      <object_component id="oc-6a">
         <name>.text:_MCBSP_write</name>
         <load_address>0x2260</load_address>
         <run_address>0x2260</run_address>
         <size>0x20</size>
         <input_file_ref idref="fl-88"/>
      </object_component>
      <object_component id="oc-69">
         <name>.text:_MCBSP_xrdy</name>
         <load_address>0x2280</load_address>
         <run_address>0x2280</run_address>
         <size>0x20</size>
         <input_file_ref idref="fl-88"/>
      </object_component>
      <object_component id="oc-6f">
         <name>.text:_abort</name>
         <load_address>0x22a0</load_address>
         <run_address>0x22a0</run_address>
         <size>0x20</size>
         <input_file_ref idref="fl-81"/>
      </object_component>
      <object_component id="oc-2d">
         <name>.text</name>
         <load_address>0x22c0</load_address>
         <run_address>0x22c0</run_address>
         <size>0x20</size>
         <input_file_ref idref="fl-87"/>
      </object_component>
      <object_component id="oc-3a">
         <name>.const</name>
         <load_address>0x3448</load_address>
         <run_address>0x3448</run_address>
         <size>0xc0</size>
         <input_file_ref idref="fl-89"/>
      </object_component>
      <object_component id="oc-41">
         <name>.const</name>
         <load_address>0x3508</load_address>
         <run_address>0x3508</run_address>
         <size>0x70</size>
         <input_file_ref idref="fl-8a"/>
      </object_component>
      <object_component id="oc-4">
         <name>.cinit</name>
         <load_address>0x2b80</load_address>
         <run_address>0x2b80</run_address>
         <size>0x234</size>
         <input_file_ref idref="fl-2"/>
      </object_component>
      <object_component id="oc-2e">
         <name>.cinit</name>
         <load_address>0x2db8</load_address>
         <run_address>0x2db8</run_address>
         <size>0x12c</size>
         <input_file_ref idref="fl-87"/>
      </object_component>
      <object_component id="oc-33">
         <name>.cinit</name>
         <load_address>0x2ee8</load_address>
         <run_address>0x2ee8</run_address>
         <size>0x7c</size>
         <input_file_ref idref="fl-88"/>
      </object_component>
      <object_component id="oc-10">
         <name>.cinit</name>
         <load_address>0x2f68</load_address>
         <run_address>0x2f68</run_address>
         <size>0x5c</size>
         <input_file_ref idref="fl-4"/>
      </object_component>
      <object_component id="oc-1a">
         <name>.cinit</name>
         <load_address>0x2fc8</load_address>
         <run_address>0x2fc8</run_address>
         <size>0x2c</size>
         <input_file_ref idref="fl-81"/>
      </object_component>
      <object_component id="oc-4e">
         <name>.cinit</name>
         <load_address>0x2ff8</load_address>
         <run_address>0x2ff8</run_address>
         <size>0x28</size>
         <input_file_ref idref="fl-8c"/>
      </object_component>
      <object_component id="oc-47">
         <name>.cinit</name>
         <load_address>0x3020</load_address>
         <run_address>0x3020</run_address>
         <size>0x1c</size>
         <input_file_ref idref="fl-8b"/>
      </object_component>
      <object_component id="oc-16">
         <name>.stack</name>
         <uninitialized>true</uninitialized>
         <run_address>0x3048</run_address>
         <size>0x8</size>
         <input_file_ref idref="fl-80"/>
      </object_component>
      <object_component id="oc-9e">
         <name>.stack</name>
         <uninitialized>true</uninitialized>
         <run_address>0x3048</run_address>
         <size>0x0</size>
      </object_component>
      <object_component id="oc-5">
         <name>.far</name>
         <uninitialized>true</uninitialized>
         <run_address>0x22e0</run_address>
         <size>0x6a0</size>
         <input_file_ref idref="fl-2"/>
      </object_component>
      <object_component id="oc-11">
         <name>.far</name>
         <uninitialized>true</uninitialized>
         <run_address>0x2a80</run_address>
         <size>0x5a</size>
         <input_file_ref idref="fl-4"/>
      </object_component>
      <object_component id="oc-1b">
         <name>.far</name>
         <uninitialized>true</uninitialized>
         <run_address>0x2b6c</run_address>
         <size>0xc</size>
         <input_file_ref idref="fl-81"/>
      </object_component>
      <object_component id="oc-2f">
         <name>.far</name>
         <uninitialized>true</uninitialized>
         <run_address>0x2980</run_address>
         <size>0x100</size>
         <input_file_ref idref="fl-87"/>
      </object_component>
      <object_component id="oc-34">
         <name>.far</name>
         <uninitialized>true</uninitialized>
         <run_address>0x2ae0</run_address>
         <size>0x54</size>
         <input_file_ref idref="fl-88"/>
      </object_component>
      <object_component id="oc-39">
         <name>.far</name>
         <uninitialized>true</uninitialized>
         <run_address>0x2ada</run_address>
         <size>0x4</size>
         <input_file_ref idref="fl-89"/>
      </object_component>
      <object_component id="oc-40">
         <name>.far</name>
         <uninitialized>true</uninitialized>
         <run_address>0x2b78</run_address>
         <size>0x8</size>
         <input_file_ref idref="fl-8a"/>
      </object_component>
      <object_component id="oc-48">
         <name>.far</name>
         <uninitialized>true</uninitialized>
         <run_address>0x2b58</run_address>
         <size>0x14</size>
         <input_file_ref idref="fl-8b"/>
      </object_component>
      <object_component id="oc-4f">
         <name>.far</name>
         <uninitialized>true</uninitialized>
         <run_address>0x2b38</run_address>
         <size>0x20</size>
         <input_file_ref idref="fl-8c"/>
      </object_component>
      <object_component id="oc-3">
         <name>.debug_info</name>
         <load_address>0x0</load_address>
         <run_address>0x0</run_address>
         <size>0x914</size>
         <input_file_ref idref="fl-2"/>
      </object_component>
      <object_component id="oc-c">
         <name>.debug_info</name>
         <load_address>0x914</load_address>
         <run_address>0x914</run_address>
         <size>0xf2</size>
         <input_file_ref idref="fl-3"/>
      </object_component>
      <object_component id="oc-f">
         <name>.debug_info</name>
         <load_address>0xa06</load_address>
         <run_address>0xa06</run_address>
         <size>0x156a</size>
         <input_file_ref idref="fl-4"/>
      </object_component>
      <object_component id="oc-15">
         <name>.debug_info</name>
         <load_address>0x1f70</load_address>
         <run_address>0x1f70</run_address>
         <size>0x73c</size>
         <input_file_ref idref="fl-80"/>
      </object_component>
      <object_component id="oc-19">
         <name>.debug_info</name>
         <load_address>0x26ac</load_address>
         <run_address>0x26ac</run_address>
         <size>0x86a</size>
         <input_file_ref idref="fl-81"/>
      </object_component>
      <object_component id="oc-1e">
         <name>.debug_info</name>
         <load_address>0x2f16</load_address>
         <run_address>0x2f16</run_address>
         <size>0x712</size>
         <input_file_ref idref="fl-82"/>
      </object_component>
      <object_component id="oc-21">
         <name>.debug_info</name>
         <load_address>0x3628</load_address>
         <run_address>0x3628</run_address>
         <size>0x8e9</size>
         <input_file_ref idref="fl-83"/>
      </object_component>
      <object_component id="oc-24">
         <name>.debug_info</name>
         <load_address>0x3f11</load_address>
         <run_address>0x3f11</run_address>
         <size>0x761</size>
         <input_file_ref idref="fl-84"/>
      </object_component>
      <object_component id="oc-27">
         <name>.debug_info</name>
         <load_address>0x4672</load_address>
         <run_address>0x4672</run_address>
         <size>0x857</size>
         <input_file_ref idref="fl-85"/>
      </object_component>
      <object_component id="oc-2a">
         <name>.debug_info</name>
         <load_address>0x4ec9</load_address>
         <run_address>0x4ec9</run_address>
         <size>0x110</size>
         <input_file_ref idref="fl-86"/>
      </object_component>
      <object_component id="oc-31">
         <name>.debug_info</name>
         <load_address>0x4fd9</load_address>
         <run_address>0x4fd9</run_address>
         <size>0xcc6</size>
         <input_file_ref idref="fl-87"/>
      </object_component>
      <object_component id="oc-36">
         <name>.debug_info</name>
         <load_address>0x5c9f</load_address>
         <run_address>0x5c9f</run_address>
         <size>0xfac</size>
         <input_file_ref idref="fl-88"/>
      </object_component>
      <object_component id="oc-3c">
         <name>.debug_info</name>
         <load_address>0x6c4b</load_address>
         <run_address>0x6c4b</run_address>
         <size>0xd57</size>
         <input_file_ref idref="fl-89"/>
      </object_component>
      <object_component id="oc-43">
         <name>.debug_info</name>
         <load_address>0x79a2</load_address>
         <run_address>0x79a2</run_address>
         <size>0xbbd</size>
         <input_file_ref idref="fl-8a"/>
      </object_component>
      <object_component id="oc-4a">
         <name>.debug_info</name>
         <load_address>0x855f</load_address>
         <run_address>0x855f</run_address>
         <size>0xba3</size>
         <input_file_ref idref="fl-8b"/>
      </object_component>
      <object_component id="oc-51">
         <name>.debug_info</name>
         <load_address>0x9102</load_address>
         <run_address>0x9102</run_address>
         <size>0x78a</size>
         <input_file_ref idref="fl-8c"/>
      </object_component>
      <object_component id="oc-54">
         <name>.debug_info</name>
         <load_address>0x988c</load_address>
         <run_address>0x988c</run_address>
         <size>0x107</size>
         <input_file_ref idref="fl-8d"/>
      </object_component>
      <object_component id="oc-58">
         <name>.debug_info</name>
         <load_address>0x9993</load_address>
         <run_address>0x9993</run_address>
         <size>0x730</size>
         <input_file_ref idref="fl-8e"/>
      </object_component>
      <object_component id="oc-5b">
         <name>.debug_info</name>
         <load_address>0xa0c3</load_address>
         <run_address>0xa0c3</run_address>
         <size>0x730</size>
         <input_file_ref idref="fl-8f"/>
      </object_component>
      <object_component id="oc-a6">
         <name>.debug_info</name>
         <load_address>0xa7f3</load_address>
         <run_address>0xa7f3</run_address>
         <size>0x6e</size>
      </object_component>
      <object_component id="oc-7">
         <name>.debug_frame</name>
         <load_address>0x0</load_address>
         <run_address>0x0</run_address>
         <size>0x384</size>
         <input_file_ref idref="fl-2"/>
      </object_component>
      <object_component id="oc-12">
         <name>.debug_frame</name>
         <load_address>0x384</load_address>
         <run_address>0x384</run_address>
         <size>0x34d</size>
         <input_file_ref idref="fl-4"/>
      </object_component>
      <object_component id="oc-3e">
         <name>.debug_frame</name>
         <load_address>0x6d1</load_address>
         <run_address>0x6d1</run_address>
         <size>0x1d4</size>
         <input_file_ref idref="fl-89"/>
      </object_component>
      <object_component id="oc-45">
         <name>.debug_frame</name>
         <load_address>0x8a5</load_address>
         <run_address>0x8a5</run_address>
         <size>0x134</size>
         <input_file_ref idref="fl-8a"/>
      </object_component>
      <object_component id="oc-4c">
         <name>.debug_frame</name>
         <load_address>0x9d9</load_address>
         <run_address>0x9d9</run_address>
         <size>0x174</size>
         <input_file_ref idref="fl-8b"/>
      </object_component>
      <object_component id="oc-53">
         <name>.debug_frame</name>
         <load_address>0xb4d</load_address>
         <run_address>0xb4d</run_address>
         <size>0x130</size>
         <input_file_ref idref="fl-8c"/>
      </object_component>
      <object_component id="oc-8">
         <name>.debug_line</name>
         <load_address>0x0</load_address>
         <run_address>0x0</run_address>
         <size>0x8f</size>
         <input_file_ref idref="fl-2"/>
      </object_component>
      <object_component id="oc-d">
         <name>.debug_line</name>
         <load_address>0x8f</load_address>
         <run_address>0x8f</run_address>
         <size>0xcd</size>
         <input_file_ref idref="fl-3"/>
      </object_component>
      <object_component id="oc-13">
         <name>.debug_line</name>
         <load_address>0x15c</load_address>
         <run_address>0x15c</run_address>
         <size>0x158</size>
         <input_file_ref idref="fl-4"/>
      </object_component>
      <object_component id="oc-17">
         <name>.debug_line</name>
         <load_address>0x2b4</load_address>
         <run_address>0x2b4</run_address>
         <size>0x3d</size>
         <input_file_ref idref="fl-80"/>
      </object_component>
      <object_component id="oc-1c">
         <name>.debug_line</name>
         <load_address>0x2f1</load_address>
         <run_address>0x2f1</run_address>
         <size>0x4f</size>
         <input_file_ref idref="fl-81"/>
      </object_component>
      <object_component id="oc-1f">
         <name>.debug_line</name>
         <load_address>0x340</load_address>
         <run_address>0x340</run_address>
         <size>0x41</size>
         <input_file_ref idref="fl-82"/>
      </object_component>
      <object_component id="oc-22">
         <name>.debug_line</name>
         <load_address>0x381</load_address>
         <run_address>0x381</run_address>
         <size>0x47</size>
         <input_file_ref idref="fl-83"/>
      </object_component>
      <object_component id="oc-25">
         <name>.debug_line</name>
         <load_address>0x3c8</load_address>
         <run_address>0x3c8</run_address>
         <size>0x45</size>
         <input_file_ref idref="fl-84"/>
      </object_component>
      <object_component id="oc-28">
         <name>.debug_line</name>
         <load_address>0x40d</load_address>
         <run_address>0x40d</run_address>
         <size>0x44</size>
         <input_file_ref idref="fl-85"/>
      </object_component>
      <object_component id="oc-2b">
         <name>.debug_line</name>
         <load_address>0x451</load_address>
         <run_address>0x451</run_address>
         <size>0x4f</size>
         <input_file_ref idref="fl-86"/>
      </object_component>
      <object_component id="oc-32">
         <name>.debug_line</name>
         <load_address>0x4a0</load_address>
         <run_address>0x4a0</run_address>
         <size>0x109</size>
         <input_file_ref idref="fl-87"/>
      </object_component>
      <object_component id="oc-37">
         <name>.debug_line</name>
         <load_address>0x5a9</load_address>
         <run_address>0x5a9</run_address>
         <size>0x13f</size>
         <input_file_ref idref="fl-88"/>
      </object_component>
      <object_component id="oc-3d">
         <name>.debug_line</name>
         <load_address>0x6e8</load_address>
         <run_address>0x6e8</run_address>
         <size>0x102</size>
         <input_file_ref idref="fl-89"/>
      </object_component>
      <object_component id="oc-44">
         <name>.debug_line</name>
         <load_address>0x7ea</load_address>
         <run_address>0x7ea</run_address>
         <size>0x72</size>
         <input_file_ref idref="fl-8a"/>
      </object_component>
      <object_component id="oc-4b">
         <name>.debug_line</name>
         <load_address>0x85c</load_address>
         <run_address>0x85c</run_address>
         <size>0xa7</size>
         <input_file_ref idref="fl-8b"/>
      </object_component>
      <object_component id="oc-52">
         <name>.debug_line</name>
         <load_address>0x903</load_address>
         <run_address>0x903</run_address>
         <size>0x69</size>
         <input_file_ref idref="fl-8c"/>
      </object_component>
      <object_component id="oc-55">
         <name>.debug_line</name>
         <load_address>0x96c</load_address>
         <run_address>0x96c</run_address>
         <size>0x48</size>
         <input_file_ref idref="fl-8d"/>
      </object_component>
      <object_component id="oc-59">
         <name>.debug_line</name>
         <load_address>0x9b4</load_address>
         <run_address>0x9b4</run_address>
         <size>0x5a</size>
         <input_file_ref idref="fl-8e"/>
      </object_component>
      <object_component id="oc-5c">
         <name>.debug_line</name>
         <load_address>0xa0e</load_address>
         <run_address>0xa0e</run_address>
         <size>0x5a</size>
         <input_file_ref idref="fl-8f"/>
      </object_component>
      <object_component id="oc-9">
         <name>.debug_abbrev</name>
         <load_address>0x0</load_address>
         <run_address>0x0</run_address>
         <size>0x107</size>
         <input_file_ref idref="fl-2"/>
      </object_component>
      <object_component id="oc-e">
         <name>.debug_abbrev</name>
         <load_address>0x107</load_address>
         <run_address>0x107</run_address>
         <size>0x21</size>
         <input_file_ref idref="fl-3"/>
      </object_component>
      <object_component id="oc-14">
         <name>.debug_abbrev</name>
         <load_address>0x128</load_address>
         <run_address>0x128</run_address>
         <size>0x18e</size>
         <input_file_ref idref="fl-4"/>
      </object_component>
      <object_component id="oc-18">
         <name>.debug_abbrev</name>
         <load_address>0x2b6</load_address>
         <run_address>0x2b6</run_address>
         <size>0xfe</size>
         <input_file_ref idref="fl-80"/>
      </object_component>
      <object_component id="oc-1d">
         <name>.debug_abbrev</name>
         <load_address>0x3b4</load_address>
         <run_address>0x3b4</run_address>
         <size>0x119</size>
         <input_file_ref idref="fl-81"/>
      </object_component>
      <object_component id="oc-20">
         <name>.debug_abbrev</name>
         <load_address>0x4cd</load_address>
         <run_address>0x4cd</run_address>
         <size>0xe1</size>
         <input_file_ref idref="fl-82"/>
      </object_component>
      <object_component id="oc-23">
         <name>.debug_abbrev</name>
         <load_address>0x5ae</load_address>
         <run_address>0x5ae</run_address>
         <size>0x13f</size>
         <input_file_ref idref="fl-83"/>
      </object_component>
      <object_component id="oc-26">
         <name>.debug_abbrev</name>
         <load_address>0x6ed</load_address>
         <run_address>0x6ed</run_address>
         <size>0xdd</size>
         <input_file_ref idref="fl-84"/>
      </object_component>
      <object_component id="oc-29">
         <name>.debug_abbrev</name>
         <load_address>0x7ca</load_address>
         <run_address>0x7ca</run_address>
         <size>0x10c</size>
         <input_file_ref idref="fl-85"/>
      </object_component>
      <object_component id="oc-2c">
         <name>.debug_abbrev</name>
         <load_address>0x8d6</load_address>
         <run_address>0x8d6</run_address>
         <size>0x3b</size>
         <input_file_ref idref="fl-86"/>
      </object_component>
      <object_component id="oc-30">
         <name>.debug_abbrev</name>
         <load_address>0x911</load_address>
         <run_address>0x911</run_address>
         <size>0x1b7</size>
         <input_file_ref idref="fl-87"/>
      </object_component>
      <object_component id="oc-35">
         <name>.debug_abbrev</name>
         <load_address>0xac8</load_address>
         <run_address>0xac8</run_address>
         <size>0x1a3</size>
         <input_file_ref idref="fl-88"/>
      </object_component>
      <object_component id="oc-3b">
         <name>.debug_abbrev</name>
         <load_address>0xc6b</load_address>
         <run_address>0xc6b</run_address>
         <size>0x162</size>
         <input_file_ref idref="fl-89"/>
      </object_component>
      <object_component id="oc-42">
         <name>.debug_abbrev</name>
         <load_address>0xdcd</load_address>
         <run_address>0xdcd</run_address>
         <size>0x11c</size>
         <input_file_ref idref="fl-8a"/>
      </object_component>
      <object_component id="oc-49">
         <name>.debug_abbrev</name>
         <load_address>0xee9</load_address>
         <run_address>0xee9</run_address>
         <size>0x154</size>
         <input_file_ref idref="fl-8b"/>
      </object_component>
      <object_component id="oc-50">
         <name>.debug_abbrev</name>
         <load_address>0x103d</load_address>
         <run_address>0x103d</run_address>
         <size>0xf0</size>
         <input_file_ref idref="fl-8c"/>
      </object_component>
      <object_component id="oc-56">
         <name>.debug_abbrev</name>
         <load_address>0x112d</load_address>
         <run_address>0x112d</run_address>
         <size>0x3b</size>
         <input_file_ref idref="fl-8d"/>
      </object_component>
      <object_component id="oc-57">
         <name>.debug_abbrev</name>
         <load_address>0x1168</load_address>
         <run_address>0x1168</run_address>
         <size>0xe0</size>
         <input_file_ref idref="fl-8e"/>
      </object_component>
      <object_component id="oc-5a">
         <name>.debug_abbrev</name>
         <load_address>0x1248</load_address>
         <run_address>0x1248</run_address>
         <size>0xe0</size>
         <input_file_ref idref="fl-8f"/>
      </object_component>
      <object_component id="oc-a7">
         <name>.debug_abbrev</name>
         <load_address>0x1328</load_address>
         <run_address>0x1328</run_address>
         <size>0xd</size>
      </object_component>
      <object_component id="oc-b">
         <name>.vecs</name>
         <load_address>0x3800</load_address>
         <run_address>0x3800</run_address>
         <size>0x200</size>
         <input_file_ref idref="fl-3"/>
      </object_component>
   </object_component_list>
   <logical_group_list>
      <logical_group id="lg-79">
         <name>.text</name>
         <load_address>0x20</load_address>
         <run_address>0x20</run_address>
         <size>0x22c0</size>
         <contents>
            <object_component_ref idref="oc-60"/>
            <object_component_ref idref="oc-6"/>
            <object_component_ref idref="oc-38"/>
            <object_component_ref idref="oc-3f"/>
            <object_component_ref idref="oc-46"/>
            <object_component_ref idref="oc-72"/>
            <object_component_ref idref="oc-77"/>
            <object_component_ref idref="oc-4d"/>
            <object_component_ref idref="oc-64"/>
            <object_component_ref idref="oc-66"/>
            <object_component_ref idref="oc-5d"/>
            <object_component_ref idref="oc-6c"/>
            <object_component_ref idref="oc-65"/>
            <object_component_ref idref="oc-61"/>
            <object_component_ref idref="oc-5f"/>
            <object_component_ref idref="oc-78"/>
            <object_component_ref idref="oc-6e"/>
            <object_component_ref idref="oc-63"/>
            <object_component_ref idref="oc-62"/>
            <object_component_ref idref="oc-6b"/>
            <object_component_ref idref="oc-6d"/>
            <object_component_ref idref="oc-2"/>
            <object_component_ref idref="oc-73"/>
            <object_component_ref idref="oc-5e"/>
            <object_component_ref idref="oc-a"/>
            <object_component_ref idref="oc-76"/>
            <object_component_ref idref="oc-70"/>
            <object_component_ref idref="oc-74"/>
            <object_component_ref idref="oc-75"/>
            <object_component_ref idref="oc-71"/>
            <object_component_ref idref="oc-68"/>
            <object_component_ref idref="oc-67"/>
            <object_component_ref idref="oc-6a"/>
            <object_component_ref idref="oc-69"/>
            <object_component_ref idref="oc-6f"/>
            <object_component_ref idref="oc-2d"/>
         </contents>
      </logical_group>
      <logical_group id="lg-7a">
         <name>.const</name>
         <load_address>0x3448</load_address>
         <run_address>0x3448</run_address>
         <size>0x130</size>
         <contents>
            <object_component_ref idref="oc-3a"/>
            <object_component_ref idref="oc-41"/>
         </contents>
      </logical_group>
      <logical_group id="lg-7b">
         <name>.data</name>
         <run_address>0x8</run_address>
         <size>0x0</size>
         <contents>
         </contents>
      </logical_group>
      <logical_group id="lg-7c">
         <name>.bss</name>
         <run_address>0x8</run_address>
         <size>0x0</size>
         <contents>
         </contents>
      </logical_group>
      <logical_group id="lg-7d">
         <name>.cinit</name>
         <load_address>0x2b80</load_address>
         <run_address>0x2b80</run_address>
         <size>0x4c4</size>
         <contents>
            <object_component_ref idref="oc-4"/>
            <object_component_ref idref="oc-2e"/>
            <object_component_ref idref="oc-33"/>
            <object_component_ref idref="oc-10"/>
            <object_component_ref idref="oc-1a"/>
            <object_component_ref idref="oc-4e"/>
            <object_component_ref idref="oc-47"/>
         </contents>
      </logical_group>
      <logical_group id="lg-7e">
         <name>.pinit</name>
         <run_address>0x0</run_address>
         <size>0x0</size>
         <contents>
         </contents>
      </logical_group>
      <logical_group id="lg-7f">
         <name>.stack</name>
         <run_address>0x3048</run_address>
         <size>0x400</size>
         <contents>
            <object_component_ref idref="oc-16"/>
            <object_component_ref idref="oc-9e"/>
         </contents>
      </logical_group>
      <logical_group id="lg-80">
         <name>.sysmem</name>
         <run_address>0x0</run_address>
         <size>0x0</size>
         <contents>
         </contents>
      </logical_group>
      <logical_group id="lg-81">
         <name>.far</name>
         <run_address>0x22e0</run_address>
         <size>0x8a0</size>
         <contents>
            <object_component_ref idref="oc-5"/>
            <object_component_ref idref="oc-11"/>
            <object_component_ref idref="oc-1b"/>
            <object_component_ref idref="oc-2f"/>
            <object_component_ref idref="oc-34"/>
            <object_component_ref idref="oc-39"/>
            <object_component_ref idref="oc-40"/>
            <object_component_ref idref="oc-48"/>
            <object_component_ref idref="oc-4f"/>
         </contents>
      </logical_group>
      <logical_group id="lg-82">
         <name>.switch</name>
         <run_address>0x0</run_address>
         <size>0x0</size>
         <contents>
         </contents>
      </logical_group>
      <logical_group id="lg-83">
         <name>.cio</name>
         <run_address>0x0</run_address>
         <size>0x0</size>
         <contents>
         </contents>
      </logical_group>
      <logical_group id="lg-84">
         <name>.ppinfo</name>
         <run_address>0x0</run_address>
         <size>0x0</size>
         <contents>
         </contents>
      </logical_group>
      <logical_group id="lg-85">
         <name>.ppdata</name>
         <run_address>0x0</run_address>
         <size>0x0</size>
         <contents>
         </contents>
      </logical_group>
      <logical_group id="lg-93">
         <name>.debug_info</name>
         <load_address>0x0</load_address>
         <run_address>0x0</run_address>
         <size>0xa861</size>
         <contents>
            <object_component_ref idref="oc-3"/>
            <object_component_ref idref="oc-c"/>
            <object_component_ref idref="oc-f"/>
            <object_component_ref idref="oc-15"/>
            <object_component_ref idref="oc-19"/>
            <object_component_ref idref="oc-1e"/>
            <object_component_ref idref="oc-21"/>
            <object_component_ref idref="oc-24"/>
            <object_component_ref idref="oc-27"/>
            <object_component_ref idref="oc-2a"/>
            <object_component_ref idref="oc-31"/>
            <object_component_ref idref="oc-36"/>
            <object_component_ref idref="oc-3c"/>
            <object_component_ref idref="oc-43"/>
            <object_component_ref idref="oc-4a"/>
            <object_component_ref idref="oc-51"/>
            <object_component_ref idref="oc-54"/>
            <object_component_ref idref="oc-58"/>
            <object_component_ref idref="oc-5b"/>
            <object_component_ref idref="oc-a6"/>
         </contents>
      </logical_group>
      <logical_group id="lg-95">
         <name>.debug_frame</name>
         <load_address>0x0</load_address>
         <run_address>0x0</run_address>
         <size>0xc7d</size>
         <contents>
            <object_component_ref idref="oc-7"/>
            <object_component_ref idref="oc-12"/>
            <object_component_ref idref="oc-3e"/>
            <object_component_ref idref="oc-45"/>
            <object_component_ref idref="oc-4c"/>
            <object_component_ref idref="oc-53"/>
         </contents>
      </logical_group>
      <logical_group id="lg-97">
         <name>.debug_line</name>
         <load_address>0x0</load_address>
         <run_address>0x0</run_address>
         <size>0xa68</size>
         <contents>
            <object_component_ref idref="oc-8"/>
            <object_component_ref idref="oc-d"/>
            <object_component_ref idref="oc-13"/>
            <object_component_ref idref="oc-17"/>
            <object_component_ref idref="oc-1c"/>
            <object_component_ref idref="oc-1f"/>
            <object_component_ref idref="oc-22"/>
            <object_component_ref idref="oc-25"/>
            <object_component_ref idref="oc-28"/>
            <object_component_ref idref="oc-2b"/>
            <object_component_ref idref="oc-32"/>
            <object_component_ref idref="oc-37"/>
            <object_component_ref idref="oc-3d"/>
            <object_component_ref idref="oc-44"/>
            <object_component_ref idref="oc-4b"/>
            <object_component_ref idref="oc-52"/>
            <object_component_ref idref="oc-55"/>
            <object_component_ref idref="oc-59"/>
            <object_component_ref idref="oc-5c"/>
         </contents>
      </logical_group>
      <logical_group id="lg-99">
         <name>.debug_abbrev</name>
         <load_address>0x0</load_address>
         <run_address>0x0</run_address>
         <size>0x1335</size>
         <contents>
            <object_component_ref idref="oc-9"/>
            <object_component_ref idref="oc-e"/>
            <object_component_ref idref="oc-14"/>
            <object_component_ref idref="oc-18"/>
            <object_component_ref idref="oc-1d"/>
            <object_component_ref idref="oc-20"/>
            <object_component_ref idref="oc-23"/>
            <object_component_ref idref="oc-26"/>
            <object_component_ref idref="oc-29"/>
            <object_component_ref idref="oc-2c"/>
            <object_component_ref idref="oc-30"/>
            <object_component_ref idref="oc-35"/>
            <object_component_ref idref="oc-3b"/>
            <object_component_ref idref="oc-42"/>
            <object_component_ref idref="oc-49"/>
            <object_component_ref idref="oc-50"/>
            <object_component_ref idref="oc-56"/>
            <object_component_ref idref="oc-57"/>
            <object_component_ref idref="oc-5a"/>
            <object_component_ref idref="oc-a7"/>
         </contents>
      </logical_group>
      <logical_group id="lg-9b">
         <name>.vecs</name>
         <load_address>0x3800</load_address>
         <run_address>0x3800</run_address>
         <size>0x200</size>
         <contents>
            <object_component_ref idref="oc-b"/>
         </contents>
      </logical_group>
   </logical_group_list>
   <placement_map>
      <memory_area>
         <name>RAM</name>
         <page_id>0x0</page_id>
         <origin>0x1</origin>
         <length>0xfffffffe</length>
         <used_space>0x3754</used_space>
         <unused_space>0xffffc8aa</unused_space>
         <attributes>RWIX</attributes>
         <usage_details>
            <available_space>
               <start_address>0x1</start_address>
               <size>0x7</size>
            </available_space>
            <allocated_space>
               <start_address>0x8</start_address>
               <size>0x0</size>
               <logical_group_ref idref="lg-7c"/>
            </allocated_space>
            <allocated_space>
               <start_address>0x8</start_address>
               <size>0x0</size>
               <logical_group_ref idref="lg-7b"/>
            </allocated_space>
            <available_space>
               <start_address>0x8</start_address>
               <size>0x18</size>
            </available_space>
            <allocated_space>
               <start_address>0x20</start_address>
               <size>0x22c0</size>
               <logical_group_ref idref="lg-79"/>
            </allocated_space>
            <allocated_space>
               <start_address>0x22e0</start_address>
               <size>0x8a0</size>
               <logical_group_ref idref="lg-81"/>
            </allocated_space>
            <allocated_space>
               <start_address>0x2b80</start_address>
               <size>0x4c4</size>
               <logical_group_ref idref="lg-7d"/>
            </allocated_space>
            <available_space>
               <start_address>0x3044</start_address>
               <size>0x4</size>
            </available_space>
            <allocated_space>
               <start_address>0x3048</start_address>
               <size>0x400</size>
               <logical_group_ref idref="lg-7f"/>
            </allocated_space>
            <allocated_space>
               <start_address>0x3448</start_address>
               <size>0x130</size>
               <logical_group_ref idref="lg-7a"/>
            </allocated_space>
            <available_space>
               <start_address>0x3578</start_address>
               <size>0x288</size>
            </available_space>
            <allocated_space>
               <start_address>0x3800</start_address>
               <size>0x200</size>
               <logical_group_ref idref="lg-9b"/>
            </allocated_space>
            <available_space>
               <start_address>0x3a00</start_address>
               <size>0xffffc5ff</size>
            </available_space>
         </usage_details>
      </memory_area>
   </placement_map>
   <symbol_table>
      <symbol id="sm-0">
         <name>cinit</name>
         <value>0x2b80</value>
      </symbol>
      <symbol id="sm-1">
         <name>___cinit__</name>
         <value>0x2b80</value>
      </symbol>
      <symbol id="sm-2">
         <name>pinit</name>
         <value>0xffffffff</value>
      </symbol>
      <symbol id="sm-3">
         <name>___pinit__</name>
         <value>0xffffffff</value>
      </symbol>
      <symbol id="sm-4">
         <name>binit</name>
         <value>0xffffffff</value>
      </symbol>
      <symbol id="sm-5">
         <name>___binit__</name>
         <value>0xffffffff</value>
      </symbol>
      <symbol id="sm-6">
         <name>__STACK_SIZE</name>
         <value>0x400</value>
      </symbol>
      <symbol id="sm-7">
         <name>__STACK_END</name>
         <value>0x3448</value>
      </symbol>
      <symbol id="sm-8">
         <name>___c_args__</name>
         <value>0xffffffff</value>
      </symbol>
      <symbol id="sm-9">
         <name>.text</name>
         <value>0x20</value>
      </symbol>
      <symbol id="sm-a">
         <name>___text__</name>
         <value>0x20</value>
      </symbol>
      <symbol id="sm-b">
         <name>etext</name>
         <value>0x22e0</value>
      </symbol>
      <symbol id="sm-c">
         <name>___etext__</name>
         <value>0x22e0</value>
      </symbol>
      <symbol id="sm-d">
         <name>.data</name>
         <value>0x8</value>
      </symbol>
      <symbol id="sm-e">
         <name>___data__</name>
         <value>0x8</value>
      </symbol>
      <symbol id="sm-f">
         <name>edata</name>
         <value>0x8</value>
      </symbol>
      <symbol id="sm-10">
         <name>___edata__</name>
         <value>0x8</value>
      </symbol>
      <symbol id="sm-11">
         <name>.bss</name>
         <value>0x8</value>
      </symbol>
      <symbol id="sm-12">
         <name>___bss__</name>
         <value>0x8</value>
      </symbol>
      <symbol id="sm-13">
         <name>end</name>
         <value>0x8</value>
      </symbol>
      <symbol id="sm-14">
         <name>___end__</name>
         <value>0x8</value>
      </symbol>
      <symbol id="sm-15">
         <name>___TI_pprof_out_hndl</name>
         <value>0xffffffff</value>
      </symbol>
      <symbol id="sm-16">
         <name>___TI_prof_data_start</name>
         <value>0xffffffff</value>
      </symbol>
      <symbol id="sm-17">
         <name>___TI_prof_data_size</name>
         <value>0xffffffff</value>
      </symbol>
      <symbol id="sm-18">
         <name>$bss</name>
         <value>0x8</value>
      </symbol>
      <symbol id="sm-5e">
         <name>_main</name>
         <value>0x1d80</value>
         <object_component_ref idref="oc-6e"/>
      </symbol>
      <symbol id="sm-5f">
         <name>_gain</name>
         <value>0x24ec</value>
         <object_component_ref idref="oc-5"/>
      </symbol>
      <symbol id="sm-60">
         <name>_dly</name>
         <value>0x24f0</value>
         <object_component_ref idref="oc-5"/>
      </symbol>
      <symbol id="sm-61">
         <name>_yn</name>
         <value>0x24e4</value>
         <object_component_ref idref="oc-5"/>
      </symbol>
      <symbol id="sm-62">
         <name>_gbuffer</name>
         <value>0x26f0</value>
         <object_component_ref idref="oc-5"/>
      </symbol>
      <symbol id="sm-63">
         <name>_c_int11</name>
         <value>0x660</value>
         <object_component_ref idref="oc-6"/>
      </symbol>
      <symbol id="sm-64">
         <name>_h1</name>
         <value>0x2880</value>
         <object_component_ref idref="oc-5"/>
      </symbol>
      <symbol id="sm-65">
         <name>_fs</name>
         <value>0x24e0</value>
         <object_component_ref idref="oc-5"/>
      </symbol>
      <symbol id="sm-66">
         <name>_i</name>
         <value>0x24e8</value>
         <object_component_ref idref="oc-5"/>
      </symbol>
      <symbol id="sm-67">
         <name>_h</name>
         <value>0x22e0</value>
         <object_component_ref idref="oc-5"/>
      </symbol>
      <symbol id="sm-74">
         <name>_vector10</name>
         <value>0x3940</value>
         <object_component_ref idref="oc-b"/>
      </symbol>
      <symbol id="sm-75">
         <name>_vector12</name>
         <value>0x3980</value>
         <object_component_ref idref="oc-b"/>
      </symbol>
      <symbol id="sm-76">
         <name>_vector13</name>
         <value>0x39a0</value>
         <object_component_ref idref="oc-b"/>
      </symbol>
      <symbol id="sm-77">
         <name>_vector14</name>
         <value>0x39c0</value>
         <object_component_ref idref="oc-b"/>
      </symbol>
      <symbol id="sm-78">
         <name>_vector15</name>
         <value>0x39e0</value>
         <object_component_ref idref="oc-b"/>
      </symbol>
      <symbol id="sm-79">
         <name>_vectors</name>
         <value>0x3800</value>
         <object_component_ref idref="oc-b"/>
      </symbol>
      <symbol id="sm-7a">
         <name>_vector1</name>
         <value>0x3820</value>
         <object_component_ref idref="oc-b"/>
      </symbol>
      <symbol id="sm-7b">
         <name>_vector3</name>
         <value>0x3860</value>
         <object_component_ref idref="oc-b"/>
      </symbol>
      <symbol id="sm-7c">
         <name>_vector2</name>
         <value>0x3840</value>
         <object_component_ref idref="oc-b"/>
      </symbol>
      <symbol id="sm-7d">
         <name>_vector5</name>
         <value>0x38a0</value>
         <object_component_ref idref="oc-b"/>
      </symbol>
      <symbol id="sm-7e">
         <name>_vector4</name>
         <value>0x3880</value>
         <object_component_ref idref="oc-b"/>
      </symbol>
      <symbol id="sm-7f">
         <name>_vector7</name>
         <value>0x38e0</value>
         <object_component_ref idref="oc-b"/>
      </symbol>
      <symbol id="sm-80">
         <name>_vector6</name>
         <value>0x38c0</value>
         <object_component_ref idref="oc-b"/>
      </symbol>
      <symbol id="sm-81">
         <name>_vector9</name>
         <value>0x3920</value>
         <object_component_ref idref="oc-b"/>
      </symbol>
      <symbol id="sm-82">
         <name>_vector8</name>
         <value>0x3900</value>
         <object_component_ref idref="oc-b"/>
      </symbol>
      <symbol id="sm-cb">
         <name>_comm_poll</name>
         <value>0xc4</value>
         <object_component_ref idref="oc-60"/>
      </symbol>
      <symbol id="sm-cc">
         <name>_output_left_sample</name>
         <value>0x2c4</value>
         <object_component_ref idref="oc-60"/>
      </symbol>
      <symbol id="sm-cd">
         <name>_comm_intr</name>
         <value>0xec</value>
         <object_component_ref idref="oc-60"/>
      </symbol>
      <symbol id="sm-ce">
         <name>_input_left_sample</name>
         <value>0x508</value>
         <object_component_ref idref="oc-60"/>
      </symbol>
      <symbol id="sm-cf">
         <name>_output_sample</name>
         <value>0x1d8</value>
         <object_component_ref idref="oc-60"/>
      </symbol>
      <symbol id="sm-d0">
         <name>_c6416_dsk_init</name>
         <value>0x20</value>
         <object_component_ref idref="oc-60"/>
      </symbol>
      <symbol id="sm-d1">
         <name>_config</name>
         <value>0x2ac4</value>
         <object_component_ref idref="oc-11"/>
      </symbol>
      <symbol id="sm-d2">
         <name>_input_right_sample</name>
         <value>0x5a8</value>
         <object_component_ref idref="oc-60"/>
      </symbol>
      <symbol id="sm-d3">
         <name>_AIC_data</name>
         <value>0x2a80</value>
         <object_component_ref idref="oc-11"/>
      </symbol>
      <symbol id="sm-d4">
         <name>_hAIC23_handle</name>
         <value>0x2ad8</value>
         <object_component_ref idref="oc-11"/>
      </symbol>
      <symbol id="sm-d5">
         <name>_AIC23CfgData</name>
         <value>0x2a8c</value>
         <object_component_ref idref="oc-11"/>
      </symbol>
      <symbol id="sm-d6">
         <name>_input_sample</name>
         <value>0x430</value>
         <object_component_ref idref="oc-60"/>
      </symbol>
      <symbol id="sm-d7">
         <name>_output_right_sample</name>
         <value>0x37c</value>
         <object_component_ref idref="oc-60"/>
      </symbol>
      <symbol id="sm-e3">
         <name>_c_int00</name>
         <value>0x2080</value>
         <object_component_ref idref="oc-2"/>
      </symbol>
      <symbol id="sm-e4">
         <name>__stack</name>
         <value>0x3048</value>
         <object_component_ref idref="oc-16"/>
      </symbol>
      <symbol id="sm-f4">
         <name>C$$EXIT</name>
         <value>0x22a0</value>
         <object_component_ref idref="oc-6f"/>
      </symbol>
      <symbol id="sm-f5">
         <name>_exit</name>
         <value>0x1c00</value>
         <object_component_ref idref="oc-5f"/>
      </symbol>
      <symbol id="sm-f6">
         <name>___TI_enable_exit_profile_output</name>
         <value>0x2b74</value>
         <object_component_ref idref="oc-1b"/>
      </symbol>
      <symbol id="sm-f7">
         <name>_abort</name>
         <value>0x22a0</value>
         <object_component_ref idref="oc-6f"/>
      </symbol>
      <symbol id="sm-f8">
         <name>__cleanup_ptr</name>
         <value>0x2b6c</value>
         <object_component_ref idref="oc-1b"/>
      </symbol>
      <symbol id="sm-f9">
         <name>__dtors_ptr</name>
         <value>0x2b70</value>
         <object_component_ref idref="oc-1b"/>
      </symbol>
      <symbol id="sm-103">
         <name>__args_main</name>
         <value>0x2120</value>
         <object_component_ref idref="oc-5e"/>
      </symbol>
      <symbol id="sm-104">
         <name>__TI_args_main</name>
         <value>0x1</value>
      </symbol>
      <symbol id="sm-10e">
         <name>__auto_init</name>
         <value>0x18c0</value>
         <object_component_ref idref="oc-5d"/>
      </symbol>
      <symbol id="sm-118">
         <name>___TI_cpp_init</name>
         <value>0x2000</value>
         <object_component_ref idref="oc-6d"/>
      </symbol>
      <symbol id="sm-122">
         <name>_copy_in</name>
         <value>0x1f60</value>
         <object_component_ref idref="oc-6b"/>
      </symbol>
      <symbol id="sm-12a">
         <name>_memcpy</name>
         <value>0x19a0</value>
         <object_component_ref idref="oc-6c"/>
      </symbol>
      <symbol id="sm-146">
         <name>__IRQ_eventTable</name>
         <value>0x29b0</value>
         <object_component_ref idref="oc-2f"/>
      </symbol>
      <symbol id="sm-147">
         <name>_IRQ_nmiEnable</name>
         <value>0x21e0</value>
         <object_component_ref idref="oc-75"/>
      </symbol>
      <symbol id="sm-148">
         <name>_IRQ_reset</name>
         <value>0x20e0</value>
         <object_component_ref idref="oc-73"/>
      </symbol>
      <symbol id="sm-149">
         <name>__IRQ_intTable</name>
         <value>0x2a38</value>
         <object_component_ref idref="oc-2f"/>
      </symbol>
      <symbol id="sm-14a">
         <name>_IRQ_globalEnable</name>
         <value>0x21c0</value>
         <object_component_ref idref="oc-74"/>
      </symbol>
      <symbol id="sm-14b">
         <name>_IRQ_globalDisable</name>
         <value>0x21a0</value>
         <object_component_ref idref="oc-70"/>
      </symbol>
      <symbol id="sm-14c">
         <name>_IRQ_map</name>
         <value>0x1240</value>
         <object_component_ref idref="oc-72"/>
      </symbol>
      <symbol id="sm-14d">
         <name>_IRQ_enable</name>
         <value>0x2180</value>
         <object_component_ref idref="oc-76"/>
      </symbol>
      <symbol id="sm-14e">
         <name>__IRQ_dispatchTable</name>
         <value>0x2a78</value>
         <object_component_ref idref="oc-2f"/>
      </symbol>
      <symbol id="sm-14f">
         <name>__IRQ_hookFetchPacket</name>
         <value>0x22c0</value>
         <object_component_ref idref="oc-2d"/>
      </symbol>
      <symbol id="sm-16d">
         <name>_MCBSP_reset</name>
         <value>0x1420</value>
         <object_component_ref idref="oc-77"/>
      </symbol>
      <symbol id="sm-16e">
         <name>_MCBSP_read</name>
         <value>0x2220</value>
         <object_component_ref idref="oc-68"/>
      </symbol>
      <symbol id="sm-16f">
         <name>_MCBSP_getXmtEventId</name>
         <value>0x2200</value>
         <object_component_ref idref="oc-71"/>
      </symbol>
      <symbol id="sm-170">
         <name>_MCBSP_open</name>
         <value>0x1700</value>
         <object_component_ref idref="oc-64"/>
      </symbol>
      <symbol id="sm-171">
         <name>__MCBSP_hDev0</name>
         <value>0x2b28</value>
         <object_component_ref idref="oc-34"/>
      </symbol>
      <symbol id="sm-172">
         <name>__MCBSP_hDev1</name>
         <value>0x2b2c</value>
         <object_component_ref idref="oc-34"/>
      </symbol>
      <symbol id="sm-173">
         <name>__MCBSP_hDev2</name>
         <value>0x2b30</value>
         <object_component_ref idref="oc-34"/>
      </symbol>
      <symbol id="sm-174">
         <name>_MCBSP_start</name>
         <value>0x17e0</value>
         <object_component_ref idref="oc-66"/>
      </symbol>
      <symbol id="sm-175">
         <name>_MCBSP_rrdy</name>
         <value>0x2240</value>
         <object_component_ref idref="oc-67"/>
      </symbol>
      <symbol id="sm-176">
         <name>_MCBSP_config</name>
         <value>0x1a80</value>
         <object_component_ref idref="oc-65"/>
      </symbol>
      <symbol id="sm-177">
         <name>_MCBSP_xrdy</name>
         <value>0x2280</value>
         <object_component_ref idref="oc-69"/>
      </symbol>
      <symbol id="sm-178">
         <name>_MCBSP_write</name>
         <value>0x2260</value>
         <object_component_ref idref="oc-6a"/>
      </symbol>
      <symbol id="sm-1a8">
         <name>_DSK6416_waitusec</name>
         <value>0xce0</value>
         <object_component_ref idref="oc-38"/>
      </symbol>
      <symbol id="sm-1a9">
         <name>_DSK6416_rget</name>
         <value>0xbf0</value>
         <object_component_ref idref="oc-38"/>
      </symbol>
      <symbol id="sm-1aa">
         <name>_DSK6416_wait</name>
         <value>0xc70</value>
         <object_component_ref idref="oc-38"/>
      </symbol>
      <symbol id="sm-1ab">
         <name>_DSK6416_rset</name>
         <value>0xc28</value>
         <object_component_ref idref="oc-38"/>
      </symbol>
      <symbol id="sm-1ac">
         <name>_DSK6416_version</name>
         <value>0x2ada</value>
         <object_component_ref idref="oc-39"/>
      </symbol>
      <symbol id="sm-1ad">
         <name>_DSK6416_getVersion</name>
         <value>0xd2c</value>
         <object_component_ref idref="oc-38"/>
      </symbol>
      <symbol id="sm-1ae">
         <name>_DSK6416_init</name>
         <value>0xa40</value>
         <object_component_ref idref="oc-38"/>
      </symbol>
      <symbol id="sm-1d0">
         <name>_DSK6416_AIC23_openCodec</name>
         <value>0xe00</value>
         <object_component_ref idref="oc-3f"/>
      </symbol>
      <symbol id="sm-1d1">
         <name>_DSK6416_AIC23_codecdatahandle</name>
         <value>0x2b7c</value>
         <object_component_ref idref="oc-40"/>
      </symbol>
      <symbol id="sm-1d2">
         <name>_DSK6416_AIC23_codeccontrolhandle</name>
         <value>0x2b78</value>
         <object_component_ref idref="oc-40"/>
      </symbol>
      <symbol id="sm-1ff">
         <name>_DSK6416_AIC23_rset</name>
         <value>0x1020</value>
         <object_component_ref idref="oc-46"/>
      </symbol>
      <symbol id="sm-200">
         <name>_DSK6416_AIC23_config</name>
         <value>0x117c</value>
         <object_component_ref idref="oc-46"/>
      </symbol>
      <symbol id="sm-201">
         <name>_DSK6416_AIC23_rget</name>
         <value>0x113c</value>
         <object_component_ref idref="oc-46"/>
      </symbol>
      <symbol id="sm-21e">
         <name>_DSK6416_AIC23_setFreq</name>
         <value>0x1600</value>
         <object_component_ref idref="oc-4d"/>
      </symbol>
      <symbol id="sm-226">
         <name>__strasg</name>
         <value>0x1b40</value>
         <object_component_ref idref="oc-61"/>
      </symbol>
      <symbol id="sm-230">
         <name>_EMIFA_config</name>
         <value>0x1e20</value>
         <object_component_ref idref="oc-63"/>
      </symbol>
      <symbol id="sm-23a">
         <name>_EMIFB_config</name>
         <value>0x1ec0</value>
         <object_component_ref idref="oc-62"/>
      </symbol>
   </symbol_table>
</link_info>
