******************************************************************************
               TMS320C6x Linker PC v7.4.20                     
******************************************************************************
>> Linked Wed Apr 15 07:24:48 2026

OUTPUT FILE NAME:   <lab_6_2.out>
ENTRY POINT SYMBOL: "_c_int00"  address: 00002080


MEMORY CONFIGURATION

         name            origin    length      used     unused   attr    fill
----------------------  --------  ---------  --------  --------  ----  --------
  RAM                   00000001   fffffffe  00003524  ffffcada  RWIX


SECTION ALLOCATION MAP

 output                                  attributes/
section   page    origin      length       input sections
--------  ----  ----------  ----------   ----------------
.pinit     0    00000004    00000000     UNINITIALIZED

.data      0    00000008    00000000     UNINITIALIZED

.bss       0    00000008    00000000     UNINITIALIZED

.text      0    00000020    000022a0     
                  00000020    00000640     c6416dskinit.obj (.text)
                  00000660    000003c0     dsk6416bsl.lib : dsk6416.obj (.text)
                  00000a20    00000260     Fir_block.obj (.text)
                  00000c80    00000220     dsk6416bsl.lib : dsk6416_aic23_opencodec.obj (.text)
                  00000ea0    00000220                    : dsk6416_aic23_registers.obj (.text)
                  000010c0    000001e0     csl6416.lib : csl_irq.obj (.text:_IRQ_map)
                  000012a0    000001e0                 : csl_mcbsp.obj (.text:_MCBSP_reset)
                  00001480    000001a0     dsk6416bsl.lib : dsk6416_led.obj (.text)
                  00001620    00000100                    : dsk6416_aic23_setfreq.obj (.text)
                  00001720    000000e0     csl6416.lib : csl_mcbsp.obj (.text:_MCBSP_open)
                  00001800    000000e0                 : csl_mcbsp.obj (.text:_MCBSP_start)
                  000018e0    000000e0     rts6400.lib : autoinit.obj (.text:__auto_init)
                  000019c0    000000e0                 : memcpy64.obj (.text:_memcpy)
                  00001aa0    000000c0     csl6416.lib : csl_mcbsp.obj (.text:_MCBSP_config)
                  00001b60    000000c0     rts6400.lib : strasg.obj (.text:__strasg)
                  00001c20    000000c0                 : exit.obj (.text:_exit)
                  00001ce0    000000c0     csl6416.lib : csl_irq.obj (.text:_setMux)
                  00001da0    000000a0                 : csl_emifa.obj (.text:_EMIFA_config)
                  00001e40    000000a0                 : csl_emifb.obj (.text:_EMIFB_config)
                  00001ee0    000000a0     rts6400.lib : cpy_tbl.obj (.text:_copy_in)
                  00001f80    00000080                 : cpp_init.obj (.text:___TI_cpp_init)
                  00002000    00000080     dsk6416bsl.lib : dsk6416_dip.obj (.text)
                  00002080    00000060     rts6400.lib : boot.obj (.text:_c_int00)
                  000020e0    00000040     csl6416.lib : csl_irq.obj (.text:_IRQ_reset)
                  00002120    00000040     rts6400.lib : args_main.obj (.text:__args_main)
                  00002160    00000020     csl6416.lib : csl_irq.obj (.text:_IRQ_enable)
                  00002180    00000020                 : csl_irq.obj (.text:_IRQ_globalDisable)
                  000021a0    00000020                 : csl_irq.obj (.text:_IRQ_globalEnable)
                  000021c0    00000020                 : csl_irq.obj (.text:_IRQ_nmiEnable)
                  000021e0    00000020                 : csl_mcbsp.obj (.text:_MCBSP_getXmtEventId)
                  00002200    00000020                 : csl_mcbsp.obj (.text:_MCBSP_read)
                  00002220    00000020                 : csl_mcbsp.obj (.text:_MCBSP_rrdy)
                  00002240    00000020                 : csl_mcbsp.obj (.text:_MCBSP_write)
                  00002260    00000020                 : csl_mcbsp.obj (.text:_MCBSP_xrdy)
                  00002280    00000020     rts6400.lib : exit.obj (.text:_abort)
                  000022a0    00000020     csl6416.lib : csl_irq.obj (.text)

.far       0    000022c0    000007a8     UNINITIALIZED
                  000022c0    000005a8     Fir_block.obj (.far)
                  00002868    00000100     csl6416.lib : csl_irq.obj (.far)
                  00002968    0000005a     c6416dskinit.obj (.far)
                  000029c2    00000004     dsk6416bsl.lib : dsk6416.obj (.far)
                  000029c6    00000002                    : dsk6416_led.obj (.far)
                  000029c8    00000054     csl6416.lib : csl_mcbsp.obj (.far)
                  00002a1c    00000004     --HOLE--
                  00002a20    00000020     dsk6416bsl.lib : dsk6416_aic23_setfreq.obj (.far)
                  00002a40    00000014                    : dsk6416_aic23_registers.obj (.far)
                  00002a54    0000000c     rts6400.lib : exit.obj (.far)
                  00002a60    00000008     dsk6416bsl.lib : dsk6416_aic23_opencodec.obj (.far)

.cinit     0    00002a68    000005ac     
                  00002a68    0000031c     Fir_block.obj (.cinit)
                  00002d84    00000004     --HOLE-- [fill = 0]
                  00002d88    0000012c     csl6416.lib : csl_irq.obj (.cinit)
                  00002eb4    00000004     --HOLE-- [fill = 0]
                  00002eb8    0000007c                 : csl_mcbsp.obj (.cinit)
                  00002f34    00000004     --HOLE-- [fill = 0]
                  00002f38    0000005c     c6416dskinit.obj (.cinit)
                  00002f94    00000004     --HOLE-- [fill = 0]
                  00002f98    0000002c     rts6400.lib : exit.obj (.cinit)
                  00002fc4    00000004     --HOLE-- [fill = 0]
                  00002fc8    00000028     dsk6416bsl.lib : dsk6416_aic23_setfreq.obj (.cinit)
                  00002ff0    0000001c                    : dsk6416_aic23_registers.obj (.cinit)
                  0000300c    00000004     --HOLE-- [fill = 0]
                  00003010    00000004     (.pad.cinit) [fill = 0]

.stack     0    00003018    00000400     UNINITIALIZED
                  00003018    00000008     rts6400.lib : boot.obj (.stack)
                  00003020    000003f8     --HOLE--

.const     0    00003418    00000130     
                  00003418    000000c0     dsk6416bsl.lib : dsk6416.obj (.const)
                  000034d8    00000070                    : dsk6416_aic23_opencodec.obj (.const)


GLOBAL SYMBOLS: SORTED ALPHABETICALLY BY Name 

address    name
--------   ----
00000008   $bss
00000008   .bss
00000008   .data
00000020   .text
00002280   C$$EXIT
00002974   _AIC23CfgData
00002968   _AIC_data
00002a60   _DSK6416_AIC23_codeccontrolhandle
00002a64   _DSK6416_AIC23_codecdatahandle
00000ffc   _DSK6416_AIC23_config
00000c80   _DSK6416_AIC23_openCodec
00000fbc   _DSK6416_AIC23_rget
00000ea0   _DSK6416_AIC23_rset
00001620   _DSK6416_AIC23_setFreq
00002004   _DSK6416_DIP_get
00002000   _DSK6416_DIP_init
00001480   _DSK6416_LED_init
000014c8   _DSK6416_LED_off
00001534   _DSK6416_LED_on
000015a0   _DSK6416_LED_toggle
0000094c   _DSK6416_getVersion
00000660   _DSK6416_init
00000810   _DSK6416_rget
00000848   _DSK6416_rset
000029c2   _DSK6416_version
00000890   _DSK6416_wait
00000900   _DSK6416_waitusec
00001da0   _EMIFA_config
00001e40   _EMIFB_config
00002160   _IRQ_enable
00002180   _IRQ_globalDisable
000021a0   _IRQ_globalEnable
000010c0   _IRQ_map
000021c0   _IRQ_nmiEnable
000020e0   _IRQ_reset
00001aa0   _MCBSP_config
000021e0   _MCBSP_getXmtEventId
00001720   _MCBSP_open
00002200   _MCBSP_read
000012a0   _MCBSP_reset
00002220   _MCBSP_rrdy
00001800   _MCBSP_start
00002240   _MCBSP_write
00002260   _MCBSP_xrdy
000024c0   _Speech
00002960   __IRQ_dispatchTable
00002898   __IRQ_eventTable
000022a0   __IRQ_hookFetchPacket
00002920   __IRQ_intTable
00002a10   __MCBSP_hDev0
00002a14   __MCBSP_hDev1
00002a18   __MCBSP_hDev2
00003418   __STACK_END
00000400   __STACK_SIZE
00000001   __TI_args_main
00001f80   ___TI_cpp_init
00002a5c   ___TI_enable_exit_profile_output
ffffffff   ___TI_pprof_out_hndl
ffffffff   ___TI_prof_data_size
ffffffff   ___TI_prof_data_start
ffffffff   ___binit__
00000008   ___bss__
ffffffff   ___c_args__
00002a68   ___cinit__
00000008   ___data__
00000008   ___edata__
00000008   ___end__
000022c0   ___etext__
ffffffff   ___pinit__
00000020   ___text__
00002120   __args_main
000018e0   __auto_init
00002a54   __cleanup_ptr
00002a58   __dtors_ptr
00003018   __stack
00001b60   __strasg
00002280   _abort
00000020   _c6416_dsk_init
00002080   _c_int00
000000ec   _comm_intr
000000c4   _comm_poll
000029ac   _config
00001ee0   _copy_in
00002598   _dly
00001c20   _exit
0000258c   _fs
00002594   _gain
000022c0   _h
000029c0   _hAIC23_handle
00000508   _input_left_sample
000005a8   _input_right_sample
00000430   _input_sample
00000a20   _main
000019c0   _memcpy
000002c4   _output_left_sample
0000037c   _output_right_sample
000001d8   _output_sample
00002798   _temp
000027a0   _y
00002590   _yn
ffffffff   binit
00002a68   cinit
00000008   edata
00000008   end
000022c0   etext
ffffffff   pinit


GLOBAL SYMBOLS: SORTED BY Symbol Address 

address    name
--------   ----
00000001   __TI_args_main
00000008   $bss
00000008   .bss
00000008   .data
00000008   ___bss__
00000008   ___data__
00000008   ___edata__
00000008   ___end__
00000008   edata
00000008   end
00000020   .text
00000020   ___text__
00000020   _c6416_dsk_init
000000c4   _comm_poll
000000ec   _comm_intr
000001d8   _output_sample
000002c4   _output_left_sample
0000037c   _output_right_sample
00000400   __STACK_SIZE
00000430   _input_sample
00000508   _input_left_sample
000005a8   _input_right_sample
00000660   _DSK6416_init
00000810   _DSK6416_rget
00000848   _DSK6416_rset
00000890   _DSK6416_wait
00000900   _DSK6416_waitusec
0000094c   _DSK6416_getVersion
00000a20   _main
00000c80   _DSK6416_AIC23_openCodec
00000ea0   _DSK6416_AIC23_rset
00000fbc   _DSK6416_AIC23_rget
00000ffc   _DSK6416_AIC23_config
000010c0   _IRQ_map
000012a0   _MCBSP_reset
00001480   _DSK6416_LED_init
000014c8   _DSK6416_LED_off
00001534   _DSK6416_LED_on
000015a0   _DSK6416_LED_toggle
00001620   _DSK6416_AIC23_setFreq
00001720   _MCBSP_open
00001800   _MCBSP_start
000018e0   __auto_init
000019c0   _memcpy
00001aa0   _MCBSP_config
00001b60   __strasg
00001c20   _exit
00001da0   _EMIFA_config
00001e40   _EMIFB_config
00001ee0   _copy_in
00001f80   ___TI_cpp_init
00002000   _DSK6416_DIP_init
00002004   _DSK6416_DIP_get
00002080   _c_int00
000020e0   _IRQ_reset
00002120   __args_main
00002160   _IRQ_enable
00002180   _IRQ_globalDisable
000021a0   _IRQ_globalEnable
000021c0   _IRQ_nmiEnable
000021e0   _MCBSP_getXmtEventId
00002200   _MCBSP_read
00002220   _MCBSP_rrdy
00002240   _MCBSP_write
00002260   _MCBSP_xrdy
00002280   C$$EXIT
00002280   _abort
000022a0   __IRQ_hookFetchPacket
000022c0   ___etext__
000022c0   _h
000022c0   etext
000024c0   _Speech
0000258c   _fs
00002590   _yn
00002594   _gain
00002598   _dly
00002798   _temp
000027a0   _y
00002898   __IRQ_eventTable
00002920   __IRQ_intTable
00002960   __IRQ_dispatchTable
00002968   _AIC_data
00002974   _AIC23CfgData
000029ac   _config
000029c0   _hAIC23_handle
000029c2   _DSK6416_version
00002a10   __MCBSP_hDev0
00002a14   __MCBSP_hDev1
00002a18   __MCBSP_hDev2
00002a54   __cleanup_ptr
00002a58   __dtors_ptr
00002a5c   ___TI_enable_exit_profile_output
00002a60   _DSK6416_AIC23_codeccontrolhandle
00002a64   _DSK6416_AIC23_codecdatahandle
00002a68   ___cinit__
00002a68   cinit
00003018   __stack
00003418   __STACK_END
ffffffff   ___TI_pprof_out_hndl
ffffffff   ___TI_prof_data_size
ffffffff   ___TI_prof_data_start
ffffffff   ___binit__
ffffffff   ___c_args__
ffffffff   ___pinit__
ffffffff   binit
ffffffff   pinit

[106 symbols]
