******************************************************************************
               TMS320C6x Linker PC v7.4.20                     
******************************************************************************
>> Linked Wed Apr 15 08:39:03 2026

OUTPUT FILE NAME:   <lab_6_2.out>
ENTRY POINT SYMBOL: "_c_int00"  address: 00031960


MEMORY CONFIGURATION

         name            origin    length      used     unused   attr    fill
----------------------  --------  ---------  --------  --------  ----  --------
  RAM                   00000001   fffffffe  000320c4  fffcdf3a  RWIX


SECTION ALLOCATION MAP

 output                                  attributes/
section   page    origin      length       input sections
--------  ----  ----------  ----------   ----------------
.pinit     0    00000004    00000000     UNINITIALIZED

.data      0    00000008    00000000     UNINITIALIZED

.bss       0    00000008    00000000     UNINITIALIZED

.far       0    00000008    0001fa18     UNINITIALIZED
                  00000008    0001f818     Fir_block.obj (.far)
                  0001f820    00000100     csl6416.lib : csl_irq.obj (.far)
                  0001f920    0000005a     c6416dskinit.obj (.far)
                  0001f97a    00000004     dsk6416bsl.lib : dsk6416.obj (.far)
                  0001f97e    00000002                    : dsk6416_led.obj (.far)
                  0001f980    00000054     csl6416.lib : csl_mcbsp.obj (.far)
                  0001f9d4    00000004     --HOLE--
                  0001f9d8    00000020     dsk6416bsl.lib : dsk6416_aic23_setfreq.obj (.far)
                  0001f9f8    00000014                    : dsk6416_aic23_registers.obj (.far)
                  0001fa0c    0000000c     rts6400.lib : exit.obj (.far)
                  0001fa18    00000008     dsk6416bsl.lib : dsk6416_aic23_opencodec.obj (.far)

.cinit     0    0001fa20    0000fedc     
                  0001fa20    0000fc4c     Fir_block.obj (.cinit)
                  0002f66c    00000004     --HOLE-- [fill = 0]
                  0002f670    0000012c     csl6416.lib : csl_irq.obj (.cinit)
                  0002f79c    00000004     --HOLE-- [fill = 0]
                  0002f7a0    0000007c                 : csl_mcbsp.obj (.cinit)
                  0002f81c    00000004     --HOLE-- [fill = 0]
                  0002f820    0000005c     c6416dskinit.obj (.cinit)
                  0002f87c    00000004     --HOLE-- [fill = 0]
                  0002f880    0000002c     rts6400.lib : exit.obj (.cinit)
                  0002f8ac    00000004     --HOLE-- [fill = 0]
                  0002f8b0    00000028     dsk6416bsl.lib : dsk6416_aic23_setfreq.obj (.cinit)
                  0002f8d8    0000001c                    : dsk6416_aic23_registers.obj (.cinit)
                  0002f8f4    00000004     --HOLE-- [fill = 0]
                  0002f8f8    00000004     (.pad.cinit) [fill = 0]

.text      0    0002f900    000022a0     
                  0002f900    00000640     c6416dskinit.obj (.text)
                  0002ff40    000003c0     dsk6416bsl.lib : dsk6416.obj (.text)
                  00030300    00000260     Fir_block.obj (.text)
                  00030560    00000220     dsk6416bsl.lib : dsk6416_aic23_opencodec.obj (.text)
                  00030780    00000220                    : dsk6416_aic23_registers.obj (.text)
                  000309a0    000001e0     csl6416.lib : csl_irq.obj (.text:_IRQ_map)
                  00030b80    000001e0                 : csl_mcbsp.obj (.text:_MCBSP_reset)
                  00030d60    000001a0     dsk6416bsl.lib : dsk6416_led.obj (.text)
                  00030f00    00000100                    : dsk6416_aic23_setfreq.obj (.text)
                  00031000    000000e0     csl6416.lib : csl_mcbsp.obj (.text:_MCBSP_open)
                  000310e0    000000e0                 : csl_mcbsp.obj (.text:_MCBSP_start)
                  000311c0    000000e0     rts6400.lib : autoinit.obj (.text:__auto_init)
                  000312a0    000000e0                 : memcpy64.obj (.text:_memcpy)
                  00031380    000000c0     csl6416.lib : csl_mcbsp.obj (.text:_MCBSP_config)
                  00031440    000000c0     rts6400.lib : strasg.obj (.text:__strasg)
                  00031500    000000c0                 : exit.obj (.text:_exit)
                  000315c0    000000c0     csl6416.lib : csl_irq.obj (.text:_setMux)
                  00031680    000000a0                 : csl_emifa.obj (.text:_EMIFA_config)
                  00031720    000000a0                 : csl_emifb.obj (.text:_EMIFB_config)
                  000317c0    000000a0     rts6400.lib : cpy_tbl.obj (.text:_copy_in)
                  00031860    00000080                 : cpp_init.obj (.text:___TI_cpp_init)
                  000318e0    00000080     dsk6416bsl.lib : dsk6416_dip.obj (.text)
                  00031960    00000060     rts6400.lib : boot.obj (.text:_c_int00)
                  000319c0    00000040     csl6416.lib : csl_irq.obj (.text:_IRQ_reset)
                  00031a00    00000040     rts6400.lib : args_main.obj (.text:__args_main)
                  00031a40    00000020     csl6416.lib : csl_irq.obj (.text:_IRQ_enable)
                  00031a60    00000020                 : csl_irq.obj (.text:_IRQ_globalDisable)
                  00031a80    00000020                 : csl_irq.obj (.text:_IRQ_globalEnable)
                  00031aa0    00000020                 : csl_irq.obj (.text:_IRQ_nmiEnable)
                  00031ac0    00000020                 : csl_mcbsp.obj (.text:_MCBSP_getXmtEventId)
                  00031ae0    00000020                 : csl_mcbsp.obj (.text:_MCBSP_read)
                  00031b00    00000020                 : csl_mcbsp.obj (.text:_MCBSP_rrdy)
                  00031b20    00000020                 : csl_mcbsp.obj (.text:_MCBSP_write)
                  00031b40    00000020                 : csl_mcbsp.obj (.text:_MCBSP_xrdy)
                  00031b60    00000020     rts6400.lib : exit.obj (.text:_abort)
                  00031b80    00000020     csl6416.lib : csl_irq.obj (.text)

.stack     0    00031ba0    00000400     UNINITIALIZED
                  00031ba0    00000008     rts6400.lib : boot.obj (.stack)
                  00031ba8    000003f8     --HOLE--

.const     0    00031fa0    00000130     
                  00031fa0    000000c0     dsk6416bsl.lib : dsk6416.obj (.const)
                  00032060    00000070                    : dsk6416_aic23_opencodec.obj (.const)


GLOBAL SYMBOLS: SORTED ALPHABETICALLY BY Name 

address    name
--------   ----
00000008   $bss
00000008   .bss
00000008   .data
0002f900   .text
00031b60   C$$EXIT
0001f92c   _AIC23CfgData
0001f920   _AIC_data
0001fa18   _DSK6416_AIC23_codeccontrolhandle
0001fa1c   _DSK6416_AIC23_codecdatahandle
000308dc   _DSK6416_AIC23_config
00030560   _DSK6416_AIC23_openCodec
0003089c   _DSK6416_AIC23_rget
00030780   _DSK6416_AIC23_rset
00030f00   _DSK6416_AIC23_setFreq
000318e4   _DSK6416_DIP_get
000318e0   _DSK6416_DIP_init
00030d60   _DSK6416_LED_init
00030da8   _DSK6416_LED_off
00030e14   _DSK6416_LED_on
00030e80   _DSK6416_LED_toggle
0003022c   _DSK6416_getVersion
0002ff40   _DSK6416_init
000300f0   _DSK6416_rget
00030128   _DSK6416_rset
0001f97a   _DSK6416_version
00030170   _DSK6416_wait
000301e0   _DSK6416_waitusec
00031680   _EMIFA_config
00031720   _EMIFB_config
00031a40   _IRQ_enable
00031a60   _IRQ_globalDisable
00031a80   _IRQ_globalEnable
000309a0   _IRQ_map
00031aa0   _IRQ_nmiEnable
000319c0   _IRQ_reset
00031380   _MCBSP_config
00031ac0   _MCBSP_getXmtEventId
00031000   _MCBSP_open
00031ae0   _MCBSP_read
00030b80   _MCBSP_reset
00031b00   _MCBSP_rrdy
000310e0   _MCBSP_start
00031b20   _MCBSP_write
00031b40   _MCBSP_xrdy
00000208   _Speech
0001f918   __IRQ_dispatchTable
0001f850   __IRQ_eventTable
00031b80   __IRQ_hookFetchPacket
0001f8d8   __IRQ_intTable
0001f9c8   __MCBSP_hDev0
0001f9cc   __MCBSP_hDev1
0001f9d0   __MCBSP_hDev2
00031fa0   __STACK_END
00000400   __STACK_SIZE
00000001   __TI_args_main
00031860   ___TI_cpp_init
0001fa14   ___TI_enable_exit_profile_output
ffffffff   ___TI_pprof_out_hndl
ffffffff   ___TI_prof_data_size
ffffffff   ___TI_prof_data_start
ffffffff   ___binit__
00000008   ___bss__
ffffffff   ___c_args__
0001fa20   ___cinit__
00000008   ___data__
00000008   ___edata__
00000008   ___end__
00031ba0   ___etext__
ffffffff   ___pinit__
0002f900   ___text__
00031a00   __args_main
000311c0   __auto_init
0001fa0c   __cleanup_ptr
0001fa10   __dtors_ptr
00031ba0   __stack
00031440   __strasg
00031b60   _abort
0002f900   _c6416_dsk_init
00031960   _c_int00
0002f9cc   _comm_intr
0002f9a4   _comm_poll
0001f964   _config
000317c0   _copy_in
0000fc18   _dly
00031500   _exit
0000fc0c   _fs
0000fc14   _gain
00000008   _h
0001f978   _hAIC23_handle
0002fde8   _input_left_sample
0002fe88   _input_right_sample
0002fd10   _input_sample
00030300   _main
000312a0   _memcpy
0002fba4   _output_left_sample
0002fc5c   _output_right_sample
0002fab8   _output_sample
0000fe18   _temp
0000fe20   _y
0000fc10   _yn
ffffffff   binit
0001fa20   cinit
00000008   edata
00000008   end
00031ba0   etext
ffffffff   pinit


GLOBAL SYMBOLS: SORTED BY Symbol Address 

address    name
--------   ----
00000001   __TI_args_main
00000008   $bss
00000008   .bss
00000008   .data
00000008   ___bss__
00000008   ___data__
00000008   ___edata__
00000008   ___end__
00000008   _h
00000008   edata
00000008   end
00000208   _Speech
00000400   __STACK_SIZE
0000fc0c   _fs
0000fc10   _yn
0000fc14   _gain
0000fc18   _dly
0000fe18   _temp
0000fe20   _y
0001f850   __IRQ_eventTable
0001f8d8   __IRQ_intTable
0001f918   __IRQ_dispatchTable
0001f920   _AIC_data
0001f92c   _AIC23CfgData
0001f964   _config
0001f978   _hAIC23_handle
0001f97a   _DSK6416_version
0001f9c8   __MCBSP_hDev0
0001f9cc   __MCBSP_hDev1
0001f9d0   __MCBSP_hDev2
0001fa0c   __cleanup_ptr
0001fa10   __dtors_ptr
0001fa14   ___TI_enable_exit_profile_output
0001fa18   _DSK6416_AIC23_codeccontrolhandle
0001fa1c   _DSK6416_AIC23_codecdatahandle
0001fa20   ___cinit__
0001fa20   cinit
0002f900   .text
0002f900   ___text__
0002f900   _c6416_dsk_init
0002f9a4   _comm_poll
0002f9cc   _comm_intr
0002fab8   _output_sample
0002fba4   _output_left_sample
0002fc5c   _output_right_sample
0002fd10   _input_sample
0002fde8   _input_left_sample
0002fe88   _input_right_sample
0002ff40   _DSK6416_init
000300f0   _DSK6416_rget
00030128   _DSK6416_rset
00030170   _DSK6416_wait
000301e0   _DSK6416_waitusec
0003022c   _DSK6416_getVersion
00030300   _main
00030560   _DSK6416_AIC23_openCodec
00030780   _DSK6416_AIC23_rset
0003089c   _DSK6416_AIC23_rget
000308dc   _DSK6416_AIC23_config
000309a0   _IRQ_map
00030b80   _MCBSP_reset
00030d60   _DSK6416_LED_init
00030da8   _DSK6416_LED_off
00030e14   _DSK6416_LED_on
00030e80   _DSK6416_LED_toggle
00030f00   _DSK6416_AIC23_setFreq
00031000   _MCBSP_open
000310e0   _MCBSP_start
000311c0   __auto_init
000312a0   _memcpy
00031380   _MCBSP_config
00031440   __strasg
00031500   _exit
00031680   _EMIFA_config
00031720   _EMIFB_config
000317c0   _copy_in
00031860   ___TI_cpp_init
000318e0   _DSK6416_DIP_init
000318e4   _DSK6416_DIP_get
00031960   _c_int00
000319c0   _IRQ_reset
00031a00   __args_main
00031a40   _IRQ_enable
00031a60   _IRQ_globalDisable
00031a80   _IRQ_globalEnable
00031aa0   _IRQ_nmiEnable
00031ac0   _MCBSP_getXmtEventId
00031ae0   _MCBSP_read
00031b00   _MCBSP_rrdy
00031b20   _MCBSP_write
00031b40   _MCBSP_xrdy
00031b60   C$$EXIT
00031b60   _abort
00031b80   __IRQ_hookFetchPacket
00031ba0   ___etext__
00031ba0   __stack
00031ba0   etext
00031fa0   __STACK_END
ffffffff   ___TI_pprof_out_hndl
ffffffff   ___TI_prof_data_size
ffffffff   ___TI_prof_data_start
ffffffff   ___binit__
ffffffff   ___c_args__
ffffffff   ___pinit__
ffffffff   binit
ffffffff   pinit

[106 symbols]
