******************************************************************************
               TMS320C6x Linker PC v7.4.20                     
******************************************************************************
>> Linked Wed Apr 15 07:44:45 2026

OUTPUT FILE NAME:   <lab_6_2.out>
ENTRY POINT SYMBOL: "_c_int00"  address: 0008f580


MEMORY CONFIGURATION

         name            origin    length      used     unused   attr    fill
----------------------  --------  ---------  --------  --------  ----  --------
  RAM                   00000001   fffffffe  0008fce4  fff7031a  RWIX


SECTION ALLOCATION MAP

 output                                  attributes/
section   page    origin      length       input sections
--------  ----  ----------  ----------   ----------------
.pinit     0    00000004    00000000     UNINITIALIZED

.data      0    00000008    00000000     UNINITIALIZED

.bss       0    00000008    00000000     UNINITIALIZED

.far       0    00000008    0005e218     UNINITIALIZED
                  00000008    0005e018     Fir_block.obj (.far)
                  0005e020    00000100     csl6416.lib : csl_irq.obj (.far)
                  0005e120    0000005a     c6416dskinit.obj (.far)
                  0005e17a    00000004     dsk6416bsl.lib : dsk6416.obj (.far)
                  0005e17e    00000002                    : dsk6416_led.obj (.far)
                  0005e180    00000054     csl6416.lib : csl_mcbsp.obj (.far)
                  0005e1d4    00000004     --HOLE--
                  0005e1d8    00000020     dsk6416bsl.lib : dsk6416_aic23_setfreq.obj (.far)
                  0005e1f8    00000014                    : dsk6416_aic23_registers.obj (.far)
                  0005e20c    0000000c     rts6400.lib : exit.obj (.far)
                  0005e218    00000008     dsk6416bsl.lib : dsk6416_aic23_opencodec.obj (.far)

.cinit     0    0005e220    0002f2dc     
                  0005e220    0002f04c     Fir_block.obj (.cinit)
                  0008d26c    00000004     --HOLE-- [fill = 0]
                  0008d270    0000012c     csl6416.lib : csl_irq.obj (.cinit)
                  0008d39c    00000004     --HOLE-- [fill = 0]
                  0008d3a0    0000007c                 : csl_mcbsp.obj (.cinit)
                  0008d41c    00000004     --HOLE-- [fill = 0]
                  0008d420    0000005c     c6416dskinit.obj (.cinit)
                  0008d47c    00000004     --HOLE-- [fill = 0]
                  0008d480    0000002c     rts6400.lib : exit.obj (.cinit)
                  0008d4ac    00000004     --HOLE-- [fill = 0]
                  0008d4b0    00000028     dsk6416bsl.lib : dsk6416_aic23_setfreq.obj (.cinit)
                  0008d4d8    0000001c                    : dsk6416_aic23_registers.obj (.cinit)
                  0008d4f4    00000004     --HOLE-- [fill = 0]
                  0008d4f8    00000004     (.pad.cinit) [fill = 0]

.text      0    0008d500    000022c0     
                  0008d500    00000640     c6416dskinit.obj (.text)
                  0008db40    000003c0     dsk6416bsl.lib : dsk6416.obj (.text)
                  0008df00    00000280     Fir_block.obj (.text)
                  0008e180    00000220     dsk6416bsl.lib : dsk6416_aic23_opencodec.obj (.text)
                  0008e3a0    00000220                    : dsk6416_aic23_registers.obj (.text)
                  0008e5c0    000001e0     csl6416.lib : csl_irq.obj (.text:_IRQ_map)
                  0008e7a0    000001e0                 : csl_mcbsp.obj (.text:_MCBSP_reset)
                  0008e980    000001a0     dsk6416bsl.lib : dsk6416_led.obj (.text)
                  0008eb20    00000100                    : dsk6416_aic23_setfreq.obj (.text)
                  0008ec20    000000e0     csl6416.lib : csl_mcbsp.obj (.text:_MCBSP_open)
                  0008ed00    000000e0                 : csl_mcbsp.obj (.text:_MCBSP_start)
                  0008ede0    000000e0     rts6400.lib : autoinit.obj (.text:__auto_init)
                  0008eec0    000000e0                 : memcpy64.obj (.text:_memcpy)
                  0008efa0    000000c0     csl6416.lib : csl_mcbsp.obj (.text:_MCBSP_config)
                  0008f060    000000c0     rts6400.lib : strasg.obj (.text:__strasg)
                  0008f120    000000c0                 : exit.obj (.text:_exit)
                  0008f1e0    000000c0     csl6416.lib : csl_irq.obj (.text:_setMux)
                  0008f2a0    000000a0                 : csl_emifa.obj (.text:_EMIFA_config)
                  0008f340    000000a0                 : csl_emifb.obj (.text:_EMIFB_config)
                  0008f3e0    000000a0     rts6400.lib : cpy_tbl.obj (.text:_copy_in)
                  0008f480    00000080                 : cpp_init.obj (.text:___TI_cpp_init)
                  0008f500    00000080     dsk6416bsl.lib : dsk6416_dip.obj (.text)
                  0008f580    00000060     rts6400.lib : boot.obj (.text:_c_int00)
                  0008f5e0    00000040     csl6416.lib : csl_irq.obj (.text:_IRQ_reset)
                  0008f620    00000040     rts6400.lib : args_main.obj (.text:__args_main)
                  0008f660    00000020     csl6416.lib : csl_irq.obj (.text:_IRQ_enable)
                  0008f680    00000020                 : csl_irq.obj (.text:_IRQ_globalDisable)
                  0008f6a0    00000020                 : csl_irq.obj (.text:_IRQ_globalEnable)
                  0008f6c0    00000020                 : csl_irq.obj (.text:_IRQ_nmiEnable)
                  0008f6e0    00000020                 : csl_mcbsp.obj (.text:_MCBSP_getXmtEventId)
                  0008f700    00000020                 : csl_mcbsp.obj (.text:_MCBSP_read)
                  0008f720    00000020                 : csl_mcbsp.obj (.text:_MCBSP_rrdy)
                  0008f740    00000020                 : csl_mcbsp.obj (.text:_MCBSP_write)
                  0008f760    00000020                 : csl_mcbsp.obj (.text:_MCBSP_xrdy)
                  0008f780    00000020     rts6400.lib : exit.obj (.text:_abort)
                  0008f7a0    00000020     csl6416.lib : csl_irq.obj (.text)

.stack     0    0008f7c0    00000400     UNINITIALIZED
                  0008f7c0    00000008     rts6400.lib : boot.obj (.stack)
                  0008f7c8    000003f8     --HOLE--

.const     0    0008fbc0    00000130     
                  0008fbc0    000000c0     dsk6416bsl.lib : dsk6416.obj (.const)
                  0008fc80    00000070                    : dsk6416_aic23_opencodec.obj (.const)


GLOBAL SYMBOLS: SORTED ALPHABETICALLY BY Name 

address    name
--------   ----
00000008   $bss
00000008   .bss
00000008   .data
0008d500   .text
0008f780   C$$EXIT
0005e12c   _AIC23CfgData
0005e120   _AIC_data
0005e218   _DSK6416_AIC23_codeccontrolhandle
0005e21c   _DSK6416_AIC23_codecdatahandle
0008e4fc   _DSK6416_AIC23_config
0008e180   _DSK6416_AIC23_openCodec
0008e4bc   _DSK6416_AIC23_rget
0008e3a0   _DSK6416_AIC23_rset
0008eb20   _DSK6416_AIC23_setFreq
0008f504   _DSK6416_DIP_get
0008f500   _DSK6416_DIP_init
0008e980   _DSK6416_LED_init
0008e9c8   _DSK6416_LED_off
0008ea34   _DSK6416_LED_on
0008eaa0   _DSK6416_LED_toggle
0008de2c   _DSK6416_getVersion
0008db40   _DSK6416_init
0008dcf0   _DSK6416_rget
0008dd28   _DSK6416_rset
0005e17a   _DSK6416_version
0008dd70   _DSK6416_wait
0008dde0   _DSK6416_waitusec
0008f2a0   _EMIFA_config
0008f340   _EMIFB_config
0008f660   _IRQ_enable
0008f680   _IRQ_globalDisable
0008f6a0   _IRQ_globalEnable
0008e5c0   _IRQ_map
0008f6c0   _IRQ_nmiEnable
0008f5e0   _IRQ_reset
0008efa0   _MCBSP_config
0008f6e0   _MCBSP_getXmtEventId
0008ec20   _MCBSP_open
0008f700   _MCBSP_read
0008e7a0   _MCBSP_reset
0008f720   _MCBSP_rrdy
0008ed00   _MCBSP_start
0008f740   _MCBSP_write
0008f760   _MCBSP_xrdy
00000208   _Speech
0005e118   __IRQ_dispatchTable
0005e050   __IRQ_eventTable
0008f7a0   __IRQ_hookFetchPacket
0005e0d8   __IRQ_intTable
0005e1c8   __MCBSP_hDev0
0005e1cc   __MCBSP_hDev1
0005e1d0   __MCBSP_hDev2
0008fbc0   __STACK_END
00000400   __STACK_SIZE
00000001   __TI_args_main
0008f480   ___TI_cpp_init
0005e214   ___TI_enable_exit_profile_output
ffffffff   ___TI_pprof_out_hndl
ffffffff   ___TI_prof_data_size
ffffffff   ___TI_prof_data_start
ffffffff   ___binit__
00000008   ___bss__
ffffffff   ___c_args__
0005e220   ___cinit__
00000008   ___data__
00000008   ___edata__
00000008   ___end__
0008f7c0   ___etext__
ffffffff   ___pinit__
0008d500   ___text__
0008f620   __args_main
0008ede0   __auto_init
0005e20c   __cleanup_ptr
0005e210   __dtors_ptr
0008f7c0   __stack
0008f060   __strasg
0008f780   _abort
0008d500   _c6416_dsk_init
0008f580   _c_int00
0008d5cc   _comm_intr
0008d5a4   _comm_poll
0005e164   _config
0008f3e0   _copy_in
0002f018   _dly
0008f120   _exit
0002f00c   _fs
0002f014   _gain
00000008   _h
0005e178   _hAIC23_handle
0008d9e8   _input_left_sample
0008da88   _input_right_sample
0008d910   _input_sample
0008df00   _main
0008eec0   _memcpy
0008d7a4   _output_left_sample
0008d85c   _output_right_sample
0008d6b8   _output_sample
0002f218   _temp
0002f220   _y
0002f010   _yn
ffffffff   binit
0005e220   cinit
00000008   edata
00000008   end
0008f7c0   etext
ffffffff   pinit


GLOBAL SYMBOLS: SORTED BY Symbol Address 

address    name
--------   ----
00000001   __TI_args_main
00000008   $bss
00000008   .bss
00000008   .data
00000008   ___bss__
00000008   ___data__
00000008   ___edata__
00000008   ___end__
00000008   _h
00000008   edata
00000008   end
00000208   _Speech
00000400   __STACK_SIZE
0002f00c   _fs
0002f010   _yn
0002f014   _gain
0002f018   _dly
0002f218   _temp
0002f220   _y
0005e050   __IRQ_eventTable
0005e0d8   __IRQ_intTable
0005e118   __IRQ_dispatchTable
0005e120   _AIC_data
0005e12c   _AIC23CfgData
0005e164   _config
0005e178   _hAIC23_handle
0005e17a   _DSK6416_version
0005e1c8   __MCBSP_hDev0
0005e1cc   __MCBSP_hDev1
0005e1d0   __MCBSP_hDev2
0005e20c   __cleanup_ptr
0005e210   __dtors_ptr
0005e214   ___TI_enable_exit_profile_output
0005e218   _DSK6416_AIC23_codeccontrolhandle
0005e21c   _DSK6416_AIC23_codecdatahandle
0005e220   ___cinit__
0005e220   cinit
0008d500   .text
0008d500   ___text__
0008d500   _c6416_dsk_init
0008d5a4   _comm_poll
0008d5cc   _comm_intr
0008d6b8   _output_sample
0008d7a4   _output_left_sample
0008d85c   _output_right_sample
0008d910   _input_sample
0008d9e8   _input_left_sample
0008da88   _input_right_sample
0008db40   _DSK6416_init
0008dcf0   _DSK6416_rget
0008dd28   _DSK6416_rset
0008dd70   _DSK6416_wait
0008dde0   _DSK6416_waitusec
0008de2c   _DSK6416_getVersion
0008df00   _main
0008e180   _DSK6416_AIC23_openCodec
0008e3a0   _DSK6416_AIC23_rset
0008e4bc   _DSK6416_AIC23_rget
0008e4fc   _DSK6416_AIC23_config
0008e5c0   _IRQ_map
0008e7a0   _MCBSP_reset
0008e980   _DSK6416_LED_init
0008e9c8   _DSK6416_LED_off
0008ea34   _DSK6416_LED_on
0008eaa0   _DSK6416_LED_toggle
0008eb20   _DSK6416_AIC23_setFreq
0008ec20   _MCBSP_open
0008ed00   _MCBSP_start
0008ede0   __auto_init
0008eec0   _memcpy
0008efa0   _MCBSP_config
0008f060   __strasg
0008f120   _exit
0008f2a0   _EMIFA_config
0008f340   _EMIFB_config
0008f3e0   _copy_in
0008f480   ___TI_cpp_init
0008f500   _DSK6416_DIP_init
0008f504   _DSK6416_DIP_get
0008f580   _c_int00
0008f5e0   _IRQ_reset
0008f620   __args_main
0008f660   _IRQ_enable
0008f680   _IRQ_globalDisable
0008f6a0   _IRQ_globalEnable
0008f6c0   _IRQ_nmiEnable
0008f6e0   _MCBSP_getXmtEventId
0008f700   _MCBSP_read
0008f720   _MCBSP_rrdy
0008f740   _MCBSP_write
0008f760   _MCBSP_xrdy
0008f780   C$$EXIT
0008f780   _abort
0008f7a0   __IRQ_hookFetchPacket
0008f7c0   ___etext__
0008f7c0   __stack
0008f7c0   etext
0008fbc0   __STACK_END
ffffffff   ___TI_pprof_out_hndl
ffffffff   ___TI_prof_data_size
ffffffff   ___TI_prof_data_start
ffffffff   ___binit__
ffffffff   ___c_args__
ffffffff   ___pinit__
ffffffff   binit
ffffffff   pinit

[106 symbols]
