******************************************************************************
               TMS320C6x Linker PC v7.4.20                     
******************************************************************************
>> Linked Wed Mar 25 10:18:33 2026

OUTPUT FILE NAME:   <lab_2.out>
ENTRY POINT SYMBOL: "_c_int00"  address: 00004b60


MEMORY CONFIGURATION

         name            origin    length      used     unused   attr    fill
----------------------  --------  ---------  --------  --------  ----  --------
  RAM                   00000001   fffffffe  00006154  ffff9eaa  RWIX


SECTION ALLOCATION MAP

 output                                  attributes/
section   page    origin      length       input sections
--------  ----  ----------  ----------   ----------------
.pinit     0    00000004    00000000     UNINITIALIZED

.data      0    00000008    00000000     UNINITIALIZED

.bss       0    00000008    00000000     UNINITIALIZED

.text      0    00000020    00004e20     
                  00000020    00000f00     Sine8_LED.obj (.text)
                  00000f20    00000640     c6416dskinit.obj (.text)
                  00001560    000005e0     rts6400.lib : divd.obj (.text:__divd)
                  00001b40    00000520                 : cos.obj (.text:_cos)
                  00002060    000004c0                 : sin.obj (.text:_sin)
                  00002520    000003c0     dsk6416bsl.lib : dsk6416.obj (.text)
                  000028e0    000002a0     rts6400.lib : mpyd.obj (.text:__mpyd)
                  00002b80    00000260                 : frcaddd.obj (.text:__frcaddd)
                  00002de0    00000240                 : addd.obj (.text:__addd)
                  00003020    00000220     dsk6416bsl.lib : dsk6416_aic23_opencodec.obj (.text)
                  00003240    00000220                    : dsk6416_aic23_registers.obj (.text)
                  00003460    000001e0     csl6416.lib : csl_irq.obj (.text:_IRQ_map)
                  00003640    000001e0                 : csl_mcbsp.obj (.text:_MCBSP_reset)
                  00003820    000001a0     dsk6416bsl.lib : dsk6416_led.obj (.text)
                  000039c0    00000160     rts6400.lib : round.obj (.text:__nround)
                  00003b20    00000120                 : frcmpyd.obj (.text:__frcmpyd)
                  00003c40    00000100                 : frcmpyd_div.obj (.text:__frcmpyd_div)
                  00003d40    00000100     dsk6416bsl.lib : dsk6416_aic23_setfreq.obj (.text)
                  00003e40    000000e0     csl6416.lib : csl_mcbsp.obj (.text:_MCBSP_open)
                  00003f20    000000e0                 : csl_mcbsp.obj (.text:_MCBSP_start)
                  00004000    000000e0     rts6400.lib : autoinit.obj (.text:__auto_init)
                  000040e0    000000e0                 : cmpd.obj (.text:__cmpd)
                  000041c0    000000e0                 : memcpy64.obj (.text:_memcpy)
                  000042a0    000000e0                 : modf.obj (.text:_modf)
                  00004380    000000c0     csl6416.lib : csl_mcbsp.obj (.text:_MCBSP_config)
                  00004440    000000c0     rts6400.lib : strasg.obj (.text:__strasg)
                  00004500    000000c0                 : exit.obj (.text:_exit)
                  000045c0    000000c0     csl6416.lib : csl_irq.obj (.text:_setMux)
                  00004680    000000a0                 : csl_emifa.obj (.text:_EMIFA_config)
                  00004720    000000a0                 : csl_emifb.obj (.text:_EMIFB_config)
                  000047c0    000000a0     rts6400.lib : renormd.obj (.text:__renormd)
                  00004860    000000a0                 : cpy_tbl.obj (.text:_copy_in)
                  00004900    00000080                 : cpp_init.obj (.text:___TI_cpp_init)
                  00004980    00000080                 : fixdi.obj (.text:__fixdi)
                  00004a00    00000080                 : mpyll.obj (.text:__mpyll)
                  00004a80    00000080     dsk6416bsl.lib : dsk6416_dip.obj (.text)
                  00004b00    00000060     rts6400.lib : fltid.obj (.text:__fltid)
                  00004b60    00000060                 : boot.obj (.text:_c_int00)
                  00004bc0    00000040     csl6416.lib : csl_irq.obj (.text:_IRQ_reset)
                  00004c00    00000040     rts6400.lib : args_main.obj (.text:__args_main)
                  00004c40    00000040                 : negd.obj (.text:__negd)
                  00004c80    00000040                 : subd.obj (.text:__subd)
                  00004cc0    00000020     csl6416.lib : csl_irq.obj (.text:_IRQ_enable)
                  00004ce0    00000020                 : csl_irq.obj (.text:_IRQ_globalDisable)
                  00004d00    00000020                 : csl_irq.obj (.text:_IRQ_globalEnable)
                  00004d20    00000020                 : csl_irq.obj (.text:_IRQ_nmiEnable)
                  00004d40    00000020                 : csl_mcbsp.obj (.text:_MCBSP_getXmtEventId)
                  00004d60    00000020                 : csl_mcbsp.obj (.text:_MCBSP_read)
                  00004d80    00000020                 : csl_mcbsp.obj (.text:_MCBSP_rrdy)
                  00004da0    00000020                 : csl_mcbsp.obj (.text:_MCBSP_write)
                  00004dc0    00000020                 : csl_mcbsp.obj (.text:_MCBSP_xrdy)
                  00004de0    00000020     rts6400.lib : trunc.obj (.text:__trunc)
                  00004e00    00000020                 : exit.obj (.text:_abort)
                  00004e20    00000020     csl6416.lib : csl_irq.obj (.text)

.far       0    00004e40    00000a30     UNINITIALIZED
                  00004e40    000007b0     Sine8_LED.obj (.far)
                  000055f0    00000100     csl6416.lib : csl_irq.obj (.far)
                  000056f0    0000005a     c6416dskinit.obj (.far)
                  0000574a    00000004     dsk6416bsl.lib : dsk6416.obj (.far)
                  0000574e    00000002                    : dsk6416_led.obj (.far)
                  00005750    00000054     csl6416.lib : csl_mcbsp.obj (.far)
                  000057a4    00000004     --HOLE--
                  000057a8    00000040     rts6400.lib : cos.obj (.far)
                  000057e8    00000040                 : sin.obj (.far)
                  00005828    00000020     dsk6416bsl.lib : dsk6416_aic23_setfreq.obj (.far)
                  00005848    00000014                    : dsk6416_aic23_registers.obj (.far)
                  0000585c    0000000c     rts6400.lib : exit.obj (.far)
                  00005868    00000008     dsk6416bsl.lib : dsk6416_aic23_opencodec.obj (.far)

.stack     0    00005870    00000400     UNINITIALIZED
                  00005870    00000008     rts6400.lib : boot.obj (.stack)
                  00005878    000003f8     --HOLE--

.cinit     0    00005c70    000003cc     
                  00005c70    0000012c     csl6416.lib : csl_irq.obj (.cinit)
                  00005d9c    00000004     --HOLE-- [fill = 0]
                  00005da0    000000aa     Sine8_LED.obj (.cinit)
                  00005e4a    00000006     --HOLE-- [fill = 0]
                  00005e50    0000007c     csl6416.lib : csl_mcbsp.obj (.cinit)
                  00005ecc    00000004     --HOLE-- [fill = 0]
                  00005ed0    0000005c     c6416dskinit.obj (.cinit)
                  00005f2c    00000004     --HOLE-- [fill = 0]
                  00005f30    00000048     rts6400.lib : cos.obj (.cinit)
                  00005f78    00000048                 : sin.obj (.cinit)
                  00005fc0    0000002c                 : exit.obj (.cinit)
                  00005fec    00000004     --HOLE-- [fill = 0]
                  00005ff0    00000028     dsk6416bsl.lib : dsk6416_aic23_setfreq.obj (.cinit)
                  00006018    0000001c                    : dsk6416_aic23_registers.obj (.cinit)
                  00006034    00000004     --HOLE-- [fill = 0]
                  00006038    00000004     (.pad.cinit) [fill = 0]

.const     0    00006040    00000138     
                  00006040    000000c0     dsk6416bsl.lib : dsk6416.obj (.const)
                  00006100    00000070                    : dsk6416_aic23_opencodec.obj (.const)
                  00006170    00000008     rts6400.lib : divd.obj (.const:.string:_initial_approx$1)


GLOBAL SYMBOLS: SORTED ALPHABETICALLY BY Name 

address    name
--------   ----
00000008   $bss
00000008   .bss
00000008   .data
00000020   .text
00004e00   C$$EXIT
000056fc   _AIC23CfgData
000056f0   _AIC_data
00005868   _DSK6416_AIC23_codeccontrolhandle
0000586c   _DSK6416_AIC23_codecdatahandle
0000339c   _DSK6416_AIC23_config
00003020   _DSK6416_AIC23_openCodec
0000335c   _DSK6416_AIC23_rget
00003240   _DSK6416_AIC23_rset
00003d40   _DSK6416_AIC23_setFreq
00004a84   _DSK6416_DIP_get
00004a80   _DSK6416_DIP_init
00003820   _DSK6416_LED_init
00003868   _DSK6416_LED_off
000038d4   _DSK6416_LED_on
00003940   _DSK6416_LED_toggle
0000280c   _DSK6416_getVersion
00002520   _DSK6416_init
000026d0   _DSK6416_rget
00002708   _DSK6416_rset
0000574a   _DSK6416_version
00002750   _DSK6416_wait
000027c0   _DSK6416_waitusec
00004680   _EMIFA_config
00004720   _EMIFB_config
00004cc0   _IRQ_enable
00004ce0   _IRQ_globalDisable
00004d00   _IRQ_globalEnable
00003460   _IRQ_map
00004d20   _IRQ_nmiEnable
00004bc0   _IRQ_reset
00004380   _MCBSP_config
00004d40   _MCBSP_getXmtEventId
00003e40   _MCBSP_open
00004d60   _MCBSP_read
00003640   _MCBSP_reset
00004d80   _MCBSP_rrdy
00003f20   _MCBSP_start
00004da0   _MCBSP_write
00004dc0   _MCBSP_xrdy
000056e8   __IRQ_dispatchTable
00005620   __IRQ_eventTable
00004e20   __IRQ_hookFetchPacket
000056a8   __IRQ_intTable
00005798   __MCBSP_hDev0
0000579c   __MCBSP_hDev1
000057a0   __MCBSP_hDev2
00005c70   __STACK_END
00000400   __STACK_SIZE
00000001   __TI_args_main
00004900   ___TI_cpp_init
00005864   ___TI_enable_exit_profile_output
ffffffff   ___TI_pprof_out_hndl
ffffffff   ___TI_prof_data_size
ffffffff   ___TI_prof_data_start
ffffffff   ___binit__
00000008   ___bss__
ffffffff   ___c_args__
00005c70   ___cinit__
00000008   ___data__
00000008   ___edata__
00000008   ___end__
00004e40   ___etext__
ffffffff   ___pinit__
00000020   ___text__
00002de0   __addd
00004c00   __args_main
00004000   __auto_init
0000585c   __cleanup_ptr
000040e0   __cmpd
00001560   __divd
00005860   __dtors_ptr
00004980   __fixdi
00004b00   __fltid
00002b80   __frcaddd
00003b20   __frcmpyd
00003c40   __frcmpyd_div
000028e0   __mpyd
00004a00   __mpyll
00004c40   __negd
000039c0   __nround
000047c0   __renormd
00005870   __stack
00004440   __strasg
00004c80   __subd
00004de0   __trunc
00004e00   _abort
00000f20   _c6416_dsk_init
00004b60   _c_int00
00000fec   _comm_intr
00000fc4   _comm_poll
00005734   _config
00004860   _copy_in
00001b40   _cos
00005480   _cosine_table
000009b8   _ex_8_1
00000bf0   _ex_8_3
00000d78   _ex_8_4
00004500   _exit
00004e40   _fs
00004e50   _gBuffer
00004f50   _gBuffer_2
00004e4a   _gain
00005748   _hAIC23_handle
00004e46   _i
00001408   _input_left_sample
000014a8   _input_right_sample
00001330   _input_sample
00004e48   _k
00000038   _lab_8_1
000002f8   _lab_8_2
00000648   _lab_8_3
00004e44   _loop
00000020   _main
000041c0   _memcpy
000042a0   _modf
000011c4   _output_left_sample
0000127c   _output_right_sample
000010d8   _output_sample
000054e0   _saw_edge_table
00002060   _sin
000054f0   _sin_table_sum
00005450   _sine_table
000054c0   _square_table
000054b0   _square_wave_table
000054d0   _three_angle_table
ffffffff   binit
00005c70   cinit
00000008   edata
00000008   end
00004e40   etext
ffffffff   pinit


GLOBAL SYMBOLS: SORTED BY Symbol Address 

address    name
--------   ----
00000001   __TI_args_main
00000008   $bss
00000008   .bss
00000008   .data
00000008   ___bss__
00000008   ___data__
00000008   ___edata__
00000008   ___end__
00000008   edata
00000008   end
00000020   .text
00000020   ___text__
00000020   _main
00000038   _lab_8_1
000002f8   _lab_8_2
00000400   __STACK_SIZE
00000648   _lab_8_3
000009b8   _ex_8_1
00000bf0   _ex_8_3
00000d78   _ex_8_4
00000f20   _c6416_dsk_init
00000fc4   _comm_poll
00000fec   _comm_intr
000010d8   _output_sample
000011c4   _output_left_sample
0000127c   _output_right_sample
00001330   _input_sample
00001408   _input_left_sample
000014a8   _input_right_sample
00001560   __divd
00001b40   _cos
00002060   _sin
00002520   _DSK6416_init
000026d0   _DSK6416_rget
00002708   _DSK6416_rset
00002750   _DSK6416_wait
000027c0   _DSK6416_waitusec
0000280c   _DSK6416_getVersion
000028e0   __mpyd
00002b80   __frcaddd
00002de0   __addd
00003020   _DSK6416_AIC23_openCodec
00003240   _DSK6416_AIC23_rset
0000335c   _DSK6416_AIC23_rget
0000339c   _DSK6416_AIC23_config
00003460   _IRQ_map
00003640   _MCBSP_reset
00003820   _DSK6416_LED_init
00003868   _DSK6416_LED_off
000038d4   _DSK6416_LED_on
00003940   _DSK6416_LED_toggle
000039c0   __nround
00003b20   __frcmpyd
00003c40   __frcmpyd_div
00003d40   _DSK6416_AIC23_setFreq
00003e40   _MCBSP_open
00003f20   _MCBSP_start
00004000   __auto_init
000040e0   __cmpd
000041c0   _memcpy
000042a0   _modf
00004380   _MCBSP_config
00004440   __strasg
00004500   _exit
00004680   _EMIFA_config
00004720   _EMIFB_config
000047c0   __renormd
00004860   _copy_in
00004900   ___TI_cpp_init
00004980   __fixdi
00004a00   __mpyll
00004a80   _DSK6416_DIP_init
00004a84   _DSK6416_DIP_get
00004b00   __fltid
00004b60   _c_int00
00004bc0   _IRQ_reset
00004c00   __args_main
00004c40   __negd
00004c80   __subd
00004cc0   _IRQ_enable
00004ce0   _IRQ_globalDisable
00004d00   _IRQ_globalEnable
00004d20   _IRQ_nmiEnable
00004d40   _MCBSP_getXmtEventId
00004d60   _MCBSP_read
00004d80   _MCBSP_rrdy
00004da0   _MCBSP_write
00004dc0   _MCBSP_xrdy
00004de0   __trunc
00004e00   C$$EXIT
00004e00   _abort
00004e20   __IRQ_hookFetchPacket
00004e40   ___etext__
00004e40   _fs
00004e40   etext
00004e44   _loop
00004e46   _i
00004e48   _k
00004e4a   _gain
00004e50   _gBuffer
00004f50   _gBuffer_2
00005450   _sine_table
00005480   _cosine_table
000054b0   _square_wave_table
000054c0   _square_table
000054d0   _three_angle_table
000054e0   _saw_edge_table
000054f0   _sin_table_sum
00005620   __IRQ_eventTable
000056a8   __IRQ_intTable
000056e8   __IRQ_dispatchTable
000056f0   _AIC_data
000056fc   _AIC23CfgData
00005734   _config
00005748   _hAIC23_handle
0000574a   _DSK6416_version
00005798   __MCBSP_hDev0
0000579c   __MCBSP_hDev1
000057a0   __MCBSP_hDev2
0000585c   __cleanup_ptr
00005860   __dtors_ptr
00005864   ___TI_enable_exit_profile_output
00005868   _DSK6416_AIC23_codeccontrolhandle
0000586c   _DSK6416_AIC23_codecdatahandle
00005870   __stack
00005c70   __STACK_END
00005c70   ___cinit__
00005c70   cinit
ffffffff   ___TI_pprof_out_hndl
ffffffff   ___TI_prof_data_size
ffffffff   ___TI_prof_data_start
ffffffff   ___binit__
ffffffff   ___c_args__
ffffffff   ___pinit__
ffffffff   binit
ffffffff   pinit

[136 symbols]
