******************************************************************************
               TMS320C6x Linker PC v7.4.20                     
******************************************************************************
>> Linked Wed Apr 01 08:22:08 2026

OUTPUT FILE NAME:   <lab_3.out>
ENTRY POINT SYMBOL: "_c_int00"  address: 00002d40


MEMORY CONFIGURATION

         name            origin    length      used     unused   attr    fill
----------------------  --------  ---------  --------  --------  ----  --------
  RAM                   00000001   fffffffe  00004030  ffffbfce  RWIX


SECTION ALLOCATION MAP

 output                                  attributes/
section   page    origin      length       input sections
--------  ----  ----------  ----------   ----------------
.pinit     0    00000004    00000000     UNINITIALIZED

.data      0    00000008    00000000     UNINITIALIZED

.bss       0    00000008    00000000     UNINITIALIZED

.text      0    00000020    00003000     
                  00000020    00000640     c6416dskinit.obj (.text)
                  00000660    000003e0     rts6400.lib : sinf.obj (.text:_sinf)
                  00000a40    000003c0     dsk6416bsl.lib : dsk6416.obj (.text)
                  00000e00    00000380     rts6400.lib : addf.obj (.text:__addf)
                  00001180    00000240     bai_tap.obj (.text)
                  000013c0    00000220     rts6400.lib : mpyf.obj (.text:__mpyf)
                  000015e0    00000220     dsk6416bsl.lib : dsk6416_aic23_opencodec.obj (.text)
                  00001800    00000220                    : dsk6416_aic23_registers.obj (.text)
                  00001a20    000001e0     csl6416.lib : csl_irq.obj (.text:_IRQ_map)
                  00001c00    000001e0                 : csl_mcbsp.obj (.text:_MCBSP_reset)
                  00001de0    000001a0     dsk6416bsl.lib : dsk6416_led.obj (.text)
                  00001f80    00000100                    : dsk6416_aic23_setfreq.obj (.text)
                  00002080    000000e0     csl6416.lib : csl_mcbsp.obj (.text:_MCBSP_open)
                  00002160    000000e0                 : csl_mcbsp.obj (.text:_MCBSP_start)
                  00002240    000000e0     rts6400.lib : autoinit.obj (.text:__auto_init)
                  00002320    000000e0                 : roundf.obj (.text:__roundf)
                  00002400    000000e0                 : memcpy64.obj (.text:_memcpy)
                  000024e0    000000c0     csl6416.lib : csl_mcbsp.obj (.text:_MCBSP_config)
                  000025a0    000000c0     rts6400.lib : strasg.obj (.text:__strasg)
                  00002660    000000c0                 : exit.obj (.text:_exit)
                  00002720    000000c0     csl6416.lib : csl_irq.obj (.text:_setMux)
                  000027e0    000000a0                 : csl_emifa.obj (.text:_EMIFA_config)
                  00002880    000000a0                 : csl_emifb.obj (.text:_EMIFB_config)
                  00002920    000000a0     rts6400.lib : cmpf.obj (.text:__cmpf)
                  000029c0    000000a0                 : cpy_tbl.obj (.text:_copy_in)
                  00002a60    000000a0                 : modff.obj (.text:_modff)
                  00002b00    00000080                 : cpp_init.obj (.text:___TI_cpp_init)
                  00002b80    00000080                 : fixfi.obj (.text:__fixfi)
                  00002c00    00000080     dsk6416bsl.lib : dsk6416_dip.obj (.text)
                  00002c80    00000060     rts6400.lib : fltif.obj (.text:__fltif)
                  00002ce0    00000060                 : frcmpyf.obj (.text:__frcmpyf)
                  00002d40    00000060                 : boot.obj (.text:_c_int00)
                  00002da0    00000040     csl6416.lib : csl_irq.obj (.text:_IRQ_reset)
                  00002de0    00000040     rts6400.lib : args_main.obj (.text:__args_main)
                  00002e20    00000040                 : negf.obj (.text:__negf)
                  00002e60    00000040                 : subf.obj (.text:__subf)
                  00002ea0    00000020     csl6416.lib : csl_irq.obj (.text:_IRQ_enable)
                  00002ec0    00000020                 : csl_irq.obj (.text:_IRQ_globalDisable)
                  00002ee0    00000020                 : csl_irq.obj (.text:_IRQ_globalEnable)
                  00002f00    00000020                 : csl_irq.obj (.text:_IRQ_nmiEnable)
                  00002f20    00000020                 : csl_mcbsp.obj (.text:_MCBSP_getXmtEventId)
                  00002f40    00000020                 : csl_mcbsp.obj (.text:_MCBSP_read)
                  00002f60    00000020                 : csl_mcbsp.obj (.text:_MCBSP_rrdy)
                  00002f80    00000020                 : csl_mcbsp.obj (.text:_MCBSP_write)
                  00002fa0    00000020                 : csl_mcbsp.obj (.text:_MCBSP_xrdy)
                  00002fc0    00000020     rts6400.lib : truncf.obj (.text:__truncf)
                  00002fe0    00000020                 : exit.obj (.text:_abort)
                  00003000    00000020     csl6416.lib : csl_irq.obj (.text)

.far       0    00003020    00000764     UNINITIALIZED
                  00003020    00000428     Sine8_LED.obj (.far)
                  00003448    00000122     bai_tap.obj (.far)
                  0000356a    00000004     dsk6416bsl.lib : dsk6416.obj (.far)
                  0000356e    00000002                    : dsk6416_led.obj (.far)
                  00003570    00000100     csl6416.lib : csl_irq.obj (.far)
                  00003670    0000005a     c6416dskinit.obj (.far)
                  000036ca    00000006     --HOLE--
                  000036d0    00000054     csl6416.lib : csl_mcbsp.obj (.far)
                  00003724    00000004     --HOLE--
                  00003728    00000020     dsk6416bsl.lib : dsk6416_aic23_setfreq.obj (.far)
                  00003748    00000014                    : dsk6416_aic23_registers.obj (.far)
                  0000375c    00000004     --HOLE--
                  00003760    00000010     rts6400.lib : sinf.obj (.far)
                  00003770    0000000c                 : exit.obj (.far)
                  0000377c    00000008     dsk6416bsl.lib : dsk6416_aic23_opencodec.obj (.far)

.stack     0    00003788    00000400     UNINITIALIZED
                  00003788    00000008     rts6400.lib : boot.obj (.stack)
                  00003790    000003f8     --HOLE--

.cinit     0    00003b88    00000394     
                  00003b88    0000012c     csl6416.lib : csl_irq.obj (.cinit)
                  00003cb4    00000004     --HOLE-- [fill = 0]
                  00003cb8    00000098     Sine8_LED.obj (.cinit)
                  00003d50    0000007c     csl6416.lib : csl_mcbsp.obj (.cinit)
                  00003dcc    00000004     --HOLE-- [fill = 0]
                  00003dd0    0000005c     c6416dskinit.obj (.cinit)
                  00003e2c    00000004     --HOLE-- [fill = 0]
                  00003e30    00000052     bai_tap.obj (.cinit)
                  00003e82    00000006     --HOLE-- [fill = 0]
                  00003e88    0000002c     rts6400.lib : exit.obj (.cinit)
                  00003eb4    00000004     --HOLE-- [fill = 0]
                  00003eb8    00000028     dsk6416bsl.lib : dsk6416_aic23_setfreq.obj (.cinit)
                  00003ee0    0000001c                    : dsk6416_aic23_registers.obj (.cinit)
                  00003efc    00000004     --HOLE-- [fill = 0]
                  00003f00    00000018     rts6400.lib : sinf.obj (.cinit)
                  00003f18    00000004     --HOLE-- [fill = 0]

.const     0    00003f20    00000138     
                  00003f20    000000c0     dsk6416bsl.lib : dsk6416.obj (.const)
                  00003fe0    00000070                    : dsk6416_aic23_opencodec.obj (.const)
                  00004050    00000008     bai_tap.obj (.const)


GLOBAL SYMBOLS: SORTED ALPHABETICALLY BY Name 

address    name
--------   ----
00000008   $bss
00000008   .bss
00000008   .data
00000020   .text
00002fe0   C$$EXIT
0000367c   _AIC23CfgData
00003670   _AIC_data
0000377c   _DSK6416_AIC23_codeccontrolhandle
00003780   _DSK6416_AIC23_codecdatahandle
0000195c   _DSK6416_AIC23_config
000015e0   _DSK6416_AIC23_openCodec
0000191c   _DSK6416_AIC23_rget
00001800   _DSK6416_AIC23_rset
00001f80   _DSK6416_AIC23_setFreq
00002c04   _DSK6416_DIP_get
00002c00   _DSK6416_DIP_init
00001de0   _DSK6416_LED_init
00001e28   _DSK6416_LED_off
00001e94   _DSK6416_LED_on
00001f00   _DSK6416_LED_toggle
00000d2c   _DSK6416_getVersion
00000a40   _DSK6416_init
00000bf0   _DSK6416_rget
00000c28   _DSK6416_rset
0000356a   _DSK6416_version
00000c70   _DSK6416_wait
00000ce0   _DSK6416_waitusec
000027e0   _EMIFA_config
00002880   _EMIFB_config
00002ea0   _IRQ_enable
00002ec0   _IRQ_globalDisable
00002ee0   _IRQ_globalEnable
00001a20   _IRQ_map
00002f00   _IRQ_nmiEnable
00002da0   _IRQ_reset
000024e0   _MCBSP_config
00002f20   _MCBSP_getXmtEventId
00002080   _MCBSP_open
00002f40   _MCBSP_read
00001c00   _MCBSP_reset
00002f60   _MCBSP_rrdy
00002160   _MCBSP_start
00002f80   _MCBSP_write
00002fa0   _MCBSP_xrdy
00003668   __IRQ_dispatchTable
000035a0   __IRQ_eventTable
00003000   __IRQ_hookFetchPacket
00003628   __IRQ_intTable
00003718   __MCBSP_hDev0
0000371c   __MCBSP_hDev1
00003720   __MCBSP_hDev2
00003b88   __STACK_END
00000400   __STACK_SIZE
00000001   __TI_args_main
00002b00   ___TI_cpp_init
00003778   ___TI_enable_exit_profile_output
ffffffff   ___TI_pprof_out_hndl
ffffffff   ___TI_prof_data_size
ffffffff   ___TI_prof_data_start
ffffffff   ___binit__
00000008   ___bss__
ffffffff   ___c_args__
00003b88   ___cinit__
00000008   ___data__
00000008   ___edata__
00000008   ___end__
00003020   ___etext__
ffffffff   ___pinit__
00000020   ___text__
00000e00   __addf
00002de0   __args_main
00002240   __auto_init
00003770   __cleanup_ptr
00002920   __cmpf
00003774   __dtors_ptr
00002b80   __fixfi
00002c80   __fltif
00002ce0   __frcmpyf
00003020   __fs
000013c0   __mpyf
00002e20   __negf
00002320   __roundf
00003788   __stack
000025a0   __strasg
00002e60   __subf
00002fc0   __truncf
00002fe0   _abort
00000020   _c6416_dsk_init
00002d40   _c_int00
000000ec   _comm_intr
000000c4   _comm_poll
000036b4   _config
000029c0   _copy_in
00002660   _exit
00003448   _fs
00003460   _gBuffer
00003048   _gBuffer1
00003148   _gBuffer2
00003248   _gBuffer3
00003348   _gBuffer4
0000302e   _gain
000036c8   _hAIC23_handle
00003028   _i
00003568   _idx
00000508   _input_left_sample
000005a8   _input_right_sample
00000430   _input_sample
0000302a   _j
00003024   _loop
00003026   _loop1
0000302c   _m
00001180   _main
00002400   _memcpy
00002a60   _modff
000002c4   _output_left_sample
0000037c   _output_right_sample
000001d8   _output_sample
00003560   _phase3k
00003564   _phase6k
00003450   _sine_table
00003030   _sine_table1
00003040   _sine_table2
00000660   _sinf
00004050   _w3k
00004054   _w6k
ffffffff   binit
00003b88   cinit
00000008   edata
00000008   end
00003020   etext
ffffffff   pinit


GLOBAL SYMBOLS: SORTED BY Symbol Address 

address    name
--------   ----
00000001   __TI_args_main
00000008   $bss
00000008   .bss
00000008   .data
00000008   ___bss__
00000008   ___data__
00000008   ___edata__
00000008   ___end__
00000008   edata
00000008   end
00000020   .text
00000020   ___text__
00000020   _c6416_dsk_init
000000c4   _comm_poll
000000ec   _comm_intr
000001d8   _output_sample
000002c4   _output_left_sample
0000037c   _output_right_sample
00000400   __STACK_SIZE
00000430   _input_sample
00000508   _input_left_sample
000005a8   _input_right_sample
00000660   _sinf
00000a40   _DSK6416_init
00000bf0   _DSK6416_rget
00000c28   _DSK6416_rset
00000c70   _DSK6416_wait
00000ce0   _DSK6416_waitusec
00000d2c   _DSK6416_getVersion
00000e00   __addf
00001180   _main
000013c0   __mpyf
000015e0   _DSK6416_AIC23_openCodec
00001800   _DSK6416_AIC23_rset
0000191c   _DSK6416_AIC23_rget
0000195c   _DSK6416_AIC23_config
00001a20   _IRQ_map
00001c00   _MCBSP_reset
00001de0   _DSK6416_LED_init
00001e28   _DSK6416_LED_off
00001e94   _DSK6416_LED_on
00001f00   _DSK6416_LED_toggle
00001f80   _DSK6416_AIC23_setFreq
00002080   _MCBSP_open
00002160   _MCBSP_start
00002240   __auto_init
00002320   __roundf
00002400   _memcpy
000024e0   _MCBSP_config
000025a0   __strasg
00002660   _exit
000027e0   _EMIFA_config
00002880   _EMIFB_config
00002920   __cmpf
000029c0   _copy_in
00002a60   _modff
00002b00   ___TI_cpp_init
00002b80   __fixfi
00002c00   _DSK6416_DIP_init
00002c04   _DSK6416_DIP_get
00002c80   __fltif
00002ce0   __frcmpyf
00002d40   _c_int00
00002da0   _IRQ_reset
00002de0   __args_main
00002e20   __negf
00002e60   __subf
00002ea0   _IRQ_enable
00002ec0   _IRQ_globalDisable
00002ee0   _IRQ_globalEnable
00002f00   _IRQ_nmiEnable
00002f20   _MCBSP_getXmtEventId
00002f40   _MCBSP_read
00002f60   _MCBSP_rrdy
00002f80   _MCBSP_write
00002fa0   _MCBSP_xrdy
00002fc0   __truncf
00002fe0   C$$EXIT
00002fe0   _abort
00003000   __IRQ_hookFetchPacket
00003020   ___etext__
00003020   __fs
00003020   etext
00003024   _loop
00003026   _loop1
00003028   _i
0000302a   _j
0000302c   _m
0000302e   _gain
00003030   _sine_table1
00003040   _sine_table2
00003048   _gBuffer1
00003148   _gBuffer2
00003248   _gBuffer3
00003348   _gBuffer4
00003448   _fs
00003450   _sine_table
00003460   _gBuffer
00003560   _phase3k
00003564   _phase6k
00003568   _idx
0000356a   _DSK6416_version
000035a0   __IRQ_eventTable
00003628   __IRQ_intTable
00003668   __IRQ_dispatchTable
00003670   _AIC_data
0000367c   _AIC23CfgData
000036b4   _config
000036c8   _hAIC23_handle
00003718   __MCBSP_hDev0
0000371c   __MCBSP_hDev1
00003720   __MCBSP_hDev2
00003770   __cleanup_ptr
00003774   __dtors_ptr
00003778   ___TI_enable_exit_profile_output
0000377c   _DSK6416_AIC23_codeccontrolhandle
00003780   _DSK6416_AIC23_codecdatahandle
00003788   __stack
00003b88   __STACK_END
00003b88   ___cinit__
00003b88   cinit
00004050   _w3k
00004054   _w6k
ffffffff   ___TI_pprof_out_hndl
ffffffff   ___TI_prof_data_size
ffffffff   ___TI_prof_data_start
ffffffff   ___binit__
ffffffff   ___c_args__
ffffffff   ___pinit__
ffffffff   binit
ffffffff   pinit

[131 symbols]
