<?xml version="1.0"?>
<link_info>
   <banner>TMS320C6x Linker PC v7.4.20</banner>
   <copyright>Copyright (c) 1996-2015 Texas Instruments Incorporated</copyright>
   <link_time>0x69cc8f80</link_time>
   <output_file>lab_3.out</output_file>
   <entry_point>
      <name>_c_int00</name>
      <address>0x3b60</address>
   </entry_point>
   <input_file_list>
      <input_file id="fl-2">
         <path>.\</path>
         <kind>object</kind>
         <file>Sine8_LED.obj</file>
         <name>Sine8_LED.obj</name>
      </input_file>
      <input_file id="fl-3">
         <path>.\</path>
         <kind>object</kind>
         <file>bai_tap.obj</file>
         <name>bai_tap.obj</name>
      </input_file>
      <input_file id="fl-4">
         <path>.\</path>
         <kind>object</kind>
         <file>c6416dskinit.obj</file>
         <name>c6416dskinit.obj</name>
      </input_file>
      <input_file id="fl-80">
         <path>C:\Program Files\TI\ccsv7\tools\compiler\ti-cgt-c6000_7.4.20\lib\</path>
         <kind>archive</kind>
         <file>rts6400.lib</file>
         <name>addf.obj</name>
      </input_file>
      <input_file id="fl-81">
         <path>C:\Program Files\TI\ccsv7\tools\compiler\ti-cgt-c6000_7.4.20\lib\</path>
         <kind>archive</kind>
         <file>rts6400.lib</file>
         <name>boot.obj</name>
      </input_file>
      <input_file id="fl-82">
         <path>C:\Program Files\TI\ccsv7\tools\compiler\ti-cgt-c6000_7.4.20\lib\</path>
         <kind>archive</kind>
         <file>rts6400.lib</file>
         <name>cmpf.obj</name>
      </input_file>
      <input_file id="fl-83">
         <path>C:\Program Files\TI\ccsv7\tools\compiler\ti-cgt-c6000_7.4.20\lib\</path>
         <kind>archive</kind>
         <file>rts6400.lib</file>
         <name>divf.obj</name>
      </input_file>
      <input_file id="fl-84">
         <path>C:\Program Files\TI\ccsv7\tools\compiler\ti-cgt-c6000_7.4.20\lib\</path>
         <kind>archive</kind>
         <file>rts6400.lib</file>
         <name>divi.obj</name>
      </input_file>
      <input_file id="fl-85">
         <path>C:\Program Files\TI\ccsv7\tools\compiler\ti-cgt-c6000_7.4.20\lib\</path>
         <kind>archive</kind>
         <file>rts6400.lib</file>
         <name>exit.obj</name>
      </input_file>
      <input_file id="fl-86">
         <path>C:\Program Files\TI\ccsv7\tools\compiler\ti-cgt-c6000_7.4.20\lib\</path>
         <kind>archive</kind>
         <file>rts6400.lib</file>
         <name>fixfi.obj</name>
      </input_file>
      <input_file id="fl-87">
         <path>C:\Program Files\TI\ccsv7\tools\compiler\ti-cgt-c6000_7.4.20\lib\</path>
         <kind>archive</kind>
         <file>rts6400.lib</file>
         <name>fltif.obj</name>
      </input_file>
      <input_file id="fl-88">
         <path>C:\Program Files\TI\ccsv7\tools\compiler\ti-cgt-c6000_7.4.20\lib\</path>
         <kind>archive</kind>
         <file>rts6400.lib</file>
         <name>frcmpyf_div.obj</name>
      </input_file>
      <input_file id="fl-89">
         <path>C:\Program Files\TI\ccsv7\tools\compiler\ti-cgt-c6000_7.4.20\lib\</path>
         <kind>archive</kind>
         <file>rts6400.lib</file>
         <name>mpyf.obj</name>
      </input_file>
      <input_file id="fl-8a">
         <path>C:\Program Files\TI\ccsv7\tools\compiler\ti-cgt-c6000_7.4.20\lib\</path>
         <kind>archive</kind>
         <file>rts6400.lib</file>
         <name>sinf.obj</name>
      </input_file>
      <input_file id="fl-8b">
         <path>C:\Program Files\TI\ccsv7\tools\compiler\ti-cgt-c6000_7.4.20\lib\</path>
         <kind>archive</kind>
         <file>rts6400.lib</file>
         <name>subf.obj</name>
      </input_file>
      <input_file id="fl-8c">
         <path>C:\Program Files\TI\ccsv7\tools\compiler\ti-cgt-c6000_7.4.20\lib\</path>
         <kind>archive</kind>
         <file>rts6400.lib</file>
         <name>truncf.obj</name>
      </input_file>
      <input_file id="fl-8d">
         <path>C:\Program Files\TI\ccsv7\tools\compiler\ti-cgt-c6000_7.4.20\lib\</path>
         <kind>archive</kind>
         <file>rts6400.lib</file>
         <name>args_main.obj</name>
      </input_file>
      <input_file id="fl-8e">
         <path>C:\Program Files\TI\ccsv7\tools\compiler\ti-cgt-c6000_7.4.20\lib\</path>
         <kind>archive</kind>
         <file>rts6400.lib</file>
         <name>autoinit.obj</name>
      </input_file>
      <input_file id="fl-8f">
         <path>C:\Program Files\TI\ccsv7\tools\compiler\ti-cgt-c6000_7.4.20\lib\</path>
         <kind>archive</kind>
         <file>rts6400.lib</file>
         <name>cpp_init.obj</name>
      </input_file>
      <input_file id="fl-90">
         <path>C:\Program Files\TI\ccsv7\tools\compiler\ti-cgt-c6000_7.4.20\lib\</path>
         <kind>archive</kind>
         <file>rts6400.lib</file>
         <name>cpy_tbl.obj</name>
      </input_file>
      <input_file id="fl-91">
         <path>C:\Program Files\TI\ccsv7\tools\compiler\ti-cgt-c6000_7.4.20\lib\</path>
         <kind>archive</kind>
         <file>rts6400.lib</file>
         <name>frcmpyf.obj</name>
      </input_file>
      <input_file id="fl-92">
         <path>C:\Program Files\TI\ccsv7\tools\compiler\ti-cgt-c6000_7.4.20\lib\</path>
         <kind>archive</kind>
         <file>rts6400.lib</file>
         <name>memcpy64.obj</name>
      </input_file>
      <input_file id="fl-93">
         <path>C:\Program Files\TI\ccsv7\tools\compiler\ti-cgt-c6000_7.4.20\lib\</path>
         <kind>archive</kind>
         <file>rts6400.lib</file>
         <name>modff.obj</name>
      </input_file>
      <input_file id="fl-94">
         <path>C:\Program Files\TI\ccsv7\tools\compiler\ti-cgt-c6000_7.4.20\lib\</path>
         <kind>archive</kind>
         <file>rts6400.lib</file>
         <name>negf.obj</name>
      </input_file>
      <input_file id="fl-95">
         <path>C:\Program Files\TI\ccsv7\tools\compiler\ti-cgt-c6000_7.4.20\lib\</path>
         <kind>archive</kind>
         <file>rts6400.lib</file>
         <name>roundf.obj</name>
      </input_file>
      <input_file id="fl-96">
         <path>D:\linh-tinh\1_USB_total\2_ThuvienDSP\lib\</path>
         <kind>archive</kind>
         <file>csl6416.lib</file>
         <name>csl_irq.obj</name>
      </input_file>
      <input_file id="fl-97">
         <path>D:\linh-tinh\1_USB_total\2_ThuvienDSP\lib\</path>
         <kind>archive</kind>
         <file>csl6416.lib</file>
         <name>csl_mcbsp.obj</name>
      </input_file>
      <input_file id="fl-98">
         <path>D:\linh-tinh\1_USB_total\2_ThuvienDSP\lib\</path>
         <kind>archive</kind>
         <file>dsk6416bsl.lib</file>
         <name>dsk6416.obj</name>
      </input_file>
      <input_file id="fl-99">
         <path>D:\linh-tinh\1_USB_total\2_ThuvienDSP\lib\</path>
         <kind>archive</kind>
         <file>dsk6416bsl.lib</file>
         <name>dsk6416_aic23_opencodec.obj</name>
      </input_file>
      <input_file id="fl-9a">
         <path>D:\linh-tinh\1_USB_total\2_ThuvienDSP\lib\</path>
         <kind>archive</kind>
         <file>dsk6416bsl.lib</file>
         <name>dsk6416_aic23_registers.obj</name>
      </input_file>
      <input_file id="fl-9b">
         <path>D:\linh-tinh\1_USB_total\2_ThuvienDSP\lib\</path>
         <kind>archive</kind>
         <file>dsk6416bsl.lib</file>
         <name>dsk6416_aic23_setfreq.obj</name>
      </input_file>
      <input_file id="fl-9c">
         <path>D:\linh-tinh\1_USB_total\2_ThuvienDSP\lib\</path>
         <kind>archive</kind>
         <file>dsk6416bsl.lib</file>
         <name>dsk6416_dip.obj</name>
      </input_file>
      <input_file id="fl-9d">
         <path>D:\linh-tinh\1_USB_total\2_ThuvienDSP\lib\</path>
         <kind>archive</kind>
         <file>dsk6416bsl.lib</file>
         <name>dsk6416_led.obj</name>
      </input_file>
      <input_file id="fl-9e">
         <path>C:\Program Files\TI\ccsv7\tools\compiler\ti-cgt-c6000_7.4.20\lib\</path>
         <kind>archive</kind>
         <file>rts6400.lib</file>
         <name>strasg.obj</name>
      </input_file>
      <input_file id="fl-9f">
         <path>D:\linh-tinh\1_USB_total\2_ThuvienDSP\lib\</path>
         <kind>archive</kind>
         <file>csl6416.lib</file>
         <name>csl_emifa.obj</name>
      </input_file>
      <input_file id="fl-a0">
         <path>D:\linh-tinh\1_USB_total\2_ThuvienDSP\lib\</path>
         <kind>archive</kind>
         <file>csl6416.lib</file>
         <name>csl_emifb.obj</name>
      </input_file>
   </input_file_list>
   <object_component_list>
      <object_component id="oc-a7">
         <name>.text</name>
         <load_address>0x20</load_address>
         <run_address>0x20</run_address>
         <size>0xba0</size>
         <input_file_ref idref="fl-3"/>
      </object_component>
      <object_component id="oc-aa">
         <name>.text</name>
         <load_address>0xbc0</load_address>
         <run_address>0xbc0</run_address>
         <size>0x640</size>
         <input_file_ref idref="fl-4"/>
      </object_component>
      <object_component id="oc-ae">
         <name>.text:_sinf</name>
         <load_address>0x1200</load_address>
         <run_address>0x1200</run_address>
         <size>0x3e0</size>
         <input_file_ref idref="fl-8a"/>
      </object_component>
      <object_component id="oc-b0">
         <name>.text:__divf</name>
         <load_address>0x15e0</load_address>
         <run_address>0x15e0</run_address>
         <size>0x3c0</size>
         <input_file_ref idref="fl-83"/>
      </object_component>
      <object_component id="oc-67">
         <name>.text</name>
         <load_address>0x19a0</load_address>
         <run_address>0x19a0</run_address>
         <size>0x3c0</size>
         <input_file_ref idref="fl-98"/>
      </object_component>
      <object_component id="oc-af">
         <name>.text:__addf</name>
         <load_address>0x1d60</load_address>
         <run_address>0x1d60</run_address>
         <size>0x380</size>
         <input_file_ref idref="fl-80"/>
      </object_component>
      <object_component id="oc-b3">
         <name>.text:__mpyf</name>
         <load_address>0x20e0</load_address>
         <run_address>0x20e0</run_address>
         <size>0x220</size>
         <input_file_ref idref="fl-89"/>
      </object_component>
      <object_component id="oc-6e">
         <name>.text</name>
         <load_address>0x2300</load_address>
         <run_address>0x2300</run_address>
         <size>0x220</size>
         <input_file_ref idref="fl-99"/>
      </object_component>
      <object_component id="oc-75">
         <name>.text</name>
         <load_address>0x2520</load_address>
         <run_address>0x2520</run_address>
         <size>0x220</size>
         <input_file_ref idref="fl-9a"/>
      </object_component>
      <object_component id="oc-b8">
         <name>.text:_IRQ_map</name>
         <load_address>0x2740</load_address>
         <run_address>0x2740</run_address>
         <size>0x1e0</size>
         <input_file_ref idref="fl-96"/>
      </object_component>
      <object_component id="oc-a9">
         <name>.text:_MCBSP_reset</name>
         <load_address>0x2920</load_address>
         <run_address>0x2920</run_address>
         <size>0x1e0</size>
         <input_file_ref idref="fl-97"/>
      </object_component>
      <object_component id="oc-88">
         <name>.text</name>
         <load_address>0x2b00</load_address>
         <run_address>0x2b00</run_address>
         <size>0x1a0</size>
         <input_file_ref idref="fl-9d"/>
      </object_component>
      <object_component id="oc-ab">
         <name>.text:__divi</name>
         <load_address>0x2ca0</load_address>
         <run_address>0x2ca0</run_address>
         <size>0x100</size>
         <input_file_ref idref="fl-84"/>
      </object_component>
      <object_component id="oc-7c">
         <name>.text</name>
         <load_address>0x2da0</load_address>
         <run_address>0x2da0</run_address>
         <size>0x100</size>
         <input_file_ref idref="fl-9b"/>
      </object_component>
      <object_component id="oc-9d">
         <name>.text:_MCBSP_open</name>
         <load_address>0x2ea0</load_address>
         <run_address>0x2ea0</run_address>
         <size>0xe0</size>
         <input_file_ref idref="fl-97"/>
      </object_component>
      <object_component id="oc-9f">
         <name>.text:_MCBSP_start</name>
         <load_address>0x2f80</load_address>
         <run_address>0x2f80</run_address>
         <size>0xe0</size>
         <input_file_ref idref="fl-97"/>
      </object_component>
      <object_component id="oc-97">
         <name>.text:__auto_init</name>
         <load_address>0x3060</load_address>
         <run_address>0x3060</run_address>
         <size>0xe0</size>
         <input_file_ref idref="fl-8e"/>
      </object_component>
      <object_component id="oc-bd">
         <name>.text:__roundf</name>
         <load_address>0x3140</load_address>
         <run_address>0x3140</run_address>
         <size>0xe0</size>
         <input_file_ref idref="fl-95"/>
      </object_component>
      <object_component id="oc-a5">
         <name>.text:_memcpy</name>
         <load_address>0x3220</load_address>
         <run_address>0x3220</run_address>
         <size>0xe0</size>
         <input_file_ref idref="fl-92"/>
      </object_component>
      <object_component id="oc-9e">
         <name>.text:_MCBSP_config</name>
         <load_address>0x3300</load_address>
         <run_address>0x3300</run_address>
         <size>0xc0</size>
         <input_file_ref idref="fl-97"/>
      </object_component>
      <object_component id="oc-9a">
         <name>.text:__strasg</name>
         <load_address>0x33c0</load_address>
         <run_address>0x33c0</run_address>
         <size>0xc0</size>
         <input_file_ref idref="fl-9e"/>
      </object_component>
      <object_component id="oc-99">
         <name>.text:_exit</name>
         <load_address>0x3480</load_address>
         <run_address>0x3480</run_address>
         <size>0xc0</size>
         <input_file_ref idref="fl-85"/>
      </object_component>
      <object_component id="oc-c4">
         <name>.text:_setMux</name>
         <load_address>0x3540</load_address>
         <run_address>0x3540</run_address>
         <size>0xc0</size>
         <input_file_ref idref="fl-96"/>
      </object_component>
      <object_component id="oc-9c">
         <name>.text:_EMIFA_config</name>
         <load_address>0x3600</load_address>
         <run_address>0x3600</run_address>
         <size>0xa0</size>
         <input_file_ref idref="fl-9f"/>
      </object_component>
      <object_component id="oc-9b">
         <name>.text:_EMIFB_config</name>
         <load_address>0x36a0</load_address>
         <run_address>0x36a0</run_address>
         <size>0xa0</size>
         <input_file_ref idref="fl-a0"/>
      </object_component>
      <object_component id="oc-b1">
         <name>.text:__cmpf</name>
         <load_address>0x3740</load_address>
         <run_address>0x3740</run_address>
         <size>0xa0</size>
         <input_file_ref idref="fl-82"/>
      </object_component>
      <object_component id="oc-a4">
         <name>.text:_copy_in</name>
         <load_address>0x37e0</load_address>
         <run_address>0x37e0</run_address>
         <size>0xa0</size>
         <input_file_ref idref="fl-90"/>
      </object_component>
      <object_component id="oc-bf">
         <name>.text:_modff</name>
         <load_address>0x3880</load_address>
         <run_address>0x3880</run_address>
         <size>0xa0</size>
         <input_file_ref idref="fl-93"/>
      </object_component>
      <object_component id="oc-a6">
         <name>.text:___TI_cpp_init</name>
         <load_address>0x3920</load_address>
         <run_address>0x3920</run_address>
         <size>0x80</size>
         <input_file_ref idref="fl-8f"/>
      </object_component>
      <object_component id="oc-b5">
         <name>.text:__fixfi</name>
         <load_address>0x39a0</load_address>
         <run_address>0x39a0</run_address>
         <size>0x80</size>
         <input_file_ref idref="fl-86"/>
      </object_component>
      <object_component id="oc-83">
         <name>.text</name>
         <load_address>0x3a20</load_address>
         <run_address>0x3a20</run_address>
         <size>0x80</size>
         <input_file_ref idref="fl-9c"/>
      </object_component>
      <object_component id="oc-b4">
         <name>.text:__fltif</name>
         <load_address>0x3aa0</load_address>
         <run_address>0x3aa0</run_address>
         <size>0x60</size>
         <input_file_ref idref="fl-87"/>
      </object_component>
      <object_component id="oc-c3">
         <name>.text:__frcmpyf</name>
         <load_address>0x3b00</load_address>
         <run_address>0x3b00</run_address>
         <size>0x60</size>
         <input_file_ref idref="fl-91"/>
      </object_component>
      <object_component id="oc-2">
         <name>.text:_c_int00</name>
         <load_address>0x3b60</load_address>
         <run_address>0x3b60</run_address>
         <size>0x60</size>
         <input_file_ref idref="fl-81"/>
      </object_component>
      <object_component id="oc-b9">
         <name>.text:_IRQ_reset</name>
         <load_address>0x3bc0</load_address>
         <run_address>0x3bc0</run_address>
         <size>0x40</size>
         <input_file_ref idref="fl-96"/>
      </object_component>
      <object_component id="oc-98">
         <name>.text:__args_main</name>
         <load_address>0x3c00</load_address>
         <run_address>0x3c00</run_address>
         <size>0x40</size>
         <input_file_ref idref="fl-8d"/>
      </object_component>
      <object_component id="oc-c2">
         <name>.text:__frcmpyf_div</name>
         <load_address>0x3c40</load_address>
         <run_address>0x3c40</run_address>
         <size>0x40</size>
         <input_file_ref idref="fl-88"/>
      </object_component>
      <object_component id="oc-c0">
         <name>.text:__negf</name>
         <load_address>0x3c80</load_address>
         <run_address>0x3c80</run_address>
         <size>0x40</size>
         <input_file_ref idref="fl-94"/>
      </object_component>
      <object_component id="oc-b2">
         <name>.text:__subf</name>
         <load_address>0x3cc0</load_address>
         <run_address>0x3cc0</run_address>
         <size>0x40</size>
         <input_file_ref idref="fl-8b"/>
      </object_component>
      <object_component id="oc-bc">
         <name>.text:_IRQ_enable</name>
         <load_address>0x3d00</load_address>
         <run_address>0x3d00</run_address>
         <size>0x20</size>
         <input_file_ref idref="fl-96"/>
      </object_component>
      <object_component id="oc-b6">
         <name>.text:_IRQ_globalDisable</name>
         <load_address>0x3d20</load_address>
         <run_address>0x3d20</run_address>
         <size>0x20</size>
         <input_file_ref idref="fl-96"/>
      </object_component>
      <object_component id="oc-ba">
         <name>.text:_IRQ_globalEnable</name>
         <load_address>0x3d40</load_address>
         <run_address>0x3d40</run_address>
         <size>0x20</size>
         <input_file_ref idref="fl-96"/>
      </object_component>
      <object_component id="oc-bb">
         <name>.text:_IRQ_nmiEnable</name>
         <load_address>0x3d60</load_address>
         <run_address>0x3d60</run_address>
         <size>0x20</size>
         <input_file_ref idref="fl-96"/>
      </object_component>
      <object_component id="oc-b7">
         <name>.text:_MCBSP_getXmtEventId</name>
         <load_address>0x3d80</load_address>
         <run_address>0x3d80</run_address>
         <size>0x20</size>
         <input_file_ref idref="fl-97"/>
      </object_component>
      <object_component id="oc-a1">
         <name>.text:_MCBSP_read</name>
         <load_address>0x3da0</load_address>
         <run_address>0x3da0</run_address>
         <size>0x20</size>
         <input_file_ref idref="fl-97"/>
      </object_component>
      <object_component id="oc-a0">
         <name>.text:_MCBSP_rrdy</name>
         <load_address>0x3dc0</load_address>
         <run_address>0x3dc0</run_address>
         <size>0x20</size>
         <input_file_ref idref="fl-97"/>
      </object_component>
      <object_component id="oc-a3">
         <name>.text:_MCBSP_write</name>
         <load_address>0x3de0</load_address>
         <run_address>0x3de0</run_address>
         <size>0x20</size>
         <input_file_ref idref="fl-97"/>
      </object_component>
      <object_component id="oc-a2">
         <name>.text:_MCBSP_xrdy</name>
         <load_address>0x3e00</load_address>
         <run_address>0x3e00</run_address>
         <size>0x20</size>
         <input_file_ref idref="fl-97"/>
      </object_component>
      <object_component id="oc-be">
         <name>.text:__truncf</name>
         <load_address>0x3e20</load_address>
         <run_address>0x3e20</run_address>
         <size>0x20</size>
         <input_file_ref idref="fl-8c"/>
      </object_component>
      <object_component id="oc-a8">
         <name>.text:_abort</name>
         <load_address>0x3e40</load_address>
         <run_address>0x3e40</run_address>
         <size>0x20</size>
         <input_file_ref idref="fl-85"/>
      </object_component>
      <object_component id="oc-5c">
         <name>.text</name>
         <load_address>0x3e60</load_address>
         <run_address>0x3e60</run_address>
         <size>0x20</size>
         <input_file_ref idref="fl-96"/>
      </object_component>
      <object_component id="oc-69">
         <name>.const</name>
         <load_address>0x4d40</load_address>
         <run_address>0x4d40</run_address>
         <size>0xc0</size>
         <input_file_ref idref="fl-98"/>
      </object_component>
      <object_component id="oc-70">
         <name>.const</name>
         <load_address>0x4e00</load_address>
         <run_address>0x4e00</run_address>
         <size>0x70</size>
         <input_file_ref idref="fl-99"/>
      </object_component>
      <object_component id="oc-ac">
         <name>.const:_$P$T0$1</name>
         <load_address>0x4e70</load_address>
         <run_address>0x4e70</run_address>
         <size>0x20</size>
         <input_file_ref idref="fl-3"/>
      </object_component>
      <object_component id="oc-ad">
         <name>.const:_$P$T1$2</name>
         <load_address>0x4e90</load_address>
         <run_address>0x4e90</run_address>
         <size>0x20</size>
         <input_file_ref idref="fl-3"/>
      </object_component>
      <object_component id="oc-c1">
         <name>.const:.string:_initial_approx$1</name>
         <load_address>0x4eb0</load_address>
         <run_address>0x4eb0</run_address>
         <size>0x8</size>
         <input_file_ref idref="fl-83"/>
      </object_component>
      <object_component id="oc-5d">
         <name>.cinit</name>
         <load_address>0x49d0</load_address>
         <run_address>0x49d0</run_address>
         <size>0x12c</size>
         <input_file_ref idref="fl-96"/>
      </object_component>
      <object_component id="oc-4">
         <name>.cinit</name>
         <load_address>0x4b00</load_address>
         <run_address>0x4b00</run_address>
         <size>0x98</size>
         <input_file_ref idref="fl-2"/>
      </object_component>
      <object_component id="oc-62">
         <name>.cinit</name>
         <load_address>0x4b98</load_address>
         <run_address>0x4b98</run_address>
         <size>0x7c</size>
         <input_file_ref idref="fl-97"/>
      </object_component>
      <object_component id="oc-10">
         <name>.cinit</name>
         <load_address>0x4c18</load_address>
         <run_address>0x4c18</run_address>
         <size>0x5c</size>
         <input_file_ref idref="fl-4"/>
      </object_component>
      <object_component id="oc-26">
         <name>.cinit</name>
         <load_address>0x4c78</load_address>
         <run_address>0x4c78</run_address>
         <size>0x2c</size>
         <input_file_ref idref="fl-85"/>
      </object_component>
      <object_component id="oc-a">
         <name>.cinit</name>
         <load_address>0x4ca8</load_address>
         <run_address>0x4ca8</run_address>
         <size>0x2a</size>
         <input_file_ref idref="fl-3"/>
      </object_component>
      <object_component id="oc-7d">
         <name>.cinit</name>
         <load_address>0x4cd8</load_address>
         <run_address>0x4cd8</run_address>
         <size>0x28</size>
         <input_file_ref idref="fl-9b"/>
      </object_component>
      <object_component id="oc-76">
         <name>.cinit</name>
         <load_address>0x4d00</load_address>
         <run_address>0x4d00</run_address>
         <size>0x1c</size>
         <input_file_ref idref="fl-9a"/>
      </object_component>
      <object_component id="oc-37">
         <name>.cinit</name>
         <load_address>0x4d20</load_address>
         <run_address>0x4d20</run_address>
         <size>0x18</size>
         <input_file_ref idref="fl-8a"/>
      </object_component>
      <object_component id="oc-19">
         <name>.stack</name>
         <uninitialized>true</uninitialized>
         <run_address>0x45d0</run_address>
         <size>0x8</size>
         <input_file_ref idref="fl-81"/>
      </object_component>
      <object_component id="oc-e8">
         <name>.stack</name>
         <uninitialized>true</uninitialized>
         <run_address>0x45d0</run_address>
         <size>0x0</size>
      </object_component>
      <object_component id="oc-5">
         <name>.far</name>
         <uninitialized>true</uninitialized>
         <run_address>0x3e80</run_address>
         <size>0x428</size>
         <input_file_ref idref="fl-2"/>
      </object_component>
      <object_component id="oc-b">
         <name>.far</name>
         <uninitialized>true</uninitialized>
         <run_address>0x42a8</run_address>
         <size>0x10c</size>
         <input_file_ref idref="fl-3"/>
      </object_component>
      <object_component id="oc-11">
         <name>.far</name>
         <uninitialized>true</uninitialized>
         <run_address>0x44b8</run_address>
         <size>0x5a</size>
         <input_file_ref idref="fl-4"/>
      </object_component>
      <object_component id="oc-27">
         <name>.far</name>
         <uninitialized>true</uninitialized>
         <run_address>0x45b8</run_address>
         <size>0xc</size>
         <input_file_ref idref="fl-85"/>
      </object_component>
      <object_component id="oc-38">
         <name>.far</name>
         <uninitialized>true</uninitialized>
         <run_address>0x45a8</run_address>
         <size>0x10</size>
         <input_file_ref idref="fl-8a"/>
      </object_component>
      <object_component id="oc-5e">
         <name>.far</name>
         <uninitialized>true</uninitialized>
         <run_address>0x43b8</run_address>
         <size>0x100</size>
         <input_file_ref idref="fl-96"/>
      </object_component>
      <object_component id="oc-63">
         <name>.far</name>
         <uninitialized>true</uninitialized>
         <run_address>0x4518</run_address>
         <size>0x54</size>
         <input_file_ref idref="fl-97"/>
      </object_component>
      <object_component id="oc-68">
         <name>.far</name>
         <uninitialized>true</uninitialized>
         <run_address>0x43b4</run_address>
         <size>0x4</size>
         <input_file_ref idref="fl-98"/>
      </object_component>
      <object_component id="oc-6f">
         <name>.far</name>
         <uninitialized>true</uninitialized>
         <run_address>0x45c4</run_address>
         <size>0x8</size>
         <input_file_ref idref="fl-99"/>
      </object_component>
      <object_component id="oc-77">
         <name>.far</name>
         <uninitialized>true</uninitialized>
         <run_address>0x4590</run_address>
         <size>0x14</size>
         <input_file_ref idref="fl-9a"/>
      </object_component>
      <object_component id="oc-7e">
         <name>.far</name>
         <uninitialized>true</uninitialized>
         <run_address>0x4570</run_address>
         <size>0x20</size>
         <input_file_ref idref="fl-9b"/>
      </object_component>
      <object_component id="oc-89">
         <name>.far</name>
         <uninitialized>true</uninitialized>
         <run_address>0x4512</run_address>
         <size>0x2</size>
         <input_file_ref idref="fl-9d"/>
      </object_component>
      <object_component id="oc-3">
         <name>.debug_info</name>
         <load_address>0x0</load_address>
         <run_address>0x0</run_address>
         <size>0x89f</size>
         <input_file_ref idref="fl-2"/>
      </object_component>
      <object_component id="oc-9">
         <name>.debug_info</name>
         <load_address>0x89f</load_address>
         <run_address>0x89f</run_address>
         <size>0x1357</size>
         <input_file_ref idref="fl-3"/>
      </object_component>
      <object_component id="oc-f">
         <name>.debug_info</name>
         <load_address>0x1bf6</load_address>
         <run_address>0x1bf6</run_address>
         <size>0x156a</size>
         <input_file_ref idref="fl-4"/>
      </object_component>
      <object_component id="oc-15">
         <name>.debug_info</name>
         <load_address>0x3160</load_address>
         <run_address>0x3160</run_address>
         <size>0x759</size>
         <input_file_ref idref="fl-80"/>
      </object_component>
      <object_component id="oc-18">
         <name>.debug_info</name>
         <load_address>0x38b9</load_address>
         <run_address>0x38b9</run_address>
         <size>0x73c</size>
         <input_file_ref idref="fl-81"/>
      </object_component>
      <object_component id="oc-1c">
         <name>.debug_info</name>
         <load_address>0x3ff5</load_address>
         <run_address>0x3ff5</run_address>
         <size>0x688</size>
         <input_file_ref idref="fl-82"/>
      </object_component>
      <object_component id="oc-1f">
         <name>.debug_info</name>
         <load_address>0x467d</load_address>
         <run_address>0x467d</run_address>
         <size>0xa3b</size>
         <input_file_ref idref="fl-83"/>
      </object_component>
      <object_component id="oc-22">
         <name>.debug_info</name>
         <load_address>0x50b8</load_address>
         <run_address>0x50b8</run_address>
         <size>0x101</size>
         <input_file_ref idref="fl-84"/>
      </object_component>
      <object_component id="oc-25">
         <name>.debug_info</name>
         <load_address>0x51b9</load_address>
         <run_address>0x51b9</run_address>
         <size>0x86a</size>
         <input_file_ref idref="fl-85"/>
      </object_component>
      <object_component id="oc-2a">
         <name>.debug_info</name>
         <load_address>0x5a23</load_address>
         <run_address>0x5a23</run_address>
         <size>0x67d</size>
         <input_file_ref idref="fl-86"/>
      </object_component>
      <object_component id="oc-2d">
         <name>.debug_info</name>
         <load_address>0x60a0</load_address>
         <run_address>0x60a0</run_address>
         <size>0x690</size>
         <input_file_ref idref="fl-87"/>
      </object_component>
      <object_component id="oc-30">
         <name>.debug_info</name>
         <load_address>0x6730</load_address>
         <run_address>0x6730</run_address>
         <size>0x69d</size>
         <input_file_ref idref="fl-88"/>
      </object_component>
      <object_component id="oc-33">
         <name>.debug_info</name>
         <load_address>0x6dcd</load_address>
         <run_address>0x6dcd</run_address>
         <size>0x6e3</size>
         <input_file_ref idref="fl-89"/>
      </object_component>
      <object_component id="oc-36">
         <name>.debug_info</name>
         <load_address>0x74b0</load_address>
         <run_address>0x74b0</run_address>
         <size>0x93f</size>
         <input_file_ref idref="fl-8a"/>
      </object_component>
      <object_component id="oc-3b">
         <name>.debug_info</name>
         <load_address>0x7def</load_address>
         <run_address>0x7def</run_address>
         <size>0x675</size>
         <input_file_ref idref="fl-8b"/>
      </object_component>
      <object_component id="oc-3e">
         <name>.debug_info</name>
         <load_address>0x8464</load_address>
         <run_address>0x8464</run_address>
         <size>0x68a</size>
         <input_file_ref idref="fl-8c"/>
      </object_component>
      <object_component id="oc-41">
         <name>.debug_info</name>
         <load_address>0x8aee</load_address>
         <run_address>0x8aee</run_address>
         <size>0x712</size>
         <input_file_ref idref="fl-8d"/>
      </object_component>
      <object_component id="oc-44">
         <name>.debug_info</name>
         <load_address>0x9200</load_address>
         <run_address>0x9200</run_address>
         <size>0x8e9</size>
         <input_file_ref idref="fl-8e"/>
      </object_component>
      <object_component id="oc-47">
         <name>.debug_info</name>
         <load_address>0x9ae9</load_address>
         <run_address>0x9ae9</run_address>
         <size>0x761</size>
         <input_file_ref idref="fl-8f"/>
      </object_component>
      <object_component id="oc-4a">
         <name>.debug_info</name>
         <load_address>0xa24a</load_address>
         <run_address>0xa24a</run_address>
         <size>0x857</size>
         <input_file_ref idref="fl-90"/>
      </object_component>
      <object_component id="oc-4d">
         <name>.debug_info</name>
         <load_address>0xaaa1</load_address>
         <run_address>0xaaa1</run_address>
         <size>0x6cc</size>
         <input_file_ref idref="fl-91"/>
      </object_component>
      <object_component id="oc-50">
         <name>.debug_info</name>
         <load_address>0xb16d</load_address>
         <run_address>0xb16d</run_address>
         <size>0x110</size>
         <input_file_ref idref="fl-92"/>
      </object_component>
      <object_component id="oc-53">
         <name>.debug_info</name>
         <load_address>0xb27d</load_address>
         <run_address>0xb27d</run_address>
         <size>0x6a6</size>
         <input_file_ref idref="fl-93"/>
      </object_component>
      <object_component id="oc-56">
         <name>.debug_info</name>
         <load_address>0xb923</load_address>
         <run_address>0xb923</run_address>
         <size>0x64e</size>
         <input_file_ref idref="fl-94"/>
      </object_component>
      <object_component id="oc-59">
         <name>.debug_info</name>
         <load_address>0xbf71</load_address>
         <run_address>0xbf71</run_address>
         <size>0x6dd</size>
         <input_file_ref idref="fl-95"/>
      </object_component>
      <object_component id="oc-60">
         <name>.debug_info</name>
         <load_address>0xc64e</load_address>
         <run_address>0xc64e</run_address>
         <size>0xcc6</size>
         <input_file_ref idref="fl-96"/>
      </object_component>
      <object_component id="oc-65">
         <name>.debug_info</name>
         <load_address>0xd314</load_address>
         <run_address>0xd314</run_address>
         <size>0xfac</size>
         <input_file_ref idref="fl-97"/>
      </object_component>
      <object_component id="oc-6b">
         <name>.debug_info</name>
         <load_address>0xe2c0</load_address>
         <run_address>0xe2c0</run_address>
         <size>0xd57</size>
         <input_file_ref idref="fl-98"/>
      </object_component>
      <object_component id="oc-72">
         <name>.debug_info</name>
         <load_address>0xf017</load_address>
         <run_address>0xf017</run_address>
         <size>0xbbd</size>
         <input_file_ref idref="fl-99"/>
      </object_component>
      <object_component id="oc-79">
         <name>.debug_info</name>
         <load_address>0xfbd4</load_address>
         <run_address>0xfbd4</run_address>
         <size>0xba3</size>
         <input_file_ref idref="fl-9a"/>
      </object_component>
      <object_component id="oc-80">
         <name>.debug_info</name>
         <load_address>0x10777</load_address>
         <run_address>0x10777</run_address>
         <size>0x78a</size>
         <input_file_ref idref="fl-9b"/>
      </object_component>
      <object_component id="oc-85">
         <name>.debug_info</name>
         <load_address>0x10f01</load_address>
         <run_address>0x10f01</run_address>
         <size>0x641</size>
         <input_file_ref idref="fl-9c"/>
      </object_component>
      <object_component id="oc-8b">
         <name>.debug_info</name>
         <load_address>0x11542</load_address>
         <run_address>0x11542</run_address>
         <size>0x7c2</size>
         <input_file_ref idref="fl-9d"/>
      </object_component>
      <object_component id="oc-8e">
         <name>.debug_info</name>
         <load_address>0x11d04</load_address>
         <run_address>0x11d04</run_address>
         <size>0x107</size>
         <input_file_ref idref="fl-9e"/>
      </object_component>
      <object_component id="oc-92">
         <name>.debug_info</name>
         <load_address>0x11e0b</load_address>
         <run_address>0x11e0b</run_address>
         <size>0x730</size>
         <input_file_ref idref="fl-9f"/>
      </object_component>
      <object_component id="oc-95">
         <name>.debug_info</name>
         <load_address>0x1253b</load_address>
         <run_address>0x1253b</run_address>
         <size>0x730</size>
         <input_file_ref idref="fl-a0"/>
      </object_component>
      <object_component id="oc-103">
         <name>.debug_info</name>
         <load_address>0x12c6b</load_address>
         <run_address>0x12c6b</run_address>
         <size>0x6e</size>
      </object_component>
      <object_component id="oc-6">
         <name>.debug_frame</name>
         <load_address>0x0</load_address>
         <run_address>0x0</run_address>
         <size>0x23f</size>
         <input_file_ref idref="fl-2"/>
      </object_component>
      <object_component id="oc-c">
         <name>.debug_frame</name>
         <load_address>0x23f</load_address>
         <run_address>0x23f</run_address>
         <size>0x260</size>
         <input_file_ref idref="fl-3"/>
      </object_component>
      <object_component id="oc-12">
         <name>.debug_frame</name>
         <load_address>0x49f</load_address>
         <run_address>0x49f</run_address>
         <size>0x34d</size>
         <input_file_ref idref="fl-4"/>
      </object_component>
      <object_component id="oc-6d">
         <name>.debug_frame</name>
         <load_address>0x7ec</load_address>
         <run_address>0x7ec</run_address>
         <size>0x1d4</size>
         <input_file_ref idref="fl-98"/>
      </object_component>
      <object_component id="oc-74">
         <name>.debug_frame</name>
         <load_address>0x9c0</load_address>
         <run_address>0x9c0</run_address>
         <size>0x134</size>
         <input_file_ref idref="fl-99"/>
      </object_component>
      <object_component id="oc-7b">
         <name>.debug_frame</name>
         <load_address>0xaf4</load_address>
         <run_address>0xaf4</run_address>
         <size>0x174</size>
         <input_file_ref idref="fl-9a"/>
      </object_component>
      <object_component id="oc-82">
         <name>.debug_frame</name>
         <load_address>0xc68</load_address>
         <run_address>0xc68</run_address>
         <size>0x130</size>
         <input_file_ref idref="fl-9b"/>
      </object_component>
      <object_component id="oc-87">
         <name>.debug_frame</name>
         <load_address>0xd98</load_address>
         <run_address>0xd98</run_address>
         <size>0x14c</size>
         <input_file_ref idref="fl-9c"/>
      </object_component>
      <object_component id="oc-8d">
         <name>.debug_frame</name>
         <load_address>0xee4</load_address>
         <run_address>0xee4</run_address>
         <size>0x190</size>
         <input_file_ref idref="fl-9d"/>
      </object_component>
      <object_component id="oc-7">
         <name>.debug_line</name>
         <load_address>0x0</load_address>
         <run_address>0x0</run_address>
         <size>0x2c</size>
         <input_file_ref idref="fl-2"/>
      </object_component>
      <object_component id="oc-d">
         <name>.debug_line</name>
         <load_address>0x2c</load_address>
         <run_address>0x2c</run_address>
         <size>0x166</size>
         <input_file_ref idref="fl-3"/>
      </object_component>
      <object_component id="oc-13">
         <name>.debug_line</name>
         <load_address>0x192</load_address>
         <run_address>0x192</run_address>
         <size>0x158</size>
         <input_file_ref idref="fl-4"/>
      </object_component>
      <object_component id="oc-16">
         <name>.debug_line</name>
         <load_address>0x2ea</load_address>
         <run_address>0x2ea</run_address>
         <size>0x59</size>
         <input_file_ref idref="fl-80"/>
      </object_component>
      <object_component id="oc-1a">
         <name>.debug_line</name>
         <load_address>0x343</load_address>
         <run_address>0x343</run_address>
         <size>0x3d</size>
         <input_file_ref idref="fl-81"/>
      </object_component>
      <object_component id="oc-1d">
         <name>.debug_line</name>
         <load_address>0x380</load_address>
         <run_address>0x380</run_address>
         <size>0x37</size>
         <input_file_ref idref="fl-82"/>
      </object_component>
      <object_component id="oc-20">
         <name>.debug_line</name>
         <load_address>0x3b7</load_address>
         <run_address>0x3b7</run_address>
         <size>0x5a</size>
         <input_file_ref idref="fl-83"/>
      </object_component>
      <object_component id="oc-23">
         <name>.debug_line</name>
         <load_address>0x411</load_address>
         <run_address>0x411</run_address>
         <size>0x45</size>
         <input_file_ref idref="fl-84"/>
      </object_component>
      <object_component id="oc-28">
         <name>.debug_line</name>
         <load_address>0x456</load_address>
         <run_address>0x456</run_address>
         <size>0x4f</size>
         <input_file_ref idref="fl-85"/>
      </object_component>
      <object_component id="oc-2b">
         <name>.debug_line</name>
         <load_address>0x4a5</load_address>
         <run_address>0x4a5</run_address>
         <size>0x3d</size>
         <input_file_ref idref="fl-86"/>
      </object_component>
      <object_component id="oc-2e">
         <name>.debug_line</name>
         <load_address>0x4e2</load_address>
         <run_address>0x4e2</run_address>
         <size>0x3d</size>
         <input_file_ref idref="fl-87"/>
      </object_component>
      <object_component id="oc-31">
         <name>.debug_line</name>
         <load_address>0x51f</load_address>
         <run_address>0x51f</run_address>
         <size>0x40</size>
         <input_file_ref idref="fl-88"/>
      </object_component>
      <object_component id="oc-34">
         <name>.debug_line</name>
         <load_address>0x55f</load_address>
         <run_address>0x55f</run_address>
         <size>0x3c</size>
         <input_file_ref idref="fl-89"/>
      </object_component>
      <object_component id="oc-39">
         <name>.debug_line</name>
         <load_address>0x59b</load_address>
         <run_address>0x59b</run_address>
         <size>0x55</size>
         <input_file_ref idref="fl-8a"/>
      </object_component>
      <object_component id="oc-3c">
         <name>.debug_line</name>
         <load_address>0x5f0</load_address>
         <run_address>0x5f0</run_address>
         <size>0x37</size>
         <input_file_ref idref="fl-8b"/>
      </object_component>
      <object_component id="oc-3f">
         <name>.debug_line</name>
         <load_address>0x627</load_address>
         <run_address>0x627</run_address>
         <size>0x39</size>
         <input_file_ref idref="fl-8c"/>
      </object_component>
      <object_component id="oc-42">
         <name>.debug_line</name>
         <load_address>0x660</load_address>
         <run_address>0x660</run_address>
         <size>0x41</size>
         <input_file_ref idref="fl-8d"/>
      </object_component>
      <object_component id="oc-45">
         <name>.debug_line</name>
         <load_address>0x6a1</load_address>
         <run_address>0x6a1</run_address>
         <size>0x47</size>
         <input_file_ref idref="fl-8e"/>
      </object_component>
      <object_component id="oc-48">
         <name>.debug_line</name>
         <load_address>0x6e8</load_address>
         <run_address>0x6e8</run_address>
         <size>0x45</size>
         <input_file_ref idref="fl-8f"/>
      </object_component>
      <object_component id="oc-4b">
         <name>.debug_line</name>
         <load_address>0x72d</load_address>
         <run_address>0x72d</run_address>
         <size>0x44</size>
         <input_file_ref idref="fl-90"/>
      </object_component>
      <object_component id="oc-4e">
         <name>.debug_line</name>
         <load_address>0x771</load_address>
         <run_address>0x771</run_address>
         <size>0x3a</size>
         <input_file_ref idref="fl-91"/>
      </object_component>
      <object_component id="oc-51">
         <name>.debug_line</name>
         <load_address>0x7ab</load_address>
         <run_address>0x7ab</run_address>
         <size>0x4f</size>
         <input_file_ref idref="fl-92"/>
      </object_component>
      <object_component id="oc-54">
         <name>.debug_line</name>
         <load_address>0x7fa</load_address>
         <run_address>0x7fa</run_address>
         <size>0x38</size>
         <input_file_ref idref="fl-93"/>
      </object_component>
      <object_component id="oc-57">
         <name>.debug_line</name>
         <load_address>0x832</load_address>
         <run_address>0x832</run_address>
         <size>0x37</size>
         <input_file_ref idref="fl-94"/>
      </object_component>
      <object_component id="oc-5a">
         <name>.debug_line</name>
         <load_address>0x869</load_address>
         <run_address>0x869</run_address>
         <size>0x39</size>
         <input_file_ref idref="fl-95"/>
      </object_component>
      <object_component id="oc-61">
         <name>.debug_line</name>
         <load_address>0x8a2</load_address>
         <run_address>0x8a2</run_address>
         <size>0x109</size>
         <input_file_ref idref="fl-96"/>
      </object_component>
      <object_component id="oc-66">
         <name>.debug_line</name>
         <load_address>0x9ab</load_address>
         <run_address>0x9ab</run_address>
         <size>0x13f</size>
         <input_file_ref idref="fl-97"/>
      </object_component>
      <object_component id="oc-6c">
         <name>.debug_line</name>
         <load_address>0xaea</load_address>
         <run_address>0xaea</run_address>
         <size>0x102</size>
         <input_file_ref idref="fl-98"/>
      </object_component>
      <object_component id="oc-73">
         <name>.debug_line</name>
         <load_address>0xbec</load_address>
         <run_address>0xbec</run_address>
         <size>0x72</size>
         <input_file_ref idref="fl-99"/>
      </object_component>
      <object_component id="oc-7a">
         <name>.debug_line</name>
         <load_address>0xc5e</load_address>
         <run_address>0xc5e</run_address>
         <size>0xa7</size>
         <input_file_ref idref="fl-9a"/>
      </object_component>
      <object_component id="oc-81">
         <name>.debug_line</name>
         <load_address>0xd05</load_address>
         <run_address>0xd05</run_address>
         <size>0x69</size>
         <input_file_ref idref="fl-9b"/>
      </object_component>
      <object_component id="oc-86">
         <name>.debug_line</name>
         <load_address>0xd6e</load_address>
         <run_address>0xd6e</run_address>
         <size>0x5e</size>
         <input_file_ref idref="fl-9c"/>
      </object_component>
      <object_component id="oc-8c">
         <name>.debug_line</name>
         <load_address>0xdcc</load_address>
         <run_address>0xdcc</run_address>
         <size>0xa0</size>
         <input_file_ref idref="fl-9d"/>
      </object_component>
      <object_component id="oc-8f">
         <name>.debug_line</name>
         <load_address>0xe6c</load_address>
         <run_address>0xe6c</run_address>
         <size>0x48</size>
         <input_file_ref idref="fl-9e"/>
      </object_component>
      <object_component id="oc-93">
         <name>.debug_line</name>
         <load_address>0xeb4</load_address>
         <run_address>0xeb4</run_address>
         <size>0x5a</size>
         <input_file_ref idref="fl-9f"/>
      </object_component>
      <object_component id="oc-96">
         <name>.debug_line</name>
         <load_address>0xf0e</load_address>
         <run_address>0xf0e</run_address>
         <size>0x5a</size>
         <input_file_ref idref="fl-a0"/>
      </object_component>
      <object_component id="oc-8">
         <name>.debug_abbrev</name>
         <load_address>0x0</load_address>
         <run_address>0x0</run_address>
         <size>0xd0</size>
         <input_file_ref idref="fl-2"/>
      </object_component>
      <object_component id="oc-e">
         <name>.debug_abbrev</name>
         <load_address>0xd0</load_address>
         <run_address>0xd0</run_address>
         <size>0x105</size>
         <input_file_ref idref="fl-3"/>
      </object_component>
      <object_component id="oc-14">
         <name>.debug_abbrev</name>
         <load_address>0x1d5</load_address>
         <run_address>0x1d5</run_address>
         <size>0x18e</size>
         <input_file_ref idref="fl-4"/>
      </object_component>
      <object_component id="oc-17">
         <name>.debug_abbrev</name>
         <load_address>0x363</load_address>
         <run_address>0x363</run_address>
         <size>0xb5</size>
         <input_file_ref idref="fl-80"/>
      </object_component>
      <object_component id="oc-1b">
         <name>.debug_abbrev</name>
         <load_address>0x418</load_address>
         <run_address>0x418</run_address>
         <size>0xfe</size>
         <input_file_ref idref="fl-81"/>
      </object_component>
      <object_component id="oc-1e">
         <name>.debug_abbrev</name>
         <load_address>0x516</load_address>
         <run_address>0x516</run_address>
         <size>0x98</size>
         <input_file_ref idref="fl-82"/>
      </object_component>
      <object_component id="oc-21">
         <name>.debug_abbrev</name>
         <load_address>0x5ae</load_address>
         <run_address>0x5ae</run_address>
         <size>0x112</size>
         <input_file_ref idref="fl-83"/>
      </object_component>
      <object_component id="oc-24">
         <name>.debug_abbrev</name>
         <load_address>0x6c0</load_address>
         <run_address>0x6c0</run_address>
         <size>0x3b</size>
         <input_file_ref idref="fl-84"/>
      </object_component>
      <object_component id="oc-29">
         <name>.debug_abbrev</name>
         <load_address>0x6fb</load_address>
         <run_address>0x6fb</run_address>
         <size>0x119</size>
         <input_file_ref idref="fl-85"/>
      </object_component>
      <object_component id="oc-2c">
         <name>.debug_abbrev</name>
         <load_address>0x814</load_address>
         <run_address>0x814</run_address>
         <size>0x98</size>
         <input_file_ref idref="fl-86"/>
      </object_component>
      <object_component id="oc-2f">
         <name>.debug_abbrev</name>
         <load_address>0x8ac</load_address>
         <run_address>0x8ac</run_address>
         <size>0x98</size>
         <input_file_ref idref="fl-87"/>
      </object_component>
      <object_component id="oc-32">
         <name>.debug_abbrev</name>
         <load_address>0x944</load_address>
         <run_address>0x944</run_address>
         <size>0x8c</size>
         <input_file_ref idref="fl-88"/>
      </object_component>
      <object_component id="oc-35">
         <name>.debug_abbrev</name>
         <load_address>0x9d0</load_address>
         <run_address>0x9d0</run_address>
         <size>0xa6</size>
         <input_file_ref idref="fl-89"/>
      </object_component>
      <object_component id="oc-3a">
         <name>.debug_abbrev</name>
         <load_address>0xa76</load_address>
         <run_address>0xa76</run_address>
         <size>0xcc</size>
         <input_file_ref idref="fl-8a"/>
      </object_component>
      <object_component id="oc-3d">
         <name>.debug_abbrev</name>
         <load_address>0xb42</load_address>
         <run_address>0xb42</run_address>
         <size>0x8f</size>
         <input_file_ref idref="fl-8b"/>
      </object_component>
      <object_component id="oc-40">
         <name>.debug_abbrev</name>
         <load_address>0xbd1</load_address>
         <run_address>0xbd1</run_address>
         <size>0xaf</size>
         <input_file_ref idref="fl-8c"/>
      </object_component>
      <object_component id="oc-43">
         <name>.debug_abbrev</name>
         <load_address>0xc80</load_address>
         <run_address>0xc80</run_address>
         <size>0xe1</size>
         <input_file_ref idref="fl-8d"/>
      </object_component>
      <object_component id="oc-46">
         <name>.debug_abbrev</name>
         <load_address>0xd61</load_address>
         <run_address>0xd61</run_address>
         <size>0x13f</size>
         <input_file_ref idref="fl-8e"/>
      </object_component>
      <object_component id="oc-49">
         <name>.debug_abbrev</name>
         <load_address>0xea0</load_address>
         <run_address>0xea0</run_address>
         <size>0xdd</size>
         <input_file_ref idref="fl-8f"/>
      </object_component>
      <object_component id="oc-4c">
         <name>.debug_abbrev</name>
         <load_address>0xf7d</load_address>
         <run_address>0xf7d</run_address>
         <size>0x10c</size>
         <input_file_ref idref="fl-90"/>
      </object_component>
      <object_component id="oc-4f">
         <name>.debug_abbrev</name>
         <load_address>0x1089</load_address>
         <run_address>0x1089</run_address>
         <size>0x98</size>
         <input_file_ref idref="fl-91"/>
      </object_component>
      <object_component id="oc-52">
         <name>.debug_abbrev</name>
         <load_address>0x1121</load_address>
         <run_address>0x1121</run_address>
         <size>0x3b</size>
         <input_file_ref idref="fl-92"/>
      </object_component>
      <object_component id="oc-55">
         <name>.debug_abbrev</name>
         <load_address>0x115c</load_address>
         <run_address>0x115c</run_address>
         <size>0xaf</size>
         <input_file_ref idref="fl-93"/>
      </object_component>
      <object_component id="oc-58">
         <name>.debug_abbrev</name>
         <load_address>0x120b</load_address>
         <run_address>0x120b</run_address>
         <size>0x81</size>
         <input_file_ref idref="fl-94"/>
      </object_component>
      <object_component id="oc-5b">
         <name>.debug_abbrev</name>
         <load_address>0x128c</load_address>
         <run_address>0x128c</run_address>
         <size>0xaf</size>
         <input_file_ref idref="fl-95"/>
      </object_component>
      <object_component id="oc-5f">
         <name>.debug_abbrev</name>
         <load_address>0x133b</load_address>
         <run_address>0x133b</run_address>
         <size>0x1b7</size>
         <input_file_ref idref="fl-96"/>
      </object_component>
      <object_component id="oc-64">
         <name>.debug_abbrev</name>
         <load_address>0x14f2</load_address>
         <run_address>0x14f2</run_address>
         <size>0x1a3</size>
         <input_file_ref idref="fl-97"/>
      </object_component>
      <object_component id="oc-6a">
         <name>.debug_abbrev</name>
         <load_address>0x1695</load_address>
         <run_address>0x1695</run_address>
         <size>0x162</size>
         <input_file_ref idref="fl-98"/>
      </object_component>
      <object_component id="oc-71">
         <name>.debug_abbrev</name>
         <load_address>0x17f7</load_address>
         <run_address>0x17f7</run_address>
         <size>0x11c</size>
         <input_file_ref idref="fl-99"/>
      </object_component>
      <object_component id="oc-78">
         <name>.debug_abbrev</name>
         <load_address>0x1913</load_address>
         <run_address>0x1913</run_address>
         <size>0x154</size>
         <input_file_ref idref="fl-9a"/>
      </object_component>
      <object_component id="oc-7f">
         <name>.debug_abbrev</name>
         <load_address>0x1a67</load_address>
         <run_address>0x1a67</run_address>
         <size>0xf0</size>
         <input_file_ref idref="fl-9b"/>
      </object_component>
      <object_component id="oc-84">
         <name>.debug_abbrev</name>
         <load_address>0x1b57</load_address>
         <run_address>0x1b57</run_address>
         <size>0xd7</size>
         <input_file_ref idref="fl-9c"/>
      </object_component>
      <object_component id="oc-8a">
         <name>.debug_abbrev</name>
         <load_address>0x1c2e</load_address>
         <run_address>0x1c2e</run_address>
         <size>0xc8</size>
         <input_file_ref idref="fl-9d"/>
      </object_component>
      <object_component id="oc-90">
         <name>.debug_abbrev</name>
         <load_address>0x1cf6</load_address>
         <run_address>0x1cf6</run_address>
         <size>0x3b</size>
         <input_file_ref idref="fl-9e"/>
      </object_component>
      <object_component id="oc-91">
         <name>.debug_abbrev</name>
         <load_address>0x1d31</load_address>
         <run_address>0x1d31</run_address>
         <size>0xe0</size>
         <input_file_ref idref="fl-9f"/>
      </object_component>
      <object_component id="oc-94">
         <name>.debug_abbrev</name>
         <load_address>0x1e11</load_address>
         <run_address>0x1e11</run_address>
         <size>0xe0</size>
         <input_file_ref idref="fl-a0"/>
      </object_component>
      <object_component id="oc-104">
         <name>.debug_abbrev</name>
         <load_address>0x1ef1</load_address>
         <run_address>0x1ef1</run_address>
         <size>0xd</size>
      </object_component>
   </object_component_list>
   <logical_group_list>
      <logical_group id="lg-c5">
         <name>.text</name>
         <load_address>0x20</load_address>
         <run_address>0x20</run_address>
         <size>0x3e60</size>
         <contents>
            <object_component_ref idref="oc-a7"/>
            <object_component_ref idref="oc-aa"/>
            <object_component_ref idref="oc-ae"/>
            <object_component_ref idref="oc-b0"/>
            <object_component_ref idref="oc-67"/>
            <object_component_ref idref="oc-af"/>
            <object_component_ref idref="oc-b3"/>
            <object_component_ref idref="oc-6e"/>
            <object_component_ref idref="oc-75"/>
            <object_component_ref idref="oc-b8"/>
            <object_component_ref idref="oc-a9"/>
            <object_component_ref idref="oc-88"/>
            <object_component_ref idref="oc-ab"/>
            <object_component_ref idref="oc-7c"/>
            <object_component_ref idref="oc-9d"/>
            <object_component_ref idref="oc-9f"/>
            <object_component_ref idref="oc-97"/>
            <object_component_ref idref="oc-bd"/>
            <object_component_ref idref="oc-a5"/>
            <object_component_ref idref="oc-9e"/>
            <object_component_ref idref="oc-9a"/>
            <object_component_ref idref="oc-99"/>
            <object_component_ref idref="oc-c4"/>
            <object_component_ref idref="oc-9c"/>
            <object_component_ref idref="oc-9b"/>
            <object_component_ref idref="oc-b1"/>
            <object_component_ref idref="oc-a4"/>
            <object_component_ref idref="oc-bf"/>
            <object_component_ref idref="oc-a6"/>
            <object_component_ref idref="oc-b5"/>
            <object_component_ref idref="oc-83"/>
            <object_component_ref idref="oc-b4"/>
            <object_component_ref idref="oc-c3"/>
            <object_component_ref idref="oc-2"/>
            <object_component_ref idref="oc-b9"/>
            <object_component_ref idref="oc-98"/>
            <object_component_ref idref="oc-c2"/>
            <object_component_ref idref="oc-c0"/>
            <object_component_ref idref="oc-b2"/>
            <object_component_ref idref="oc-bc"/>
            <object_component_ref idref="oc-b6"/>
            <object_component_ref idref="oc-ba"/>
            <object_component_ref idref="oc-bb"/>
            <object_component_ref idref="oc-b7"/>
            <object_component_ref idref="oc-a1"/>
            <object_component_ref idref="oc-a0"/>
            <object_component_ref idref="oc-a3"/>
            <object_component_ref idref="oc-a2"/>
            <object_component_ref idref="oc-be"/>
            <object_component_ref idref="oc-a8"/>
            <object_component_ref idref="oc-5c"/>
         </contents>
      </logical_group>
      <logical_group id="lg-c6">
         <name>.const</name>
         <load_address>0x4d40</load_address>
         <run_address>0x4d40</run_address>
         <size>0x178</size>
         <contents>
            <object_component_ref idref="oc-69"/>
            <object_component_ref idref="oc-70"/>
            <object_component_ref idref="oc-ac"/>
            <object_component_ref idref="oc-ad"/>
            <object_component_ref idref="oc-c1"/>
         </contents>
      </logical_group>
      <logical_group id="lg-c7">
         <name>.data</name>
         <run_address>0x8</run_address>
         <size>0x0</size>
         <contents>
         </contents>
      </logical_group>
      <logical_group id="lg-c8">
         <name>.bss</name>
         <run_address>0x8</run_address>
         <size>0x0</size>
         <contents>
         </contents>
      </logical_group>
      <logical_group id="lg-c9">
         <name>.cinit</name>
         <load_address>0x49d0</load_address>
         <run_address>0x49d0</run_address>
         <size>0x36c</size>
         <contents>
            <object_component_ref idref="oc-5d"/>
            <object_component_ref idref="oc-4"/>
            <object_component_ref idref="oc-62"/>
            <object_component_ref idref="oc-10"/>
            <object_component_ref idref="oc-26"/>
            <object_component_ref idref="oc-a"/>
            <object_component_ref idref="oc-7d"/>
            <object_component_ref idref="oc-76"/>
            <object_component_ref idref="oc-37"/>
         </contents>
      </logical_group>
      <logical_group id="lg-ca">
         <name>.pinit</name>
         <run_address>0x0</run_address>
         <size>0x0</size>
         <contents>
         </contents>
      </logical_group>
      <logical_group id="lg-cb">
         <name>.stack</name>
         <run_address>0x45d0</run_address>
         <size>0x400</size>
         <contents>
            <object_component_ref idref="oc-19"/>
            <object_component_ref idref="oc-e8"/>
         </contents>
      </logical_group>
      <logical_group id="lg-cc">
         <name>.sysmem</name>
         <run_address>0x0</run_address>
         <size>0x0</size>
         <contents>
         </contents>
      </logical_group>
      <logical_group id="lg-cd">
         <name>.far</name>
         <run_address>0x3e80</run_address>
         <size>0x74c</size>
         <contents>
            <object_component_ref idref="oc-5"/>
            <object_component_ref idref="oc-b"/>
            <object_component_ref idref="oc-11"/>
            <object_component_ref idref="oc-27"/>
            <object_component_ref idref="oc-38"/>
            <object_component_ref idref="oc-5e"/>
            <object_component_ref idref="oc-63"/>
            <object_component_ref idref="oc-68"/>
            <object_component_ref idref="oc-6f"/>
            <object_component_ref idref="oc-77"/>
            <object_component_ref idref="oc-7e"/>
            <object_component_ref idref="oc-89"/>
         </contents>
      </logical_group>
      <logical_group id="lg-ce">
         <name>.switch</name>
         <run_address>0x0</run_address>
         <size>0x0</size>
         <contents>
         </contents>
      </logical_group>
      <logical_group id="lg-cf">
         <name>.cio</name>
         <run_address>0x0</run_address>
         <size>0x0</size>
         <contents>
         </contents>
      </logical_group>
      <logical_group id="lg-d0">
         <name>.ppinfo</name>
         <run_address>0x0</run_address>
         <size>0x0</size>
         <contents>
         </contents>
      </logical_group>
      <logical_group id="lg-d1">
         <name>.ppdata</name>
         <run_address>0x0</run_address>
         <size>0x0</size>
         <contents>
         </contents>
      </logical_group>
      <logical_group id="lg-df">
         <name>.debug_info</name>
         <load_address>0x0</load_address>
         <run_address>0x0</run_address>
         <size>0x12cd9</size>
         <contents>
            <object_component_ref idref="oc-3"/>
            <object_component_ref idref="oc-9"/>
            <object_component_ref idref="oc-f"/>
            <object_component_ref idref="oc-15"/>
            <object_component_ref idref="oc-18"/>
            <object_component_ref idref="oc-1c"/>
            <object_component_ref idref="oc-1f"/>
            <object_component_ref idref="oc-22"/>
            <object_component_ref idref="oc-25"/>
            <object_component_ref idref="oc-2a"/>
            <object_component_ref idref="oc-2d"/>
            <object_component_ref idref="oc-30"/>
            <object_component_ref idref="oc-33"/>
            <object_component_ref idref="oc-36"/>
            <object_component_ref idref="oc-3b"/>
            <object_component_ref idref="oc-3e"/>
            <object_component_ref idref="oc-41"/>
            <object_component_ref idref="oc-44"/>
            <object_component_ref idref="oc-47"/>
            <object_component_ref idref="oc-4a"/>
            <object_component_ref idref="oc-4d"/>
            <object_component_ref idref="oc-50"/>
            <object_component_ref idref="oc-53"/>
            <object_component_ref idref="oc-56"/>
            <object_component_ref idref="oc-59"/>
            <object_component_ref idref="oc-60"/>
            <object_component_ref idref="oc-65"/>
            <object_component_ref idref="oc-6b"/>
            <object_component_ref idref="oc-72"/>
            <object_component_ref idref="oc-79"/>
            <object_component_ref idref="oc-80"/>
            <object_component_ref idref="oc-85"/>
            <object_component_ref idref="oc-8b"/>
            <object_component_ref idref="oc-8e"/>
            <object_component_ref idref="oc-92"/>
            <object_component_ref idref="oc-95"/>
            <object_component_ref idref="oc-103"/>
         </contents>
      </logical_group>
      <logical_group id="lg-e1">
         <name>.debug_frame</name>
         <load_address>0x0</load_address>
         <run_address>0x0</run_address>
         <size>0x1074</size>
         <contents>
            <object_component_ref idref="oc-6"/>
            <object_component_ref idref="oc-c"/>
            <object_component_ref idref="oc-12"/>
            <object_component_ref idref="oc-6d"/>
            <object_component_ref idref="oc-74"/>
            <object_component_ref idref="oc-7b"/>
            <object_component_ref idref="oc-82"/>
            <object_component_ref idref="oc-87"/>
            <object_component_ref idref="oc-8d"/>
         </contents>
      </logical_group>
      <logical_group id="lg-e3">
         <name>.debug_line</name>
         <load_address>0x0</load_address>
         <run_address>0x0</run_address>
         <size>0xf68</size>
         <contents>
            <object_component_ref idref="oc-7"/>
            <object_component_ref idref="oc-d"/>
            <object_component_ref idref="oc-13"/>
            <object_component_ref idref="oc-16"/>
            <object_component_ref idref="oc-1a"/>
            <object_component_ref idref="oc-1d"/>
            <object_component_ref idref="oc-20"/>
            <object_component_ref idref="oc-23"/>
            <object_component_ref idref="oc-28"/>
            <object_component_ref idref="oc-2b"/>
            <object_component_ref idref="oc-2e"/>
            <object_component_ref idref="oc-31"/>
            <object_component_ref idref="oc-34"/>
            <object_component_ref idref="oc-39"/>
            <object_component_ref idref="oc-3c"/>
            <object_component_ref idref="oc-3f"/>
            <object_component_ref idref="oc-42"/>
            <object_component_ref idref="oc-45"/>
            <object_component_ref idref="oc-48"/>
            <object_component_ref idref="oc-4b"/>
            <object_component_ref idref="oc-4e"/>
            <object_component_ref idref="oc-51"/>
            <object_component_ref idref="oc-54"/>
            <object_component_ref idref="oc-57"/>
            <object_component_ref idref="oc-5a"/>
            <object_component_ref idref="oc-61"/>
            <object_component_ref idref="oc-66"/>
            <object_component_ref idref="oc-6c"/>
            <object_component_ref idref="oc-73"/>
            <object_component_ref idref="oc-7a"/>
            <object_component_ref idref="oc-81"/>
            <object_component_ref idref="oc-86"/>
            <object_component_ref idref="oc-8c"/>
            <object_component_ref idref="oc-8f"/>
            <object_component_ref idref="oc-93"/>
            <object_component_ref idref="oc-96"/>
         </contents>
      </logical_group>
      <logical_group id="lg-e5">
         <name>.debug_abbrev</name>
         <load_address>0x0</load_address>
         <run_address>0x0</run_address>
         <size>0x1efe</size>
         <contents>
            <object_component_ref idref="oc-8"/>
            <object_component_ref idref="oc-e"/>
            <object_component_ref idref="oc-14"/>
            <object_component_ref idref="oc-17"/>
            <object_component_ref idref="oc-1b"/>
            <object_component_ref idref="oc-1e"/>
            <object_component_ref idref="oc-21"/>
            <object_component_ref idref="oc-24"/>
            <object_component_ref idref="oc-29"/>
            <object_component_ref idref="oc-2c"/>
            <object_component_ref idref="oc-2f"/>
            <object_component_ref idref="oc-32"/>
            <object_component_ref idref="oc-35"/>
            <object_component_ref idref="oc-3a"/>
            <object_component_ref idref="oc-3d"/>
            <object_component_ref idref="oc-40"/>
            <object_component_ref idref="oc-43"/>
            <object_component_ref idref="oc-46"/>
            <object_component_ref idref="oc-49"/>
            <object_component_ref idref="oc-4c"/>
            <object_component_ref idref="oc-4f"/>
            <object_component_ref idref="oc-52"/>
            <object_component_ref idref="oc-55"/>
            <object_component_ref idref="oc-58"/>
            <object_component_ref idref="oc-5b"/>
            <object_component_ref idref="oc-5f"/>
            <object_component_ref idref="oc-64"/>
            <object_component_ref idref="oc-6a"/>
            <object_component_ref idref="oc-71"/>
            <object_component_ref idref="oc-78"/>
            <object_component_ref idref="oc-7f"/>
            <object_component_ref idref="oc-84"/>
            <object_component_ref idref="oc-8a"/>
            <object_component_ref idref="oc-90"/>
            <object_component_ref idref="oc-91"/>
            <object_component_ref idref="oc-94"/>
            <object_component_ref idref="oc-104"/>
         </contents>
      </logical_group>
   </logical_group_list>
   <placement_map>
      <memory_area>
         <name>RAM</name>
         <page_id>0x0</page_id>
         <origin>0x1</origin>
         <length>0xfffffffe</length>
         <used_space>0x4e90</used_space>
         <unused_space>0xffffb16e</unused_space>
         <attributes>RWIX</attributes>
         <usage_details>
            <available_space>
               <start_address>0x1</start_address>
               <size>0x7</size>
            </available_space>
            <allocated_space>
               <start_address>0x8</start_address>
               <size>0x0</size>
               <logical_group_ref idref="lg-c7"/>
            </allocated_space>
            <allocated_space>
               <start_address>0x8</start_address>
               <size>0x0</size>
               <logical_group_ref idref="lg-c8"/>
            </allocated_space>
            <available_space>
               <start_address>0x8</start_address>
               <size>0x18</size>
            </available_space>
            <allocated_space>
               <start_address>0x20</start_address>
               <size>0x3e60</size>
               <logical_group_ref idref="lg-c5"/>
            </allocated_space>
            <allocated_space>
               <start_address>0x3e80</start_address>
               <size>0x74c</size>
               <logical_group_ref idref="lg-cd"/>
            </allocated_space>
            <available_space>
               <start_address>0x45cc</start_address>
               <size>0x4</size>
            </available_space>
            <allocated_space>
               <start_address>0x45d0</start_address>
               <size>0x400</size>
               <logical_group_ref idref="lg-cb"/>
            </allocated_space>
            <allocated_space>
               <start_address>0x49d0</start_address>
               <size>0x36c</size>
               <logical_group_ref idref="lg-c9"/>
            </allocated_space>
            <available_space>
               <start_address>0x4d3c</start_address>
               <size>0x4</size>
            </available_space>
            <allocated_space>
               <start_address>0x4d40</start_address>
               <size>0x178</size>
               <logical_group_ref idref="lg-c6"/>
            </allocated_space>
            <available_space>
               <start_address>0x4eb8</start_address>
               <size>0xffffb147</size>
            </available_space>
         </usage_details>
      </memory_area>
   </placement_map>
   <symbol_table>
      <symbol id="sm-0">
         <name>cinit</name>
         <value>0x49d0</value>
      </symbol>
      <symbol id="sm-1">
         <name>___cinit__</name>
         <value>0x49d0</value>
      </symbol>
      <symbol id="sm-2">
         <name>pinit</name>
         <value>0xffffffff</value>
      </symbol>
      <symbol id="sm-3">
         <name>___pinit__</name>
         <value>0xffffffff</value>
      </symbol>
      <symbol id="sm-4">
         <name>binit</name>
         <value>0xffffffff</value>
      </symbol>
      <symbol id="sm-5">
         <name>___binit__</name>
         <value>0xffffffff</value>
      </symbol>
      <symbol id="sm-6">
         <name>__STACK_SIZE</name>
         <value>0x400</value>
      </symbol>
      <symbol id="sm-7">
         <name>__STACK_END</name>
         <value>0x49d0</value>
      </symbol>
      <symbol id="sm-8">
         <name>___c_args__</name>
         <value>0xffffffff</value>
      </symbol>
      <symbol id="sm-9">
         <name>.text</name>
         <value>0x20</value>
      </symbol>
      <symbol id="sm-a">
         <name>___text__</name>
         <value>0x20</value>
      </symbol>
      <symbol id="sm-b">
         <name>etext</name>
         <value>0x3e80</value>
      </symbol>
      <symbol id="sm-c">
         <name>___etext__</name>
         <value>0x3e80</value>
      </symbol>
      <symbol id="sm-d">
         <name>.data</name>
         <value>0x8</value>
      </symbol>
      <symbol id="sm-e">
         <name>___data__</name>
         <value>0x8</value>
      </symbol>
      <symbol id="sm-f">
         <name>edata</name>
         <value>0x8</value>
      </symbol>
      <symbol id="sm-10">
         <name>___edata__</name>
         <value>0x8</value>
      </symbol>
      <symbol id="sm-11">
         <name>.bss</name>
         <value>0x8</value>
      </symbol>
      <symbol id="sm-12">
         <name>___bss__</name>
         <value>0x8</value>
      </symbol>
      <symbol id="sm-13">
         <name>end</name>
         <value>0x8</value>
      </symbol>
      <symbol id="sm-14">
         <name>___end__</name>
         <value>0x8</value>
      </symbol>
      <symbol id="sm-15">
         <name>___TI_pprof_out_hndl</name>
         <value>0xffffffff</value>
      </symbol>
      <symbol id="sm-16">
         <name>___TI_prof_data_start</name>
         <value>0xffffffff</value>
      </symbol>
      <symbol id="sm-17">
         <name>___TI_prof_data_size</name>
         <value>0xffffffff</value>
      </symbol>
      <symbol id="sm-18">
         <name>$bss</name>
         <value>0x8</value>
      </symbol>
      <symbol id="sm-46">
         <name>_gain</name>
         <value>0x3e8e</value>
         <object_component_ref idref="oc-5"/>
      </symbol>
      <symbol id="sm-47">
         <name>_loop</name>
         <value>0x3e84</value>
         <object_component_ref idref="oc-5"/>
      </symbol>
      <symbol id="sm-48">
         <name>_loop1</name>
         <value>0x3e86</value>
         <object_component_ref idref="oc-5"/>
      </symbol>
      <symbol id="sm-49">
         <name>_gBuffer1</name>
         <value>0x3ea8</value>
         <object_component_ref idref="oc-5"/>
      </symbol>
      <symbol id="sm-4a">
         <name>_gBuffer3</name>
         <value>0x40a8</value>
         <object_component_ref idref="oc-5"/>
      </symbol>
      <symbol id="sm-4b">
         <name>_gBuffer2</name>
         <value>0x3fa8</value>
         <object_component_ref idref="oc-5"/>
      </symbol>
      <symbol id="sm-4c">
         <name>_gBuffer4</name>
         <value>0x41a8</value>
         <object_component_ref idref="oc-5"/>
      </symbol>
      <symbol id="sm-4d">
         <name>_sine_table1</name>
         <value>0x3e90</value>
         <object_component_ref idref="oc-5"/>
      </symbol>
      <symbol id="sm-4e">
         <name>_sine_table2</name>
         <value>0x3ea0</value>
         <object_component_ref idref="oc-5"/>
      </symbol>
      <symbol id="sm-4f">
         <name>__fs</name>
         <value>0x3e80</value>
         <object_component_ref idref="oc-5"/>
      </symbol>
      <symbol id="sm-50">
         <name>_m</name>
         <value>0x3e8c</value>
         <object_component_ref idref="oc-5"/>
      </symbol>
      <symbol id="sm-51">
         <name>_j</name>
         <value>0x3e8a</value>
         <object_component_ref idref="oc-5"/>
      </symbol>
      <symbol id="sm-52">
         <name>_i</name>
         <value>0x3e88</value>
         <object_component_ref idref="oc-5"/>
      </symbol>
      <symbol id="sm-1a9">
         <name>_main</name>
         <value>0x20</value>
         <object_component_ref idref="oc-a7"/>
      </symbol>
      <symbol id="sm-1aa">
         <name>__gain</name>
         <value>0x43b2</value>
         <object_component_ref idref="oc-b"/>
      </symbol>
      <symbol id="sm-1ab">
         <name>_gBuffer</name>
         <value>0x42b0</value>
         <object_component_ref idref="oc-b"/>
      </symbol>
      <symbol id="sm-1ac">
         <name>_fs</name>
         <value>0x42a8</value>
         <object_component_ref idref="oc-b"/>
      </symbol>
      <symbol id="sm-1ad">
         <name>_z</name>
         <value>0x43b0</value>
         <object_component_ref idref="oc-b"/>
      </symbol>
      <symbol id="sm-1f6">
         <name>_comm_poll</name>
         <value>0xc64</value>
         <object_component_ref idref="oc-aa"/>
      </symbol>
      <symbol id="sm-1f7">
         <name>_output_left_sample</name>
         <value>0xe64</value>
         <object_component_ref idref="oc-aa"/>
      </symbol>
      <symbol id="sm-1f8">
         <name>_comm_intr</name>
         <value>0xc8c</value>
         <object_component_ref idref="oc-aa"/>
      </symbol>
      <symbol id="sm-1f9">
         <name>_input_left_sample</name>
         <value>0x10a8</value>
         <object_component_ref idref="oc-aa"/>
      </symbol>
      <symbol id="sm-1fa">
         <name>_output_sample</name>
         <value>0xd78</value>
         <object_component_ref idref="oc-aa"/>
      </symbol>
      <symbol id="sm-1fb">
         <name>_c6416_dsk_init</name>
         <value>0xbc0</value>
         <object_component_ref idref="oc-aa"/>
      </symbol>
      <symbol id="sm-1fc">
         <name>_config</name>
         <value>0x44fc</value>
         <object_component_ref idref="oc-11"/>
      </symbol>
      <symbol id="sm-1fd">
         <name>_input_right_sample</name>
         <value>0x1148</value>
         <object_component_ref idref="oc-aa"/>
      </symbol>
      <symbol id="sm-1fe">
         <name>_AIC_data</name>
         <value>0x44b8</value>
         <object_component_ref idref="oc-11"/>
      </symbol>
      <symbol id="sm-1ff">
         <name>_hAIC23_handle</name>
         <value>0x4510</value>
         <object_component_ref idref="oc-11"/>
      </symbol>
      <symbol id="sm-200">
         <name>_AIC23CfgData</name>
         <value>0x44c4</value>
         <object_component_ref idref="oc-11"/>
      </symbol>
      <symbol id="sm-201">
         <name>_input_sample</name>
         <value>0xfd0</value>
         <object_component_ref idref="oc-aa"/>
      </symbol>
      <symbol id="sm-202">
         <name>_output_right_sample</name>
         <value>0xf1c</value>
         <object_component_ref idref="oc-aa"/>
      </symbol>
      <symbol id="sm-20c">
         <name>__addf</name>
         <value>0x1d60</value>
         <object_component_ref idref="oc-af"/>
      </symbol>
      <symbol id="sm-218">
         <name>_c_int00</name>
         <value>0x3b60</value>
         <object_component_ref idref="oc-2"/>
      </symbol>
      <symbol id="sm-219">
         <name>__stack</name>
         <value>0x45d0</value>
         <object_component_ref idref="oc-19"/>
      </symbol>
      <symbol id="sm-223">
         <name>__cmpf</name>
         <value>0x3740</value>
         <object_component_ref idref="oc-b1"/>
      </symbol>
      <symbol id="sm-22f">
         <name>__divf</name>
         <value>0x15e0</value>
         <object_component_ref idref="oc-b0"/>
      </symbol>
      <symbol id="sm-237">
         <name>__c6xabi_divi</name>
         <value>0x2ca0</value>
         <object_component_ref idref="oc-ab"/>
      </symbol>
      <symbol id="sm-238">
         <name>__divi</name>
         <value>0x2ca0</value>
         <object_component_ref idref="oc-ab"/>
      </symbol>
      <symbol id="sm-248">
         <name>C$$EXIT</name>
         <value>0x3e40</value>
         <object_component_ref idref="oc-a8"/>
      </symbol>
      <symbol id="sm-249">
         <name>_exit</name>
         <value>0x3480</value>
         <object_component_ref idref="oc-99"/>
      </symbol>
      <symbol id="sm-24a">
         <name>___TI_enable_exit_profile_output</name>
         <value>0x45c0</value>
         <object_component_ref idref="oc-27"/>
      </symbol>
      <symbol id="sm-24b">
         <name>_abort</name>
         <value>0x3e40</value>
         <object_component_ref idref="oc-a8"/>
      </symbol>
      <symbol id="sm-24c">
         <name>__cleanup_ptr</name>
         <value>0x45b8</value>
         <object_component_ref idref="oc-27"/>
      </symbol>
      <symbol id="sm-24d">
         <name>__dtors_ptr</name>
         <value>0x45bc</value>
         <object_component_ref idref="oc-27"/>
      </symbol>
      <symbol id="sm-257">
         <name>__fixfi</name>
         <value>0x39a0</value>
         <object_component_ref idref="oc-b5"/>
      </symbol>
      <symbol id="sm-261">
         <name>__fltif</name>
         <value>0x3aa0</value>
         <object_component_ref idref="oc-b4"/>
      </symbol>
      <symbol id="sm-26b">
         <name>__frcmpyf_div</name>
         <value>0x3c40</value>
         <object_component_ref idref="oc-c2"/>
      </symbol>
      <symbol id="sm-275">
         <name>__mpyf</name>
         <value>0x20e0</value>
         <object_component_ref idref="oc-b3"/>
      </symbol>
      <symbol id="sm-283">
         <name>_sinf</name>
         <value>0x1200</value>
         <object_component_ref idref="oc-ae"/>
      </symbol>
      <symbol id="sm-28d">
         <name>__subf</name>
         <value>0x3cc0</value>
         <object_component_ref idref="oc-b2"/>
      </symbol>
      <symbol id="sm-297">
         <name>__truncf</name>
         <value>0x3e20</value>
         <object_component_ref idref="oc-be"/>
      </symbol>
      <symbol id="sm-2a1">
         <name>__args_main</name>
         <value>0x3c00</value>
         <object_component_ref idref="oc-98"/>
      </symbol>
      <symbol id="sm-2a2">
         <name>__TI_args_main</name>
         <value>0x1</value>
      </symbol>
      <symbol id="sm-2ac">
         <name>__auto_init</name>
         <value>0x3060</value>
         <object_component_ref idref="oc-97"/>
      </symbol>
      <symbol id="sm-2b6">
         <name>___TI_cpp_init</name>
         <value>0x3920</value>
         <object_component_ref idref="oc-a6"/>
      </symbol>
      <symbol id="sm-2c0">
         <name>_copy_in</name>
         <value>0x37e0</value>
         <object_component_ref idref="oc-a4"/>
      </symbol>
      <symbol id="sm-2ca">
         <name>__frcmpyf</name>
         <value>0x3b00</value>
         <object_component_ref idref="oc-c3"/>
      </symbol>
      <symbol id="sm-2d2">
         <name>_memcpy</name>
         <value>0x3220</value>
         <object_component_ref idref="oc-a5"/>
      </symbol>
      <symbol id="sm-2dc">
         <name>_modff</name>
         <value>0x3880</value>
         <object_component_ref idref="oc-bf"/>
      </symbol>
      <symbol id="sm-2e6">
         <name>__negf</name>
         <value>0x3c80</value>
         <object_component_ref idref="oc-c0"/>
      </symbol>
      <symbol id="sm-2f0">
         <name>__roundf</name>
         <value>0x3140</value>
         <object_component_ref idref="oc-bd"/>
      </symbol>
      <symbol id="sm-30c">
         <name>__IRQ_eventTable</name>
         <value>0x43e8</value>
         <object_component_ref idref="oc-5e"/>
      </symbol>
      <symbol id="sm-30d">
         <name>_IRQ_nmiEnable</name>
         <value>0x3d60</value>
         <object_component_ref idref="oc-bb"/>
      </symbol>
      <symbol id="sm-30e">
         <name>_IRQ_reset</name>
         <value>0x3bc0</value>
         <object_component_ref idref="oc-b9"/>
      </symbol>
      <symbol id="sm-30f">
         <name>__IRQ_intTable</name>
         <value>0x4470</value>
         <object_component_ref idref="oc-5e"/>
      </symbol>
      <symbol id="sm-310">
         <name>_IRQ_globalEnable</name>
         <value>0x3d40</value>
         <object_component_ref idref="oc-ba"/>
      </symbol>
      <symbol id="sm-311">
         <name>_IRQ_globalDisable</name>
         <value>0x3d20</value>
         <object_component_ref idref="oc-b6"/>
      </symbol>
      <symbol id="sm-312">
         <name>_IRQ_map</name>
         <value>0x2740</value>
         <object_component_ref idref="oc-b8"/>
      </symbol>
      <symbol id="sm-313">
         <name>_IRQ_enable</name>
         <value>0x3d00</value>
         <object_component_ref idref="oc-bc"/>
      </symbol>
      <symbol id="sm-314">
         <name>__IRQ_dispatchTable</name>
         <value>0x44b0</value>
         <object_component_ref idref="oc-5e"/>
      </symbol>
      <symbol id="sm-315">
         <name>__IRQ_hookFetchPacket</name>
         <value>0x3e60</value>
         <object_component_ref idref="oc-5c"/>
      </symbol>
      <symbol id="sm-333">
         <name>_MCBSP_reset</name>
         <value>0x2920</value>
         <object_component_ref idref="oc-a9"/>
      </symbol>
      <symbol id="sm-334">
         <name>_MCBSP_read</name>
         <value>0x3da0</value>
         <object_component_ref idref="oc-a1"/>
      </symbol>
      <symbol id="sm-335">
         <name>_MCBSP_getXmtEventId</name>
         <value>0x3d80</value>
         <object_component_ref idref="oc-b7"/>
      </symbol>
      <symbol id="sm-336">
         <name>_MCBSP_open</name>
         <value>0x2ea0</value>
         <object_component_ref idref="oc-9d"/>
      </symbol>
      <symbol id="sm-337">
         <name>__MCBSP_hDev0</name>
         <value>0x4560</value>
         <object_component_ref idref="oc-63"/>
      </symbol>
      <symbol id="sm-338">
         <name>__MCBSP_hDev1</name>
         <value>0x4564</value>
         <object_component_ref idref="oc-63"/>
      </symbol>
      <symbol id="sm-339">
         <name>__MCBSP_hDev2</name>
         <value>0x4568</value>
         <object_component_ref idref="oc-63"/>
      </symbol>
      <symbol id="sm-33a">
         <name>_MCBSP_start</name>
         <value>0x2f80</value>
         <object_component_ref idref="oc-9f"/>
      </symbol>
      <symbol id="sm-33b">
         <name>_MCBSP_rrdy</name>
         <value>0x3dc0</value>
         <object_component_ref idref="oc-a0"/>
      </symbol>
      <symbol id="sm-33c">
         <name>_MCBSP_config</name>
         <value>0x3300</value>
         <object_component_ref idref="oc-9e"/>
      </symbol>
      <symbol id="sm-33d">
         <name>_MCBSP_xrdy</name>
         <value>0x3e00</value>
         <object_component_ref idref="oc-a2"/>
      </symbol>
      <symbol id="sm-33e">
         <name>_MCBSP_write</name>
         <value>0x3de0</value>
         <object_component_ref idref="oc-a3"/>
      </symbol>
      <symbol id="sm-36e">
         <name>_DSK6416_waitusec</name>
         <value>0x1c40</value>
         <object_component_ref idref="oc-67"/>
      </symbol>
      <symbol id="sm-36f">
         <name>_DSK6416_rget</name>
         <value>0x1b50</value>
         <object_component_ref idref="oc-67"/>
      </symbol>
      <symbol id="sm-370">
         <name>_DSK6416_wait</name>
         <value>0x1bd0</value>
         <object_component_ref idref="oc-67"/>
      </symbol>
      <symbol id="sm-371">
         <name>_DSK6416_rset</name>
         <value>0x1b88</value>
         <object_component_ref idref="oc-67"/>
      </symbol>
      <symbol id="sm-372">
         <name>_DSK6416_version</name>
         <value>0x43b4</value>
         <object_component_ref idref="oc-68"/>
      </symbol>
      <symbol id="sm-373">
         <name>_DSK6416_getVersion</name>
         <value>0x1c8c</value>
         <object_component_ref idref="oc-67"/>
      </symbol>
      <symbol id="sm-374">
         <name>_DSK6416_init</name>
         <value>0x19a0</value>
         <object_component_ref idref="oc-67"/>
      </symbol>
      <symbol id="sm-396">
         <name>_DSK6416_AIC23_openCodec</name>
         <value>0x2300</value>
         <object_component_ref idref="oc-6e"/>
      </symbol>
      <symbol id="sm-397">
         <name>_DSK6416_AIC23_codecdatahandle</name>
         <value>0x45c8</value>
         <object_component_ref idref="oc-6f"/>
      </symbol>
      <symbol id="sm-398">
         <name>_DSK6416_AIC23_codeccontrolhandle</name>
         <value>0x45c4</value>
         <object_component_ref idref="oc-6f"/>
      </symbol>
      <symbol id="sm-3c5">
         <name>_DSK6416_AIC23_rset</name>
         <value>0x2520</value>
         <object_component_ref idref="oc-75"/>
      </symbol>
      <symbol id="sm-3c6">
         <name>_DSK6416_AIC23_config</name>
         <value>0x267c</value>
         <object_component_ref idref="oc-75"/>
      </symbol>
      <symbol id="sm-3c7">
         <name>_DSK6416_AIC23_rget</name>
         <value>0x263c</value>
         <object_component_ref idref="oc-75"/>
      </symbol>
      <symbol id="sm-3e4">
         <name>_DSK6416_AIC23_setFreq</name>
         <value>0x2da0</value>
         <object_component_ref idref="oc-7c"/>
      </symbol>
      <symbol id="sm-3f4">
         <name>_DSK6416_DIP_init</name>
         <value>0x3a20</value>
         <object_component_ref idref="oc-83"/>
      </symbol>
      <symbol id="sm-3f5">
         <name>_DSK6416_DIP_get</name>
         <value>0x3a24</value>
         <object_component_ref idref="oc-83"/>
      </symbol>
      <symbol id="sm-40e">
         <name>_DSK6416_LED_init</name>
         <value>0x2b00</value>
         <object_component_ref idref="oc-88"/>
      </symbol>
      <symbol id="sm-40f">
         <name>_DSK6416_LED_toggle</name>
         <value>0x2c20</value>
         <object_component_ref idref="oc-88"/>
      </symbol>
      <symbol id="sm-410">
         <name>_DSK6416_LED_on</name>
         <value>0x2bb4</value>
         <object_component_ref idref="oc-88"/>
      </symbol>
      <symbol id="sm-411">
         <name>_DSK6416_LED_off</name>
         <value>0x2b48</value>
         <object_component_ref idref="oc-88"/>
      </symbol>
      <symbol id="sm-419">
         <name>__strasg</name>
         <value>0x33c0</value>
         <object_component_ref idref="oc-9a"/>
      </symbol>
      <symbol id="sm-423">
         <name>_EMIFA_config</name>
         <value>0x3600</value>
         <object_component_ref idref="oc-9c"/>
      </symbol>
      <symbol id="sm-42d">
         <name>_EMIFB_config</name>
         <value>0x36a0</value>
         <object_component_ref idref="oc-9b"/>
      </symbol>
   </symbol_table>
</link_info>
