******************************************************************************
               TMS320C6x Linker PC v7.4.20                     
******************************************************************************
>> Linked Wed Apr 01 10:22:40 2026

OUTPUT FILE NAME:   <lab_3.out>
ENTRY POINT SYMBOL: "_c_int00"  address: 00003b60


MEMORY CONFIGURATION

         name            origin    length      used     unused   attr    fill
----------------------  --------  ---------  --------  --------  ----  --------
  RAM                   00000001   fffffffe  00004e90  ffffb16e  RWIX


SECTION ALLOCATION MAP

 output                                  attributes/
section   page    origin      length       input sections
--------  ----  ----------  ----------   ----------------
.pinit     0    00000004    00000000     UNINITIALIZED

.data      0    00000008    00000000     UNINITIALIZED

.bss       0    00000008    00000000     UNINITIALIZED

.text      0    00000020    00003e60     
                  00000020    00000ba0     bai_tap.obj (.text)
                  00000bc0    00000640     c6416dskinit.obj (.text)
                  00001200    000003e0     rts6400.lib : sinf.obj (.text:_sinf)
                  000015e0    000003c0                 : divf.obj (.text:__divf)
                  000019a0    000003c0     dsk6416bsl.lib : dsk6416.obj (.text)
                  00001d60    00000380     rts6400.lib : addf.obj (.text:__addf)
                  000020e0    00000220                 : mpyf.obj (.text:__mpyf)
                  00002300    00000220     dsk6416bsl.lib : dsk6416_aic23_opencodec.obj (.text)
                  00002520    00000220                    : dsk6416_aic23_registers.obj (.text)
                  00002740    000001e0     csl6416.lib : csl_irq.obj (.text:_IRQ_map)
                  00002920    000001e0                 : csl_mcbsp.obj (.text:_MCBSP_reset)
                  00002b00    000001a0     dsk6416bsl.lib : dsk6416_led.obj (.text)
                  00002ca0    00000100     rts6400.lib : divi.obj (.text:__divi)
                  00002da0    00000100     dsk6416bsl.lib : dsk6416_aic23_setfreq.obj (.text)
                  00002ea0    000000e0     csl6416.lib : csl_mcbsp.obj (.text:_MCBSP_open)
                  00002f80    000000e0                 : csl_mcbsp.obj (.text:_MCBSP_start)
                  00003060    000000e0     rts6400.lib : autoinit.obj (.text:__auto_init)
                  00003140    000000e0                 : roundf.obj (.text:__roundf)
                  00003220    000000e0                 : memcpy64.obj (.text:_memcpy)
                  00003300    000000c0     csl6416.lib : csl_mcbsp.obj (.text:_MCBSP_config)
                  000033c0    000000c0     rts6400.lib : strasg.obj (.text:__strasg)
                  00003480    000000c0                 : exit.obj (.text:_exit)
                  00003540    000000c0     csl6416.lib : csl_irq.obj (.text:_setMux)
                  00003600    000000a0                 : csl_emifa.obj (.text:_EMIFA_config)
                  000036a0    000000a0                 : csl_emifb.obj (.text:_EMIFB_config)
                  00003740    000000a0     rts6400.lib : cmpf.obj (.text:__cmpf)
                  000037e0    000000a0                 : cpy_tbl.obj (.text:_copy_in)
                  00003880    000000a0                 : modff.obj (.text:_modff)
                  00003920    00000080                 : cpp_init.obj (.text:___TI_cpp_init)
                  000039a0    00000080                 : fixfi.obj (.text:__fixfi)
                  00003a20    00000080     dsk6416bsl.lib : dsk6416_dip.obj (.text)
                  00003aa0    00000060     rts6400.lib : fltif.obj (.text:__fltif)
                  00003b00    00000060                 : frcmpyf.obj (.text:__frcmpyf)
                  00003b60    00000060                 : boot.obj (.text:_c_int00)
                  00003bc0    00000040     csl6416.lib : csl_irq.obj (.text:_IRQ_reset)
                  00003c00    00000040     rts6400.lib : args_main.obj (.text:__args_main)
                  00003c40    00000040                 : frcmpyf_div.obj (.text:__frcmpyf_div)
                  00003c80    00000040                 : negf.obj (.text:__negf)
                  00003cc0    00000040                 : subf.obj (.text:__subf)
                  00003d00    00000020     csl6416.lib : csl_irq.obj (.text:_IRQ_enable)
                  00003d20    00000020                 : csl_irq.obj (.text:_IRQ_globalDisable)
                  00003d40    00000020                 : csl_irq.obj (.text:_IRQ_globalEnable)
                  00003d60    00000020                 : csl_irq.obj (.text:_IRQ_nmiEnable)
                  00003d80    00000020                 : csl_mcbsp.obj (.text:_MCBSP_getXmtEventId)
                  00003da0    00000020                 : csl_mcbsp.obj (.text:_MCBSP_read)
                  00003dc0    00000020                 : csl_mcbsp.obj (.text:_MCBSP_rrdy)
                  00003de0    00000020                 : csl_mcbsp.obj (.text:_MCBSP_write)
                  00003e00    00000020                 : csl_mcbsp.obj (.text:_MCBSP_xrdy)
                  00003e20    00000020     rts6400.lib : truncf.obj (.text:__truncf)
                  00003e40    00000020                 : exit.obj (.text:_abort)
                  00003e60    00000020     csl6416.lib : csl_irq.obj (.text)

.far       0    00003e80    0000074c     UNINITIALIZED
                  00003e80    00000428     Sine8_LED.obj (.far)
                  000042a8    0000010c     bai_tap.obj (.far)
                  000043b4    00000004     dsk6416bsl.lib : dsk6416.obj (.far)
                  000043b8    00000100     csl6416.lib : csl_irq.obj (.far)
                  000044b8    0000005a     c6416dskinit.obj (.far)
                  00004512    00000002     dsk6416bsl.lib : dsk6416_led.obj (.far)
                  00004514    00000004     --HOLE--
                  00004518    00000054     csl6416.lib : csl_mcbsp.obj (.far)
                  0000456c    00000004     --HOLE--
                  00004570    00000020     dsk6416bsl.lib : dsk6416_aic23_setfreq.obj (.far)
                  00004590    00000014                    : dsk6416_aic23_registers.obj (.far)
                  000045a4    00000004     --HOLE--
                  000045a8    00000010     rts6400.lib : sinf.obj (.far)
                  000045b8    0000000c                 : exit.obj (.far)
                  000045c4    00000008     dsk6416bsl.lib : dsk6416_aic23_opencodec.obj (.far)

.stack     0    000045d0    00000400     UNINITIALIZED
                  000045d0    00000008     rts6400.lib : boot.obj (.stack)
                  000045d8    000003f8     --HOLE--

.cinit     0    000049d0    0000036c     
                  000049d0    0000012c     csl6416.lib : csl_irq.obj (.cinit)
                  00004afc    00000004     --HOLE-- [fill = 0]
                  00004b00    00000098     Sine8_LED.obj (.cinit)
                  00004b98    0000007c     csl6416.lib : csl_mcbsp.obj (.cinit)
                  00004c14    00000004     --HOLE-- [fill = 0]
                  00004c18    0000005c     c6416dskinit.obj (.cinit)
                  00004c74    00000004     --HOLE-- [fill = 0]
                  00004c78    0000002c     rts6400.lib : exit.obj (.cinit)
                  00004ca4    00000004     --HOLE-- [fill = 0]
                  00004ca8    0000002a     bai_tap.obj (.cinit)
                  00004cd2    00000006     --HOLE-- [fill = 0]
                  00004cd8    00000028     dsk6416bsl.lib : dsk6416_aic23_setfreq.obj (.cinit)
                  00004d00    0000001c                    : dsk6416_aic23_registers.obj (.cinit)
                  00004d1c    00000004     --HOLE-- [fill = 0]
                  00004d20    00000018     rts6400.lib : sinf.obj (.cinit)
                  00004d38    00000004     --HOLE-- [fill = 0]

.const     0    00004d40    00000178     
                  00004d40    000000c0     dsk6416bsl.lib : dsk6416.obj (.const)
                  00004e00    00000070                    : dsk6416_aic23_opencodec.obj (.const)
                  00004e70    00000020     bai_tap.obj (.const:_$P$T0$1)
                  00004e90    00000020     bai_tap.obj (.const:_$P$T1$2)
                  00004eb0    00000008     rts6400.lib : divf.obj (.const:.string:_initial_approx$1)


GLOBAL SYMBOLS: SORTED ALPHABETICALLY BY Name 

address    name
--------   ----
00000008   $bss
00000008   .bss
00000008   .data
00000020   .text
00003e40   C$$EXIT
000044c4   _AIC23CfgData
000044b8   _AIC_data
000045c4   _DSK6416_AIC23_codeccontrolhandle
000045c8   _DSK6416_AIC23_codecdatahandle
0000267c   _DSK6416_AIC23_config
00002300   _DSK6416_AIC23_openCodec
0000263c   _DSK6416_AIC23_rget
00002520   _DSK6416_AIC23_rset
00002da0   _DSK6416_AIC23_setFreq
00003a24   _DSK6416_DIP_get
00003a20   _DSK6416_DIP_init
00002b00   _DSK6416_LED_init
00002b48   _DSK6416_LED_off
00002bb4   _DSK6416_LED_on
00002c20   _DSK6416_LED_toggle
00001c8c   _DSK6416_getVersion
000019a0   _DSK6416_init
00001b50   _DSK6416_rget
00001b88   _DSK6416_rset
000043b4   _DSK6416_version
00001bd0   _DSK6416_wait
00001c40   _DSK6416_waitusec
00003600   _EMIFA_config
000036a0   _EMIFB_config
00003d00   _IRQ_enable
00003d20   _IRQ_globalDisable
00003d40   _IRQ_globalEnable
00002740   _IRQ_map
00003d60   _IRQ_nmiEnable
00003bc0   _IRQ_reset
00003300   _MCBSP_config
00003d80   _MCBSP_getXmtEventId
00002ea0   _MCBSP_open
00003da0   _MCBSP_read
00002920   _MCBSP_reset
00003dc0   _MCBSP_rrdy
00002f80   _MCBSP_start
00003de0   _MCBSP_write
00003e00   _MCBSP_xrdy
000044b0   __IRQ_dispatchTable
000043e8   __IRQ_eventTable
00003e60   __IRQ_hookFetchPacket
00004470   __IRQ_intTable
00004560   __MCBSP_hDev0
00004564   __MCBSP_hDev1
00004568   __MCBSP_hDev2
000049d0   __STACK_END
00000400   __STACK_SIZE
00000001   __TI_args_main
00003920   ___TI_cpp_init
000045c0   ___TI_enable_exit_profile_output
ffffffff   ___TI_pprof_out_hndl
ffffffff   ___TI_prof_data_size
ffffffff   ___TI_prof_data_start
ffffffff   ___binit__
00000008   ___bss__
ffffffff   ___c_args__
000049d0   ___cinit__
00000008   ___data__
00000008   ___edata__
00000008   ___end__
00003e80   ___etext__
ffffffff   ___pinit__
00000020   ___text__
00001d60   __addf
00003c00   __args_main
00003060   __auto_init
00002ca0   __c6xabi_divi
000045b8   __cleanup_ptr
00003740   __cmpf
000015e0   __divf
00002ca0   __divi
000045bc   __dtors_ptr
000039a0   __fixfi
00003aa0   __fltif
00003b00   __frcmpyf
00003c40   __frcmpyf_div
00003e80   __fs
000043b2   __gain
000020e0   __mpyf
00003c80   __negf
00003140   __roundf
000045d0   __stack
000033c0   __strasg
00003cc0   __subf
00003e20   __truncf
00003e40   _abort
00000bc0   _c6416_dsk_init
00003b60   _c_int00
00000c8c   _comm_intr
00000c64   _comm_poll
000044fc   _config
000037e0   _copy_in
00003480   _exit
000042a8   _fs
000042b0   _gBuffer
00003ea8   _gBuffer1
00003fa8   _gBuffer2
000040a8   _gBuffer3
000041a8   _gBuffer4
00003e8e   _gain
00004510   _hAIC23_handle
00003e88   _i
000010a8   _input_left_sample
00001148   _input_right_sample
00000fd0   _input_sample
00003e8a   _j
00003e84   _loop
00003e86   _loop1
00003e8c   _m
00000020   _main
00003220   _memcpy
00003880   _modff
00000e64   _output_left_sample
00000f1c   _output_right_sample
00000d78   _output_sample
00003e90   _sine_table1
00003ea0   _sine_table2
00001200   _sinf
000043b0   _z
ffffffff   binit
000049d0   cinit
00000008   edata
00000008   end
00003e80   etext
ffffffff   pinit


GLOBAL SYMBOLS: SORTED BY Symbol Address 

address    name
--------   ----
00000001   __TI_args_main
00000008   $bss
00000008   .bss
00000008   .data
00000008   ___bss__
00000008   ___data__
00000008   ___edata__
00000008   ___end__
00000008   edata
00000008   end
00000020   .text
00000020   ___text__
00000020   _main
00000400   __STACK_SIZE
00000bc0   _c6416_dsk_init
00000c64   _comm_poll
00000c8c   _comm_intr
00000d78   _output_sample
00000e64   _output_left_sample
00000f1c   _output_right_sample
00000fd0   _input_sample
000010a8   _input_left_sample
00001148   _input_right_sample
00001200   _sinf
000015e0   __divf
000019a0   _DSK6416_init
00001b50   _DSK6416_rget
00001b88   _DSK6416_rset
00001bd0   _DSK6416_wait
00001c40   _DSK6416_waitusec
00001c8c   _DSK6416_getVersion
00001d60   __addf
000020e0   __mpyf
00002300   _DSK6416_AIC23_openCodec
00002520   _DSK6416_AIC23_rset
0000263c   _DSK6416_AIC23_rget
0000267c   _DSK6416_AIC23_config
00002740   _IRQ_map
00002920   _MCBSP_reset
00002b00   _DSK6416_LED_init
00002b48   _DSK6416_LED_off
00002bb4   _DSK6416_LED_on
00002c20   _DSK6416_LED_toggle
00002ca0   __c6xabi_divi
00002ca0   __divi
00002da0   _DSK6416_AIC23_setFreq
00002ea0   _MCBSP_open
00002f80   _MCBSP_start
00003060   __auto_init
00003140   __roundf
00003220   _memcpy
00003300   _MCBSP_config
000033c0   __strasg
00003480   _exit
00003600   _EMIFA_config
000036a0   _EMIFB_config
00003740   __cmpf
000037e0   _copy_in
00003880   _modff
00003920   ___TI_cpp_init
000039a0   __fixfi
00003a20   _DSK6416_DIP_init
00003a24   _DSK6416_DIP_get
00003aa0   __fltif
00003b00   __frcmpyf
00003b60   _c_int00
00003bc0   _IRQ_reset
00003c00   __args_main
00003c40   __frcmpyf_div
00003c80   __negf
00003cc0   __subf
00003d00   _IRQ_enable
00003d20   _IRQ_globalDisable
00003d40   _IRQ_globalEnable
00003d60   _IRQ_nmiEnable
00003d80   _MCBSP_getXmtEventId
00003da0   _MCBSP_read
00003dc0   _MCBSP_rrdy
00003de0   _MCBSP_write
00003e00   _MCBSP_xrdy
00003e20   __truncf
00003e40   C$$EXIT
00003e40   _abort
00003e60   __IRQ_hookFetchPacket
00003e80   ___etext__
00003e80   __fs
00003e80   etext
00003e84   _loop
00003e86   _loop1
00003e88   _i
00003e8a   _j
00003e8c   _m
00003e8e   _gain
00003e90   _sine_table1
00003ea0   _sine_table2
00003ea8   _gBuffer1
00003fa8   _gBuffer2
000040a8   _gBuffer3
000041a8   _gBuffer4
000042a8   _fs
000042b0   _gBuffer
000043b0   _z
000043b2   __gain
000043b4   _DSK6416_version
000043e8   __IRQ_eventTable
00004470   __IRQ_intTable
000044b0   __IRQ_dispatchTable
000044b8   _AIC_data
000044c4   _AIC23CfgData
000044fc   _config
00004510   _hAIC23_handle
00004560   __MCBSP_hDev0
00004564   __MCBSP_hDev1
00004568   __MCBSP_hDev2
000045b8   __cleanup_ptr
000045bc   __dtors_ptr
000045c0   ___TI_enable_exit_profile_output
000045c4   _DSK6416_AIC23_codeccontrolhandle
000045c8   _DSK6416_AIC23_codecdatahandle
000045d0   __stack
000049d0   __STACK_END
000049d0   ___cinit__
000049d0   cinit
ffffffff   ___TI_pprof_out_hndl
ffffffff   ___TI_prof_data_size
ffffffff   ___TI_prof_data_start
ffffffff   ___binit__
ffffffff   ___c_args__
ffffffff   ___pinit__
ffffffff   binit
ffffffff   pinit

[131 symbols]
