******************************************************************************
               TMS320C6x Linker PC v7.4.20                     
******************************************************************************
>> Linked Wed Apr 01 08:56:06 2026

OUTPUT FILE NAME:   <lab_3.out>
ENTRY POINT SYMBOL: "_c_int00"  address: 00002f20


MEMORY CONFIGURATION

         name            origin    length      used     unused   attr    fill
----------------------  --------  ---------  --------  --------  ----  --------
  RAM                   00000001   fffffffe  00004240  ffffbdbe  RWIX


SECTION ALLOCATION MAP

 output                                  attributes/
section   page    origin      length       input sections
--------  ----  ----------  ----------   ----------------
.pinit     0    00000004    00000000     UNINITIALIZED

.data      0    00000008    00000000     UNINITIALIZED

.bss       0    00000008    00000000     UNINITIALIZED

.text      0    00000020    000031e0     
                  00000020    00000640     c6416dskinit.obj (.text)
                  00000660    00000420     bai_tap.obj (.text)
                  00000a80    000003e0     rts6400.lib : sinf.obj (.text:_sinf)
                  00000e60    000003c0     dsk6416bsl.lib : dsk6416.obj (.text)
                  00001220    00000380     rts6400.lib : addf.obj (.text:__addf)
                  000015a0    00000220                 : mpyf.obj (.text:__mpyf)
                  000017c0    00000220     dsk6416bsl.lib : dsk6416_aic23_opencodec.obj (.text)
                  000019e0    00000220                    : dsk6416_aic23_registers.obj (.text)
                  00001c00    000001e0     csl6416.lib : csl_irq.obj (.text:_IRQ_map)
                  00001de0    000001e0                 : csl_mcbsp.obj (.text:_MCBSP_reset)
                  00001fc0    000001a0     dsk6416bsl.lib : dsk6416_led.obj (.text)
                  00002160    00000100                    : dsk6416_aic23_setfreq.obj (.text)
                  00002260    000000e0     csl6416.lib : csl_mcbsp.obj (.text:_MCBSP_open)
                  00002340    000000e0                 : csl_mcbsp.obj (.text:_MCBSP_start)
                  00002420    000000e0     rts6400.lib : autoinit.obj (.text:__auto_init)
                  00002500    000000e0                 : roundf.obj (.text:__roundf)
                  000025e0    000000e0                 : memcpy64.obj (.text:_memcpy)
                  000026c0    000000c0     csl6416.lib : csl_mcbsp.obj (.text:_MCBSP_config)
                  00002780    000000c0     rts6400.lib : strasg.obj (.text:__strasg)
                  00002840    000000c0                 : exit.obj (.text:_exit)
                  00002900    000000c0     csl6416.lib : csl_irq.obj (.text:_setMux)
                  000029c0    000000a0                 : csl_emifa.obj (.text:_EMIFA_config)
                  00002a60    000000a0                 : csl_emifb.obj (.text:_EMIFB_config)
                  00002b00    000000a0     rts6400.lib : cmpf.obj (.text:__cmpf)
                  00002ba0    000000a0                 : cpy_tbl.obj (.text:_copy_in)
                  00002c40    000000a0                 : modff.obj (.text:_modff)
                  00002ce0    00000080                 : cpp_init.obj (.text:___TI_cpp_init)
                  00002d60    00000080                 : fixfi.obj (.text:__fixfi)
                  00002de0    00000080     dsk6416bsl.lib : dsk6416_dip.obj (.text)
                  00002e60    00000060     rts6400.lib : fltif.obj (.text:__fltif)
                  00002ec0    00000060                 : frcmpyf.obj (.text:__frcmpyf)
                  00002f20    00000060                 : boot.obj (.text:_c_int00)
                  00002f80    00000040     csl6416.lib : csl_irq.obj (.text:_IRQ_reset)
                  00002fc0    00000040     rts6400.lib : args_main.obj (.text:__args_main)
                  00003000    00000040                 : negf.obj (.text:__negf)
                  00003040    00000040                 : subf.obj (.text:__subf)
                  00003080    00000020     csl6416.lib : csl_irq.obj (.text:_IRQ_enable)
                  000030a0    00000020                 : csl_irq.obj (.text:_IRQ_globalDisable)
                  000030c0    00000020                 : csl_irq.obj (.text:_IRQ_globalEnable)
                  000030e0    00000020                 : csl_irq.obj (.text:_IRQ_nmiEnable)
                  00003100    00000020                 : csl_mcbsp.obj (.text:_MCBSP_getXmtEventId)
                  00003120    00000020                 : csl_mcbsp.obj (.text:_MCBSP_read)
                  00003140    00000020                 : csl_mcbsp.obj (.text:_MCBSP_rrdy)
                  00003160    00000020                 : csl_mcbsp.obj (.text:_MCBSP_write)
                  00003180    00000020                 : csl_mcbsp.obj (.text:_MCBSP_xrdy)
                  000031a0    00000020     rts6400.lib : truncf.obj (.text:__truncf)
                  000031c0    00000020                 : exit.obj (.text:_abort)
                  000031e0    00000020     csl6416.lib : csl_irq.obj (.text)

.far       0    00003200    0000076c     UNINITIALIZED
                  00003200    00000428     Sine8_LED.obj (.far)
                  00003628    0000012c     bai_tap.obj (.far)
                  00003754    00000004     dsk6416bsl.lib : dsk6416.obj (.far)
                  00003758    00000100     csl6416.lib : csl_irq.obj (.far)
                  00003858    0000005a     c6416dskinit.obj (.far)
                  000038b2    00000002     dsk6416bsl.lib : dsk6416_led.obj (.far)
                  000038b4    00000004     --HOLE--
                  000038b8    00000054     csl6416.lib : csl_mcbsp.obj (.far)
                  0000390c    00000004     --HOLE--
                  00003910    00000020     dsk6416bsl.lib : dsk6416_aic23_setfreq.obj (.far)
                  00003930    00000014                    : dsk6416_aic23_registers.obj (.far)
                  00003944    00000004     --HOLE--
                  00003948    00000010     rts6400.lib : sinf.obj (.far)
                  00003958    0000000c                 : exit.obj (.far)
                  00003964    00000008     dsk6416bsl.lib : dsk6416_aic23_opencodec.obj (.far)

.stack     0    00003970    00000400     UNINITIALIZED
                  00003970    00000008     rts6400.lib : boot.obj (.stack)
                  00003978    000003f8     --HOLE--

.cinit     0    00003d70    000003b4     
                  00003d70    0000012c     csl6416.lib : csl_irq.obj (.cinit)
                  00003e9c    00000004     --HOLE-- [fill = 0]
                  00003ea0    00000098     Sine8_LED.obj (.cinit)
                  00003f38    0000007c     csl6416.lib : csl_mcbsp.obj (.cinit)
                  00003fb4    00000004     --HOLE-- [fill = 0]
                  00003fb8    00000074     bai_tap.obj (.cinit)
                  0000402c    00000004     --HOLE-- [fill = 0]
                  00004030    0000005c     c6416dskinit.obj (.cinit)
                  0000408c    00000004     --HOLE-- [fill = 0]
                  00004090    0000002c     rts6400.lib : exit.obj (.cinit)
                  000040bc    00000004     --HOLE-- [fill = 0]
                  000040c0    00000028     dsk6416bsl.lib : dsk6416_aic23_setfreq.obj (.cinit)
                  000040e8    0000001c                    : dsk6416_aic23_registers.obj (.cinit)
                  00004104    00000004     --HOLE-- [fill = 0]
                  00004108    00000018     rts6400.lib : sinf.obj (.cinit)
                  00004120    00000004     --HOLE-- [fill = 0]

.const     0    00004128    00000140     
                  00004128    000000c0     dsk6416bsl.lib : dsk6416.obj (.const)
                  000041e8    00000070                    : dsk6416_aic23_opencodec.obj (.const)
                  00004258    00000010     bai_tap.obj (.const)


GLOBAL SYMBOLS: SORTED ALPHABETICALLY BY Name 

address    name
--------   ----
00000008   $bss
00000008   .bss
00000008   .data
00000020   .text
000031c0   C$$EXIT
00003864   _AIC23CfgData
00003858   _AIC_data
00003964   _DSK6416_AIC23_codeccontrolhandle
00003968   _DSK6416_AIC23_codecdatahandle
00001b3c   _DSK6416_AIC23_config
000017c0   _DSK6416_AIC23_openCodec
00001afc   _DSK6416_AIC23_rget
000019e0   _DSK6416_AIC23_rset
00002160   _DSK6416_AIC23_setFreq
00002de4   _DSK6416_DIP_get
00002de0   _DSK6416_DIP_init
00001fc0   _DSK6416_LED_init
00002008   _DSK6416_LED_off
00002074   _DSK6416_LED_on
000020e0   _DSK6416_LED_toggle
0000114c   _DSK6416_getVersion
00000e60   _DSK6416_init
00001010   _DSK6416_rget
00001048   _DSK6416_rset
00003754   _DSK6416_version
00001090   _DSK6416_wait
00001100   _DSK6416_waitusec
000029c0   _EMIFA_config
00002a60   _EMIFB_config
00003080   _IRQ_enable
000030a0   _IRQ_globalDisable
000030c0   _IRQ_globalEnable
00001c00   _IRQ_map
000030e0   _IRQ_nmiEnable
00002f80   _IRQ_reset
000026c0   _MCBSP_config
00003100   _MCBSP_getXmtEventId
00002260   _MCBSP_open
00003120   _MCBSP_read
00001de0   _MCBSP_reset
00003140   _MCBSP_rrdy
00002340   _MCBSP_start
00003160   _MCBSP_write
00003180   _MCBSP_xrdy
00003850   __IRQ_dispatchTable
00003788   __IRQ_eventTable
000031e0   __IRQ_hookFetchPacket
00003810   __IRQ_intTable
00003900   __MCBSP_hDev0
00003904   __MCBSP_hDev1
00003908   __MCBSP_hDev2
00003d70   __STACK_END
00000400   __STACK_SIZE
00000001   __TI_args_main
00002ce0   ___TI_cpp_init
00003960   ___TI_enable_exit_profile_output
ffffffff   ___TI_pprof_out_hndl
ffffffff   ___TI_prof_data_size
ffffffff   ___TI_prof_data_start
ffffffff   ___binit__
00000008   ___bss__
ffffffff   ___c_args__
00003d70   ___cinit__
00000008   ___data__
00000008   ___edata__
00000008   ___end__
00003200   ___etext__
ffffffff   ___pinit__
00000020   ___text__
00001220   __addf
00002fc0   __args_main
00002420   __auto_init
00003958   __cleanup_ptr
00002b00   __cmpf
0000395c   __dtors_ptr
00002d60   __fixfi
00002e60   __fltif
00002ec0   __frcmpyf
00003200   __fs
000015a0   __mpyf
00003000   __negf
00002500   __roundf
00003970   __stack
00002780   __strasg
00003040   __subf
000031a0   __truncf
000031c0   _abort
00000020   _c6416_dsk_init
00002f20   _c_int00
000000ec   _comm_intr
000000c4   _comm_poll
0000389c   _config
00002ba0   _copy_in
00002840   _exit
00003628   _fs
00003640   _gBuffer
00003228   _gBuffer1
00003328   _gBuffer2
00003428   _gBuffer3
00003528   _gBuffer4
0000320e   _gain
000038b0   _hAIC23_handle
00003208   _i
00000508   _input_left_sample
000005a8   _input_right_sample
00000430   _input_sample
0000320a   _j
00003204   _loop
00003206   _loop1
0000320c   _m
00000660   _main
000025e0   _memcpy
00002c40   _modff
000002c4   _output_left_sample
0000037c   _output_right_sample
000001d8   _output_sample
0000374c   _phase2_4k
00003744   _phase3k
00003750   _phase4_8k
00003748   _phase6k
00003630   _sine_table
00003210   _sine_table1
00003220   _sine_table2
00000a80   _sinf
00004260   _w2_4k
00004258   _w3k
00004264   _w4_8k
0000425c   _w6k
00003740   _z
ffffffff   binit
00003d70   cinit
00000008   edata
00000008   end
00003200   etext
ffffffff   pinit


GLOBAL SYMBOLS: SORTED BY Symbol Address 

address    name
--------   ----
00000001   __TI_args_main
00000008   $bss
00000008   .bss
00000008   .data
00000008   ___bss__
00000008   ___data__
00000008   ___edata__
00000008   ___end__
00000008   edata
00000008   end
00000020   .text
00000020   ___text__
00000020   _c6416_dsk_init
000000c4   _comm_poll
000000ec   _comm_intr
000001d8   _output_sample
000002c4   _output_left_sample
0000037c   _output_right_sample
00000400   __STACK_SIZE
00000430   _input_sample
00000508   _input_left_sample
000005a8   _input_right_sample
00000660   _main
00000a80   _sinf
00000e60   _DSK6416_init
00001010   _DSK6416_rget
00001048   _DSK6416_rset
00001090   _DSK6416_wait
00001100   _DSK6416_waitusec
0000114c   _DSK6416_getVersion
00001220   __addf
000015a0   __mpyf
000017c0   _DSK6416_AIC23_openCodec
000019e0   _DSK6416_AIC23_rset
00001afc   _DSK6416_AIC23_rget
00001b3c   _DSK6416_AIC23_config
00001c00   _IRQ_map
00001de0   _MCBSP_reset
00001fc0   _DSK6416_LED_init
00002008   _DSK6416_LED_off
00002074   _DSK6416_LED_on
000020e0   _DSK6416_LED_toggle
00002160   _DSK6416_AIC23_setFreq
00002260   _MCBSP_open
00002340   _MCBSP_start
00002420   __auto_init
00002500   __roundf
000025e0   _memcpy
000026c0   _MCBSP_config
00002780   __strasg
00002840   _exit
000029c0   _EMIFA_config
00002a60   _EMIFB_config
00002b00   __cmpf
00002ba0   _copy_in
00002c40   _modff
00002ce0   ___TI_cpp_init
00002d60   __fixfi
00002de0   _DSK6416_DIP_init
00002de4   _DSK6416_DIP_get
00002e60   __fltif
00002ec0   __frcmpyf
00002f20   _c_int00
00002f80   _IRQ_reset
00002fc0   __args_main
00003000   __negf
00003040   __subf
00003080   _IRQ_enable
000030a0   _IRQ_globalDisable
000030c0   _IRQ_globalEnable
000030e0   _IRQ_nmiEnable
00003100   _MCBSP_getXmtEventId
00003120   _MCBSP_read
00003140   _MCBSP_rrdy
00003160   _MCBSP_write
00003180   _MCBSP_xrdy
000031a0   __truncf
000031c0   C$$EXIT
000031c0   _abort
000031e0   __IRQ_hookFetchPacket
00003200   ___etext__
00003200   __fs
00003200   etext
00003204   _loop
00003206   _loop1
00003208   _i
0000320a   _j
0000320c   _m
0000320e   _gain
00003210   _sine_table1
00003220   _sine_table2
00003228   _gBuffer1
00003328   _gBuffer2
00003428   _gBuffer3
00003528   _gBuffer4
00003628   _fs
00003630   _sine_table
00003640   _gBuffer
00003740   _z
00003744   _phase3k
00003748   _phase6k
0000374c   _phase2_4k
00003750   _phase4_8k
00003754   _DSK6416_version
00003788   __IRQ_eventTable
00003810   __IRQ_intTable
00003850   __IRQ_dispatchTable
00003858   _AIC_data
00003864   _AIC23CfgData
0000389c   _config
000038b0   _hAIC23_handle
00003900   __MCBSP_hDev0
00003904   __MCBSP_hDev1
00003908   __MCBSP_hDev2
00003958   __cleanup_ptr
0000395c   __dtors_ptr
00003960   ___TI_enable_exit_profile_output
00003964   _DSK6416_AIC23_codeccontrolhandle
00003968   _DSK6416_AIC23_codecdatahandle
00003970   __stack
00003d70   __STACK_END
00003d70   ___cinit__
00003d70   cinit
00004258   _w3k
0000425c   _w6k
00004260   _w2_4k
00004264   _w4_8k
ffffffff   ___TI_pprof_out_hndl
ffffffff   ___TI_prof_data_size
ffffffff   ___TI_prof_data_start
ffffffff   ___binit__
ffffffff   ___c_args__
ffffffff   ___pinit__
ffffffff   binit
ffffffff   pinit

[135 symbols]
