<?xml version="1.0"?>
<link_info>
   <banner>TMS320C6x Linker PC v7.4.20</banner>
   <copyright>Copyright (c) 1996-2015 Texas Instruments Incorporated</copyright>
   <link_time>0x69cc7340</link_time>
   <output_file>lab_3.out</output_file>
   <entry_point>
      <name>_c_int00</name>
      <address>0x2d40</address>
   </entry_point>
   <input_file_list>
      <input_file id="fl-2">
         <path>.\</path>
         <kind>object</kind>
         <file>Sine8_LED.obj</file>
         <name>Sine8_LED.obj</name>
      </input_file>
      <input_file id="fl-3">
         <path>.\</path>
         <kind>object</kind>
         <file>bai_tap.obj</file>
         <name>bai_tap.obj</name>
      </input_file>
      <input_file id="fl-4">
         <path>.\</path>
         <kind>object</kind>
         <file>c6416dskinit.obj</file>
         <name>c6416dskinit.obj</name>
      </input_file>
      <input_file id="fl-80">
         <path>C:\Program Files\TI\ccsv7\tools\compiler\ti-cgt-c6000_7.4.20\lib\</path>
         <kind>archive</kind>
         <file>rts6400.lib</file>
         <name>addf.obj</name>
      </input_file>
      <input_file id="fl-81">
         <path>C:\Program Files\TI\ccsv7\tools\compiler\ti-cgt-c6000_7.4.20\lib\</path>
         <kind>archive</kind>
         <file>rts6400.lib</file>
         <name>boot.obj</name>
      </input_file>
      <input_file id="fl-82">
         <path>C:\Program Files\TI\ccsv7\tools\compiler\ti-cgt-c6000_7.4.20\lib\</path>
         <kind>archive</kind>
         <file>rts6400.lib</file>
         <name>cmpf.obj</name>
      </input_file>
      <input_file id="fl-83">
         <path>C:\Program Files\TI\ccsv7\tools\compiler\ti-cgt-c6000_7.4.20\lib\</path>
         <kind>archive</kind>
         <file>rts6400.lib</file>
         <name>exit.obj</name>
      </input_file>
      <input_file id="fl-84">
         <path>C:\Program Files\TI\ccsv7\tools\compiler\ti-cgt-c6000_7.4.20\lib\</path>
         <kind>archive</kind>
         <file>rts6400.lib</file>
         <name>fixfi.obj</name>
      </input_file>
      <input_file id="fl-85">
         <path>C:\Program Files\TI\ccsv7\tools\compiler\ti-cgt-c6000_7.4.20\lib\</path>
         <kind>archive</kind>
         <file>rts6400.lib</file>
         <name>mpyf.obj</name>
      </input_file>
      <input_file id="fl-86">
         <path>C:\Program Files\TI\ccsv7\tools\compiler\ti-cgt-c6000_7.4.20\lib\</path>
         <kind>archive</kind>
         <file>rts6400.lib</file>
         <name>sinf.obj</name>
      </input_file>
      <input_file id="fl-87">
         <path>C:\Program Files\TI\ccsv7\tools\compiler\ti-cgt-c6000_7.4.20\lib\</path>
         <kind>archive</kind>
         <file>rts6400.lib</file>
         <name>subf.obj</name>
      </input_file>
      <input_file id="fl-88">
         <path>C:\Program Files\TI\ccsv7\tools\compiler\ti-cgt-c6000_7.4.20\lib\</path>
         <kind>archive</kind>
         <file>rts6400.lib</file>
         <name>truncf.obj</name>
      </input_file>
      <input_file id="fl-89">
         <path>C:\Program Files\TI\ccsv7\tools\compiler\ti-cgt-c6000_7.4.20\lib\</path>
         <kind>archive</kind>
         <file>rts6400.lib</file>
         <name>args_main.obj</name>
      </input_file>
      <input_file id="fl-8a">
         <path>C:\Program Files\TI\ccsv7\tools\compiler\ti-cgt-c6000_7.4.20\lib\</path>
         <kind>archive</kind>
         <file>rts6400.lib</file>
         <name>autoinit.obj</name>
      </input_file>
      <input_file id="fl-8b">
         <path>C:\Program Files\TI\ccsv7\tools\compiler\ti-cgt-c6000_7.4.20\lib\</path>
         <kind>archive</kind>
         <file>rts6400.lib</file>
         <name>cpp_init.obj</name>
      </input_file>
      <input_file id="fl-8c">
         <path>C:\Program Files\TI\ccsv7\tools\compiler\ti-cgt-c6000_7.4.20\lib\</path>
         <kind>archive</kind>
         <file>rts6400.lib</file>
         <name>cpy_tbl.obj</name>
      </input_file>
      <input_file id="fl-8d">
         <path>C:\Program Files\TI\ccsv7\tools\compiler\ti-cgt-c6000_7.4.20\lib\</path>
         <kind>archive</kind>
         <file>rts6400.lib</file>
         <name>fltif.obj</name>
      </input_file>
      <input_file id="fl-8e">
         <path>C:\Program Files\TI\ccsv7\tools\compiler\ti-cgt-c6000_7.4.20\lib\</path>
         <kind>archive</kind>
         <file>rts6400.lib</file>
         <name>frcmpyf.obj</name>
      </input_file>
      <input_file id="fl-8f">
         <path>C:\Program Files\TI\ccsv7\tools\compiler\ti-cgt-c6000_7.4.20\lib\</path>
         <kind>archive</kind>
         <file>rts6400.lib</file>
         <name>memcpy64.obj</name>
      </input_file>
      <input_file id="fl-90">
         <path>C:\Program Files\TI\ccsv7\tools\compiler\ti-cgt-c6000_7.4.20\lib\</path>
         <kind>archive</kind>
         <file>rts6400.lib</file>
         <name>modff.obj</name>
      </input_file>
      <input_file id="fl-91">
         <path>C:\Program Files\TI\ccsv7\tools\compiler\ti-cgt-c6000_7.4.20\lib\</path>
         <kind>archive</kind>
         <file>rts6400.lib</file>
         <name>negf.obj</name>
      </input_file>
      <input_file id="fl-92">
         <path>C:\Program Files\TI\ccsv7\tools\compiler\ti-cgt-c6000_7.4.20\lib\</path>
         <kind>archive</kind>
         <file>rts6400.lib</file>
         <name>roundf.obj</name>
      </input_file>
      <input_file id="fl-93">
         <path>D:\linh-tinh\1_USB_total\2_ThuvienDSP\lib\</path>
         <kind>archive</kind>
         <file>csl6416.lib</file>
         <name>csl_irq.obj</name>
      </input_file>
      <input_file id="fl-94">
         <path>D:\linh-tinh\1_USB_total\2_ThuvienDSP\lib\</path>
         <kind>archive</kind>
         <file>csl6416.lib</file>
         <name>csl_mcbsp.obj</name>
      </input_file>
      <input_file id="fl-95">
         <path>D:\linh-tinh\1_USB_total\2_ThuvienDSP\lib\</path>
         <kind>archive</kind>
         <file>dsk6416bsl.lib</file>
         <name>dsk6416.obj</name>
      </input_file>
      <input_file id="fl-96">
         <path>D:\linh-tinh\1_USB_total\2_ThuvienDSP\lib\</path>
         <kind>archive</kind>
         <file>dsk6416bsl.lib</file>
         <name>dsk6416_aic23_opencodec.obj</name>
      </input_file>
      <input_file id="fl-97">
         <path>D:\linh-tinh\1_USB_total\2_ThuvienDSP\lib\</path>
         <kind>archive</kind>
         <file>dsk6416bsl.lib</file>
         <name>dsk6416_aic23_registers.obj</name>
      </input_file>
      <input_file id="fl-98">
         <path>D:\linh-tinh\1_USB_total\2_ThuvienDSP\lib\</path>
         <kind>archive</kind>
         <file>dsk6416bsl.lib</file>
         <name>dsk6416_aic23_setfreq.obj</name>
      </input_file>
      <input_file id="fl-99">
         <path>D:\linh-tinh\1_USB_total\2_ThuvienDSP\lib\</path>
         <kind>archive</kind>
         <file>dsk6416bsl.lib</file>
         <name>dsk6416_dip.obj</name>
      </input_file>
      <input_file id="fl-9a">
         <path>D:\linh-tinh\1_USB_total\2_ThuvienDSP\lib\</path>
         <kind>archive</kind>
         <file>dsk6416bsl.lib</file>
         <name>dsk6416_led.obj</name>
      </input_file>
      <input_file id="fl-9b">
         <path>C:\Program Files\TI\ccsv7\tools\compiler\ti-cgt-c6000_7.4.20\lib\</path>
         <kind>archive</kind>
         <file>rts6400.lib</file>
         <name>strasg.obj</name>
      </input_file>
      <input_file id="fl-9c">
         <path>D:\linh-tinh\1_USB_total\2_ThuvienDSP\lib\</path>
         <kind>archive</kind>
         <file>csl6416.lib</file>
         <name>csl_emifa.obj</name>
      </input_file>
      <input_file id="fl-9d">
         <path>D:\linh-tinh\1_USB_total\2_ThuvienDSP\lib\</path>
         <kind>archive</kind>
         <file>csl6416.lib</file>
         <name>csl_emifb.obj</name>
      </input_file>
   </input_file_list>
   <object_component_list>
      <object_component id="oc-a2">
         <name>.text</name>
         <load_address>0x20</load_address>
         <run_address>0x20</run_address>
         <size>0x640</size>
         <input_file_ref idref="fl-4"/>
      </object_component>
      <object_component id="oc-a3">
         <name>.text:_sinf</name>
         <load_address>0x660</load_address>
         <run_address>0x660</run_address>
         <size>0x3e0</size>
         <input_file_ref idref="fl-86"/>
      </object_component>
      <object_component id="oc-5f">
         <name>.text</name>
         <load_address>0xa40</load_address>
         <run_address>0xa40</run_address>
         <size>0x3c0</size>
         <input_file_ref idref="fl-95"/>
      </object_component>
      <object_component id="oc-a4">
         <name>.text:__addf</name>
         <load_address>0xe00</load_address>
         <run_address>0xe00</run_address>
         <size>0x380</size>
         <input_file_ref idref="fl-80"/>
      </object_component>
      <object_component id="oc-9f">
         <name>.text</name>
         <load_address>0x1180</load_address>
         <run_address>0x1180</run_address>
         <size>0x240</size>
         <input_file_ref idref="fl-3"/>
      </object_component>
      <object_component id="oc-a5">
         <name>.text:__mpyf</name>
         <load_address>0x13c0</load_address>
         <run_address>0x13c0</run_address>
         <size>0x220</size>
         <input_file_ref idref="fl-85"/>
      </object_component>
      <object_component id="oc-66">
         <name>.text</name>
         <load_address>0x15e0</load_address>
         <run_address>0x15e0</run_address>
         <size>0x220</size>
         <input_file_ref idref="fl-96"/>
      </object_component>
      <object_component id="oc-6d">
         <name>.text</name>
         <load_address>0x1800</load_address>
         <run_address>0x1800</run_address>
         <size>0x220</size>
         <input_file_ref idref="fl-97"/>
      </object_component>
      <object_component id="oc-ab">
         <name>.text:_IRQ_map</name>
         <load_address>0x1a20</load_address>
         <run_address>0x1a20</run_address>
         <size>0x1e0</size>
         <input_file_ref idref="fl-93"/>
      </object_component>
      <object_component id="oc-a1">
         <name>.text:_MCBSP_reset</name>
         <load_address>0x1c00</load_address>
         <run_address>0x1c00</run_address>
         <size>0x1e0</size>
         <input_file_ref idref="fl-94"/>
      </object_component>
      <object_component id="oc-80">
         <name>.text</name>
         <load_address>0x1de0</load_address>
         <run_address>0x1de0</run_address>
         <size>0x1a0</size>
         <input_file_ref idref="fl-9a"/>
      </object_component>
      <object_component id="oc-74">
         <name>.text</name>
         <load_address>0x1f80</load_address>
         <run_address>0x1f80</run_address>
         <size>0x100</size>
         <input_file_ref idref="fl-98"/>
      </object_component>
      <object_component id="oc-95">
         <name>.text:_MCBSP_open</name>
         <load_address>0x2080</load_address>
         <run_address>0x2080</run_address>
         <size>0xe0</size>
         <input_file_ref idref="fl-94"/>
      </object_component>
      <object_component id="oc-97">
         <name>.text:_MCBSP_start</name>
         <load_address>0x2160</load_address>
         <run_address>0x2160</run_address>
         <size>0xe0</size>
         <input_file_ref idref="fl-94"/>
      </object_component>
      <object_component id="oc-8f">
         <name>.text:__auto_init</name>
         <load_address>0x2240</load_address>
         <run_address>0x2240</run_address>
         <size>0xe0</size>
         <input_file_ref idref="fl-8a"/>
      </object_component>
      <object_component id="oc-b0">
         <name>.text:__roundf</name>
         <load_address>0x2320</load_address>
         <run_address>0x2320</run_address>
         <size>0xe0</size>
         <input_file_ref idref="fl-92"/>
      </object_component>
      <object_component id="oc-9d">
         <name>.text:_memcpy</name>
         <load_address>0x2400</load_address>
         <run_address>0x2400</run_address>
         <size>0xe0</size>
         <input_file_ref idref="fl-8f"/>
      </object_component>
      <object_component id="oc-96">
         <name>.text:_MCBSP_config</name>
         <load_address>0x24e0</load_address>
         <run_address>0x24e0</run_address>
         <size>0xc0</size>
         <input_file_ref idref="fl-94"/>
      </object_component>
      <object_component id="oc-92">
         <name>.text:__strasg</name>
         <load_address>0x25a0</load_address>
         <run_address>0x25a0</run_address>
         <size>0xc0</size>
         <input_file_ref idref="fl-9b"/>
      </object_component>
      <object_component id="oc-91">
         <name>.text:_exit</name>
         <load_address>0x2660</load_address>
         <run_address>0x2660</run_address>
         <size>0xc0</size>
         <input_file_ref idref="fl-83"/>
      </object_component>
      <object_component id="oc-b6">
         <name>.text:_setMux</name>
         <load_address>0x2720</load_address>
         <run_address>0x2720</run_address>
         <size>0xc0</size>
         <input_file_ref idref="fl-93"/>
      </object_component>
      <object_component id="oc-94">
         <name>.text:_EMIFA_config</name>
         <load_address>0x27e0</load_address>
         <run_address>0x27e0</run_address>
         <size>0xa0</size>
         <input_file_ref idref="fl-9c"/>
      </object_component>
      <object_component id="oc-93">
         <name>.text:_EMIFB_config</name>
         <load_address>0x2880</load_address>
         <run_address>0x2880</run_address>
         <size>0xa0</size>
         <input_file_ref idref="fl-9d"/>
      </object_component>
      <object_component id="oc-a7">
         <name>.text:__cmpf</name>
         <load_address>0x2920</load_address>
         <run_address>0x2920</run_address>
         <size>0xa0</size>
         <input_file_ref idref="fl-82"/>
      </object_component>
      <object_component id="oc-9c">
         <name>.text:_copy_in</name>
         <load_address>0x29c0</load_address>
         <run_address>0x29c0</run_address>
         <size>0xa0</size>
         <input_file_ref idref="fl-8c"/>
      </object_component>
      <object_component id="oc-b3">
         <name>.text:_modff</name>
         <load_address>0x2a60</load_address>
         <run_address>0x2a60</run_address>
         <size>0xa0</size>
         <input_file_ref idref="fl-90"/>
      </object_component>
      <object_component id="oc-9e">
         <name>.text:___TI_cpp_init</name>
         <load_address>0x2b00</load_address>
         <run_address>0x2b00</run_address>
         <size>0x80</size>
         <input_file_ref idref="fl-8b"/>
      </object_component>
      <object_component id="oc-a6">
         <name>.text:__fixfi</name>
         <load_address>0x2b80</load_address>
         <run_address>0x2b80</run_address>
         <size>0x80</size>
         <input_file_ref idref="fl-84"/>
      </object_component>
      <object_component id="oc-7b">
         <name>.text</name>
         <load_address>0x2c00</load_address>
         <run_address>0x2c00</run_address>
         <size>0x80</size>
         <input_file_ref idref="fl-99"/>
      </object_component>
      <object_component id="oc-b1">
         <name>.text:__fltif</name>
         <load_address>0x2c80</load_address>
         <run_address>0x2c80</run_address>
         <size>0x60</size>
         <input_file_ref idref="fl-8d"/>
      </object_component>
      <object_component id="oc-b5">
         <name>.text:__frcmpyf</name>
         <load_address>0x2ce0</load_address>
         <run_address>0x2ce0</run_address>
         <size>0x60</size>
         <input_file_ref idref="fl-8e"/>
      </object_component>
      <object_component id="oc-2">
         <name>.text:_c_int00</name>
         <load_address>0x2d40</load_address>
         <run_address>0x2d40</run_address>
         <size>0x60</size>
         <input_file_ref idref="fl-81"/>
      </object_component>
      <object_component id="oc-ac">
         <name>.text:_IRQ_reset</name>
         <load_address>0x2da0</load_address>
         <run_address>0x2da0</run_address>
         <size>0x40</size>
         <input_file_ref idref="fl-93"/>
      </object_component>
      <object_component id="oc-90">
         <name>.text:__args_main</name>
         <load_address>0x2de0</load_address>
         <run_address>0x2de0</run_address>
         <size>0x40</size>
         <input_file_ref idref="fl-89"/>
      </object_component>
      <object_component id="oc-b4">
         <name>.text:__negf</name>
         <load_address>0x2e20</load_address>
         <run_address>0x2e20</run_address>
         <size>0x40</size>
         <input_file_ref idref="fl-91"/>
      </object_component>
      <object_component id="oc-a8">
         <name>.text:__subf</name>
         <load_address>0x2e60</load_address>
         <run_address>0x2e60</run_address>
         <size>0x40</size>
         <input_file_ref idref="fl-87"/>
      </object_component>
      <object_component id="oc-af">
         <name>.text:_IRQ_enable</name>
         <load_address>0x2ea0</load_address>
         <run_address>0x2ea0</run_address>
         <size>0x20</size>
         <input_file_ref idref="fl-93"/>
      </object_component>
      <object_component id="oc-a9">
         <name>.text:_IRQ_globalDisable</name>
         <load_address>0x2ec0</load_address>
         <run_address>0x2ec0</run_address>
         <size>0x20</size>
         <input_file_ref idref="fl-93"/>
      </object_component>
      <object_component id="oc-ad">
         <name>.text:_IRQ_globalEnable</name>
         <load_address>0x2ee0</load_address>
         <run_address>0x2ee0</run_address>
         <size>0x20</size>
         <input_file_ref idref="fl-93"/>
      </object_component>
      <object_component id="oc-ae">
         <name>.text:_IRQ_nmiEnable</name>
         <load_address>0x2f00</load_address>
         <run_address>0x2f00</run_address>
         <size>0x20</size>
         <input_file_ref idref="fl-93"/>
      </object_component>
      <object_component id="oc-aa">
         <name>.text:_MCBSP_getXmtEventId</name>
         <load_address>0x2f20</load_address>
         <run_address>0x2f20</run_address>
         <size>0x20</size>
         <input_file_ref idref="fl-94"/>
      </object_component>
      <object_component id="oc-99">
         <name>.text:_MCBSP_read</name>
         <load_address>0x2f40</load_address>
         <run_address>0x2f40</run_address>
         <size>0x20</size>
         <input_file_ref idref="fl-94"/>
      </object_component>
      <object_component id="oc-98">
         <name>.text:_MCBSP_rrdy</name>
         <load_address>0x2f60</load_address>
         <run_address>0x2f60</run_address>
         <size>0x20</size>
         <input_file_ref idref="fl-94"/>
      </object_component>
      <object_component id="oc-9b">
         <name>.text:_MCBSP_write</name>
         <load_address>0x2f80</load_address>
         <run_address>0x2f80</run_address>
         <size>0x20</size>
         <input_file_ref idref="fl-94"/>
      </object_component>
      <object_component id="oc-9a">
         <name>.text:_MCBSP_xrdy</name>
         <load_address>0x2fa0</load_address>
         <run_address>0x2fa0</run_address>
         <size>0x20</size>
         <input_file_ref idref="fl-94"/>
      </object_component>
      <object_component id="oc-b2">
         <name>.text:__truncf</name>
         <load_address>0x2fc0</load_address>
         <run_address>0x2fc0</run_address>
         <size>0x20</size>
         <input_file_ref idref="fl-88"/>
      </object_component>
      <object_component id="oc-a0">
         <name>.text:_abort</name>
         <load_address>0x2fe0</load_address>
         <run_address>0x2fe0</run_address>
         <size>0x20</size>
         <input_file_ref idref="fl-83"/>
      </object_component>
      <object_component id="oc-54">
         <name>.text</name>
         <load_address>0x3000</load_address>
         <run_address>0x3000</run_address>
         <size>0x20</size>
         <input_file_ref idref="fl-93"/>
      </object_component>
      <object_component id="oc-61">
         <name>.const</name>
         <load_address>0x3f20</load_address>
         <run_address>0x3f20</run_address>
         <size>0xc0</size>
         <input_file_ref idref="fl-95"/>
      </object_component>
      <object_component id="oc-68">
         <name>.const</name>
         <load_address>0x3fe0</load_address>
         <run_address>0x3fe0</run_address>
         <size>0x70</size>
         <input_file_ref idref="fl-96"/>
      </object_component>
      <object_component id="oc-c">
         <name>.const</name>
         <load_address>0x4050</load_address>
         <run_address>0x4050</run_address>
         <size>0x8</size>
         <input_file_ref idref="fl-3"/>
      </object_component>
      <object_component id="oc-55">
         <name>.cinit</name>
         <load_address>0x3b88</load_address>
         <run_address>0x3b88</run_address>
         <size>0x12c</size>
         <input_file_ref idref="fl-93"/>
      </object_component>
      <object_component id="oc-4">
         <name>.cinit</name>
         <load_address>0x3cb8</load_address>
         <run_address>0x3cb8</run_address>
         <size>0x98</size>
         <input_file_ref idref="fl-2"/>
      </object_component>
      <object_component id="oc-5a">
         <name>.cinit</name>
         <load_address>0x3d50</load_address>
         <run_address>0x3d50</run_address>
         <size>0x7c</size>
         <input_file_ref idref="fl-94"/>
      </object_component>
      <object_component id="oc-11">
         <name>.cinit</name>
         <load_address>0x3dd0</load_address>
         <run_address>0x3dd0</run_address>
         <size>0x5c</size>
         <input_file_ref idref="fl-4"/>
      </object_component>
      <object_component id="oc-a">
         <name>.cinit</name>
         <load_address>0x3e30</load_address>
         <run_address>0x3e30</run_address>
         <size>0x52</size>
         <input_file_ref idref="fl-3"/>
      </object_component>
      <object_component id="oc-21">
         <name>.cinit</name>
         <load_address>0x3e88</load_address>
         <run_address>0x3e88</run_address>
         <size>0x2c</size>
         <input_file_ref idref="fl-83"/>
      </object_component>
      <object_component id="oc-75">
         <name>.cinit</name>
         <load_address>0x3eb8</load_address>
         <run_address>0x3eb8</run_address>
         <size>0x28</size>
         <input_file_ref idref="fl-98"/>
      </object_component>
      <object_component id="oc-6e">
         <name>.cinit</name>
         <load_address>0x3ee0</load_address>
         <run_address>0x3ee0</run_address>
         <size>0x1c</size>
         <input_file_ref idref="fl-97"/>
      </object_component>
      <object_component id="oc-2c">
         <name>.cinit</name>
         <load_address>0x3f00</load_address>
         <run_address>0x3f00</run_address>
         <size>0x18</size>
         <input_file_ref idref="fl-86"/>
      </object_component>
      <object_component id="oc-1a">
         <name>.stack</name>
         <uninitialized>true</uninitialized>
         <run_address>0x3788</run_address>
         <size>0x8</size>
         <input_file_ref idref="fl-81"/>
      </object_component>
      <object_component id="oc-da">
         <name>.stack</name>
         <uninitialized>true</uninitialized>
         <run_address>0x3788</run_address>
         <size>0x0</size>
      </object_component>
      <object_component id="oc-5">
         <name>.far</name>
         <uninitialized>true</uninitialized>
         <run_address>0x3020</run_address>
         <size>0x428</size>
         <input_file_ref idref="fl-2"/>
      </object_component>
      <object_component id="oc-b">
         <name>.far</name>
         <uninitialized>true</uninitialized>
         <run_address>0x3448</run_address>
         <size>0x122</size>
         <input_file_ref idref="fl-3"/>
      </object_component>
      <object_component id="oc-12">
         <name>.far</name>
         <uninitialized>true</uninitialized>
         <run_address>0x3670</run_address>
         <size>0x5a</size>
         <input_file_ref idref="fl-4"/>
      </object_component>
      <object_component id="oc-22">
         <name>.far</name>
         <uninitialized>true</uninitialized>
         <run_address>0x3770</run_address>
         <size>0xc</size>
         <input_file_ref idref="fl-83"/>
      </object_component>
      <object_component id="oc-2d">
         <name>.far</name>
         <uninitialized>true</uninitialized>
         <run_address>0x3760</run_address>
         <size>0x10</size>
         <input_file_ref idref="fl-86"/>
      </object_component>
      <object_component id="oc-56">
         <name>.far</name>
         <uninitialized>true</uninitialized>
         <run_address>0x3570</run_address>
         <size>0x100</size>
         <input_file_ref idref="fl-93"/>
      </object_component>
      <object_component id="oc-5b">
         <name>.far</name>
         <uninitialized>true</uninitialized>
         <run_address>0x36d0</run_address>
         <size>0x54</size>
         <input_file_ref idref="fl-94"/>
      </object_component>
      <object_component id="oc-60">
         <name>.far</name>
         <uninitialized>true</uninitialized>
         <run_address>0x356a</run_address>
         <size>0x4</size>
         <input_file_ref idref="fl-95"/>
      </object_component>
      <object_component id="oc-67">
         <name>.far</name>
         <uninitialized>true</uninitialized>
         <run_address>0x377c</run_address>
         <size>0x8</size>
         <input_file_ref idref="fl-96"/>
      </object_component>
      <object_component id="oc-6f">
         <name>.far</name>
         <uninitialized>true</uninitialized>
         <run_address>0x3748</run_address>
         <size>0x14</size>
         <input_file_ref idref="fl-97"/>
      </object_component>
      <object_component id="oc-76">
         <name>.far</name>
         <uninitialized>true</uninitialized>
         <run_address>0x3728</run_address>
         <size>0x20</size>
         <input_file_ref idref="fl-98"/>
      </object_component>
      <object_component id="oc-81">
         <name>.far</name>
         <uninitialized>true</uninitialized>
         <run_address>0x356e</run_address>
         <size>0x2</size>
         <input_file_ref idref="fl-9a"/>
      </object_component>
      <object_component id="oc-3">
         <name>.debug_info</name>
         <load_address>0x0</load_address>
         <run_address>0x0</run_address>
         <size>0x89f</size>
         <input_file_ref idref="fl-2"/>
      </object_component>
      <object_component id="oc-9">
         <name>.debug_info</name>
         <load_address>0x89f</load_address>
         <run_address>0x89f</run_address>
         <size>0xa49</size>
         <input_file_ref idref="fl-3"/>
      </object_component>
      <object_component id="oc-10">
         <name>.debug_info</name>
         <load_address>0x12e8</load_address>
         <run_address>0x12e8</run_address>
         <size>0x156a</size>
         <input_file_ref idref="fl-4"/>
      </object_component>
      <object_component id="oc-16">
         <name>.debug_info</name>
         <load_address>0x2852</load_address>
         <run_address>0x2852</run_address>
         <size>0x759</size>
         <input_file_ref idref="fl-80"/>
      </object_component>
      <object_component id="oc-19">
         <name>.debug_info</name>
         <load_address>0x2fab</load_address>
         <run_address>0x2fab</run_address>
         <size>0x73c</size>
         <input_file_ref idref="fl-81"/>
      </object_component>
      <object_component id="oc-1d">
         <name>.debug_info</name>
         <load_address>0x36e7</load_address>
         <run_address>0x36e7</run_address>
         <size>0x688</size>
         <input_file_ref idref="fl-82"/>
      </object_component>
      <object_component id="oc-20">
         <name>.debug_info</name>
         <load_address>0x3d6f</load_address>
         <run_address>0x3d6f</run_address>
         <size>0x86a</size>
         <input_file_ref idref="fl-83"/>
      </object_component>
      <object_component id="oc-25">
         <name>.debug_info</name>
         <load_address>0x45d9</load_address>
         <run_address>0x45d9</run_address>
         <size>0x67d</size>
         <input_file_ref idref="fl-84"/>
      </object_component>
      <object_component id="oc-28">
         <name>.debug_info</name>
         <load_address>0x4c56</load_address>
         <run_address>0x4c56</run_address>
         <size>0x6e3</size>
         <input_file_ref idref="fl-85"/>
      </object_component>
      <object_component id="oc-2b">
         <name>.debug_info</name>
         <load_address>0x5339</load_address>
         <run_address>0x5339</run_address>
         <size>0x93f</size>
         <input_file_ref idref="fl-86"/>
      </object_component>
      <object_component id="oc-30">
         <name>.debug_info</name>
         <load_address>0x5c78</load_address>
         <run_address>0x5c78</run_address>
         <size>0x675</size>
         <input_file_ref idref="fl-87"/>
      </object_component>
      <object_component id="oc-33">
         <name>.debug_info</name>
         <load_address>0x62ed</load_address>
         <run_address>0x62ed</run_address>
         <size>0x68a</size>
         <input_file_ref idref="fl-88"/>
      </object_component>
      <object_component id="oc-36">
         <name>.debug_info</name>
         <load_address>0x6977</load_address>
         <run_address>0x6977</run_address>
         <size>0x712</size>
         <input_file_ref idref="fl-89"/>
      </object_component>
      <object_component id="oc-39">
         <name>.debug_info</name>
         <load_address>0x7089</load_address>
         <run_address>0x7089</run_address>
         <size>0x8e9</size>
         <input_file_ref idref="fl-8a"/>
      </object_component>
      <object_component id="oc-3c">
         <name>.debug_info</name>
         <load_address>0x7972</load_address>
         <run_address>0x7972</run_address>
         <size>0x761</size>
         <input_file_ref idref="fl-8b"/>
      </object_component>
      <object_component id="oc-3f">
         <name>.debug_info</name>
         <load_address>0x80d3</load_address>
         <run_address>0x80d3</run_address>
         <size>0x857</size>
         <input_file_ref idref="fl-8c"/>
      </object_component>
      <object_component id="oc-42">
         <name>.debug_info</name>
         <load_address>0x892a</load_address>
         <run_address>0x892a</run_address>
         <size>0x690</size>
         <input_file_ref idref="fl-8d"/>
      </object_component>
      <object_component id="oc-45">
         <name>.debug_info</name>
         <load_address>0x8fba</load_address>
         <run_address>0x8fba</run_address>
         <size>0x6cc</size>
         <input_file_ref idref="fl-8e"/>
      </object_component>
      <object_component id="oc-48">
         <name>.debug_info</name>
         <load_address>0x9686</load_address>
         <run_address>0x9686</run_address>
         <size>0x110</size>
         <input_file_ref idref="fl-8f"/>
      </object_component>
      <object_component id="oc-4b">
         <name>.debug_info</name>
         <load_address>0x9796</load_address>
         <run_address>0x9796</run_address>
         <size>0x6a6</size>
         <input_file_ref idref="fl-90"/>
      </object_component>
      <object_component id="oc-4e">
         <name>.debug_info</name>
         <load_address>0x9e3c</load_address>
         <run_address>0x9e3c</run_address>
         <size>0x64e</size>
         <input_file_ref idref="fl-91"/>
      </object_component>
      <object_component id="oc-51">
         <name>.debug_info</name>
         <load_address>0xa48a</load_address>
         <run_address>0xa48a</run_address>
         <size>0x6dd</size>
         <input_file_ref idref="fl-92"/>
      </object_component>
      <object_component id="oc-58">
         <name>.debug_info</name>
         <load_address>0xab67</load_address>
         <run_address>0xab67</run_address>
         <size>0xcc6</size>
         <input_file_ref idref="fl-93"/>
      </object_component>
      <object_component id="oc-5d">
         <name>.debug_info</name>
         <load_address>0xb82d</load_address>
         <run_address>0xb82d</run_address>
         <size>0xfac</size>
         <input_file_ref idref="fl-94"/>
      </object_component>
      <object_component id="oc-63">
         <name>.debug_info</name>
         <load_address>0xc7d9</load_address>
         <run_address>0xc7d9</run_address>
         <size>0xd57</size>
         <input_file_ref idref="fl-95"/>
      </object_component>
      <object_component id="oc-6a">
         <name>.debug_info</name>
         <load_address>0xd530</load_address>
         <run_address>0xd530</run_address>
         <size>0xbbd</size>
         <input_file_ref idref="fl-96"/>
      </object_component>
      <object_component id="oc-71">
         <name>.debug_info</name>
         <load_address>0xe0ed</load_address>
         <run_address>0xe0ed</run_address>
         <size>0xba3</size>
         <input_file_ref idref="fl-97"/>
      </object_component>
      <object_component id="oc-78">
         <name>.debug_info</name>
         <load_address>0xec90</load_address>
         <run_address>0xec90</run_address>
         <size>0x78a</size>
         <input_file_ref idref="fl-98"/>
      </object_component>
      <object_component id="oc-7d">
         <name>.debug_info</name>
         <load_address>0xf41a</load_address>
         <run_address>0xf41a</run_address>
         <size>0x641</size>
         <input_file_ref idref="fl-99"/>
      </object_component>
      <object_component id="oc-83">
         <name>.debug_info</name>
         <load_address>0xfa5b</load_address>
         <run_address>0xfa5b</run_address>
         <size>0x7c2</size>
         <input_file_ref idref="fl-9a"/>
      </object_component>
      <object_component id="oc-86">
         <name>.debug_info</name>
         <load_address>0x1021d</load_address>
         <run_address>0x1021d</run_address>
         <size>0x107</size>
         <input_file_ref idref="fl-9b"/>
      </object_component>
      <object_component id="oc-8a">
         <name>.debug_info</name>
         <load_address>0x10324</load_address>
         <run_address>0x10324</run_address>
         <size>0x730</size>
         <input_file_ref idref="fl-9c"/>
      </object_component>
      <object_component id="oc-8d">
         <name>.debug_info</name>
         <load_address>0x10a54</load_address>
         <run_address>0x10a54</run_address>
         <size>0x730</size>
         <input_file_ref idref="fl-9d"/>
      </object_component>
      <object_component id="oc-f2">
         <name>.debug_info</name>
         <load_address>0x11184</load_address>
         <run_address>0x11184</run_address>
         <size>0x6e</size>
      </object_component>
      <object_component id="oc-6">
         <name>.debug_frame</name>
         <load_address>0x0</load_address>
         <run_address>0x0</run_address>
         <size>0x23f</size>
         <input_file_ref idref="fl-2"/>
      </object_component>
      <object_component id="oc-d">
         <name>.debug_frame</name>
         <load_address>0x23f</load_address>
         <run_address>0x23f</run_address>
         <size>0x260</size>
         <input_file_ref idref="fl-3"/>
      </object_component>
      <object_component id="oc-13">
         <name>.debug_frame</name>
         <load_address>0x49f</load_address>
         <run_address>0x49f</run_address>
         <size>0x34d</size>
         <input_file_ref idref="fl-4"/>
      </object_component>
      <object_component id="oc-65">
         <name>.debug_frame</name>
         <load_address>0x7ec</load_address>
         <run_address>0x7ec</run_address>
         <size>0x1d4</size>
         <input_file_ref idref="fl-95"/>
      </object_component>
      <object_component id="oc-6c">
         <name>.debug_frame</name>
         <load_address>0x9c0</load_address>
         <run_address>0x9c0</run_address>
         <size>0x134</size>
         <input_file_ref idref="fl-96"/>
      </object_component>
      <object_component id="oc-73">
         <name>.debug_frame</name>
         <load_address>0xaf4</load_address>
         <run_address>0xaf4</run_address>
         <size>0x174</size>
         <input_file_ref idref="fl-97"/>
      </object_component>
      <object_component id="oc-7a">
         <name>.debug_frame</name>
         <load_address>0xc68</load_address>
         <run_address>0xc68</run_address>
         <size>0x130</size>
         <input_file_ref idref="fl-98"/>
      </object_component>
      <object_component id="oc-7f">
         <name>.debug_frame</name>
         <load_address>0xd98</load_address>
         <run_address>0xd98</run_address>
         <size>0x14c</size>
         <input_file_ref idref="fl-99"/>
      </object_component>
      <object_component id="oc-85">
         <name>.debug_frame</name>
         <load_address>0xee4</load_address>
         <run_address>0xee4</run_address>
         <size>0x190</size>
         <input_file_ref idref="fl-9a"/>
      </object_component>
      <object_component id="oc-7">
         <name>.debug_line</name>
         <load_address>0x0</load_address>
         <run_address>0x0</run_address>
         <size>0x2c</size>
         <input_file_ref idref="fl-2"/>
      </object_component>
      <object_component id="oc-e">
         <name>.debug_line</name>
         <load_address>0x2c</load_address>
         <run_address>0x2c</run_address>
         <size>0x6f</size>
         <input_file_ref idref="fl-3"/>
      </object_component>
      <object_component id="oc-14">
         <name>.debug_line</name>
         <load_address>0x9b</load_address>
         <run_address>0x9b</run_address>
         <size>0x158</size>
         <input_file_ref idref="fl-4"/>
      </object_component>
      <object_component id="oc-17">
         <name>.debug_line</name>
         <load_address>0x1f3</load_address>
         <run_address>0x1f3</run_address>
         <size>0x59</size>
         <input_file_ref idref="fl-80"/>
      </object_component>
      <object_component id="oc-1b">
         <name>.debug_line</name>
         <load_address>0x24c</load_address>
         <run_address>0x24c</run_address>
         <size>0x3d</size>
         <input_file_ref idref="fl-81"/>
      </object_component>
      <object_component id="oc-1e">
         <name>.debug_line</name>
         <load_address>0x289</load_address>
         <run_address>0x289</run_address>
         <size>0x37</size>
         <input_file_ref idref="fl-82"/>
      </object_component>
      <object_component id="oc-23">
         <name>.debug_line</name>
         <load_address>0x2c0</load_address>
         <run_address>0x2c0</run_address>
         <size>0x4f</size>
         <input_file_ref idref="fl-83"/>
      </object_component>
      <object_component id="oc-26">
         <name>.debug_line</name>
         <load_address>0x30f</load_address>
         <run_address>0x30f</run_address>
         <size>0x3d</size>
         <input_file_ref idref="fl-84"/>
      </object_component>
      <object_component id="oc-29">
         <name>.debug_line</name>
         <load_address>0x34c</load_address>
         <run_address>0x34c</run_address>
         <size>0x3c</size>
         <input_file_ref idref="fl-85"/>
      </object_component>
      <object_component id="oc-2e">
         <name>.debug_line</name>
         <load_address>0x388</load_address>
         <run_address>0x388</run_address>
         <size>0x55</size>
         <input_file_ref idref="fl-86"/>
      </object_component>
      <object_component id="oc-31">
         <name>.debug_line</name>
         <load_address>0x3dd</load_address>
         <run_address>0x3dd</run_address>
         <size>0x37</size>
         <input_file_ref idref="fl-87"/>
      </object_component>
      <object_component id="oc-34">
         <name>.debug_line</name>
         <load_address>0x414</load_address>
         <run_address>0x414</run_address>
         <size>0x39</size>
         <input_file_ref idref="fl-88"/>
      </object_component>
      <object_component id="oc-37">
         <name>.debug_line</name>
         <load_address>0x44d</load_address>
         <run_address>0x44d</run_address>
         <size>0x41</size>
         <input_file_ref idref="fl-89"/>
      </object_component>
      <object_component id="oc-3a">
         <name>.debug_line</name>
         <load_address>0x48e</load_address>
         <run_address>0x48e</run_address>
         <size>0x47</size>
         <input_file_ref idref="fl-8a"/>
      </object_component>
      <object_component id="oc-3d">
         <name>.debug_line</name>
         <load_address>0x4d5</load_address>
         <run_address>0x4d5</run_address>
         <size>0x45</size>
         <input_file_ref idref="fl-8b"/>
      </object_component>
      <object_component id="oc-40">
         <name>.debug_line</name>
         <load_address>0x51a</load_address>
         <run_address>0x51a</run_address>
         <size>0x44</size>
         <input_file_ref idref="fl-8c"/>
      </object_component>
      <object_component id="oc-43">
         <name>.debug_line</name>
         <load_address>0x55e</load_address>
         <run_address>0x55e</run_address>
         <size>0x3d</size>
         <input_file_ref idref="fl-8d"/>
      </object_component>
      <object_component id="oc-46">
         <name>.debug_line</name>
         <load_address>0x59b</load_address>
         <run_address>0x59b</run_address>
         <size>0x3a</size>
         <input_file_ref idref="fl-8e"/>
      </object_component>
      <object_component id="oc-49">
         <name>.debug_line</name>
         <load_address>0x5d5</load_address>
         <run_address>0x5d5</run_address>
         <size>0x4f</size>
         <input_file_ref idref="fl-8f"/>
      </object_component>
      <object_component id="oc-4c">
         <name>.debug_line</name>
         <load_address>0x624</load_address>
         <run_address>0x624</run_address>
         <size>0x38</size>
         <input_file_ref idref="fl-90"/>
      </object_component>
      <object_component id="oc-4f">
         <name>.debug_line</name>
         <load_address>0x65c</load_address>
         <run_address>0x65c</run_address>
         <size>0x37</size>
         <input_file_ref idref="fl-91"/>
      </object_component>
      <object_component id="oc-52">
         <name>.debug_line</name>
         <load_address>0x693</load_address>
         <run_address>0x693</run_address>
         <size>0x39</size>
         <input_file_ref idref="fl-92"/>
      </object_component>
      <object_component id="oc-59">
         <name>.debug_line</name>
         <load_address>0x6cc</load_address>
         <run_address>0x6cc</run_address>
         <size>0x109</size>
         <input_file_ref idref="fl-93"/>
      </object_component>
      <object_component id="oc-5e">
         <name>.debug_line</name>
         <load_address>0x7d5</load_address>
         <run_address>0x7d5</run_address>
         <size>0x13f</size>
         <input_file_ref idref="fl-94"/>
      </object_component>
      <object_component id="oc-64">
         <name>.debug_line</name>
         <load_address>0x914</load_address>
         <run_address>0x914</run_address>
         <size>0x102</size>
         <input_file_ref idref="fl-95"/>
      </object_component>
      <object_component id="oc-6b">
         <name>.debug_line</name>
         <load_address>0xa16</load_address>
         <run_address>0xa16</run_address>
         <size>0x72</size>
         <input_file_ref idref="fl-96"/>
      </object_component>
      <object_component id="oc-72">
         <name>.debug_line</name>
         <load_address>0xa88</load_address>
         <run_address>0xa88</run_address>
         <size>0xa7</size>
         <input_file_ref idref="fl-97"/>
      </object_component>
      <object_component id="oc-79">
         <name>.debug_line</name>
         <load_address>0xb2f</load_address>
         <run_address>0xb2f</run_address>
         <size>0x69</size>
         <input_file_ref idref="fl-98"/>
      </object_component>
      <object_component id="oc-7e">
         <name>.debug_line</name>
         <load_address>0xb98</load_address>
         <run_address>0xb98</run_address>
         <size>0x5e</size>
         <input_file_ref idref="fl-99"/>
      </object_component>
      <object_component id="oc-84">
         <name>.debug_line</name>
         <load_address>0xbf6</load_address>
         <run_address>0xbf6</run_address>
         <size>0xa0</size>
         <input_file_ref idref="fl-9a"/>
      </object_component>
      <object_component id="oc-87">
         <name>.debug_line</name>
         <load_address>0xc96</load_address>
         <run_address>0xc96</run_address>
         <size>0x48</size>
         <input_file_ref idref="fl-9b"/>
      </object_component>
      <object_component id="oc-8b">
         <name>.debug_line</name>
         <load_address>0xcde</load_address>
         <run_address>0xcde</run_address>
         <size>0x5a</size>
         <input_file_ref idref="fl-9c"/>
      </object_component>
      <object_component id="oc-8e">
         <name>.debug_line</name>
         <load_address>0xd38</load_address>
         <run_address>0xd38</run_address>
         <size>0x5a</size>
         <input_file_ref idref="fl-9d"/>
      </object_component>
      <object_component id="oc-8">
         <name>.debug_abbrev</name>
         <load_address>0x0</load_address>
         <run_address>0x0</run_address>
         <size>0xd0</size>
         <input_file_ref idref="fl-2"/>
      </object_component>
      <object_component id="oc-f">
         <name>.debug_abbrev</name>
         <load_address>0xd0</load_address>
         <run_address>0xd0</run_address>
         <size>0xfa</size>
         <input_file_ref idref="fl-3"/>
      </object_component>
      <object_component id="oc-15">
         <name>.debug_abbrev</name>
         <load_address>0x1ca</load_address>
         <run_address>0x1ca</run_address>
         <size>0x18e</size>
         <input_file_ref idref="fl-4"/>
      </object_component>
      <object_component id="oc-18">
         <name>.debug_abbrev</name>
         <load_address>0x358</load_address>
         <run_address>0x358</run_address>
         <size>0xb5</size>
         <input_file_ref idref="fl-80"/>
      </object_component>
      <object_component id="oc-1c">
         <name>.debug_abbrev</name>
         <load_address>0x40d</load_address>
         <run_address>0x40d</run_address>
         <size>0xfe</size>
         <input_file_ref idref="fl-81"/>
      </object_component>
      <object_component id="oc-1f">
         <name>.debug_abbrev</name>
         <load_address>0x50b</load_address>
         <run_address>0x50b</run_address>
         <size>0x98</size>
         <input_file_ref idref="fl-82"/>
      </object_component>
      <object_component id="oc-24">
         <name>.debug_abbrev</name>
         <load_address>0x5a3</load_address>
         <run_address>0x5a3</run_address>
         <size>0x119</size>
         <input_file_ref idref="fl-83"/>
      </object_component>
      <object_component id="oc-27">
         <name>.debug_abbrev</name>
         <load_address>0x6bc</load_address>
         <run_address>0x6bc</run_address>
         <size>0x98</size>
         <input_file_ref idref="fl-84"/>
      </object_component>
      <object_component id="oc-2a">
         <name>.debug_abbrev</name>
         <load_address>0x754</load_address>
         <run_address>0x754</run_address>
         <size>0xa6</size>
         <input_file_ref idref="fl-85"/>
      </object_component>
      <object_component id="oc-2f">
         <name>.debug_abbrev</name>
         <load_address>0x7fa</load_address>
         <run_address>0x7fa</run_address>
         <size>0xcc</size>
         <input_file_ref idref="fl-86"/>
      </object_component>
      <object_component id="oc-32">
         <name>.debug_abbrev</name>
         <load_address>0x8c6</load_address>
         <run_address>0x8c6</run_address>
         <size>0x8f</size>
         <input_file_ref idref="fl-87"/>
      </object_component>
      <object_component id="oc-35">
         <name>.debug_abbrev</name>
         <load_address>0x955</load_address>
         <run_address>0x955</run_address>
         <size>0xaf</size>
         <input_file_ref idref="fl-88"/>
      </object_component>
      <object_component id="oc-38">
         <name>.debug_abbrev</name>
         <load_address>0xa04</load_address>
         <run_address>0xa04</run_address>
         <size>0xe1</size>
         <input_file_ref idref="fl-89"/>
      </object_component>
      <object_component id="oc-3b">
         <name>.debug_abbrev</name>
         <load_address>0xae5</load_address>
         <run_address>0xae5</run_address>
         <size>0x13f</size>
         <input_file_ref idref="fl-8a"/>
      </object_component>
      <object_component id="oc-3e">
         <name>.debug_abbrev</name>
         <load_address>0xc24</load_address>
         <run_address>0xc24</run_address>
         <size>0xdd</size>
         <input_file_ref idref="fl-8b"/>
      </object_component>
      <object_component id="oc-41">
         <name>.debug_abbrev</name>
         <load_address>0xd01</load_address>
         <run_address>0xd01</run_address>
         <size>0x10c</size>
         <input_file_ref idref="fl-8c"/>
      </object_component>
      <object_component id="oc-44">
         <name>.debug_abbrev</name>
         <load_address>0xe0d</load_address>
         <run_address>0xe0d</run_address>
         <size>0x98</size>
         <input_file_ref idref="fl-8d"/>
      </object_component>
      <object_component id="oc-47">
         <name>.debug_abbrev</name>
         <load_address>0xea5</load_address>
         <run_address>0xea5</run_address>
         <size>0x98</size>
         <input_file_ref idref="fl-8e"/>
      </object_component>
      <object_component id="oc-4a">
         <name>.debug_abbrev</name>
         <load_address>0xf3d</load_address>
         <run_address>0xf3d</run_address>
         <size>0x3b</size>
         <input_file_ref idref="fl-8f"/>
      </object_component>
      <object_component id="oc-4d">
         <name>.debug_abbrev</name>
         <load_address>0xf78</load_address>
         <run_address>0xf78</run_address>
         <size>0xaf</size>
         <input_file_ref idref="fl-90"/>
      </object_component>
      <object_component id="oc-50">
         <name>.debug_abbrev</name>
         <load_address>0x1027</load_address>
         <run_address>0x1027</run_address>
         <size>0x81</size>
         <input_file_ref idref="fl-91"/>
      </object_component>
      <object_component id="oc-53">
         <name>.debug_abbrev</name>
         <load_address>0x10a8</load_address>
         <run_address>0x10a8</run_address>
         <size>0xaf</size>
         <input_file_ref idref="fl-92"/>
      </object_component>
      <object_component id="oc-57">
         <name>.debug_abbrev</name>
         <load_address>0x1157</load_address>
         <run_address>0x1157</run_address>
         <size>0x1b7</size>
         <input_file_ref idref="fl-93"/>
      </object_component>
      <object_component id="oc-5c">
         <name>.debug_abbrev</name>
         <load_address>0x130e</load_address>
         <run_address>0x130e</run_address>
         <size>0x1a3</size>
         <input_file_ref idref="fl-94"/>
      </object_component>
      <object_component id="oc-62">
         <name>.debug_abbrev</name>
         <load_address>0x14b1</load_address>
         <run_address>0x14b1</run_address>
         <size>0x162</size>
         <input_file_ref idref="fl-95"/>
      </object_component>
      <object_component id="oc-69">
         <name>.debug_abbrev</name>
         <load_address>0x1613</load_address>
         <run_address>0x1613</run_address>
         <size>0x11c</size>
         <input_file_ref idref="fl-96"/>
      </object_component>
      <object_component id="oc-70">
         <name>.debug_abbrev</name>
         <load_address>0x172f</load_address>
         <run_address>0x172f</run_address>
         <size>0x154</size>
         <input_file_ref idref="fl-97"/>
      </object_component>
      <object_component id="oc-77">
         <name>.debug_abbrev</name>
         <load_address>0x1883</load_address>
         <run_address>0x1883</run_address>
         <size>0xf0</size>
         <input_file_ref idref="fl-98"/>
      </object_component>
      <object_component id="oc-7c">
         <name>.debug_abbrev</name>
         <load_address>0x1973</load_address>
         <run_address>0x1973</run_address>
         <size>0xd7</size>
         <input_file_ref idref="fl-99"/>
      </object_component>
      <object_component id="oc-82">
         <name>.debug_abbrev</name>
         <load_address>0x1a4a</load_address>
         <run_address>0x1a4a</run_address>
         <size>0xc8</size>
         <input_file_ref idref="fl-9a"/>
      </object_component>
      <object_component id="oc-88">
         <name>.debug_abbrev</name>
         <load_address>0x1b12</load_address>
         <run_address>0x1b12</run_address>
         <size>0x3b</size>
         <input_file_ref idref="fl-9b"/>
      </object_component>
      <object_component id="oc-89">
         <name>.debug_abbrev</name>
         <load_address>0x1b4d</load_address>
         <run_address>0x1b4d</run_address>
         <size>0xe0</size>
         <input_file_ref idref="fl-9c"/>
      </object_component>
      <object_component id="oc-8c">
         <name>.debug_abbrev</name>
         <load_address>0x1c2d</load_address>
         <run_address>0x1c2d</run_address>
         <size>0xe0</size>
         <input_file_ref idref="fl-9d"/>
      </object_component>
      <object_component id="oc-f3">
         <name>.debug_abbrev</name>
         <load_address>0x1d0d</load_address>
         <run_address>0x1d0d</run_address>
         <size>0xd</size>
      </object_component>
   </object_component_list>
   <logical_group_list>
      <logical_group id="lg-b7">
         <name>.text</name>
         <load_address>0x20</load_address>
         <run_address>0x20</run_address>
         <size>0x3000</size>
         <contents>
            <object_component_ref idref="oc-a2"/>
            <object_component_ref idref="oc-a3"/>
            <object_component_ref idref="oc-5f"/>
            <object_component_ref idref="oc-a4"/>
            <object_component_ref idref="oc-9f"/>
            <object_component_ref idref="oc-a5"/>
            <object_component_ref idref="oc-66"/>
            <object_component_ref idref="oc-6d"/>
            <object_component_ref idref="oc-ab"/>
            <object_component_ref idref="oc-a1"/>
            <object_component_ref idref="oc-80"/>
            <object_component_ref idref="oc-74"/>
            <object_component_ref idref="oc-95"/>
            <object_component_ref idref="oc-97"/>
            <object_component_ref idref="oc-8f"/>
            <object_component_ref idref="oc-b0"/>
            <object_component_ref idref="oc-9d"/>
            <object_component_ref idref="oc-96"/>
            <object_component_ref idref="oc-92"/>
            <object_component_ref idref="oc-91"/>
            <object_component_ref idref="oc-b6"/>
            <object_component_ref idref="oc-94"/>
            <object_component_ref idref="oc-93"/>
            <object_component_ref idref="oc-a7"/>
            <object_component_ref idref="oc-9c"/>
            <object_component_ref idref="oc-b3"/>
            <object_component_ref idref="oc-9e"/>
            <object_component_ref idref="oc-a6"/>
            <object_component_ref idref="oc-7b"/>
            <object_component_ref idref="oc-b1"/>
            <object_component_ref idref="oc-b5"/>
            <object_component_ref idref="oc-2"/>
            <object_component_ref idref="oc-ac"/>
            <object_component_ref idref="oc-90"/>
            <object_component_ref idref="oc-b4"/>
            <object_component_ref idref="oc-a8"/>
            <object_component_ref idref="oc-af"/>
            <object_component_ref idref="oc-a9"/>
            <object_component_ref idref="oc-ad"/>
            <object_component_ref idref="oc-ae"/>
            <object_component_ref idref="oc-aa"/>
            <object_component_ref idref="oc-99"/>
            <object_component_ref idref="oc-98"/>
            <object_component_ref idref="oc-9b"/>
            <object_component_ref idref="oc-9a"/>
            <object_component_ref idref="oc-b2"/>
            <object_component_ref idref="oc-a0"/>
            <object_component_ref idref="oc-54"/>
         </contents>
      </logical_group>
      <logical_group id="lg-b8">
         <name>.const</name>
         <load_address>0x3f20</load_address>
         <run_address>0x3f20</run_address>
         <size>0x138</size>
         <contents>
            <object_component_ref idref="oc-61"/>
            <object_component_ref idref="oc-68"/>
            <object_component_ref idref="oc-c"/>
         </contents>
      </logical_group>
      <logical_group id="lg-b9">
         <name>.data</name>
         <run_address>0x8</run_address>
         <size>0x0</size>
         <contents>
         </contents>
      </logical_group>
      <logical_group id="lg-ba">
         <name>.bss</name>
         <run_address>0x8</run_address>
         <size>0x0</size>
         <contents>
         </contents>
      </logical_group>
      <logical_group id="lg-bb">
         <name>.cinit</name>
         <load_address>0x3b88</load_address>
         <run_address>0x3b88</run_address>
         <size>0x394</size>
         <contents>
            <object_component_ref idref="oc-55"/>
            <object_component_ref idref="oc-4"/>
            <object_component_ref idref="oc-5a"/>
            <object_component_ref idref="oc-11"/>
            <object_component_ref idref="oc-a"/>
            <object_component_ref idref="oc-21"/>
            <object_component_ref idref="oc-75"/>
            <object_component_ref idref="oc-6e"/>
            <object_component_ref idref="oc-2c"/>
         </contents>
      </logical_group>
      <logical_group id="lg-bc">
         <name>.pinit</name>
         <run_address>0x0</run_address>
         <size>0x0</size>
         <contents>
         </contents>
      </logical_group>
      <logical_group id="lg-bd">
         <name>.stack</name>
         <run_address>0x3788</run_address>
         <size>0x400</size>
         <contents>
            <object_component_ref idref="oc-1a"/>
            <object_component_ref idref="oc-da"/>
         </contents>
      </logical_group>
      <logical_group id="lg-be">
         <name>.sysmem</name>
         <run_address>0x0</run_address>
         <size>0x0</size>
         <contents>
         </contents>
      </logical_group>
      <logical_group id="lg-bf">
         <name>.far</name>
         <run_address>0x3020</run_address>
         <size>0x764</size>
         <contents>
            <object_component_ref idref="oc-5"/>
            <object_component_ref idref="oc-b"/>
            <object_component_ref idref="oc-12"/>
            <object_component_ref idref="oc-22"/>
            <object_component_ref idref="oc-2d"/>
            <object_component_ref idref="oc-56"/>
            <object_component_ref idref="oc-5b"/>
            <object_component_ref idref="oc-60"/>
            <object_component_ref idref="oc-67"/>
            <object_component_ref idref="oc-6f"/>
            <object_component_ref idref="oc-76"/>
            <object_component_ref idref="oc-81"/>
         </contents>
      </logical_group>
      <logical_group id="lg-c0">
         <name>.switch</name>
         <run_address>0x0</run_address>
         <size>0x0</size>
         <contents>
         </contents>
      </logical_group>
      <logical_group id="lg-c1">
         <name>.cio</name>
         <run_address>0x0</run_address>
         <size>0x0</size>
         <contents>
         </contents>
      </logical_group>
      <logical_group id="lg-c2">
         <name>.ppinfo</name>
         <run_address>0x0</run_address>
         <size>0x0</size>
         <contents>
         </contents>
      </logical_group>
      <logical_group id="lg-c3">
         <name>.ppdata</name>
         <run_address>0x0</run_address>
         <size>0x0</size>
         <contents>
         </contents>
      </logical_group>
      <logical_group id="lg-d1">
         <name>.debug_info</name>
         <load_address>0x0</load_address>
         <run_address>0x0</run_address>
         <size>0x111f2</size>
         <contents>
            <object_component_ref idref="oc-3"/>
            <object_component_ref idref="oc-9"/>
            <object_component_ref idref="oc-10"/>
            <object_component_ref idref="oc-16"/>
            <object_component_ref idref="oc-19"/>
            <object_component_ref idref="oc-1d"/>
            <object_component_ref idref="oc-20"/>
            <object_component_ref idref="oc-25"/>
            <object_component_ref idref="oc-28"/>
            <object_component_ref idref="oc-2b"/>
            <object_component_ref idref="oc-30"/>
            <object_component_ref idref="oc-33"/>
            <object_component_ref idref="oc-36"/>
            <object_component_ref idref="oc-39"/>
            <object_component_ref idref="oc-3c"/>
            <object_component_ref idref="oc-3f"/>
            <object_component_ref idref="oc-42"/>
            <object_component_ref idref="oc-45"/>
            <object_component_ref idref="oc-48"/>
            <object_component_ref idref="oc-4b"/>
            <object_component_ref idref="oc-4e"/>
            <object_component_ref idref="oc-51"/>
            <object_component_ref idref="oc-58"/>
            <object_component_ref idref="oc-5d"/>
            <object_component_ref idref="oc-63"/>
            <object_component_ref idref="oc-6a"/>
            <object_component_ref idref="oc-71"/>
            <object_component_ref idref="oc-78"/>
            <object_component_ref idref="oc-7d"/>
            <object_component_ref idref="oc-83"/>
            <object_component_ref idref="oc-86"/>
            <object_component_ref idref="oc-8a"/>
            <object_component_ref idref="oc-8d"/>
            <object_component_ref idref="oc-f2"/>
         </contents>
      </logical_group>
      <logical_group id="lg-d3">
         <name>.debug_frame</name>
         <load_address>0x0</load_address>
         <run_address>0x0</run_address>
         <size>0x1074</size>
         <contents>
            <object_component_ref idref="oc-6"/>
            <object_component_ref idref="oc-d"/>
            <object_component_ref idref="oc-13"/>
            <object_component_ref idref="oc-65"/>
            <object_component_ref idref="oc-6c"/>
            <object_component_ref idref="oc-73"/>
            <object_component_ref idref="oc-7a"/>
            <object_component_ref idref="oc-7f"/>
            <object_component_ref idref="oc-85"/>
         </contents>
      </logical_group>
      <logical_group id="lg-d5">
         <name>.debug_line</name>
         <load_address>0x0</load_address>
         <run_address>0x0</run_address>
         <size>0xd92</size>
         <contents>
            <object_component_ref idref="oc-7"/>
            <object_component_ref idref="oc-e"/>
            <object_component_ref idref="oc-14"/>
            <object_component_ref idref="oc-17"/>
            <object_component_ref idref="oc-1b"/>
            <object_component_ref idref="oc-1e"/>
            <object_component_ref idref="oc-23"/>
            <object_component_ref idref="oc-26"/>
            <object_component_ref idref="oc-29"/>
            <object_component_ref idref="oc-2e"/>
            <object_component_ref idref="oc-31"/>
            <object_component_ref idref="oc-34"/>
            <object_component_ref idref="oc-37"/>
            <object_component_ref idref="oc-3a"/>
            <object_component_ref idref="oc-3d"/>
            <object_component_ref idref="oc-40"/>
            <object_component_ref idref="oc-43"/>
            <object_component_ref idref="oc-46"/>
            <object_component_ref idref="oc-49"/>
            <object_component_ref idref="oc-4c"/>
            <object_component_ref idref="oc-4f"/>
            <object_component_ref idref="oc-52"/>
            <object_component_ref idref="oc-59"/>
            <object_component_ref idref="oc-5e"/>
            <object_component_ref idref="oc-64"/>
            <object_component_ref idref="oc-6b"/>
            <object_component_ref idref="oc-72"/>
            <object_component_ref idref="oc-79"/>
            <object_component_ref idref="oc-7e"/>
            <object_component_ref idref="oc-84"/>
            <object_component_ref idref="oc-87"/>
            <object_component_ref idref="oc-8b"/>
            <object_component_ref idref="oc-8e"/>
         </contents>
      </logical_group>
      <logical_group id="lg-d7">
         <name>.debug_abbrev</name>
         <load_address>0x0</load_address>
         <run_address>0x0</run_address>
         <size>0x1d1a</size>
         <contents>
            <object_component_ref idref="oc-8"/>
            <object_component_ref idref="oc-f"/>
            <object_component_ref idref="oc-15"/>
            <object_component_ref idref="oc-18"/>
            <object_component_ref idref="oc-1c"/>
            <object_component_ref idref="oc-1f"/>
            <object_component_ref idref="oc-24"/>
            <object_component_ref idref="oc-27"/>
            <object_component_ref idref="oc-2a"/>
            <object_component_ref idref="oc-2f"/>
            <object_component_ref idref="oc-32"/>
            <object_component_ref idref="oc-35"/>
            <object_component_ref idref="oc-38"/>
            <object_component_ref idref="oc-3b"/>
            <object_component_ref idref="oc-3e"/>
            <object_component_ref idref="oc-41"/>
            <object_component_ref idref="oc-44"/>
            <object_component_ref idref="oc-47"/>
            <object_component_ref idref="oc-4a"/>
            <object_component_ref idref="oc-4d"/>
            <object_component_ref idref="oc-50"/>
            <object_component_ref idref="oc-53"/>
            <object_component_ref idref="oc-57"/>
            <object_component_ref idref="oc-5c"/>
            <object_component_ref idref="oc-62"/>
            <object_component_ref idref="oc-69"/>
            <object_component_ref idref="oc-70"/>
            <object_component_ref idref="oc-77"/>
            <object_component_ref idref="oc-7c"/>
            <object_component_ref idref="oc-82"/>
            <object_component_ref idref="oc-88"/>
            <object_component_ref idref="oc-89"/>
            <object_component_ref idref="oc-8c"/>
            <object_component_ref idref="oc-f3"/>
         </contents>
      </logical_group>
   </logical_group_list>
   <placement_map>
      <memory_area>
         <name>RAM</name>
         <page_id>0x0</page_id>
         <origin>0x1</origin>
         <length>0xfffffffe</length>
         <used_space>0x4030</used_space>
         <unused_space>0xffffbfce</unused_space>
         <attributes>RWIX</attributes>
         <usage_details>
            <available_space>
               <start_address>0x1</start_address>
               <size>0x7</size>
            </available_space>
            <allocated_space>
               <start_address>0x8</start_address>
               <size>0x0</size>
               <logical_group_ref idref="lg-ba"/>
            </allocated_space>
            <allocated_space>
               <start_address>0x8</start_address>
               <size>0x0</size>
               <logical_group_ref idref="lg-b9"/>
            </allocated_space>
            <available_space>
               <start_address>0x8</start_address>
               <size>0x18</size>
            </available_space>
            <allocated_space>
               <start_address>0x20</start_address>
               <size>0x3000</size>
               <logical_group_ref idref="lg-b7"/>
            </allocated_space>
            <allocated_space>
               <start_address>0x3020</start_address>
               <size>0x764</size>
               <logical_group_ref idref="lg-bf"/>
            </allocated_space>
            <available_space>
               <start_address>0x3784</start_address>
               <size>0x4</size>
            </available_space>
            <allocated_space>
               <start_address>0x3788</start_address>
               <size>0x400</size>
               <logical_group_ref idref="lg-bd"/>
            </allocated_space>
            <allocated_space>
               <start_address>0x3b88</start_address>
               <size>0x394</size>
               <logical_group_ref idref="lg-bb"/>
            </allocated_space>
            <available_space>
               <start_address>0x3f1c</start_address>
               <size>0x4</size>
            </available_space>
            <allocated_space>
               <start_address>0x3f20</start_address>
               <size>0x138</size>
               <logical_group_ref idref="lg-b8"/>
            </allocated_space>
            <available_space>
               <start_address>0x4058</start_address>
               <size>0xffffbfa7</size>
            </available_space>
         </usage_details>
      </memory_area>
   </placement_map>
   <symbol_table>
      <symbol id="sm-0">
         <name>cinit</name>
         <value>0x3b88</value>
      </symbol>
      <symbol id="sm-1">
         <name>___cinit__</name>
         <value>0x3b88</value>
      </symbol>
      <symbol id="sm-2">
         <name>pinit</name>
         <value>0xffffffff</value>
      </symbol>
      <symbol id="sm-3">
         <name>___pinit__</name>
         <value>0xffffffff</value>
      </symbol>
      <symbol id="sm-4">
         <name>binit</name>
         <value>0xffffffff</value>
      </symbol>
      <symbol id="sm-5">
         <name>___binit__</name>
         <value>0xffffffff</value>
      </symbol>
      <symbol id="sm-6">
         <name>__STACK_SIZE</name>
         <value>0x400</value>
      </symbol>
      <symbol id="sm-7">
         <name>__STACK_END</name>
         <value>0x3b88</value>
      </symbol>
      <symbol id="sm-8">
         <name>___c_args__</name>
         <value>0xffffffff</value>
      </symbol>
      <symbol id="sm-9">
         <name>.text</name>
         <value>0x20</value>
      </symbol>
      <symbol id="sm-a">
         <name>___text__</name>
         <value>0x20</value>
      </symbol>
      <symbol id="sm-b">
         <name>etext</name>
         <value>0x3020</value>
      </symbol>
      <symbol id="sm-c">
         <name>___etext__</name>
         <value>0x3020</value>
      </symbol>
      <symbol id="sm-d">
         <name>.data</name>
         <value>0x8</value>
      </symbol>
      <symbol id="sm-e">
         <name>___data__</name>
         <value>0x8</value>
      </symbol>
      <symbol id="sm-f">
         <name>edata</name>
         <value>0x8</value>
      </symbol>
      <symbol id="sm-10">
         <name>___edata__</name>
         <value>0x8</value>
      </symbol>
      <symbol id="sm-11">
         <name>.bss</name>
         <value>0x8</value>
      </symbol>
      <symbol id="sm-12">
         <name>___bss__</name>
         <value>0x8</value>
      </symbol>
      <symbol id="sm-13">
         <name>end</name>
         <value>0x8</value>
      </symbol>
      <symbol id="sm-14">
         <name>___end__</name>
         <value>0x8</value>
      </symbol>
      <symbol id="sm-15">
         <name>___TI_pprof_out_hndl</name>
         <value>0xffffffff</value>
      </symbol>
      <symbol id="sm-16">
         <name>___TI_prof_data_start</name>
         <value>0xffffffff</value>
      </symbol>
      <symbol id="sm-17">
         <name>___TI_prof_data_size</name>
         <value>0xffffffff</value>
      </symbol>
      <symbol id="sm-18">
         <name>$bss</name>
         <value>0x8</value>
      </symbol>
      <symbol id="sm-46">
         <name>_gain</name>
         <value>0x302e</value>
         <object_component_ref idref="oc-5"/>
      </symbol>
      <symbol id="sm-47">
         <name>_loop</name>
         <value>0x3024</value>
         <object_component_ref idref="oc-5"/>
      </symbol>
      <symbol id="sm-48">
         <name>_loop1</name>
         <value>0x3026</value>
         <object_component_ref idref="oc-5"/>
      </symbol>
      <symbol id="sm-49">
         <name>_gBuffer1</name>
         <value>0x3048</value>
         <object_component_ref idref="oc-5"/>
      </symbol>
      <symbol id="sm-4a">
         <name>_gBuffer3</name>
         <value>0x3248</value>
         <object_component_ref idref="oc-5"/>
      </symbol>
      <symbol id="sm-4b">
         <name>_gBuffer2</name>
         <value>0x3148</value>
         <object_component_ref idref="oc-5"/>
      </symbol>
      <symbol id="sm-4c">
         <name>_gBuffer4</name>
         <value>0x3348</value>
         <object_component_ref idref="oc-5"/>
      </symbol>
      <symbol id="sm-4d">
         <name>_sine_table1</name>
         <value>0x3030</value>
         <object_component_ref idref="oc-5"/>
      </symbol>
      <symbol id="sm-4e">
         <name>_sine_table2</name>
         <value>0x3040</value>
         <object_component_ref idref="oc-5"/>
      </symbol>
      <symbol id="sm-4f">
         <name>__fs</name>
         <value>0x3020</value>
         <object_component_ref idref="oc-5"/>
      </symbol>
      <symbol id="sm-50">
         <name>_m</name>
         <value>0x302c</value>
         <object_component_ref idref="oc-5"/>
      </symbol>
      <symbol id="sm-51">
         <name>_j</name>
         <value>0x302a</value>
         <object_component_ref idref="oc-5"/>
      </symbol>
      <symbol id="sm-52">
         <name>_i</name>
         <value>0x3028</value>
         <object_component_ref idref="oc-5"/>
      </symbol>
      <symbol id="sm-8a">
         <name>_main</name>
         <value>0x1180</value>
         <object_component_ref idref="oc-9f"/>
      </symbol>
      <symbol id="sm-8b">
         <name>_w6k</name>
         <value>0x4054</value>
         <object_component_ref idref="oc-c"/>
      </symbol>
      <symbol id="sm-8c">
         <name>_gBuffer</name>
         <value>0x3460</value>
         <object_component_ref idref="oc-b"/>
      </symbol>
      <symbol id="sm-8d">
         <name>_w3k</name>
         <value>0x4050</value>
         <object_component_ref idref="oc-c"/>
      </symbol>
      <symbol id="sm-8e">
         <name>_fs</name>
         <value>0x3448</value>
         <object_component_ref idref="oc-b"/>
      </symbol>
      <symbol id="sm-8f">
         <name>_sine_table</name>
         <value>0x3450</value>
         <object_component_ref idref="oc-b"/>
      </symbol>
      <symbol id="sm-90">
         <name>_phase3k</name>
         <value>0x3560</value>
         <object_component_ref idref="oc-b"/>
      </symbol>
      <symbol id="sm-91">
         <name>_idx</name>
         <value>0x3568</value>
         <object_component_ref idref="oc-b"/>
      </symbol>
      <symbol id="sm-92">
         <name>_phase6k</name>
         <value>0x3564</value>
         <object_component_ref idref="oc-b"/>
      </symbol>
      <symbol id="sm-db">
         <name>_comm_poll</name>
         <value>0xc4</value>
         <object_component_ref idref="oc-a2"/>
      </symbol>
      <symbol id="sm-dc">
         <name>_output_left_sample</name>
         <value>0x2c4</value>
         <object_component_ref idref="oc-a2"/>
      </symbol>
      <symbol id="sm-dd">
         <name>_comm_intr</name>
         <value>0xec</value>
         <object_component_ref idref="oc-a2"/>
      </symbol>
      <symbol id="sm-de">
         <name>_input_left_sample</name>
         <value>0x508</value>
         <object_component_ref idref="oc-a2"/>
      </symbol>
      <symbol id="sm-df">
         <name>_output_sample</name>
         <value>0x1d8</value>
         <object_component_ref idref="oc-a2"/>
      </symbol>
      <symbol id="sm-e0">
         <name>_c6416_dsk_init</name>
         <value>0x20</value>
         <object_component_ref idref="oc-a2"/>
      </symbol>
      <symbol id="sm-e1">
         <name>_config</name>
         <value>0x36b4</value>
         <object_component_ref idref="oc-12"/>
      </symbol>
      <symbol id="sm-e2">
         <name>_input_right_sample</name>
         <value>0x5a8</value>
         <object_component_ref idref="oc-a2"/>
      </symbol>
      <symbol id="sm-e3">
         <name>_AIC_data</name>
         <value>0x3670</value>
         <object_component_ref idref="oc-12"/>
      </symbol>
      <symbol id="sm-e4">
         <name>_hAIC23_handle</name>
         <value>0x36c8</value>
         <object_component_ref idref="oc-12"/>
      </symbol>
      <symbol id="sm-e5">
         <name>_AIC23CfgData</name>
         <value>0x367c</value>
         <object_component_ref idref="oc-12"/>
      </symbol>
      <symbol id="sm-e6">
         <name>_input_sample</name>
         <value>0x430</value>
         <object_component_ref idref="oc-a2"/>
      </symbol>
      <symbol id="sm-e7">
         <name>_output_right_sample</name>
         <value>0x37c</value>
         <object_component_ref idref="oc-a2"/>
      </symbol>
      <symbol id="sm-f1">
         <name>__addf</name>
         <value>0xe00</value>
         <object_component_ref idref="oc-a4"/>
      </symbol>
      <symbol id="sm-fd">
         <name>_c_int00</name>
         <value>0x2d40</value>
         <object_component_ref idref="oc-2"/>
      </symbol>
      <symbol id="sm-fe">
         <name>__stack</name>
         <value>0x3788</value>
         <object_component_ref idref="oc-1a"/>
      </symbol>
      <symbol id="sm-108">
         <name>__cmpf</name>
         <value>0x2920</value>
         <object_component_ref idref="oc-a7"/>
      </symbol>
      <symbol id="sm-118">
         <name>C$$EXIT</name>
         <value>0x2fe0</value>
         <object_component_ref idref="oc-a0"/>
      </symbol>
      <symbol id="sm-119">
         <name>_exit</name>
         <value>0x2660</value>
         <object_component_ref idref="oc-91"/>
      </symbol>
      <symbol id="sm-11a">
         <name>___TI_enable_exit_profile_output</name>
         <value>0x3778</value>
         <object_component_ref idref="oc-22"/>
      </symbol>
      <symbol id="sm-11b">
         <name>_abort</name>
         <value>0x2fe0</value>
         <object_component_ref idref="oc-a0"/>
      </symbol>
      <symbol id="sm-11c">
         <name>__cleanup_ptr</name>
         <value>0x3770</value>
         <object_component_ref idref="oc-22"/>
      </symbol>
      <symbol id="sm-11d">
         <name>__dtors_ptr</name>
         <value>0x3774</value>
         <object_component_ref idref="oc-22"/>
      </symbol>
      <symbol id="sm-127">
         <name>__fixfi</name>
         <value>0x2b80</value>
         <object_component_ref idref="oc-a6"/>
      </symbol>
      <symbol id="sm-131">
         <name>__mpyf</name>
         <value>0x13c0</value>
         <object_component_ref idref="oc-a5"/>
      </symbol>
      <symbol id="sm-13f">
         <name>_sinf</name>
         <value>0x660</value>
         <object_component_ref idref="oc-a3"/>
      </symbol>
      <symbol id="sm-149">
         <name>__subf</name>
         <value>0x2e60</value>
         <object_component_ref idref="oc-a8"/>
      </symbol>
      <symbol id="sm-153">
         <name>__truncf</name>
         <value>0x2fc0</value>
         <object_component_ref idref="oc-b2"/>
      </symbol>
      <symbol id="sm-15d">
         <name>__args_main</name>
         <value>0x2de0</value>
         <object_component_ref idref="oc-90"/>
      </symbol>
      <symbol id="sm-15e">
         <name>__TI_args_main</name>
         <value>0x1</value>
      </symbol>
      <symbol id="sm-168">
         <name>__auto_init</name>
         <value>0x2240</value>
         <object_component_ref idref="oc-8f"/>
      </symbol>
      <symbol id="sm-172">
         <name>___TI_cpp_init</name>
         <value>0x2b00</value>
         <object_component_ref idref="oc-9e"/>
      </symbol>
      <symbol id="sm-17c">
         <name>_copy_in</name>
         <value>0x29c0</value>
         <object_component_ref idref="oc-9c"/>
      </symbol>
      <symbol id="sm-186">
         <name>__fltif</name>
         <value>0x2c80</value>
         <object_component_ref idref="oc-b1"/>
      </symbol>
      <symbol id="sm-190">
         <name>__frcmpyf</name>
         <value>0x2ce0</value>
         <object_component_ref idref="oc-b5"/>
      </symbol>
      <symbol id="sm-198">
         <name>_memcpy</name>
         <value>0x2400</value>
         <object_component_ref idref="oc-9d"/>
      </symbol>
      <symbol id="sm-1a2">
         <name>_modff</name>
         <value>0x2a60</value>
         <object_component_ref idref="oc-b3"/>
      </symbol>
      <symbol id="sm-1ac">
         <name>__negf</name>
         <value>0x2e20</value>
         <object_component_ref idref="oc-b4"/>
      </symbol>
      <symbol id="sm-1b6">
         <name>__roundf</name>
         <value>0x2320</value>
         <object_component_ref idref="oc-b0"/>
      </symbol>
      <symbol id="sm-1d2">
         <name>__IRQ_eventTable</name>
         <value>0x35a0</value>
         <object_component_ref idref="oc-56"/>
      </symbol>
      <symbol id="sm-1d3">
         <name>_IRQ_nmiEnable</name>
         <value>0x2f00</value>
         <object_component_ref idref="oc-ae"/>
      </symbol>
      <symbol id="sm-1d4">
         <name>_IRQ_reset</name>
         <value>0x2da0</value>
         <object_component_ref idref="oc-ac"/>
      </symbol>
      <symbol id="sm-1d5">
         <name>__IRQ_intTable</name>
         <value>0x3628</value>
         <object_component_ref idref="oc-56"/>
      </symbol>
      <symbol id="sm-1d6">
         <name>_IRQ_globalEnable</name>
         <value>0x2ee0</value>
         <object_component_ref idref="oc-ad"/>
      </symbol>
      <symbol id="sm-1d7">
         <name>_IRQ_globalDisable</name>
         <value>0x2ec0</value>
         <object_component_ref idref="oc-a9"/>
      </symbol>
      <symbol id="sm-1d8">
         <name>_IRQ_map</name>
         <value>0x1a20</value>
         <object_component_ref idref="oc-ab"/>
      </symbol>
      <symbol id="sm-1d9">
         <name>_IRQ_enable</name>
         <value>0x2ea0</value>
         <object_component_ref idref="oc-af"/>
      </symbol>
      <symbol id="sm-1da">
         <name>__IRQ_dispatchTable</name>
         <value>0x3668</value>
         <object_component_ref idref="oc-56"/>
      </symbol>
      <symbol id="sm-1db">
         <name>__IRQ_hookFetchPacket</name>
         <value>0x3000</value>
         <object_component_ref idref="oc-54"/>
      </symbol>
      <symbol id="sm-1f9">
         <name>_MCBSP_reset</name>
         <value>0x1c00</value>
         <object_component_ref idref="oc-a1"/>
      </symbol>
      <symbol id="sm-1fa">
         <name>_MCBSP_read</name>
         <value>0x2f40</value>
         <object_component_ref idref="oc-99"/>
      </symbol>
      <symbol id="sm-1fb">
         <name>_MCBSP_getXmtEventId</name>
         <value>0x2f20</value>
         <object_component_ref idref="oc-aa"/>
      </symbol>
      <symbol id="sm-1fc">
         <name>_MCBSP_open</name>
         <value>0x2080</value>
         <object_component_ref idref="oc-95"/>
      </symbol>
      <symbol id="sm-1fd">
         <name>__MCBSP_hDev0</name>
         <value>0x3718</value>
         <object_component_ref idref="oc-5b"/>
      </symbol>
      <symbol id="sm-1fe">
         <name>__MCBSP_hDev1</name>
         <value>0x371c</value>
         <object_component_ref idref="oc-5b"/>
      </symbol>
      <symbol id="sm-1ff">
         <name>__MCBSP_hDev2</name>
         <value>0x3720</value>
         <object_component_ref idref="oc-5b"/>
      </symbol>
      <symbol id="sm-200">
         <name>_MCBSP_start</name>
         <value>0x2160</value>
         <object_component_ref idref="oc-97"/>
      </symbol>
      <symbol id="sm-201">
         <name>_MCBSP_rrdy</name>
         <value>0x2f60</value>
         <object_component_ref idref="oc-98"/>
      </symbol>
      <symbol id="sm-202">
         <name>_MCBSP_config</name>
         <value>0x24e0</value>
         <object_component_ref idref="oc-96"/>
      </symbol>
      <symbol id="sm-203">
         <name>_MCBSP_xrdy</name>
         <value>0x2fa0</value>
         <object_component_ref idref="oc-9a"/>
      </symbol>
      <symbol id="sm-204">
         <name>_MCBSP_write</name>
         <value>0x2f80</value>
         <object_component_ref idref="oc-9b"/>
      </symbol>
      <symbol id="sm-234">
         <name>_DSK6416_waitusec</name>
         <value>0xce0</value>
         <object_component_ref idref="oc-5f"/>
      </symbol>
      <symbol id="sm-235">
         <name>_DSK6416_rget</name>
         <value>0xbf0</value>
         <object_component_ref idref="oc-5f"/>
      </symbol>
      <symbol id="sm-236">
         <name>_DSK6416_wait</name>
         <value>0xc70</value>
         <object_component_ref idref="oc-5f"/>
      </symbol>
      <symbol id="sm-237">
         <name>_DSK6416_rset</name>
         <value>0xc28</value>
         <object_component_ref idref="oc-5f"/>
      </symbol>
      <symbol id="sm-238">
         <name>_DSK6416_version</name>
         <value>0x356a</value>
         <object_component_ref idref="oc-60"/>
      </symbol>
      <symbol id="sm-239">
         <name>_DSK6416_getVersion</name>
         <value>0xd2c</value>
         <object_component_ref idref="oc-5f"/>
      </symbol>
      <symbol id="sm-23a">
         <name>_DSK6416_init</name>
         <value>0xa40</value>
         <object_component_ref idref="oc-5f"/>
      </symbol>
      <symbol id="sm-25c">
         <name>_DSK6416_AIC23_openCodec</name>
         <value>0x15e0</value>
         <object_component_ref idref="oc-66"/>
      </symbol>
      <symbol id="sm-25d">
         <name>_DSK6416_AIC23_codecdatahandle</name>
         <value>0x3780</value>
         <object_component_ref idref="oc-67"/>
      </symbol>
      <symbol id="sm-25e">
         <name>_DSK6416_AIC23_codeccontrolhandle</name>
         <value>0x377c</value>
         <object_component_ref idref="oc-67"/>
      </symbol>
      <symbol id="sm-28b">
         <name>_DSK6416_AIC23_rset</name>
         <value>0x1800</value>
         <object_component_ref idref="oc-6d"/>
      </symbol>
      <symbol id="sm-28c">
         <name>_DSK6416_AIC23_config</name>
         <value>0x195c</value>
         <object_component_ref idref="oc-6d"/>
      </symbol>
      <symbol id="sm-28d">
         <name>_DSK6416_AIC23_rget</name>
         <value>0x191c</value>
         <object_component_ref idref="oc-6d"/>
      </symbol>
      <symbol id="sm-2aa">
         <name>_DSK6416_AIC23_setFreq</name>
         <value>0x1f80</value>
         <object_component_ref idref="oc-74"/>
      </symbol>
      <symbol id="sm-2ba">
         <name>_DSK6416_DIP_init</name>
         <value>0x2c00</value>
         <object_component_ref idref="oc-7b"/>
      </symbol>
      <symbol id="sm-2bb">
         <name>_DSK6416_DIP_get</name>
         <value>0x2c04</value>
         <object_component_ref idref="oc-7b"/>
      </symbol>
      <symbol id="sm-2d4">
         <name>_DSK6416_LED_init</name>
         <value>0x1de0</value>
         <object_component_ref idref="oc-80"/>
      </symbol>
      <symbol id="sm-2d5">
         <name>_DSK6416_LED_toggle</name>
         <value>0x1f00</value>
         <object_component_ref idref="oc-80"/>
      </symbol>
      <symbol id="sm-2d6">
         <name>_DSK6416_LED_on</name>
         <value>0x1e94</value>
         <object_component_ref idref="oc-80"/>
      </symbol>
      <symbol id="sm-2d7">
         <name>_DSK6416_LED_off</name>
         <value>0x1e28</value>
         <object_component_ref idref="oc-80"/>
      </symbol>
      <symbol id="sm-2df">
         <name>__strasg</name>
         <value>0x25a0</value>
         <object_component_ref idref="oc-92"/>
      </symbol>
      <symbol id="sm-2e9">
         <name>_EMIFA_config</name>
         <value>0x27e0</value>
         <object_component_ref idref="oc-94"/>
      </symbol>
      <symbol id="sm-2f3">
         <name>_EMIFB_config</name>
         <value>0x2880</value>
         <object_component_ref idref="oc-93"/>
      </symbol>
   </symbol_table>
</link_info>
