******************************************************************************
               TMS320C6x Linker PC v7.4.20                     
******************************************************************************
>> Linked Wed Apr 22 07:14:31 2026

OUTPUT FILE NAME:   <hello.out>
ENTRY POINT SYMBOL: "_c_int00"  address: 00003a00


MEMORY CONFIGURATION

         name            origin    length      used     unused   attr    fill
----------------------  --------  ---------  --------  --------  ----  --------
  RAM                   00000001   fffffffe  0000488c  ffffb772  RWIX


SECTION ALLOCATION MAP

 output                                  attributes/
section   page    origin      length       input sections
--------  ----  ----------  ----------   ----------------
.pinit     0    00000004    00000000     UNINITIALIZED

.data      0    00000008    00000000     UNINITIALIZED

.bss       0    00000008    00000000     UNINITIALIZED

.text      0    00000020    00003cc0     
                  00000020    00000640     c6416dskinit.obj (.text)
                  00000660    000005e0     rts6400.lib : divd.obj (.text:__divd)
                  00000c40    000004c0                 : sin.obj (.text:_sin)
                  00001100    000003c0     dsk6416bsl.lib : dsk6416.obj (.text)
                  000014c0    000002c0     main.obj (.text)
                  00001780    000002a0     rts6400.lib : mpyd.obj (.text:__mpyd)
                  00001a20    00000260                 : frcaddd.obj (.text:__frcaddd)
                  00001c80    00000240                 : addd.obj (.text:__addd)
                  00001ec0    00000220     dsk6416bsl.lib : dsk6416_aic23_opencodec.obj (.text)
                  000020e0    00000220                    : dsk6416_aic23_registers.obj (.text)
                  00002300    000001e0     csl6416.lib : csl_irq.obj (.text:_IRQ_map)
                  000024e0    000001e0                 : csl_mcbsp.obj (.text:_MCBSP_reset)
                  000026c0    000001a0     dsk6416bsl.lib : dsk6416_led.obj (.text)
                  00002860    00000160     rts6400.lib : round.obj (.text:__nround)
                  000029c0    00000120                 : frcmpyd.obj (.text:__frcmpyd)
                  00002ae0    00000100                 : frcmpyd_div.obj (.text:__frcmpyd_div)
                  00002be0    00000100     dsk6416bsl.lib : dsk6416_aic23_setfreq.obj (.text)
                  00002ce0    000000e0     csl6416.lib : csl_mcbsp.obj (.text:_MCBSP_open)
                  00002dc0    000000e0                 : csl_mcbsp.obj (.text:_MCBSP_start)
                  00002ea0    000000e0     rts6400.lib : autoinit.obj (.text:__auto_init)
                  00002f80    000000e0                 : cmpd.obj (.text:__cmpd)
                  00003060    000000e0                 : memcpy64.obj (.text:_memcpy)
                  00003140    000000e0                 : modf.obj (.text:_modf)
                  00003220    000000c0     csl6416.lib : csl_mcbsp.obj (.text:_MCBSP_config)
                  000032e0    000000c0     rts6400.lib : strasg.obj (.text:__strasg)
                  000033a0    000000c0                 : exit.obj (.text:_exit)
                  00003460    000000c0     csl6416.lib : csl_irq.obj (.text:_setMux)
                  00003520    000000a0                 : csl_emifa.obj (.text:_EMIFA_config)
                  000035c0    000000a0                 : csl_emifb.obj (.text:_EMIFB_config)
                  00003660    000000a0     rts6400.lib : renormd.obj (.text:__renormd)
                  00003700    000000a0                 : cpy_tbl.obj (.text:_copy_in)
                  000037a0    00000080                 : cpp_init.obj (.text:___TI_cpp_init)
                  00003820    00000080                 : fixdi.obj (.text:__fixdi)
                  000038a0    00000080                 : mpyll.obj (.text:__mpyll)
                  00003920    00000080     dsk6416bsl.lib : dsk6416_dip.obj (.text)
                  000039a0    00000060     rts6400.lib : fltid.obj (.text:__fltid)
                  00003a00    00000060                 : boot.obj (.text:_c_int00)
                  00003a60    00000040     csl6416.lib : csl_irq.obj (.text:_IRQ_reset)
                  00003aa0    00000040     rts6400.lib : args_main.obj (.text:__args_main)
                  00003ae0    00000040                 : negd.obj (.text:__negd)
                  00003b20    00000040                 : subd.obj (.text:__subd)
                  00003b60    00000020     csl6416.lib : csl_irq.obj (.text:_IRQ_enable)
                  00003b80    00000020                 : csl_irq.obj (.text:_IRQ_globalDisable)
                  00003ba0    00000020                 : csl_irq.obj (.text:_IRQ_globalEnable)
                  00003bc0    00000020                 : csl_irq.obj (.text:_IRQ_nmiEnable)
                  00003be0    00000020                 : csl_mcbsp.obj (.text:_MCBSP_getXmtEventId)
                  00003c00    00000020                 : csl_mcbsp.obj (.text:_MCBSP_read)
                  00003c20    00000020                 : csl_mcbsp.obj (.text:_MCBSP_rrdy)
                  00003c40    00000020                 : csl_mcbsp.obj (.text:_MCBSP_write)
                  00003c60    00000020                 : csl_mcbsp.obj (.text:_MCBSP_xrdy)
                  00003c80    00000020     rts6400.lib : trunc.obj (.text:__trunc)
                  00003ca0    00000020                 : exit.obj (.text:_abort)
                  00003cc0    00000020     csl6416.lib : csl_irq.obj (.text)

.stack     0    00003ce0    00000400     UNINITIALIZED
                  00003ce0    00000008     rts6400.lib : boot.obj (.stack)
                  00003ce8    000003f8     --HOLE--

.far       0    000040e0    00000380     UNINITIALIZED
                  000040e0    00000140     main.obj (.far)
                  00004220    00000100     csl6416.lib : csl_irq.obj (.far)
                  00004320    0000005a     c6416dskinit.obj (.far)
                  0000437a    00000004     dsk6416bsl.lib : dsk6416.obj (.far)
                  0000437e    00000002                    : dsk6416_led.obj (.far)
                  00004380    00000054     csl6416.lib : csl_mcbsp.obj (.far)
                  000043d4    00000004     --HOLE--
                  000043d8    00000040     rts6400.lib : sin.obj (.far)
                  00004418    00000020     dsk6416bsl.lib : dsk6416_aic23_setfreq.obj (.far)
                  00004438    00000014                    : dsk6416_aic23_registers.obj (.far)
                  0000444c    0000000c     rts6400.lib : exit.obj (.far)
                  00004458    00000008     dsk6416bsl.lib : dsk6416_aic23_opencodec.obj (.far)

.cinit     0    00004460    00000314     
                  00004460    0000012c     csl6416.lib : csl_irq.obj (.cinit)
                  0000458c    00000004     --HOLE-- [fill = 0]
                  00004590    0000007c                 : csl_mcbsp.obj (.cinit)
                  0000460c    00000004     --HOLE-- [fill = 0]
                  00004610    0000005c     c6416dskinit.obj (.cinit)
                  0000466c    00000004     --HOLE-- [fill = 0]
                  00004670    00000048     rts6400.lib : sin.obj (.cinit)
                  000046b8    0000003a     main.obj (.cinit)
                  000046f2    00000006     --HOLE-- [fill = 0]
                  000046f8    0000002c     rts6400.lib : exit.obj (.cinit)
                  00004724    00000004     --HOLE-- [fill = 0]
                  00004728    00000028     dsk6416bsl.lib : dsk6416_aic23_setfreq.obj (.cinit)
                  00004750    0000001c                    : dsk6416_aic23_registers.obj (.cinit)
                  0000476c    00000004     --HOLE-- [fill = 0]
                  00004770    00000004     (.pad.cinit) [fill = 0]

.const     0    00004778    00000138     
                  00004778    000000c0     dsk6416bsl.lib : dsk6416.obj (.const)
                  00004838    00000070                    : dsk6416_aic23_opencodec.obj (.const)
                  000048a8    00000008     rts6400.lib : divd.obj (.const:.string:_initial_approx$1)


GLOBAL SYMBOLS: SORTED ALPHABETICALLY BY Name 

address    name
--------   ----
00000008   $bss
00000008   .bss
00000008   .data
00000020   .text
00003ca0   C$$EXIT
0000432c   _AIC23CfgData
00004320   _AIC_data
00004458   _DSK6416_AIC23_codeccontrolhandle
0000445c   _DSK6416_AIC23_codecdatahandle
0000223c   _DSK6416_AIC23_config
00001ec0   _DSK6416_AIC23_openCodec
000021fc   _DSK6416_AIC23_rget
000020e0   _DSK6416_AIC23_rset
00002be0   _DSK6416_AIC23_setFreq
00003924   _DSK6416_DIP_get
00003920   _DSK6416_DIP_init
000026c0   _DSK6416_LED_init
00002708   _DSK6416_LED_off
00002774   _DSK6416_LED_on
000027e0   _DSK6416_LED_toggle
000013ec   _DSK6416_getVersion
00001100   _DSK6416_init
000012b0   _DSK6416_rget
000012e8   _DSK6416_rset
0000437a   _DSK6416_version
00001330   _DSK6416_wait
000013a0   _DSK6416_waitusec
00003520   _EMIFA_config
000035c0   _EMIFB_config
00003b60   _IRQ_enable
00003b80   _IRQ_globalDisable
00003ba0   _IRQ_globalEnable
00002300   _IRQ_map
00003bc0   _IRQ_nmiEnable
00003a60   _IRQ_reset
00003220   _MCBSP_config
00003be0   _MCBSP_getXmtEventId
00002ce0   _MCBSP_open
00003c00   _MCBSP_read
000024e0   _MCBSP_reset
00003c20   _MCBSP_rrdy
00002dc0   _MCBSP_start
00003c40   _MCBSP_write
00003c60   _MCBSP_xrdy
00004318   __IRQ_dispatchTable
00004250   __IRQ_eventTable
00003cc0   __IRQ_hookFetchPacket
000042d8   __IRQ_intTable
000043c8   __MCBSP_hDev0
000043cc   __MCBSP_hDev1
000043d0   __MCBSP_hDev2
000040e0   __STACK_END
00000400   __STACK_SIZE
00000001   __TI_args_main
000037a0   ___TI_cpp_init
00004454   ___TI_enable_exit_profile_output
ffffffff   ___TI_pprof_out_hndl
ffffffff   ___TI_prof_data_size
ffffffff   ___TI_prof_data_start
ffffffff   ___binit__
00000008   ___bss__
ffffffff   ___c_args__
00004460   ___cinit__
00000008   ___data__
00000008   ___edata__
00000008   ___end__
00003ce0   ___etext__
ffffffff   ___pinit__
00000020   ___text__
00001c80   __addd
00003aa0   __args_main
00002ea0   __auto_init
0000444c   __cleanup_ptr
00002f80   __cmpd
00000660   __divd
00004450   __dtors_ptr
00003820   __fixdi
000039a0   __fltid
00001a20   __frcaddd
000029c0   __frcmpyd
00002ae0   __frcmpyd_div
00001780   __mpyd
000038a0   __mpyll
00003ae0   __negd
00002860   __nround
00003660   __renormd
00003ce0   __stack
000032e0   __strasg
00003b20   __subd
00003c80   __trunc
00003ca0   _abort
00000020   _c6416_dsk_init
00003a00   _c_int00
000000ec   _comm_intr
000000c4   _comm_poll
00004364   _config
00003700   _copy_in
000033a0   _exit
000040e0   _fs
00004120   _gBuffer
000040e8   _gain
00004378   _hAIC23_handle
000040e6   _i
00000508   _input_left_sample
000005a8   _input_right_sample
00000430   _input_sample
000040e4   _loop
000014c0   _main
00003060   _memcpy
00003140   _modf
000002c4   _output_left_sample
0000037c   _output_right_sample
000001d8   _output_sample
00000c40   _sin
000040f0   _sine_table
ffffffff   binit
00004460   cinit
00000008   edata
00000008   end
00003ce0   etext
ffffffff   pinit


GLOBAL SYMBOLS: SORTED BY Symbol Address 

address    name
--------   ----
00000001   __TI_args_main
00000008   $bss
00000008   .bss
00000008   .data
00000008   ___bss__
00000008   ___data__
00000008   ___edata__
00000008   ___end__
00000008   edata
00000008   end
00000020   .text
00000020   ___text__
00000020   _c6416_dsk_init
000000c4   _comm_poll
000000ec   _comm_intr
000001d8   _output_sample
000002c4   _output_left_sample
0000037c   _output_right_sample
00000400   __STACK_SIZE
00000430   _input_sample
00000508   _input_left_sample
000005a8   _input_right_sample
00000660   __divd
00000c40   _sin
00001100   _DSK6416_init
000012b0   _DSK6416_rget
000012e8   _DSK6416_rset
00001330   _DSK6416_wait
000013a0   _DSK6416_waitusec
000013ec   _DSK6416_getVersion
000014c0   _main
00001780   __mpyd
00001a20   __frcaddd
00001c80   __addd
00001ec0   _DSK6416_AIC23_openCodec
000020e0   _DSK6416_AIC23_rset
000021fc   _DSK6416_AIC23_rget
0000223c   _DSK6416_AIC23_config
00002300   _IRQ_map
000024e0   _MCBSP_reset
000026c0   _DSK6416_LED_init
00002708   _DSK6416_LED_off
00002774   _DSK6416_LED_on
000027e0   _DSK6416_LED_toggle
00002860   __nround
000029c0   __frcmpyd
00002ae0   __frcmpyd_div
00002be0   _DSK6416_AIC23_setFreq
00002ce0   _MCBSP_open
00002dc0   _MCBSP_start
00002ea0   __auto_init
00002f80   __cmpd
00003060   _memcpy
00003140   _modf
00003220   _MCBSP_config
000032e0   __strasg
000033a0   _exit
00003520   _EMIFA_config
000035c0   _EMIFB_config
00003660   __renormd
00003700   _copy_in
000037a0   ___TI_cpp_init
00003820   __fixdi
000038a0   __mpyll
00003920   _DSK6416_DIP_init
00003924   _DSK6416_DIP_get
000039a0   __fltid
00003a00   _c_int00
00003a60   _IRQ_reset
00003aa0   __args_main
00003ae0   __negd
00003b20   __subd
00003b60   _IRQ_enable
00003b80   _IRQ_globalDisable
00003ba0   _IRQ_globalEnable
00003bc0   _IRQ_nmiEnable
00003be0   _MCBSP_getXmtEventId
00003c00   _MCBSP_read
00003c20   _MCBSP_rrdy
00003c40   _MCBSP_write
00003c60   _MCBSP_xrdy
00003c80   __trunc
00003ca0   C$$EXIT
00003ca0   _abort
00003cc0   __IRQ_hookFetchPacket
00003ce0   ___etext__
00003ce0   __stack
00003ce0   etext
000040e0   __STACK_END
000040e0   _fs
000040e4   _loop
000040e6   _i
000040e8   _gain
000040f0   _sine_table
00004120   _gBuffer
00004250   __IRQ_eventTable
000042d8   __IRQ_intTable
00004318   __IRQ_dispatchTable
00004320   _AIC_data
0000432c   _AIC23CfgData
00004364   _config
00004378   _hAIC23_handle
0000437a   _DSK6416_version
000043c8   __MCBSP_hDev0
000043cc   __MCBSP_hDev1
000043d0   __MCBSP_hDev2
0000444c   __cleanup_ptr
00004450   __dtors_ptr
00004454   ___TI_enable_exit_profile_output
00004458   _DSK6416_AIC23_codeccontrolhandle
0000445c   _DSK6416_AIC23_codecdatahandle
00004460   ___cinit__
00004460   cinit
ffffffff   ___TI_pprof_out_hndl
ffffffff   ___TI_prof_data_size
ffffffff   ___TI_prof_data_start
ffffffff   ___binit__
ffffffff   ___c_args__
ffffffff   ___pinit__
ffffffff   binit
ffffffff   pinit

[121 symbols]
