******************************************************************************
               TMS320C6x Linker PC v7.4.20                     
******************************************************************************
>> Linked Wed Mar 11 09:28:05 2026

OUTPUT FILE NAME:   <lab_6.out>
ENTRY POINT SYMBOL: "_c_int00"  address: 00002740


MEMORY CONFIGURATION

         name            origin    length      used     unused   attr    fill
----------------------  --------  ---------  --------  --------  ----  --------
  RAM                   00000001   fffffffe  00003624  ffffc9da  RWIX


SECTION ALLOCATION MAP

 output                                  attributes/
section   page    origin      length       input sections
--------  ----  ----------  ----------   ----------------
.pinit     0    00000004    00000000     UNINITIALIZED

.data      0    00000008    00000000     UNINITIALIZED

.bss       0    00000008    00000000     UNINITIALIZED

.text      0    00000020    000029e0     
                  00000020    00000640     c6416dskinit.obj (.text)
                  00000660    00000460     IIR.obj (.text:retain)
                  00000ac0    000003c0     dsk6416bsl.lib : dsk6416.obj (.text)
                  00000e80    00000380     rts6400.lib : addf.obj (.text:__addf)
                  00001200    00000220                 : mpyf.obj (.text:__mpyf)
                  00001420    00000220     dsk6416bsl.lib : dsk6416_aic23_opencodec.obj (.text)
                  00001640    00000220                    : dsk6416_aic23_registers.obj (.text)
                  00001860    000001e0     csl6416.lib : csl_irq.obj (.text:_IRQ_map)
                  00001a40    000001e0                 : csl_mcbsp.obj (.text:_MCBSP_reset)
                  00001c20    00000100     dsk6416bsl.lib : dsk6416_aic23_setfreq.obj (.text)
                  00001d20    000000e0     csl6416.lib : csl_mcbsp.obj (.text:_MCBSP_open)
                  00001e00    000000e0                 : csl_mcbsp.obj (.text:_MCBSP_start)
                  00001ee0    000000e0     rts6400.lib : autoinit.obj (.text:__auto_init)
                  00001fc0    000000e0                 : memcpy64.obj (.text:_memcpy)
                  000020a0    000000c0     csl6416.lib : csl_mcbsp.obj (.text:_MCBSP_config)
                  00002160    000000c0     rts6400.lib : strasg.obj (.text:__strasg)
                  00002220    000000c0                 : exit.obj (.text:_exit)
                  000022e0    000000c0     csl6416.lib : csl_irq.obj (.text:_setMux)
                  000023a0    000000a0                 : csl_emifa.obj (.text:_EMIFA_config)
                  00002440    000000a0                 : csl_emifb.obj (.text:_EMIFB_config)
                  000024e0    000000a0     rts6400.lib : cpy_tbl.obj (.text:_copy_in)
                  00002580    00000080                 : cpp_init.obj (.text:___TI_cpp_init)
                  00002600    00000080                 : fixfi.obj (.text:__fixfi)
                  00002680    00000060                 : fltif.obj (.text:__fltif)
                  000026e0    00000060                 : frcmpyf.obj (.text:__frcmpyf)
                  00002740    00000060                 : boot.obj (.text:_c_int00)
                  000027a0    00000040     csl6416.lib : csl_irq.obj (.text:_IRQ_reset)
                  000027e0    00000040     rts6400.lib : args_main.obj (.text:__args_main)
                  00002820    00000040                 : subf.obj (.text:__subf)
                  00002860    00000020     IIR.obj (.text)
                  00002880    00000020     Vectors_intr.obj (.text)
                  000028a0    00000020     csl6416.lib : csl_irq.obj (.text:_IRQ_enable)
                  000028c0    00000020                 : csl_irq.obj (.text:_IRQ_globalDisable)
                  000028e0    00000020                 : csl_irq.obj (.text:_IRQ_globalEnable)
                  00002900    00000020                 : csl_irq.obj (.text:_IRQ_nmiEnable)
                  00002920    00000020                 : csl_mcbsp.obj (.text:_MCBSP_getXmtEventId)
                  00002940    00000020                 : csl_mcbsp.obj (.text:_MCBSP_read)
                  00002960    00000020                 : csl_mcbsp.obj (.text:_MCBSP_rrdy)
                  00002980    00000020                 : csl_mcbsp.obj (.text:_MCBSP_write)
                  000029a0    00000020                 : csl_mcbsp.obj (.text:_MCBSP_xrdy)
                  000029c0    00000020     rts6400.lib : exit.obj (.text:_abort)
                  000029e0    00000020     csl6416.lib : csl_irq.obj (.text)

.stack     0    00002a00    00000400     UNINITIALIZED
                  00002a00    00000008     rts6400.lib : boot.obj (.stack)
                  00002a08    000003f8     --HOLE--

.cinit     0    00002e00    000002e4     
                  00002e00    0000012c     csl6416.lib : csl_irq.obj (.cinit)
                  00002f2c    00000004     --HOLE-- [fill = 0]
                  00002f30    0000007c                 : csl_mcbsp.obj (.cinit)
                  00002fac    00000004     --HOLE-- [fill = 0]
                  00002fb0    0000005c     c6416dskinit.obj (.cinit)
                  0000300c    00000004     --HOLE-- [fill = 0]
                  00003010    00000054     IIR.obj (.cinit)
                  00003064    00000004     --HOLE-- [fill = 0]
                  00003068    0000002c     rts6400.lib : exit.obj (.cinit)
                  00003094    00000004     --HOLE-- [fill = 0]
                  00003098    00000028     dsk6416bsl.lib : dsk6416_aic23_setfreq.obj (.cinit)
                  000030c0    0000001c                    : dsk6416_aic23_registers.obj (.cinit)
                  000030dc    00000004     --HOLE-- [fill = 0]
                  000030e0    00000004     (.pad.cinit) [fill = 0]

.far       0    000030e8    00000230     UNINITIALIZED
                  000030e8    00000100     csl6416.lib : csl_irq.obj (.far)
                  000031e8    0000005a     c6416dskinit.obj (.far)
                  00003242    00000004     dsk6416bsl.lib : dsk6416.obj (.far)
                  00003246    00000002     --HOLE--
                  00003248    00000054     csl6416.lib : csl_mcbsp.obj (.far)
                  0000329c    00000004     --HOLE--
                  000032a0    0000002c     IIR.obj (.far)
                  000032cc    00000004     --HOLE--
                  000032d0    00000020     dsk6416bsl.lib : dsk6416_aic23_setfreq.obj (.far)
                  000032f0    00000014                    : dsk6416_aic23_registers.obj (.far)
                  00003304    0000000c     rts6400.lib : exit.obj (.far)
                  00003310    00000008     dsk6416bsl.lib : dsk6416_aic23_opencodec.obj (.far)

.const     0    00003318    00000130     
                  00003318    000000c0     dsk6416bsl.lib : dsk6416.obj (.const)
                  000033d8    00000070                    : dsk6416_aic23_opencodec.obj (.const)

.vecs      0    00003800    00000200     
                  00003800    00000200     Vectors_intr.obj (.vecs)


GLOBAL SYMBOLS: SORTED ALPHABETICALLY BY Name 

address    name
--------   ----
00000008   $bss
00000008   .bss
00000008   .data
00000020   .text
000029c0   C$$EXIT
000031f4   _AIC23CfgData
000031e8   _AIC_data
00003310   _DSK6416_AIC23_codeccontrolhandle
00003314   _DSK6416_AIC23_codecdatahandle
0000179c   _DSK6416_AIC23_config
00001420   _DSK6416_AIC23_openCodec
0000175c   _DSK6416_AIC23_rget
00001640   _DSK6416_AIC23_rset
00001c20   _DSK6416_AIC23_setFreq
00000dac   _DSK6416_getVersion
00000ac0   _DSK6416_init
00000c70   _DSK6416_rget
00000ca8   _DSK6416_rset
00003242   _DSK6416_version
00000cf0   _DSK6416_wait
00000d60   _DSK6416_waitusec
000023a0   _EMIFA_config
00002440   _EMIFB_config
000028a0   _IRQ_enable
000028c0   _IRQ_globalDisable
000028e0   _IRQ_globalEnable
00001860   _IRQ_map
00002900   _IRQ_nmiEnable
000027a0   _IRQ_reset
000020a0   _MCBSP_config
00002920   _MCBSP_getXmtEventId
00001d20   _MCBSP_open
00002940   _MCBSP_read
00001a40   _MCBSP_reset
00002960   _MCBSP_rrdy
00001e00   _MCBSP_start
00002980   _MCBSP_write
000029a0   _MCBSP_xrdy
000031e0   __IRQ_dispatchTable
00003118   __IRQ_eventTable
000029e0   __IRQ_hookFetchPacket
000031a0   __IRQ_intTable
00003290   __MCBSP_hDev0
00003294   __MCBSP_hDev1
00003298   __MCBSP_hDev2
00002e00   __STACK_END
00000400   __STACK_SIZE
00000001   __TI_args_main
00002580   ___TI_cpp_init
0000330c   ___TI_enable_exit_profile_output
ffffffff   ___TI_pprof_out_hndl
ffffffff   ___TI_prof_data_size
ffffffff   ___TI_prof_data_start
ffffffff   ___binit__
00000008   ___bss__
ffffffff   ___c_args__
00002e00   ___cinit__
00000008   ___data__
00000008   ___edata__
00000008   ___end__
00002a00   ___etext__
ffffffff   ___pinit__
00000020   ___text__
00000e80   __addf
000027e0   __args_main
00001ee0   __auto_init
00003304   __cleanup_ptr
00003308   __dtors_ptr
00002600   __fixfi
00002680   __fltif
000026e0   __frcmpyf
00001200   __mpyf
00002a00   __stack
00002160   __strasg
00002820   __subf
000032b8   _a
000029c0   _abort
000032a8   _b
00000020   _c6416_dsk_init
00002740   _c_int00
00000660   _c_int11
000000ec   _comm_intr
000000c4   _comm_poll
0000322c   _config
000024e0   _copy_in
00002220   _exit
000032a0   _fs
000032c8   _gain
00003240   _hAIC23_handle
00000508   _input_left_sample
000005a8   _input_right_sample
00000430   _input_sample
00002860   _main
00001fc0   _memcpy
000002c4   _output_left_sample
0000037c   _output_right_sample
000001d8   _output_sample
00003820   _vector1
00003940   _vector10
00003980   _vector12
000039a0   _vector13
000039c0   _vector14
000039e0   _vector15
00003840   _vector2
00003860   _vector3
00003880   _vector4
000038a0   _vector5
000038c0   _vector6
000038e0   _vector7
00003900   _vector8
00003920   _vector9
00003800   _vectors
000032c0   _w
ffffffff   binit
00002e00   cinit
00000008   edata
00000008   end
00002a00   etext
ffffffff   pinit


GLOBAL SYMBOLS: SORTED BY Symbol Address 

address    name
--------   ----
00000001   __TI_args_main
00000008   $bss
00000008   .bss
00000008   .data
00000008   ___bss__
00000008   ___data__
00000008   ___edata__
00000008   ___end__
00000008   edata
00000008   end
00000020   .text
00000020   ___text__
00000020   _c6416_dsk_init
000000c4   _comm_poll
000000ec   _comm_intr
000001d8   _output_sample
000002c4   _output_left_sample
0000037c   _output_right_sample
00000400   __STACK_SIZE
00000430   _input_sample
00000508   _input_left_sample
000005a8   _input_right_sample
00000660   _c_int11
00000ac0   _DSK6416_init
00000c70   _DSK6416_rget
00000ca8   _DSK6416_rset
00000cf0   _DSK6416_wait
00000d60   _DSK6416_waitusec
00000dac   _DSK6416_getVersion
00000e80   __addf
00001200   __mpyf
00001420   _DSK6416_AIC23_openCodec
00001640   _DSK6416_AIC23_rset
0000175c   _DSK6416_AIC23_rget
0000179c   _DSK6416_AIC23_config
00001860   _IRQ_map
00001a40   _MCBSP_reset
00001c20   _DSK6416_AIC23_setFreq
00001d20   _MCBSP_open
00001e00   _MCBSP_start
00001ee0   __auto_init
00001fc0   _memcpy
000020a0   _MCBSP_config
00002160   __strasg
00002220   _exit
000023a0   _EMIFA_config
00002440   _EMIFB_config
000024e0   _copy_in
00002580   ___TI_cpp_init
00002600   __fixfi
00002680   __fltif
000026e0   __frcmpyf
00002740   _c_int00
000027a0   _IRQ_reset
000027e0   __args_main
00002820   __subf
00002860   _main
000028a0   _IRQ_enable
000028c0   _IRQ_globalDisable
000028e0   _IRQ_globalEnable
00002900   _IRQ_nmiEnable
00002920   _MCBSP_getXmtEventId
00002940   _MCBSP_read
00002960   _MCBSP_rrdy
00002980   _MCBSP_write
000029a0   _MCBSP_xrdy
000029c0   C$$EXIT
000029c0   _abort
000029e0   __IRQ_hookFetchPacket
00002a00   ___etext__
00002a00   __stack
00002a00   etext
00002e00   __STACK_END
00002e00   ___cinit__
00002e00   cinit
00003118   __IRQ_eventTable
000031a0   __IRQ_intTable
000031e0   __IRQ_dispatchTable
000031e8   _AIC_data
000031f4   _AIC23CfgData
0000322c   _config
00003240   _hAIC23_handle
00003242   _DSK6416_version
00003290   __MCBSP_hDev0
00003294   __MCBSP_hDev1
00003298   __MCBSP_hDev2
000032a0   _fs
000032a8   _b
000032b8   _a
000032c0   _w
000032c8   _gain
00003304   __cleanup_ptr
00003308   __dtors_ptr
0000330c   ___TI_enable_exit_profile_output
00003310   _DSK6416_AIC23_codeccontrolhandle
00003314   _DSK6416_AIC23_codecdatahandle
00003800   _vectors
00003820   _vector1
00003840   _vector2
00003860   _vector3
00003880   _vector4
000038a0   _vector5
000038c0   _vector6
000038e0   _vector7
00003900   _vector8
00003920   _vector9
00003940   _vector10
00003980   _vector12
000039a0   _vector13
000039c0   _vector14
000039e0   _vector15
ffffffff   ___TI_pprof_out_hndl
ffffffff   ___TI_prof_data_size
ffffffff   ___TI_prof_data_start
ffffffff   ___binit__
ffffffff   ___c_args__
ffffffff   ___pinit__
ffffffff   binit
ffffffff   pinit

[119 symbols]
