******************************************************************************
               TMS320C6x Linker PC v7.4.20                     
******************************************************************************
>> Linked Wed Mar 18 10:16:31 2026

OUTPUT FILE NAME:   <lab_1.out>
ENTRY POINT SYMBOL: "_c_int00"  address: 00009be0


MEMORY CONFIGURATION

         name            origin    length      used     unused   attr    fill
----------------------  --------  ---------  --------  --------  ----  --------
  RAM                   00000001   fffffffe  0000b77c  ffff4882  RWIX


SECTION ALLOCATION MAP

 output                                  attributes/
section   page    origin      length       input sections
--------  ----  ----------  ----------   ----------------
.pinit     0    00000004    00000000     UNINITIALIZED

.data      0    00000008    00000000     UNINITIALIZED

.bss       0    00000008    00000000     UNINITIALIZED

.text      0    00000020    0000a040     
                  00000020    00000640     c6416dskinit.obj (.text)
                  00000660    00000620     rts6400.lib : _printfi.obj (.text:__getarg_diouxp)
                  00000c80    000005e0                 : divd.obj (.text:__divd)
                  00001260    00000580                 : _printfi.obj (.text:__setfield)
                  000017e0    000004c0                 : _printfi.obj (.text:__printfi)
                  00001ca0    00000420                 : fputs.obj (.text:_fputs)
                  000020c0    00000400                 : _printfi.obj (.text:_fcvt)
                  000024c0    00000400     block_sine.obj (.text)
                  000028c0    000003e0     rts6400.lib : _printfi.obj (.text:__pproc_fge)
                  00002ca0    000003c0                 : _printfi.obj (.text:_ecvt)
                  00003060    000003c0     dsk6416bsl.lib : dsk6416.obj (.text)
                  00003420    00000380     rts6400.lib : addf.obj (.text:__addf)
                  000037a0    00000320                 : _printfi.obj (.text:__pconv_e)
                  00003ac0    00000300                 : _printfi.obj (.text:__pproc_fwp)
                  00003dc0    000002e0                 : memory.obj (.text:_free)
                  000040a0    000002c0                 : imath64.obj (.text:__divull)
                  00004360    000002a0                 : mpyd.obj (.text:__mpyd)
                  00004600    000002a0                 : _printfi.obj (.text:__pproc_diouxp)
                  000048a0    00000260                 : frcaddd.obj (.text:__frcaddd)
                  00004b00    00000260                 : _printfi.obj (.text:__pproc_str)
                  00004d60    00000260                 : fputc.obj (.text:_fputc)
                  00004fc0    00000240                 : addd.obj (.text:__addd)
                  00005200    00000240                 : _printfi.obj (.text:__pconv_g)
                  00005440    00000240                 : setvbuf.obj (.text:_setvbuf)
                  00005680    00000220                 : mpyf.obj (.text:__mpyf)
                  000058a0    00000220     dsk6416bsl.lib : dsk6416_aic23_opencodec.obj (.text)
                  00005ac0    00000220                    : dsk6416_aic23_registers.obj (.text)
                  00005ce0    00000200     rts6400.lib : trgdrv.obj (.text:_HOSTrename)
                  00005ee0    00000200                 : _printfi.obj (.text:__mcpy)
                  000060e0    000001e0     csl6416.lib : csl_irq.obj (.text:_IRQ_map)
                  000062c0    000001e0                 : csl_mcbsp.obj (.text:_MCBSP_reset)
                  000064a0    000001c0     rts6400.lib : memory.obj (.text:_malloc)
                  00006660    000001a0                 : imath40.obj (.text:__divul)
                  00006800    000001a0     dsk6416bsl.lib : dsk6416_led.obj (.text)
                  000069a0    00000180     rts6400.lib : fseek.obj (.text:_fseek)
                  00006b20    00000180                 : lowlev.obj (.text:_getdevice)
                  00006ca0    00000160                 : _printfi.obj (.text:__ltostr)
                  00006e00    00000160                 : _printfi.obj (.text:__pproc_fflags)
                  00006f60    00000140                 : fclose.obj (.text:__closefile)
                  000070a0    00000120                 : trgdrv.obj (.text:_HOSTlseek)
                  000071c0    00000120                 : frcmpyd.obj (.text:__frcmpyd)
                  000072e0    00000120                 : _io_perm.obj (.text:__wrt_ok)
                  00007400    00000120                 : atoi.obj (.text:_atoi)
                  00007520    00000100                 : trgdrv.obj (.text:_HOSTopen)
                  00007620    00000100                 : trgdrv.obj (.text:_HOSTread)
                  00007720    00000100                 : trgdrv.obj (.text:_HOSTwrite)
                  00007820    00000100                 : frcmpyd_div.obj (.text:__frcmpyd_div)
                  00007920    00000100                 : lowlev.obj (.text:_close)
                  00007a20    00000100                 : ltoa.obj (.text:_ltoa)
                  00007b20    00000100                 : memset.obj (.text:_memset)
                  00007c20    00000100     dsk6416bsl.lib : dsk6416_aic23_setfreq.obj (.text)
                  00007d20    000000e0     rts6400.lib : trgdrv.obj (.text:_HOSTunlink)
                  00007e00    000000e0     csl6416.lib : csl_mcbsp.obj (.text:_MCBSP_open)
                  00007ee0    000000e0                 : csl_mcbsp.obj (.text:_MCBSP_start)
                  00007fc0    000000e0     rts6400.lib : autoinit.obj (.text:__auto_init)
                  000080a0    000000e0                 : cmpd.obj (.text:__cmpd)
                  00008180    000000e0                 : _printfi.obj (.text:__div)
                  00008260    000000e0                 : fflush.obj (.text:__doflush)
                  00008340    000000e0                 : _printfi.obj (.text:__pconv_f)
                  00008420    000000e0                 : memcpy64.obj (.text:_memcpy)
                  00008500    000000e0                 : memory.obj (.text:_mremove)
                  000085e0    000000e0                 : printf.obj (.text:_printf)
                  000086c0    000000c0                 : trgdrv.obj (.text:_HOSTclose)
                  00008780    000000c0     csl6416.lib : csl_mcbsp.obj (.text:_MCBSP_config)
                  00008840    000000c0     rts6400.lib : fopen.obj (.text:__cleanup)
                  00008900    000000c0                 : divu.obj (.text:__divu)
                  000089c0    000000c0                 : _printfi.obj (.text:__ecpy)
                  00008a80    000000c0                 : _printfi.obj (.text:__fcpy)
                  00008b40    000000c0                 : strasg.obj (.text:__strasg)
                  00008c00    000000c0                 : exit.obj (.text:_exit)
                  00008cc0    000000c0                 : lowlev.obj (.text:_lseek)
                  00008d80    000000c0                 : memory.obj (.text:_minsert)
                  00008e40    000000c0     csl6416.lib : csl_irq.obj (.text:_setMux)
                  00008f00    000000c0     rts6400.lib : lowlev.obj (.text:_write)
                  00008fc0    000000a0     csl6416.lib : csl_emifa.obj (.text:_EMIFA_config)
                  00009060    000000a0                 : csl_emifb.obj (.text:_EMIFB_config)
                  00009100    000000a0     rts6400.lib : cmpf.obj (.text:__cmpf)
                  000091a0    000000a0                 : imath40.obj (.text:__divli)
                  00009240    000000a0                 : fixdli.obj (.text:__fixdli)
                  000092e0    000000a0                 : renormd.obj (.text:__renormd)
                  00009380    000000a0                 : cpy_tbl.obj (.text:_copy_in)
                  00009420    000000a0                 : lowlev.obj (.text:_finddevice)
                  000094c0    000000a0     lab1.obj (.text)
                  00009560    00000080     rts6400.lib : cpp_init.obj (.text:___TI_cpp_init)
                  000095e0    00000080                 : fixdi.obj (.text:__fixdi)
                  00009660    00000080                 : fixfi.obj (.text:__fixfi)
                  000096e0    00000080                 : fltlid.obj (.text:__fltlid)
                  00009760    00000080                 : llshift.obj (.text:__llshl)
                  000097e0    00000080                 : mpyll.obj (.text:__mpyll)
                  00009860    00000080                 : memccpy.obj (.text:_memccpy)
                  000098e0    00000080                 : trgmsg.obj (.text:_readmsg)
                  00009960    00000080                 : lowlev.obj (.text:_unlink)
                  000099e0    00000080     dsk6416bsl.lib : dsk6416_dip.obj (.text)
                  00009a60    00000060     rts6400.lib : frcmpyf.obj (.text:__frcmpyf)
                  00009ac0    00000060                 : llshift.obj (.text:__llshru)
                  00009b20    00000060                 : imath40.obj (.text:__remli)
                  00009b80    00000060                 : imath64.obj (.text:__subcull)
                  00009be0    00000060                 : boot.obj (.text:_c_int00)
                  00009c40    00000060                 : trgmsg.obj (.text:_writemsg)
                  00009ca0    00000040     csl6416.lib : csl_irq.obj (.text:_IRQ_reset)
                  00009ce0    00000040     rts6400.lib : isinf.obj (.text:___isinf)
                  00009d20    00000040                 : _printfi.obj (.text:___isnan)
                  00009d60    00000040                 : args_main.obj (.text:__args_main)
                  00009da0    00000040                 : negd.obj (.text:__negd)
                  00009de0    00000040                 : subd.obj (.text:__subd)
                  00009e20    00000040                 : subf.obj (.text:__subf)
                  00009e60    00000020     csl6416.lib : csl_irq.obj (.text:_IRQ_enable)
                  00009e80    00000020                 : csl_irq.obj (.text:_IRQ_globalDisable)
                  00009ea0    00000020                 : csl_irq.obj (.text:_IRQ_globalEnable)
                  00009ec0    00000020                 : csl_irq.obj (.text:_IRQ_nmiEnable)
                  00009ee0    00000020                 : csl_mcbsp.obj (.text:_MCBSP_getXmtEventId)
                  00009f00    00000020                 : csl_mcbsp.obj (.text:_MCBSP_read)
                  00009f20    00000020                 : csl_mcbsp.obj (.text:_MCBSP_rrdy)
                  00009f40    00000020                 : csl_mcbsp.obj (.text:_MCBSP_write)
                  00009f60    00000020                 : csl_mcbsp.obj (.text:_MCBSP_xrdy)
                  00009f80    00000020     rts6400.lib : negll.obj (.text:__negll)
                  00009fa0    00000020                 : _lock.obj (.text:__nop)
                  00009fc0    00000020                 : printf.obj (.text:__outc)
                  00009fe0    00000020                 : printf.obj (.text:__outs)
                  0000a000    00000020                 : exit.obj (.text:_abort)
                  0000a020    00000020                 : remove.obj (.text:_remove)
                  0000a040    00000020     csl6416.lib : csl_irq.obj (.text)

.far       0    0000a060    00000780     UNINITIALIZED
                  0000a060    00000324     rts6400.lib : defs.obj (.far)
                  0000a384    00000004     dsk6416bsl.lib : dsk6416.obj (.far)
                  0000a388    0000011c     rts6400.lib : lowlev.obj (.far)
                  0000a4a4    00000004                 : fopen.obj (.far)
                  0000a4a8    00000108     lab1.obj (.far)
                  0000a5b0    00000100     csl6416.lib : csl_irq.obj (.far)
                  0000a6b0    0000005a     c6416dskinit.obj (.far)
                  0000a70a    00000002     dsk6416bsl.lib : dsk6416_led.obj (.far)
                  0000a70c    00000004     --HOLE--
                  0000a710    00000054     csl6416.lib : csl_mcbsp.obj (.far)
                  0000a764    00000004     --HOLE--
                  0000a768    00000020     dsk6416bsl.lib : dsk6416_aic23_setfreq.obj (.far)
                  0000a788    00000014     block_sine.obj (.far)
                  0000a79c    00000014     dsk6416bsl.lib : dsk6416_aic23_registers.obj (.far)
                  0000a7b0    0000000c     rts6400.lib : exit.obj (.far)
                  0000a7bc    00000008     dsk6416bsl.lib : dsk6416_aic23_opencodec.obj (.far)
                  0000a7c4    00000008     rts6400.lib : _lock.obj (.far)
                  0000a7cc    00000008                 : memory.obj (.far)
                  0000a7d4    00000004     --HOLE--
                  0000a7d8    00000008                 : trgdrv.obj (.far)

.stack     0    0000a7e0    00000400     UNINITIALIZED
                  0000a7e0    00000008     rts6400.lib : boot.obj (.stack)
                  0000a7e8    000003f8     --HOLE--

.sysmem    0    0000abe0    00000400     UNINITIALIZED
                  0000abe0    00000008     rts6400.lib : memory.obj (.sysmem)
                  0000abe8    000003f8     --HOLE--

.cinit     0    0000afe0    000003f4     
                  0000afe0    0000012c     csl6416.lib : csl_irq.obj (.cinit)
                  0000b10c    00000004     --HOLE-- [fill = 0]
                  0000b110    0000007c                 : csl_mcbsp.obj (.cinit)
                  0000b18c    00000004     --HOLE-- [fill = 0]
                  0000b190    0000005c     c6416dskinit.obj (.cinit)
                  0000b1ec    00000004     --HOLE-- [fill = 0]
                  0000b1f0    0000005c     rts6400.lib : defs.obj (.cinit)
                  0000b24c    00000004     --HOLE-- [fill = 0]
                  0000b250    0000005c                 : lowlev.obj (.cinit)
                  0000b2ac    00000004     --HOLE-- [fill = 0]
                  0000b2b0    00000034     block_sine.obj (.cinit)
                  0000b2e4    00000004     --HOLE-- [fill = 0]
                  0000b2e8    0000002c     rts6400.lib : exit.obj (.cinit)
                  0000b314    00000004     --HOLE-- [fill = 0]
                  0000b318    0000002c                 : memory.obj (.cinit)
                  0000b344    00000004     --HOLE-- [fill = 0]
                  0000b348    00000028     dsk6416bsl.lib : dsk6416_aic23_setfreq.obj (.cinit)
                  0000b370    0000001c                    : dsk6416_aic23_registers.obj (.cinit)
                  0000b38c    00000004     --HOLE-- [fill = 0]
                  0000b390    0000001c     rts6400.lib : _lock.obj (.cinit)
                  0000b3ac    00000004     --HOLE-- [fill = 0]
                  0000b3b0    0000000c     lab1.obj (.cinit)
                  0000b3bc    00000004     --HOLE-- [fill = 0]
                  0000b3c0    0000000c     rts6400.lib : fopen.obj (.cinit)
                  0000b3cc    00000004     --HOLE-- [fill = 0]
                  0000b3d0    00000004     (.pad.cinit) [fill = 0]

.const     0    0000b3d8    000002a8     
                  0000b3d8    00000101     rts6400.lib : ctype.obj (.const:.string:__ctypes_)
                  0000b4d9    00000002                 : fputs.obj (.const:.string)
                  0000b4db    00000001     --HOLE-- [fill = 0]
                  0000b4dc    000000c0     dsk6416bsl.lib : dsk6416.obj (.const)
                  0000b59c    00000070                    : dsk6416_aic23_opencodec.obj (.const)
                  0000b60c    00000044     lab1.obj (.const:.string)
                  0000b650    00000023     rts6400.lib : _printfi.obj (.const:.string)
                  0000b673    00000005     --HOLE-- [fill = 0]
                  0000b678    00000008                 : divd.obj (.const:.string:_initial_approx$1)

.cio       0    0000b680    00000120     UNINITIALIZED
                  0000b680    00000120     rts6400.lib : trgmsg.obj (.cio)


GLOBAL SYMBOLS: SORTED ALPHABETICALLY BY Name 

address    name
--------   ----
00000008   $bss
00000008   .bss
00000008   .data
00000020   .text
0000a000   C$$EXIT
00009c98   C$$IO$$
0000a6bc   _AIC23CfgData
0000a6b0   _AIC_data
0000a7bc   _DSK6416_AIC23_codeccontrolhandle
0000a7c0   _DSK6416_AIC23_codecdatahandle
00005c1c   _DSK6416_AIC23_config
000058a0   _DSK6416_AIC23_openCodec
00005bdc   _DSK6416_AIC23_rget
00005ac0   _DSK6416_AIC23_rset
00007c20   _DSK6416_AIC23_setFreq
000099e4   _DSK6416_DIP_get
000099e0   _DSK6416_DIP_init
00006800   _DSK6416_LED_init
00006848   _DSK6416_LED_off
000068b4   _DSK6416_LED_on
00006920   _DSK6416_LED_toggle
0000334c   _DSK6416_getVersion
00003060   _DSK6416_init
00003210   _DSK6416_rget
00003248   _DSK6416_rset
0000a384   _DSK6416_version
00003290   _DSK6416_wait
00003300   _DSK6416_waitusec
00008fc0   _EMIFA_config
00009060   _EMIFB_config
000086c0   _HOSTclose
000070a0   _HOSTlseek
00007520   _HOSTopen
00007620   _HOSTread
00005ce0   _HOSTrename
00007d20   _HOSTunlink
00007720   _HOSTwrite
00009e60   _IRQ_enable
00009e80   _IRQ_globalDisable
00009ea0   _IRQ_globalEnable
000060e0   _IRQ_map
00009ec0   _IRQ_nmiEnable
00009ca0   _IRQ_reset
00008780   _MCBSP_config
00009ee0   _MCBSP_getXmtEventId
00007e00   _MCBSP_open
00009f00   _MCBSP_read
000062c0   _MCBSP_reset
00009f20   _MCBSP_rrdy
00007ee0   _MCBSP_start
00009f40   _MCBSP_write
00009f60   _MCBSP_xrdy
0000b680   __CIOBUF_
0000a6a8   __IRQ_dispatchTable
0000a5e0   __IRQ_eventTable
0000a040   __IRQ_hookFetchPacket
0000a668   __IRQ_intTable
0000a758   __MCBSP_hDev0
0000a75c   __MCBSP_hDev1
0000a760   __MCBSP_hDev2
0000abe0   __STACK_END
00000400   __STACK_SIZE
00000400   __SYSMEM_SIZE
00000001   __TI_args_main
00009560   ___TI_cpp_init
0000a7b8   ___TI_enable_exit_profile_output
ffffffff   ___TI_pprof_out_hndl
ffffffff   ___TI_prof_data_size
ffffffff   ___TI_prof_data_start
ffffffff   ___binit__
00000008   ___bss__
ffffffff   ___c_args__
0000afe0   ___cinit__
00000008   ___data__
00000008   ___edata__
00000008   ___end__
0000a060   ___etext__
00009ce0   ___isinf
ffffffff   ___pinit__
00000020   ___text__
00004fc0   __addd
00003420   __addf
00009d60   __args_main
00007fc0   __auto_init
00008900   __c6xabi_divu
00008840   __cleanup
0000a7b0   __cleanup_ptr
00006f60   __closefile
000080a0   __cmpd
00009100   __cmpf
0000b3d8   __ctypes_
00000c80   __divd
000091a0   __divli
00008900   __divu
00006660   __divul
000040a0   __divull
00008260   __doflush
0000a7b4   __dtors_ptr
000095e0   __fixdi
00009240   __fixdli
00009660   __fixfi
000096e0   __fltlid
000048a0   __frcaddd
000071c0   __frcmpyd
00007820   __frcmpyd_div
00009a60   __frcmpyf
0000a380   __ft_end
0000a060   __ftable
00009760   __llshl
00009ac0   __llshru
0000a7c4   __lock
00004360   __mpyd
00005680   __mpyf
000097e0   __mpyll
00009da0   __negd
00009f80   __negll
00009fa0   __nop
000017e0   __printfi
00009b20   __remli
000092e0   __renormd
0000a7e0   __stack
00008b40   __strasg
00009b80   __subcull
00009de0   __subd
00009e20   __subf
0000abe0   __sys_memory
0000a240   __tmpnams
0000a7c8   __unlock
000072e0   __wrt_ok
0000a000   _abort
00007400   _atoi
00002760   _blockGenerate
0000283c   _blockSine
00000020   _c6416_dsk_init
00009be0   _c_int00
00007920   _close
000000ec   _comm_intr
000000c4   _comm_poll
0000a6f4   _config
00009380   _copy_in
00008c00   _exit
00004d60   _fputc
00001ca0   _fputs
00003dc0   _free
0000a4a8   _fs
000069a0   _fseek
0000a4b0   _gBuffer
0000a708   _hAIC23_handle
00000508   _input_left_sample
000005a8   _input_right_sample
00000430   _input_sample
00008cc0   _lseek
00007a20   _ltoa
000094c0   _main
000064a0   _malloc
00009860   _memccpy
00008420   _memcpy
00007b20   _memset
000002c4   _output_left_sample
0000037c   _output_right_sample
000001d8   _output_sample
000085e0   _printf
00004d60   _putc
000098e0   _readmsg
0000a020   _remove
00005440   _setvbuf
000024c0   _sineGen
00002578   _squareGen
0000261c   _triangleGen
00009960   _unlink
00008f00   _write
00009c40   _writemsg
ffffffff   binit
0000afe0   cinit
00000008   edata
00000008   end
0000a060   etext
ffffffff   pinit


GLOBAL SYMBOLS: SORTED BY Symbol Address 

address    name
--------   ----
00000001   __TI_args_main
00000008   $bss
00000008   .bss
00000008   .data
00000008   ___bss__
00000008   ___data__
00000008   ___edata__
00000008   ___end__
00000008   edata
00000008   end
00000020   .text
00000020   ___text__
00000020   _c6416_dsk_init
000000c4   _comm_poll
000000ec   _comm_intr
000001d8   _output_sample
000002c4   _output_left_sample
0000037c   _output_right_sample
00000400   __STACK_SIZE
00000400   __SYSMEM_SIZE
00000430   _input_sample
00000508   _input_left_sample
000005a8   _input_right_sample
00000c80   __divd
000017e0   __printfi
00001ca0   _fputs
000024c0   _sineGen
00002578   _squareGen
0000261c   _triangleGen
00002760   _blockGenerate
0000283c   _blockSine
00003060   _DSK6416_init
00003210   _DSK6416_rget
00003248   _DSK6416_rset
00003290   _DSK6416_wait
00003300   _DSK6416_waitusec
0000334c   _DSK6416_getVersion
00003420   __addf
00003dc0   _free
000040a0   __divull
00004360   __mpyd
000048a0   __frcaddd
00004d60   _fputc
00004d60   _putc
00004fc0   __addd
00005440   _setvbuf
00005680   __mpyf
000058a0   _DSK6416_AIC23_openCodec
00005ac0   _DSK6416_AIC23_rset
00005bdc   _DSK6416_AIC23_rget
00005c1c   _DSK6416_AIC23_config
00005ce0   _HOSTrename
000060e0   _IRQ_map
000062c0   _MCBSP_reset
000064a0   _malloc
00006660   __divul
00006800   _DSK6416_LED_init
00006848   _DSK6416_LED_off
000068b4   _DSK6416_LED_on
00006920   _DSK6416_LED_toggle
000069a0   _fseek
00006f60   __closefile
000070a0   _HOSTlseek
000071c0   __frcmpyd
000072e0   __wrt_ok
00007400   _atoi
00007520   _HOSTopen
00007620   _HOSTread
00007720   _HOSTwrite
00007820   __frcmpyd_div
00007920   _close
00007a20   _ltoa
00007b20   _memset
00007c20   _DSK6416_AIC23_setFreq
00007d20   _HOSTunlink
00007e00   _MCBSP_open
00007ee0   _MCBSP_start
00007fc0   __auto_init
000080a0   __cmpd
00008260   __doflush
00008420   _memcpy
000085e0   _printf
000086c0   _HOSTclose
00008780   _MCBSP_config
00008840   __cleanup
00008900   __c6xabi_divu
00008900   __divu
00008b40   __strasg
00008c00   _exit
00008cc0   _lseek
00008f00   _write
00008fc0   _EMIFA_config
00009060   _EMIFB_config
00009100   __cmpf
000091a0   __divli
00009240   __fixdli
000092e0   __renormd
00009380   _copy_in
000094c0   _main
00009560   ___TI_cpp_init
000095e0   __fixdi
00009660   __fixfi
000096e0   __fltlid
00009760   __llshl
000097e0   __mpyll
00009860   _memccpy
000098e0   _readmsg
00009960   _unlink
000099e0   _DSK6416_DIP_init
000099e4   _DSK6416_DIP_get
00009a60   __frcmpyf
00009ac0   __llshru
00009b20   __remli
00009b80   __subcull
00009be0   _c_int00
00009c40   _writemsg
00009c98   C$$IO$$
00009ca0   _IRQ_reset
00009ce0   ___isinf
00009d60   __args_main
00009da0   __negd
00009de0   __subd
00009e20   __subf
00009e60   _IRQ_enable
00009e80   _IRQ_globalDisable
00009ea0   _IRQ_globalEnable
00009ec0   _IRQ_nmiEnable
00009ee0   _MCBSP_getXmtEventId
00009f00   _MCBSP_read
00009f20   _MCBSP_rrdy
00009f40   _MCBSP_write
00009f60   _MCBSP_xrdy
00009f80   __negll
00009fa0   __nop
0000a000   C$$EXIT
0000a000   _abort
0000a020   _remove
0000a040   __IRQ_hookFetchPacket
0000a060   ___etext__
0000a060   __ftable
0000a060   etext
0000a240   __tmpnams
0000a380   __ft_end
0000a384   _DSK6416_version
0000a4a8   _fs
0000a4b0   _gBuffer
0000a5e0   __IRQ_eventTable
0000a668   __IRQ_intTable
0000a6a8   __IRQ_dispatchTable
0000a6b0   _AIC_data
0000a6bc   _AIC23CfgData
0000a6f4   _config
0000a708   _hAIC23_handle
0000a758   __MCBSP_hDev0
0000a75c   __MCBSP_hDev1
0000a760   __MCBSP_hDev2
0000a7b0   __cleanup_ptr
0000a7b4   __dtors_ptr
0000a7b8   ___TI_enable_exit_profile_output
0000a7bc   _DSK6416_AIC23_codeccontrolhandle
0000a7c0   _DSK6416_AIC23_codecdatahandle
0000a7c4   __lock
0000a7c8   __unlock
0000a7e0   __stack
0000abe0   __STACK_END
0000abe0   __sys_memory
0000afe0   ___cinit__
0000afe0   cinit
0000b3d8   __ctypes_
0000b680   __CIOBUF_
ffffffff   ___TI_pprof_out_hndl
ffffffff   ___TI_prof_data_size
ffffffff   ___TI_prof_data_start
ffffffff   ___binit__
ffffffff   ___c_args__
ffffffff   ___pinit__
ffffffff   binit
ffffffff   pinit

[178 symbols]
