<?xml version="1.0"?>
<link_info>
   <banner>TMS320C6x Linker PC v7.4.20</banner>
   <copyright>Copyright (c) 1996-2015 Texas Instruments Incorporated</copyright>
   <link_time>0x69ba190f</link_time>
   <output_file>lab_1.out</output_file>
   <entry_point>
      <name>_c_int00</name>
      <address>0x9be0</address>
   </entry_point>
   <input_file_list>
      <input_file id="fl-2">
         <path>.\</path>
         <kind>object</kind>
         <file>block_sine.obj</file>
         <name>block_sine.obj</name>
      </input_file>
      <input_file id="fl-3">
         <path>.\</path>
         <kind>object</kind>
         <file>c6416dskinit.obj</file>
         <name>c6416dskinit.obj</name>
      </input_file>
      <input_file id="fl-4">
         <path>.\</path>
         <kind>object</kind>
         <file>lab1.obj</file>
         <name>lab1.obj</name>
      </input_file>
      <input_file id="fl-80">
         <path>C:\Program Files\TI\ccsv7\tools\compiler\ti-cgt-c6000_7.4.20\lib\</path>
         <kind>archive</kind>
         <file>rts6400.lib</file>
         <name>boot.obj</name>
      </input_file>
      <input_file id="fl-81">
         <path>C:\Program Files\TI\ccsv7\tools\compiler\ti-cgt-c6000_7.4.20\lib\</path>
         <kind>archive</kind>
         <file>rts6400.lib</file>
         <name>cmpf.obj</name>
      </input_file>
      <input_file id="fl-82">
         <path>C:\Program Files\TI\ccsv7\tools\compiler\ti-cgt-c6000_7.4.20\lib\</path>
         <kind>archive</kind>
         <file>rts6400.lib</file>
         <name>exit.obj</name>
      </input_file>
      <input_file id="fl-83">
         <path>C:\Program Files\TI\ccsv7\tools\compiler\ti-cgt-c6000_7.4.20\lib\</path>
         <kind>archive</kind>
         <file>rts6400.lib</file>
         <name>fixfi.obj</name>
      </input_file>
      <input_file id="fl-84">
         <path>C:\Program Files\TI\ccsv7\tools\compiler\ti-cgt-c6000_7.4.20\lib\</path>
         <kind>archive</kind>
         <file>rts6400.lib</file>
         <name>mpyf.obj</name>
      </input_file>
      <input_file id="fl-85">
         <path>C:\Program Files\TI\ccsv7\tools\compiler\ti-cgt-c6000_7.4.20\lib\</path>
         <kind>archive</kind>
         <file>rts6400.lib</file>
         <name>printf.obj</name>
      </input_file>
      <input_file id="fl-86">
         <path>C:\Program Files\TI\ccsv7\tools\compiler\ti-cgt-c6000_7.4.20\lib\</path>
         <kind>archive</kind>
         <file>rts6400.lib</file>
         <name>subf.obj</name>
      </input_file>
      <input_file id="fl-87">
         <path>C:\Program Files\TI\ccsv7\tools\compiler\ti-cgt-c6000_7.4.20\lib\</path>
         <kind>archive</kind>
         <file>rts6400.lib</file>
         <name>_lock.obj</name>
      </input_file>
      <input_file id="fl-88">
         <path>C:\Program Files\TI\ccsv7\tools\compiler\ti-cgt-c6000_7.4.20\lib\</path>
         <kind>archive</kind>
         <file>rts6400.lib</file>
         <name>_printfi.obj</name>
      </input_file>
      <input_file id="fl-89">
         <path>C:\Program Files\TI\ccsv7\tools\compiler\ti-cgt-c6000_7.4.20\lib\</path>
         <kind>archive</kind>
         <file>rts6400.lib</file>
         <name>addf.obj</name>
      </input_file>
      <input_file id="fl-8a">
         <path>C:\Program Files\TI\ccsv7\tools\compiler\ti-cgt-c6000_7.4.20\lib\</path>
         <kind>archive</kind>
         <file>rts6400.lib</file>
         <name>args_main.obj</name>
      </input_file>
      <input_file id="fl-8b">
         <path>C:\Program Files\TI\ccsv7\tools\compiler\ti-cgt-c6000_7.4.20\lib\</path>
         <kind>archive</kind>
         <file>rts6400.lib</file>
         <name>atoi.obj</name>
      </input_file>
      <input_file id="fl-8c">
         <path>C:\Program Files\TI\ccsv7\tools\compiler\ti-cgt-c6000_7.4.20\lib\</path>
         <kind>archive</kind>
         <file>rts6400.lib</file>
         <name>autoinit.obj</name>
      </input_file>
      <input_file id="fl-8d">
         <path>C:\Program Files\TI\ccsv7\tools\compiler\ti-cgt-c6000_7.4.20\lib\</path>
         <kind>archive</kind>
         <file>rts6400.lib</file>
         <name>cmpd.obj</name>
      </input_file>
      <input_file id="fl-8e">
         <path>C:\Program Files\TI\ccsv7\tools\compiler\ti-cgt-c6000_7.4.20\lib\</path>
         <kind>archive</kind>
         <file>rts6400.lib</file>
         <name>cpp_init.obj</name>
      </input_file>
      <input_file id="fl-8f">
         <path>C:\Program Files\TI\ccsv7\tools\compiler\ti-cgt-c6000_7.4.20\lib\</path>
         <kind>archive</kind>
         <file>rts6400.lib</file>
         <name>cpy_tbl.obj</name>
      </input_file>
      <input_file id="fl-90">
         <path>C:\Program Files\TI\ccsv7\tools\compiler\ti-cgt-c6000_7.4.20\lib\</path>
         <kind>archive</kind>
         <file>rts6400.lib</file>
         <name>ctype.obj</name>
      </input_file>
      <input_file id="fl-91">
         <path>C:\Program Files\TI\ccsv7\tools\compiler\ti-cgt-c6000_7.4.20\lib\</path>
         <kind>archive</kind>
         <file>rts6400.lib</file>
         <name>defs.obj</name>
      </input_file>
      <input_file id="fl-92">
         <path>C:\Program Files\TI\ccsv7\tools\compiler\ti-cgt-c6000_7.4.20\lib\</path>
         <kind>archive</kind>
         <file>rts6400.lib</file>
         <name>divd.obj</name>
      </input_file>
      <input_file id="fl-93">
         <path>C:\Program Files\TI\ccsv7\tools\compiler\ti-cgt-c6000_7.4.20\lib\</path>
         <kind>archive</kind>
         <file>rts6400.lib</file>
         <name>divu.obj</name>
      </input_file>
      <input_file id="fl-94">
         <path>C:\Program Files\TI\ccsv7\tools\compiler\ti-cgt-c6000_7.4.20\lib\</path>
         <kind>archive</kind>
         <file>rts6400.lib</file>
         <name>fixdi.obj</name>
      </input_file>
      <input_file id="fl-95">
         <path>C:\Program Files\TI\ccsv7\tools\compiler\ti-cgt-c6000_7.4.20\lib\</path>
         <kind>archive</kind>
         <file>rts6400.lib</file>
         <name>fixdli.obj</name>
      </input_file>
      <input_file id="fl-96">
         <path>C:\Program Files\TI\ccsv7\tools\compiler\ti-cgt-c6000_7.4.20\lib\</path>
         <kind>archive</kind>
         <file>rts6400.lib</file>
         <name>fltlid.obj</name>
      </input_file>
      <input_file id="fl-97">
         <path>C:\Program Files\TI\ccsv7\tools\compiler\ti-cgt-c6000_7.4.20\lib\</path>
         <kind>archive</kind>
         <file>rts6400.lib</file>
         <name>fputc.obj</name>
      </input_file>
      <input_file id="fl-98">
         <path>C:\Program Files\TI\ccsv7\tools\compiler\ti-cgt-c6000_7.4.20\lib\</path>
         <kind>archive</kind>
         <file>rts6400.lib</file>
         <name>fputs.obj</name>
      </input_file>
      <input_file id="fl-99">
         <path>C:\Program Files\TI\ccsv7\tools\compiler\ti-cgt-c6000_7.4.20\lib\</path>
         <kind>archive</kind>
         <file>rts6400.lib</file>
         <name>frcmpyd_div.obj</name>
      </input_file>
      <input_file id="fl-9a">
         <path>C:\Program Files\TI\ccsv7\tools\compiler\ti-cgt-c6000_7.4.20\lib\</path>
         <kind>archive</kind>
         <file>rts6400.lib</file>
         <name>frcmpyf.obj</name>
      </input_file>
      <input_file id="fl-9b">
         <path>C:\Program Files\TI\ccsv7\tools\compiler\ti-cgt-c6000_7.4.20\lib\</path>
         <kind>archive</kind>
         <file>rts6400.lib</file>
         <name>imath40.obj</name>
      </input_file>
      <input_file id="fl-9c">
         <path>C:\Program Files\TI\ccsv7\tools\compiler\ti-cgt-c6000_7.4.20\lib\</path>
         <kind>archive</kind>
         <file>rts6400.lib</file>
         <name>imath64.obj</name>
      </input_file>
      <input_file id="fl-9d">
         <path>C:\Program Files\TI\ccsv7\tools\compiler\ti-cgt-c6000_7.4.20\lib\</path>
         <kind>archive</kind>
         <file>rts6400.lib</file>
         <name>isinf.obj</name>
      </input_file>
      <input_file id="fl-9e">
         <path>C:\Program Files\TI\ccsv7\tools\compiler\ti-cgt-c6000_7.4.20\lib\</path>
         <kind>archive</kind>
         <file>rts6400.lib</file>
         <name>llshift.obj</name>
      </input_file>
      <input_file id="fl-9f">
         <path>C:\Program Files\TI\ccsv7\tools\compiler\ti-cgt-c6000_7.4.20\lib\</path>
         <kind>archive</kind>
         <file>rts6400.lib</file>
         <name>lowlev.obj</name>
      </input_file>
      <input_file id="fl-a0">
         <path>C:\Program Files\TI\ccsv7\tools\compiler\ti-cgt-c6000_7.4.20\lib\</path>
         <kind>archive</kind>
         <file>rts6400.lib</file>
         <name>ltoa.obj</name>
      </input_file>
      <input_file id="fl-a1">
         <path>C:\Program Files\TI\ccsv7\tools\compiler\ti-cgt-c6000_7.4.20\lib\</path>
         <kind>archive</kind>
         <file>rts6400.lib</file>
         <name>memccpy.obj</name>
      </input_file>
      <input_file id="fl-a2">
         <path>C:\Program Files\TI\ccsv7\tools\compiler\ti-cgt-c6000_7.4.20\lib\</path>
         <kind>archive</kind>
         <file>rts6400.lib</file>
         <name>memcpy64.obj</name>
      </input_file>
      <input_file id="fl-a3">
         <path>C:\Program Files\TI\ccsv7\tools\compiler\ti-cgt-c6000_7.4.20\lib\</path>
         <kind>archive</kind>
         <file>rts6400.lib</file>
         <name>memset.obj</name>
      </input_file>
      <input_file id="fl-a4">
         <path>C:\Program Files\TI\ccsv7\tools\compiler\ti-cgt-c6000_7.4.20\lib\</path>
         <kind>archive</kind>
         <file>rts6400.lib</file>
         <name>mpyd.obj</name>
      </input_file>
      <input_file id="fl-a5">
         <path>C:\Program Files\TI\ccsv7\tools\compiler\ti-cgt-c6000_7.4.20\lib\</path>
         <kind>archive</kind>
         <file>rts6400.lib</file>
         <name>mpyll.obj</name>
      </input_file>
      <input_file id="fl-a6">
         <path>C:\Program Files\TI\ccsv7\tools\compiler\ti-cgt-c6000_7.4.20\lib\</path>
         <kind>archive</kind>
         <file>rts6400.lib</file>
         <name>negd.obj</name>
      </input_file>
      <input_file id="fl-a7">
         <path>C:\Program Files\TI\ccsv7\tools\compiler\ti-cgt-c6000_7.4.20\lib\</path>
         <kind>archive</kind>
         <file>rts6400.lib</file>
         <name>negll.obj</name>
      </input_file>
      <input_file id="fl-a8">
         <path>C:\Program Files\TI\ccsv7\tools\compiler\ti-cgt-c6000_7.4.20\lib\</path>
         <kind>archive</kind>
         <file>rts6400.lib</file>
         <name>subd.obj</name>
      </input_file>
      <input_file id="fl-a9">
         <path>C:\Program Files\TI\ccsv7\tools\compiler\ti-cgt-c6000_7.4.20\lib\</path>
         <kind>archive</kind>
         <file>rts6400.lib</file>
         <name>trgdrv.obj</name>
      </input_file>
      <input_file id="fl-aa">
         <path>C:\Program Files\TI\ccsv7\tools\compiler\ti-cgt-c6000_7.4.20\lib\</path>
         <kind>archive</kind>
         <file>rts6400.lib</file>
         <name>trgmsg.obj</name>
      </input_file>
      <input_file id="fl-ab">
         <path>C:\Program Files\TI\ccsv7\tools\compiler\ti-cgt-c6000_7.4.20\lib\</path>
         <kind>archive</kind>
         <file>rts6400.lib</file>
         <name>_io_perm.obj</name>
      </input_file>
      <input_file id="fl-ac">
         <path>C:\Program Files\TI\ccsv7\tools\compiler\ti-cgt-c6000_7.4.20\lib\</path>
         <kind>archive</kind>
         <file>rts6400.lib</file>
         <name>abs.obj</name>
      </input_file>
      <input_file id="fl-ad">
         <path>C:\Program Files\TI\ccsv7\tools\compiler\ti-cgt-c6000_7.4.20\lib\</path>
         <kind>archive</kind>
         <file>rts6400.lib</file>
         <name>addd.obj</name>
      </input_file>
      <input_file id="fl-ae">
         <path>C:\Program Files\TI\ccsv7\tools\compiler\ti-cgt-c6000_7.4.20\lib\</path>
         <kind>archive</kind>
         <file>rts6400.lib</file>
         <name>fflush.obj</name>
      </input_file>
      <input_file id="fl-af">
         <path>C:\Program Files\TI\ccsv7\tools\compiler\ti-cgt-c6000_7.4.20\lib\</path>
         <kind>archive</kind>
         <file>rts6400.lib</file>
         <name>frcaddd.obj</name>
      </input_file>
      <input_file id="fl-b0">
         <path>C:\Program Files\TI\ccsv7\tools\compiler\ti-cgt-c6000_7.4.20\lib\</path>
         <kind>archive</kind>
         <file>rts6400.lib</file>
         <name>frcmpyd.obj</name>
      </input_file>
      <input_file id="fl-b1">
         <path>C:\Program Files\TI\ccsv7\tools\compiler\ti-cgt-c6000_7.4.20\lib\</path>
         <kind>archive</kind>
         <file>rts6400.lib</file>
         <name>fseek.obj</name>
      </input_file>
      <input_file id="fl-b2">
         <path>C:\Program Files\TI\ccsv7\tools\compiler\ti-cgt-c6000_7.4.20\lib\</path>
         <kind>archive</kind>
         <file>rts6400.lib</file>
         <name>renormd.obj</name>
      </input_file>
      <input_file id="fl-b3">
         <path>C:\Program Files\TI\ccsv7\tools\compiler\ti-cgt-c6000_7.4.20\lib\</path>
         <kind>archive</kind>
         <file>rts6400.lib</file>
         <name>setvbuf.obj</name>
      </input_file>
      <input_file id="fl-b4">
         <path>C:\Program Files\TI\ccsv7\tools\compiler\ti-cgt-c6000_7.4.20\lib\</path>
         <kind>archive</kind>
         <file>rts6400.lib</file>
         <name>fopen.obj</name>
      </input_file>
      <input_file id="fl-b5">
         <path>C:\Program Files\TI\ccsv7\tools\compiler\ti-cgt-c6000_7.4.20\lib\</path>
         <kind>archive</kind>
         <file>rts6400.lib</file>
         <name>memory.obj</name>
      </input_file>
      <input_file id="fl-b6">
         <path>C:\Program Files\TI\ccsv7\tools\compiler\ti-cgt-c6000_7.4.20\lib\</path>
         <kind>archive</kind>
         <file>rts6400.lib</file>
         <name>fclose.obj</name>
      </input_file>
      <input_file id="fl-b7">
         <path>C:\Program Files\TI\ccsv7\tools\compiler\ti-cgt-c6000_7.4.20\lib\</path>
         <kind>archive</kind>
         <file>rts6400.lib</file>
         <name>remove.obj</name>
      </input_file>
      <input_file id="fl-b8">
         <path>D:\linh-tinh\1_USB_total\2_ThuvienDSP\lib\</path>
         <kind>archive</kind>
         <file>csl6416.lib</file>
         <name>csl_irq.obj</name>
      </input_file>
      <input_file id="fl-b9">
         <path>D:\linh-tinh\1_USB_total\2_ThuvienDSP\lib\</path>
         <kind>archive</kind>
         <file>csl6416.lib</file>
         <name>csl_mcbsp.obj</name>
      </input_file>
      <input_file id="fl-ba">
         <path>D:\linh-tinh\1_USB_total\2_ThuvienDSP\lib\</path>
         <kind>archive</kind>
         <file>dsk6416bsl.lib</file>
         <name>dsk6416.obj</name>
      </input_file>
      <input_file id="fl-bb">
         <path>D:\linh-tinh\1_USB_total\2_ThuvienDSP\lib\</path>
         <kind>archive</kind>
         <file>dsk6416bsl.lib</file>
         <name>dsk6416_aic23_opencodec.obj</name>
      </input_file>
      <input_file id="fl-bc">
         <path>D:\linh-tinh\1_USB_total\2_ThuvienDSP\lib\</path>
         <kind>archive</kind>
         <file>dsk6416bsl.lib</file>
         <name>dsk6416_aic23_registers.obj</name>
      </input_file>
      <input_file id="fl-bd">
         <path>D:\linh-tinh\1_USB_total\2_ThuvienDSP\lib\</path>
         <kind>archive</kind>
         <file>dsk6416bsl.lib</file>
         <name>dsk6416_aic23_setfreq.obj</name>
      </input_file>
      <input_file id="fl-be">
         <path>D:\linh-tinh\1_USB_total\2_ThuvienDSP\lib\</path>
         <kind>archive</kind>
         <file>dsk6416bsl.lib</file>
         <name>dsk6416_dip.obj</name>
      </input_file>
      <input_file id="fl-bf">
         <path>D:\linh-tinh\1_USB_total\2_ThuvienDSP\lib\</path>
         <kind>archive</kind>
         <file>dsk6416bsl.lib</file>
         <name>dsk6416_led.obj</name>
      </input_file>
      <input_file id="fl-c0">
         <path>C:\Program Files\TI\ccsv7\tools\compiler\ti-cgt-c6000_7.4.20\lib\</path>
         <kind>archive</kind>
         <file>rts6400.lib</file>
         <name>strasg.obj</name>
      </input_file>
      <input_file id="fl-c1">
         <path>D:\linh-tinh\1_USB_total\2_ThuvienDSP\lib\</path>
         <kind>archive</kind>
         <file>csl6416.lib</file>
         <name>csl_emifa.obj</name>
      </input_file>
      <input_file id="fl-c2">
         <path>D:\linh-tinh\1_USB_total\2_ThuvienDSP\lib\</path>
         <kind>archive</kind>
         <file>csl6416.lib</file>
         <name>csl_emifb.obj</name>
      </input_file>
   </input_file_list>
   <object_component_list>
      <object_component id="oc-126">
         <name>.text</name>
         <load_address>0x20</load_address>
         <run_address>0x20</run_address>
         <size>0x640</size>
         <input_file_ref idref="fl-3"/>
      </object_component>
      <object_component id="oc-152">
         <name>.text:__getarg_diouxp</name>
         <load_address>0x660</load_address>
         <run_address>0x660</run_address>
         <size>0x620</size>
         <input_file_ref idref="fl-88"/>
      </object_component>
      <object_component id="oc-15f">
         <name>.text:__divd</name>
         <load_address>0xc80</load_address>
         <run_address>0xc80</run_address>
         <size>0x5e0</size>
         <input_file_ref idref="fl-92"/>
      </object_component>
      <object_component id="oc-13b">
         <name>.text:__setfield</name>
         <load_address>0x1260</load_address>
         <run_address>0x1260</run_address>
         <size>0x580</size>
         <input_file_ref idref="fl-88"/>
      </object_component>
      <object_component id="oc-131">
         <name>.text:__printfi</name>
         <load_address>0x17e0</load_address>
         <run_address>0x17e0</run_address>
         <size>0x4c0</size>
         <input_file_ref idref="fl-88"/>
      </object_component>
      <object_component id="oc-138">
         <name>.text:_fputs</name>
         <load_address>0x1ca0</load_address>
         <run_address>0x1ca0</run_address>
         <size>0x420</size>
         <input_file_ref idref="fl-98"/>
      </object_component>
      <object_component id="oc-15c">
         <name>.text:_fcvt</name>
         <load_address>0x20c0</load_address>
         <run_address>0x20c0</run_address>
         <size>0x400</size>
         <input_file_ref idref="fl-88"/>
      </object_component>
      <object_component id="oc-128">
         <name>.text</name>
         <load_address>0x24c0</load_address>
         <run_address>0x24c0</run_address>
         <size>0x400</size>
         <input_file_ref idref="fl-2"/>
      </object_component>
      <object_component id="oc-145">
         <name>.text:__pproc_fge</name>
         <load_address>0x28c0</load_address>
         <run_address>0x28c0</run_address>
         <size>0x3e0</size>
         <input_file_ref idref="fl-88"/>
      </object_component>
      <object_component id="oc-159">
         <name>.text:_ecvt</name>
         <load_address>0x2ca0</load_address>
         <run_address>0x2ca0</run_address>
         <size>0x3c0</size>
         <input_file_ref idref="fl-88"/>
      </object_component>
      <object_component id="oc-d9">
         <name>.text</name>
         <load_address>0x3060</load_address>
         <run_address>0x3060</run_address>
         <size>0x3c0</size>
         <input_file_ref idref="fl-ba"/>
      </object_component>
      <object_component id="oc-13f">
         <name>.text:__addf</name>
         <load_address>0x3420</load_address>
         <run_address>0x3420</run_address>
         <size>0x380</size>
         <input_file_ref idref="fl-89"/>
      </object_component>
      <object_component id="oc-151">
         <name>.text:__pconv_e</name>
         <load_address>0x37a0</load_address>
         <run_address>0x37a0</run_address>
         <size>0x320</size>
         <input_file_ref idref="fl-88"/>
      </object_component>
      <object_component id="oc-13a">
         <name>.text:__pproc_fwp</name>
         <load_address>0x3ac0</load_address>
         <run_address>0x3ac0</run_address>
         <size>0x300</size>
         <input_file_ref idref="fl-88"/>
      </object_component>
      <object_component id="oc-156">
         <name>.text:_free</name>
         <load_address>0x3dc0</load_address>
         <run_address>0x3dc0</run_address>
         <size>0x2e0</size>
         <input_file_ref idref="fl-b5"/>
      </object_component>
      <object_component id="oc-16f">
         <name>.text:__divull</name>
         <load_address>0x40a0</load_address>
         <run_address>0x40a0</run_address>
         <size>0x2c0</size>
         <input_file_ref idref="fl-9c"/>
      </object_component>
      <object_component id="oc-15e">
         <name>.text:__mpyd</name>
         <load_address>0x4360</load_address>
         <run_address>0x4360</run_address>
         <size>0x2a0</size>
         <input_file_ref idref="fl-a4"/>
      </object_component>
      <object_component id="oc-146">
         <name>.text:__pproc_diouxp</name>
         <load_address>0x4600</load_address>
         <run_address>0x4600</run_address>
         <size>0x2a0</size>
         <input_file_ref idref="fl-88"/>
      </object_component>
      <object_component id="oc-179">
         <name>.text:__frcaddd</name>
         <load_address>0x48a0</load_address>
         <run_address>0x48a0</run_address>
         <size>0x260</size>
         <input_file_ref idref="fl-af"/>
      </object_component>
      <object_component id="oc-13c">
         <name>.text:__pproc_str</name>
         <load_address>0x4b00</load_address>
         <run_address>0x4b00</run_address>
         <size>0x260</size>
         <input_file_ref idref="fl-88"/>
      </object_component>
      <object_component id="oc-13d">
         <name>.text:_fputc</name>
         <load_address>0x4d60</load_address>
         <run_address>0x4d60</run_address>
         <size>0x260</size>
         <input_file_ref idref="fl-97"/>
      </object_component>
      <object_component id="oc-174">
         <name>.text:__addd</name>
         <load_address>0x4fc0</load_address>
         <run_address>0x4fc0</run_address>
         <size>0x240</size>
         <input_file_ref idref="fl-ad"/>
      </object_component>
      <object_component id="oc-14f">
         <name>.text:__pconv_g</name>
         <load_address>0x5200</load_address>
         <run_address>0x5200</run_address>
         <size>0x240</size>
         <input_file_ref idref="fl-88"/>
      </object_component>
      <object_component id="oc-149">
         <name>.text:_setvbuf</name>
         <load_address>0x5440</load_address>
         <run_address>0x5440</run_address>
         <size>0x240</size>
         <input_file_ref idref="fl-b3"/>
      </object_component>
      <object_component id="oc-133">
         <name>.text:__mpyf</name>
         <load_address>0x5680</load_address>
         <run_address>0x5680</run_address>
         <size>0x220</size>
         <input_file_ref idref="fl-84"/>
      </object_component>
      <object_component id="oc-e0">
         <name>.text</name>
         <load_address>0x58a0</load_address>
         <run_address>0x58a0</run_address>
         <size>0x220</size>
         <input_file_ref idref="fl-bb"/>
      </object_component>
      <object_component id="oc-e7">
         <name>.text</name>
         <load_address>0x5ac0</load_address>
         <run_address>0x5ac0</run_address>
         <size>0x220</size>
         <input_file_ref idref="fl-bc"/>
      </object_component>
      <object_component id="oc-113">
         <name>.text:_HOSTrename</name>
         <load_address>0x5ce0</load_address>
         <run_address>0x5ce0</run_address>
         <size>0x200</size>
         <input_file_ref idref="fl-a9"/>
      </object_component>
      <object_component id="oc-15b">
         <name>.text:__mcpy</name>
         <load_address>0x5ee0</load_address>
         <run_address>0x5ee0</run_address>
         <size>0x200</size>
         <input_file_ref idref="fl-88"/>
      </object_component>
      <object_component id="oc-12b">
         <name>.text:_IRQ_map</name>
         <load_address>0x60e0</load_address>
         <run_address>0x60e0</run_address>
         <size>0x1e0</size>
         <input_file_ref idref="fl-b8"/>
      </object_component>
      <object_component id="oc-125">
         <name>.text:_MCBSP_reset</name>
         <load_address>0x62c0</load_address>
         <run_address>0x62c0</run_address>
         <size>0x1e0</size>
         <input_file_ref idref="fl-b9"/>
      </object_component>
      <object_component id="oc-157">
         <name>.text:_malloc</name>
         <load_address>0x64a0</load_address>
         <run_address>0x64a0</run_address>
         <size>0x1c0</size>
         <input_file_ref idref="fl-b5"/>
      </object_component>
      <object_component id="oc-16e">
         <name>.text:__divul</name>
         <load_address>0x6660</load_address>
         <run_address>0x6660</run_address>
         <size>0x1a0</size>
         <input_file_ref idref="fl-9b"/>
      </object_component>
      <object_component id="oc-fa">
         <name>.text</name>
         <load_address>0x6800</load_address>
         <run_address>0x6800</run_address>
         <size>0x1a0</size>
         <input_file_ref idref="fl-bf"/>
      </object_component>
      <object_component id="oc-148">
         <name>.text:_fseek</name>
         <load_address>0x69a0</load_address>
         <run_address>0x69a0</run_address>
         <size>0x180</size>
         <input_file_ref idref="fl-b1"/>
      </object_component>
      <object_component id="oc-17a">
         <name>.text:_getdevice</name>
         <load_address>0x6b20</load_address>
         <run_address>0x6b20</run_address>
         <size>0x180</size>
         <input_file_ref idref="fl-9f"/>
      </object_component>
      <object_component id="oc-154">
         <name>.text:__ltostr</name>
         <load_address>0x6ca0</load_address>
         <run_address>0x6ca0</run_address>
         <size>0x160</size>
         <input_file_ref idref="fl-88"/>
      </object_component>
      <object_component id="oc-139">
         <name>.text:__pproc_fflags</name>
         <load_address>0x6e00</load_address>
         <run_address>0x6e00</run_address>
         <size>0x160</size>
         <input_file_ref idref="fl-88"/>
      </object_component>
      <object_component id="oc-164">
         <name>.text:__closefile</name>
         <load_address>0x6f60</load_address>
         <run_address>0x6f60</run_address>
         <size>0x140</size>
         <input_file_ref idref="fl-b6"/>
      </object_component>
      <object_component id="oc-111">
         <name>.text:_HOSTlseek</name>
         <load_address>0x70a0</load_address>
         <run_address>0x70a0</run_address>
         <size>0x120</size>
         <input_file_ref idref="fl-a9"/>
      </object_component>
      <object_component id="oc-16a">
         <name>.text:__frcmpyd</name>
         <load_address>0x71c0</load_address>
         <run_address>0x71c0</run_address>
         <size>0x120</size>
         <input_file_ref idref="fl-b0"/>
      </object_component>
      <object_component id="oc-140">
         <name>.text:__wrt_ok</name>
         <load_address>0x72e0</load_address>
         <run_address>0x72e0</run_address>
         <size>0x120</size>
         <input_file_ref idref="fl-ab"/>
      </object_component>
      <object_component id="oc-144">
         <name>.text:_atoi</name>
         <load_address>0x7400</load_address>
         <run_address>0x7400</run_address>
         <size>0x120</size>
         <input_file_ref idref="fl-8b"/>
      </object_component>
      <object_component id="oc-10d">
         <name>.text:_HOSTopen</name>
         <load_address>0x7520</load_address>
         <run_address>0x7520</run_address>
         <size>0x100</size>
         <input_file_ref idref="fl-a9"/>
      </object_component>
      <object_component id="oc-10f">
         <name>.text:_HOSTread</name>
         <load_address>0x7620</load_address>
         <run_address>0x7620</run_address>
         <size>0x100</size>
         <input_file_ref idref="fl-a9"/>
      </object_component>
      <object_component id="oc-110">
         <name>.text:_HOSTwrite</name>
         <load_address>0x7720</load_address>
         <run_address>0x7720</run_address>
         <size>0x100</size>
         <input_file_ref idref="fl-a9"/>
      </object_component>
      <object_component id="oc-16c">
         <name>.text:__frcmpyd_div</name>
         <load_address>0x7820</load_address>
         <run_address>0x7820</run_address>
         <size>0x100</size>
         <input_file_ref idref="fl-99"/>
      </object_component>
      <object_component id="oc-170">
         <name>.text:_close</name>
         <load_address>0x7920</load_address>
         <run_address>0x7920</run_address>
         <size>0x100</size>
         <input_file_ref idref="fl-9f"/>
      </object_component>
      <object_component id="oc-166">
         <name>.text:_ltoa</name>
         <load_address>0x7a20</load_address>
         <run_address>0x7a20</run_address>
         <size>0x100</size>
         <input_file_ref idref="fl-a0"/>
      </object_component>
      <object_component id="oc-143">
         <name>.text:_memset</name>
         <load_address>0x7b20</load_address>
         <run_address>0x7b20</run_address>
         <size>0x100</size>
         <input_file_ref idref="fl-a3"/>
      </object_component>
      <object_component id="oc-ee">
         <name>.text</name>
         <load_address>0x7c20</load_address>
         <run_address>0x7c20</run_address>
         <size>0x100</size>
         <input_file_ref idref="fl-bd"/>
      </object_component>
      <object_component id="oc-112">
         <name>.text:_HOSTunlink</name>
         <load_address>0x7d20</load_address>
         <run_address>0x7d20</run_address>
         <size>0xe0</size>
         <input_file_ref idref="fl-a9"/>
      </object_component>
      <object_component id="oc-117">
         <name>.text:_MCBSP_open</name>
         <load_address>0x7e00</load_address>
         <run_address>0x7e00</run_address>
         <size>0xe0</size>
         <input_file_ref idref="fl-b9"/>
      </object_component>
      <object_component id="oc-119">
         <name>.text:_MCBSP_start</name>
         <load_address>0x7ee0</load_address>
         <run_address>0x7ee0</run_address>
         <size>0xe0</size>
         <input_file_ref idref="fl-b9"/>
      </object_component>
      <object_component id="oc-109">
         <name>.text:__auto_init</name>
         <load_address>0x7fc0</load_address>
         <run_address>0x7fc0</run_address>
         <size>0xe0</size>
         <input_file_ref idref="fl-8c"/>
      </object_component>
      <object_component id="oc-14d">
         <name>.text:__cmpd</name>
         <load_address>0x80a0</load_address>
         <run_address>0x80a0</run_address>
         <size>0xe0</size>
         <input_file_ref idref="fl-8d"/>
      </object_component>
      <object_component id="oc-160">
         <name>.text:__div</name>
         <load_address>0x8180</load_address>
         <run_address>0x8180</run_address>
         <size>0xe0</size>
         <input_file_ref idref="fl-88"/>
      </object_component>
      <object_component id="oc-141">
         <name>.text:__doflush</name>
         <load_address>0x8260</load_address>
         <run_address>0x8260</run_address>
         <size>0xe0</size>
         <input_file_ref idref="fl-ae"/>
      </object_component>
      <object_component id="oc-150">
         <name>.text:__pconv_f</name>
         <load_address>0x8340</load_address>
         <run_address>0x8340</run_address>
         <size>0xe0</size>
         <input_file_ref idref="fl-88"/>
      </object_component>
      <object_component id="oc-11f">
         <name>.text:_memcpy</name>
         <load_address>0x8420</load_address>
         <run_address>0x8420</run_address>
         <size>0xe0</size>
         <input_file_ref idref="fl-a2"/>
      </object_component>
      <object_component id="oc-162">
         <name>.text:_mremove</name>
         <load_address>0x8500</load_address>
         <run_address>0x8500</run_address>
         <size>0xe0</size>
         <input_file_ref idref="fl-b5"/>
      </object_component>
      <object_component id="oc-127">
         <name>.text:_printf</name>
         <load_address>0x85e0</load_address>
         <run_address>0x85e0</run_address>
         <size>0xe0</size>
         <input_file_ref idref="fl-85"/>
      </object_component>
      <object_component id="oc-10e">
         <name>.text:_HOSTclose</name>
         <load_address>0x86c0</load_address>
         <run_address>0x86c0</run_address>
         <size>0xc0</size>
         <input_file_ref idref="fl-a9"/>
      </object_component>
      <object_component id="oc-118">
         <name>.text:_MCBSP_config</name>
         <load_address>0x8780</load_address>
         <run_address>0x8780</run_address>
         <size>0xc0</size>
         <input_file_ref idref="fl-b9"/>
      </object_component>
      <object_component id="oc-158">
         <name>.text:__cleanup</name>
         <load_address>0x8840</load_address>
         <run_address>0x8840</run_address>
         <size>0xc0</size>
         <input_file_ref idref="fl-b4"/>
      </object_component>
      <object_component id="oc-16d">
         <name>.text:__divu</name>
         <load_address>0x8900</load_address>
         <run_address>0x8900</run_address>
         <size>0xc0</size>
         <input_file_ref idref="fl-93"/>
      </object_component>
      <object_component id="oc-15a">
         <name>.text:__ecpy</name>
         <load_address>0x89c0</load_address>
         <run_address>0x89c0</run_address>
         <size>0xc0</size>
         <input_file_ref idref="fl-88"/>
      </object_component>
      <object_component id="oc-15d">
         <name>.text:__fcpy</name>
         <load_address>0x8a80</load_address>
         <run_address>0x8a80</run_address>
         <size>0xc0</size>
         <input_file_ref idref="fl-88"/>
      </object_component>
      <object_component id="oc-114">
         <name>.text:__strasg</name>
         <load_address>0x8b40</load_address>
         <run_address>0x8b40</run_address>
         <size>0xc0</size>
         <input_file_ref idref="fl-c0"/>
      </object_component>
      <object_component id="oc-10b">
         <name>.text:_exit</name>
         <load_address>0x8c00</load_address>
         <run_address>0x8c00</run_address>
         <size>0xc0</size>
         <input_file_ref idref="fl-82"/>
      </object_component>
      <object_component id="oc-155">
         <name>.text:_lseek</name>
         <load_address>0x8cc0</load_address>
         <run_address>0x8cc0</run_address>
         <size>0xc0</size>
         <input_file_ref idref="fl-9f"/>
      </object_component>
      <object_component id="oc-163">
         <name>.text:_minsert</name>
         <load_address>0x8d80</load_address>
         <run_address>0x8d80</run_address>
         <size>0xc0</size>
         <input_file_ref idref="fl-b5"/>
      </object_component>
      <object_component id="oc-137">
         <name>.text:_setMux</name>
         <load_address>0x8e40</load_address>
         <run_address>0x8e40</run_address>
         <size>0xc0</size>
         <input_file_ref idref="fl-b8"/>
      </object_component>
      <object_component id="oc-142">
         <name>.text:_write</name>
         <load_address>0x8f00</load_address>
         <run_address>0x8f00</run_address>
         <size>0xc0</size>
         <input_file_ref idref="fl-9f"/>
      </object_component>
      <object_component id="oc-116">
         <name>.text:_EMIFA_config</name>
         <load_address>0x8fc0</load_address>
         <run_address>0x8fc0</run_address>
         <size>0xa0</size>
         <input_file_ref idref="fl-c1"/>
      </object_component>
      <object_component id="oc-115">
         <name>.text:_EMIFB_config</name>
         <load_address>0x9060</load_address>
         <run_address>0x9060</run_address>
         <size>0xa0</size>
         <input_file_ref idref="fl-c2"/>
      </object_component>
      <object_component id="oc-136">
         <name>.text:__cmpf</name>
         <load_address>0x9100</load_address>
         <run_address>0x9100</run_address>
         <size>0xa0</size>
         <input_file_ref idref="fl-81"/>
      </object_component>
      <object_component id="oc-173">
         <name>.text:__divli</name>
         <load_address>0x91a0</load_address>
         <run_address>0x91a0</run_address>
         <size>0xa0</size>
         <input_file_ref idref="fl-9b"/>
      </object_component>
      <object_component id="oc-165">
         <name>.text:__fixdli</name>
         <load_address>0x9240</load_address>
         <run_address>0x9240</run_address>
         <size>0xa0</size>
         <input_file_ref idref="fl-95"/>
      </object_component>
      <object_component id="oc-17b">
         <name>.text:__renormd</name>
         <load_address>0x92e0</load_address>
         <run_address>0x92e0</run_address>
         <size>0xa0</size>
         <input_file_ref idref="fl-b2"/>
      </object_component>
      <object_component id="oc-11e">
         <name>.text:_copy_in</name>
         <load_address>0x9380</load_address>
         <run_address>0x9380</run_address>
         <size>0xa0</size>
         <input_file_ref idref="fl-8f"/>
      </object_component>
      <object_component id="oc-17c">
         <name>.text:_finddevice</name>
         <load_address>0x9420</load_address>
         <run_address>0x9420</run_address>
         <size>0xa0</size>
         <input_file_ref idref="fl-9f"/>
      </object_component>
      <object_component id="oc-121">
         <name>.text</name>
         <load_address>0x94c0</load_address>
         <run_address>0x94c0</run_address>
         <size>0xa0</size>
         <input_file_ref idref="fl-4"/>
      </object_component>
      <object_component id="oc-120">
         <name>.text:___TI_cpp_init</name>
         <load_address>0x9560</load_address>
         <run_address>0x9560</run_address>
         <size>0x80</size>
         <input_file_ref idref="fl-8e"/>
      </object_component>
      <object_component id="oc-169">
         <name>.text:__fixdi</name>
         <load_address>0x95e0</load_address>
         <run_address>0x95e0</run_address>
         <size>0x80</size>
         <input_file_ref idref="fl-94"/>
      </object_component>
      <object_component id="oc-135">
         <name>.text:__fixfi</name>
         <load_address>0x9660</load_address>
         <run_address>0x9660</run_address>
         <size>0x80</size>
         <input_file_ref idref="fl-83"/>
      </object_component>
      <object_component id="oc-167">
         <name>.text:__fltlid</name>
         <load_address>0x96e0</load_address>
         <run_address>0x96e0</run_address>
         <size>0x80</size>
         <input_file_ref idref="fl-96"/>
      </object_component>
      <object_component id="oc-175">
         <name>.text:__llshl</name>
         <load_address>0x9760</load_address>
         <run_address>0x9760</run_address>
         <size>0x80</size>
         <input_file_ref idref="fl-9e"/>
      </object_component>
      <object_component id="oc-161">
         <name>.text:__mpyll</name>
         <load_address>0x97e0</load_address>
         <run_address>0x97e0</run_address>
         <size>0x80</size>
         <input_file_ref idref="fl-a5"/>
      </object_component>
      <object_component id="oc-147">
         <name>.text:_memccpy</name>
         <load_address>0x9860</load_address>
         <run_address>0x9860</run_address>
         <size>0x80</size>
         <input_file_ref idref="fl-a1"/>
      </object_component>
      <object_component id="oc-124">
         <name>.text:_readmsg</name>
         <load_address>0x98e0</load_address>
         <run_address>0x98e0</run_address>
         <size>0x80</size>
         <input_file_ref idref="fl-aa"/>
      </object_component>
      <object_component id="oc-178">
         <name>.text:_unlink</name>
         <load_address>0x9960</load_address>
         <run_address>0x9960</run_address>
         <size>0x80</size>
         <input_file_ref idref="fl-9f"/>
      </object_component>
      <object_component id="oc-f5">
         <name>.text</name>
         <load_address>0x99e0</load_address>
         <run_address>0x99e0</run_address>
         <size>0x80</size>
         <input_file_ref idref="fl-be"/>
      </object_component>
      <object_component id="oc-13e">
         <name>.text:__frcmpyf</name>
         <load_address>0x9a60</load_address>
         <run_address>0x9a60</run_address>
         <size>0x60</size>
         <input_file_ref idref="fl-9a"/>
      </object_component>
      <object_component id="oc-177">
         <name>.text:__llshru</name>
         <load_address>0x9ac0</load_address>
         <run_address>0x9ac0</run_address>
         <size>0x60</size>
         <input_file_ref idref="fl-9e"/>
      </object_component>
      <object_component id="oc-172">
         <name>.text:__remli</name>
         <load_address>0x9b20</load_address>
         <run_address>0x9b20</run_address>
         <size>0x60</size>
         <input_file_ref idref="fl-9b"/>
      </object_component>
      <object_component id="oc-176">
         <name>.text:__subcull</name>
         <load_address>0x9b80</load_address>
         <run_address>0x9b80</run_address>
         <size>0x60</size>
         <input_file_ref idref="fl-9c"/>
      </object_component>
      <object_component id="oc-2">
         <name>.text:_c_int00</name>
         <load_address>0x9be0</load_address>
         <run_address>0x9be0</run_address>
         <size>0x60</size>
         <input_file_ref idref="fl-80"/>
      </object_component>
      <object_component id="oc-123">
         <name>.text:_writemsg</name>
         <load_address>0x9c40</load_address>
         <run_address>0x9c40</run_address>
         <size>0x60</size>
         <input_file_ref idref="fl-aa"/>
      </object_component>
      <object_component id="oc-12c">
         <name>.text:_IRQ_reset</name>
         <load_address>0x9ca0</load_address>
         <run_address>0x9ca0</run_address>
         <size>0x40</size>
         <input_file_ref idref="fl-b8"/>
      </object_component>
      <object_component id="oc-14c">
         <name>.text:___isinf</name>
         <load_address>0x9ce0</load_address>
         <run_address>0x9ce0</run_address>
         <size>0x40</size>
         <input_file_ref idref="fl-9d"/>
      </object_component>
      <object_component id="oc-14b">
         <name>.text:___isnan</name>
         <load_address>0x9d20</load_address>
         <run_address>0x9d20</run_address>
         <size>0x40</size>
         <input_file_ref idref="fl-88"/>
      </object_component>
      <object_component id="oc-10a">
         <name>.text:__args_main</name>
         <load_address>0x9d60</load_address>
         <run_address>0x9d60</run_address>
         <size>0x40</size>
         <input_file_ref idref="fl-8a"/>
      </object_component>
      <object_component id="oc-14e">
         <name>.text:__negd</name>
         <load_address>0x9da0</load_address>
         <run_address>0x9da0</run_address>
         <size>0x40</size>
         <input_file_ref idref="fl-a6"/>
      </object_component>
      <object_component id="oc-168">
         <name>.text:__subd</name>
         <load_address>0x9de0</load_address>
         <run_address>0x9de0</run_address>
         <size>0x40</size>
         <input_file_ref idref="fl-a8"/>
      </object_component>
      <object_component id="oc-134">
         <name>.text:__subf</name>
         <load_address>0x9e20</load_address>
         <run_address>0x9e20</run_address>
         <size>0x40</size>
         <input_file_ref idref="fl-86"/>
      </object_component>
      <object_component id="oc-12f">
         <name>.text:_IRQ_enable</name>
         <load_address>0x9e60</load_address>
         <run_address>0x9e60</run_address>
         <size>0x20</size>
         <input_file_ref idref="fl-b8"/>
      </object_component>
      <object_component id="oc-129">
         <name>.text:_IRQ_globalDisable</name>
         <load_address>0x9e80</load_address>
         <run_address>0x9e80</run_address>
         <size>0x20</size>
         <input_file_ref idref="fl-b8"/>
      </object_component>
      <object_component id="oc-12d">
         <name>.text:_IRQ_globalEnable</name>
         <load_address>0x9ea0</load_address>
         <run_address>0x9ea0</run_address>
         <size>0x20</size>
         <input_file_ref idref="fl-b8"/>
      </object_component>
      <object_component id="oc-12e">
         <name>.text:_IRQ_nmiEnable</name>
         <load_address>0x9ec0</load_address>
         <run_address>0x9ec0</run_address>
         <size>0x20</size>
         <input_file_ref idref="fl-b8"/>
      </object_component>
      <object_component id="oc-12a">
         <name>.text:_MCBSP_getXmtEventId</name>
         <load_address>0x9ee0</load_address>
         <run_address>0x9ee0</run_address>
         <size>0x20</size>
         <input_file_ref idref="fl-b9"/>
      </object_component>
      <object_component id="oc-11b">
         <name>.text:_MCBSP_read</name>
         <load_address>0x9f00</load_address>
         <run_address>0x9f00</run_address>
         <size>0x20</size>
         <input_file_ref idref="fl-b9"/>
      </object_component>
      <object_component id="oc-11a">
         <name>.text:_MCBSP_rrdy</name>
         <load_address>0x9f20</load_address>
         <run_address>0x9f20</run_address>
         <size>0x20</size>
         <input_file_ref idref="fl-b9"/>
      </object_component>
      <object_component id="oc-11d">
         <name>.text:_MCBSP_write</name>
         <load_address>0x9f40</load_address>
         <run_address>0x9f40</run_address>
         <size>0x20</size>
         <input_file_ref idref="fl-b9"/>
      </object_component>
      <object_component id="oc-11c">
         <name>.text:_MCBSP_xrdy</name>
         <load_address>0x9f60</load_address>
         <run_address>0x9f60</run_address>
         <size>0x20</size>
         <input_file_ref idref="fl-b9"/>
      </object_component>
      <object_component id="oc-153">
         <name>.text:__negll</name>
         <load_address>0x9f80</load_address>
         <run_address>0x9f80</run_address>
         <size>0x20</size>
         <input_file_ref idref="fl-a7"/>
      </object_component>
      <object_component id="oc-10c">
         <name>.text:__nop</name>
         <load_address>0x9fa0</load_address>
         <run_address>0x9fa0</run_address>
         <size>0x20</size>
         <input_file_ref idref="fl-87"/>
      </object_component>
      <object_component id="oc-132">
         <name>.text:__outc</name>
         <load_address>0x9fc0</load_address>
         <run_address>0x9fc0</run_address>
         <size>0x20</size>
         <input_file_ref idref="fl-85"/>
      </object_component>
      <object_component id="oc-130">
         <name>.text:__outs</name>
         <load_address>0x9fe0</load_address>
         <run_address>0x9fe0</run_address>
         <size>0x20</size>
         <input_file_ref idref="fl-85"/>
      </object_component>
      <object_component id="oc-122">
         <name>.text:_abort</name>
         <load_address>0xa000</load_address>
         <run_address>0xa000</run_address>
         <size>0x20</size>
         <input_file_ref idref="fl-82"/>
      </object_component>
      <object_component id="oc-171">
         <name>.text:_remove</name>
         <load_address>0xa020</load_address>
         <run_address>0xa020</run_address>
         <size>0x20</size>
         <input_file_ref idref="fl-b7"/>
      </object_component>
      <object_component id="oc-ce">
         <name>.text</name>
         <load_address>0xa040</load_address>
         <run_address>0xa040</run_address>
         <size>0x20</size>
         <input_file_ref idref="fl-b8"/>
      </object_component>
      <object_component id="oc-14a">
         <name>.const:.string:__ctypes_</name>
         <load_address>0xb3d8</load_address>
         <run_address>0xb3d8</run_address>
         <size>0x101</size>
         <input_file_ref idref="fl-90"/>
      </object_component>
      <object_component id="oc-65">
         <name>.const:.string</name>
         <load_address>0xb4d9</load_address>
         <run_address>0xb4d9</run_address>
         <size>0x2</size>
         <input_file_ref idref="fl-98"/>
      </object_component>
      <object_component id="oc-db">
         <name>.const</name>
         <load_address>0xb4dc</load_address>
         <run_address>0xb4dc</run_address>
         <size>0xc0</size>
         <input_file_ref idref="fl-ba"/>
      </object_component>
      <object_component id="oc-e2">
         <name>.const</name>
         <load_address>0xb59c</load_address>
         <run_address>0xb59c</run_address>
         <size>0x70</size>
         <input_file_ref idref="fl-bb"/>
      </object_component>
      <object_component id="oc-12">
         <name>.const:.string</name>
         <load_address>0xb60c</load_address>
         <run_address>0xb60c</run_address>
         <size>0x44</size>
         <input_file_ref idref="fl-4"/>
      </object_component>
      <object_component id="oc-34">
         <name>.const:.string</name>
         <load_address>0xb650</load_address>
         <run_address>0xb650</run_address>
         <size>0x23</size>
         <input_file_ref idref="fl-88"/>
      </object_component>
      <object_component id="oc-16b">
         <name>.const:.string:_initial_approx$1</name>
         <load_address>0xb678</load_address>
         <run_address>0xb678</run_address>
         <size>0x8</size>
         <input_file_ref idref="fl-92"/>
      </object_component>
      <object_component id="oc-cf">
         <name>.cinit</name>
         <load_address>0xafe0</load_address>
         <run_address>0xafe0</run_address>
         <size>0x12c</size>
         <input_file_ref idref="fl-b8"/>
      </object_component>
      <object_component id="oc-d4">
         <name>.cinit</name>
         <load_address>0xb110</load_address>
         <run_address>0xb110</run_address>
         <size>0x7c</size>
         <input_file_ref idref="fl-b9"/>
      </object_component>
      <object_component id="oc-a">
         <name>.cinit</name>
         <load_address>0xb190</load_address>
         <run_address>0xb190</run_address>
         <size>0x5c</size>
         <input_file_ref idref="fl-3"/>
      </object_component>
      <object_component id="oc-4f">
         <name>.cinit</name>
         <load_address>0xb1f0</load_address>
         <run_address>0xb1f0</run_address>
         <size>0x5c</size>
         <input_file_ref idref="fl-91"/>
      </object_component>
      <object_component id="oc-7b">
         <name>.cinit</name>
         <load_address>0xb250</load_address>
         <run_address>0xb250</run_address>
         <size>0x5c</size>
         <input_file_ref idref="fl-9f"/>
      </object_component>
      <object_component id="oc-4">
         <name>.cinit</name>
         <load_address>0xb2b0</load_address>
         <run_address>0xb2b0</run_address>
         <size>0x34</size>
         <input_file_ref idref="fl-2"/>
      </object_component>
      <object_component id="oc-1e">
         <name>.cinit</name>
         <load_address>0xb2e8</load_address>
         <run_address>0xb2e8</run_address>
         <size>0x2c</size>
         <input_file_ref idref="fl-82"/>
      </object_component>
      <object_component id="oc-c3">
         <name>.cinit</name>
         <load_address>0xb318</load_address>
         <run_address>0xb318</run_address>
         <size>0x2c</size>
         <input_file_ref idref="fl-b5"/>
      </object_component>
      <object_component id="oc-ef">
         <name>.cinit</name>
         <load_address>0xb348</load_address>
         <run_address>0xb348</run_address>
         <size>0x28</size>
         <input_file_ref idref="fl-bd"/>
      </object_component>
      <object_component id="oc-e8">
         <name>.cinit</name>
         <load_address>0xb370</load_address>
         <run_address>0xb370</run_address>
         <size>0x1c</size>
         <input_file_ref idref="fl-bc"/>
      </object_component>
      <object_component id="oc-2f">
         <name>.cinit</name>
         <load_address>0xb390</load_address>
         <run_address>0xb390</run_address>
         <size>0x1c</size>
         <input_file_ref idref="fl-87"/>
      </object_component>
      <object_component id="oc-10">
         <name>.cinit</name>
         <load_address>0xb3b0</load_address>
         <run_address>0xb3b0</run_address>
         <size>0xc</size>
         <input_file_ref idref="fl-4"/>
      </object_component>
      <object_component id="oc-be">
         <name>.cinit</name>
         <load_address>0xb3c0</load_address>
         <run_address>0xb3c0</run_address>
         <size>0xc</size>
         <input_file_ref idref="fl-b4"/>
      </object_component>
      <object_component id="oc-17">
         <name>.stack</name>
         <uninitialized>true</uninitialized>
         <run_address>0xa7e0</run_address>
         <size>0x8</size>
         <input_file_ref idref="fl-80"/>
      </object_component>
      <object_component id="oc-1a0">
         <name>.stack</name>
         <uninitialized>true</uninitialized>
         <run_address>0xa7e0</run_address>
         <size>0x0</size>
      </object_component>
      <object_component id="oc-c5">
         <name>.sysmem</name>
         <uninitialized>true</uninitialized>
         <run_address>0xabe0</run_address>
         <size>0x8</size>
         <input_file_ref idref="fl-b5"/>
      </object_component>
      <object_component id="oc-1a1">
         <name>.sysmem</name>
         <uninitialized>true</uninitialized>
         <run_address>0xabe0</run_address>
         <size>0x0</size>
      </object_component>
      <object_component id="oc-5">
         <name>.far</name>
         <uninitialized>true</uninitialized>
         <run_address>0xa788</run_address>
         <size>0x14</size>
         <input_file_ref idref="fl-2"/>
      </object_component>
      <object_component id="oc-b">
         <name>.far</name>
         <uninitialized>true</uninitialized>
         <run_address>0xa6b0</run_address>
         <size>0x5a</size>
         <input_file_ref idref="fl-3"/>
      </object_component>
      <object_component id="oc-11">
         <name>.far</name>
         <uninitialized>true</uninitialized>
         <run_address>0xa4a8</run_address>
         <size>0x108</size>
         <input_file_ref idref="fl-4"/>
      </object_component>
      <object_component id="oc-1f">
         <name>.far</name>
         <uninitialized>true</uninitialized>
         <run_address>0xa7b0</run_address>
         <size>0xc</size>
         <input_file_ref idref="fl-82"/>
      </object_component>
      <object_component id="oc-30">
         <name>.far</name>
         <uninitialized>true</uninitialized>
         <run_address>0xa7c4</run_address>
         <size>0x8</size>
         <input_file_ref idref="fl-87"/>
      </object_component>
      <object_component id="oc-50">
         <name>.far</name>
         <uninitialized>true</uninitialized>
         <run_address>0xa060</run_address>
         <size>0x324</size>
         <input_file_ref idref="fl-91"/>
      </object_component>
      <object_component id="oc-7c">
         <name>.far</name>
         <uninitialized>true</uninitialized>
         <run_address>0xa388</run_address>
         <size>0x11c</size>
         <input_file_ref idref="fl-9f"/>
      </object_component>
      <object_component id="oc-9b">
         <name>.far</name>
         <uninitialized>true</uninitialized>
         <run_address>0xa7d8</run_address>
         <size>0x8</size>
         <input_file_ref idref="fl-a9"/>
      </object_component>
      <object_component id="oc-bf">
         <name>.far</name>
         <uninitialized>true</uninitialized>
         <run_address>0xa4a4</run_address>
         <size>0x4</size>
         <input_file_ref idref="fl-b4"/>
      </object_component>
      <object_component id="oc-c4">
         <name>.far</name>
         <uninitialized>true</uninitialized>
         <run_address>0xa7cc</run_address>
         <size>0x8</size>
         <input_file_ref idref="fl-b5"/>
      </object_component>
      <object_component id="oc-d0">
         <name>.far</name>
         <uninitialized>true</uninitialized>
         <run_address>0xa5b0</run_address>
         <size>0x100</size>
         <input_file_ref idref="fl-b8"/>
      </object_component>
      <object_component id="oc-d5">
         <name>.far</name>
         <uninitialized>true</uninitialized>
         <run_address>0xa710</run_address>
         <size>0x54</size>
         <input_file_ref idref="fl-b9"/>
      </object_component>
      <object_component id="oc-da">
         <name>.far</name>
         <uninitialized>true</uninitialized>
         <run_address>0xa384</run_address>
         <size>0x4</size>
         <input_file_ref idref="fl-ba"/>
      </object_component>
      <object_component id="oc-e1">
         <name>.far</name>
         <uninitialized>true</uninitialized>
         <run_address>0xa7bc</run_address>
         <size>0x8</size>
         <input_file_ref idref="fl-bb"/>
      </object_component>
      <object_component id="oc-e9">
         <name>.far</name>
         <uninitialized>true</uninitialized>
         <run_address>0xa79c</run_address>
         <size>0x14</size>
         <input_file_ref idref="fl-bc"/>
      </object_component>
      <object_component id="oc-f0">
         <name>.far</name>
         <uninitialized>true</uninitialized>
         <run_address>0xa768</run_address>
         <size>0x20</size>
         <input_file_ref idref="fl-bd"/>
      </object_component>
      <object_component id="oc-fb">
         <name>.far</name>
         <uninitialized>true</uninitialized>
         <run_address>0xa70a</run_address>
         <size>0x2</size>
         <input_file_ref idref="fl-bf"/>
      </object_component>
      <object_component id="oc-9f">
         <name>.cio</name>
         <uninitialized>true</uninitialized>
         <run_address>0xb680</run_address>
         <size>0x120</size>
         <input_file_ref idref="fl-aa"/>
      </object_component>
      <object_component id="oc-3">
         <name>.debug_info</name>
         <load_address>0x0</load_address>
         <run_address>0x0</run_address>
         <size>0xa7b</size>
         <input_file_ref idref="fl-2"/>
      </object_component>
      <object_component id="oc-9">
         <name>.debug_info</name>
         <load_address>0xa7b</load_address>
         <run_address>0xa7b</run_address>
         <size>0x156a</size>
         <input_file_ref idref="fl-3"/>
      </object_component>
      <object_component id="oc-f">
         <name>.debug_info</name>
         <load_address>0x1fe5</load_address>
         <run_address>0x1fe5</run_address>
         <size>0x8c7</size>
         <input_file_ref idref="fl-4"/>
      </object_component>
      <object_component id="oc-16">
         <name>.debug_info</name>
         <load_address>0x28ac</load_address>
         <run_address>0x28ac</run_address>
         <size>0x73c</size>
         <input_file_ref idref="fl-80"/>
      </object_component>
      <object_component id="oc-1a">
         <name>.debug_info</name>
         <load_address>0x2fe8</load_address>
         <run_address>0x2fe8</run_address>
         <size>0x688</size>
         <input_file_ref idref="fl-81"/>
      </object_component>
      <object_component id="oc-1d">
         <name>.debug_info</name>
         <load_address>0x3670</load_address>
         <run_address>0x3670</run_address>
         <size>0x86a</size>
         <input_file_ref idref="fl-82"/>
      </object_component>
      <object_component id="oc-22">
         <name>.debug_info</name>
         <load_address>0x3eda</load_address>
         <run_address>0x3eda</run_address>
         <size>0x67d</size>
         <input_file_ref idref="fl-83"/>
      </object_component>
      <object_component id="oc-25">
         <name>.debug_info</name>
         <load_address>0x4557</load_address>
         <run_address>0x4557</run_address>
         <size>0x6e3</size>
         <input_file_ref idref="fl-84"/>
      </object_component>
      <object_component id="oc-28">
         <name>.debug_info</name>
         <load_address>0x4c3a</load_address>
         <run_address>0x4c3a</run_address>
         <size>0x933</size>
         <input_file_ref idref="fl-85"/>
      </object_component>
      <object_component id="oc-2b">
         <name>.debug_info</name>
         <load_address>0x556d</load_address>
         <run_address>0x556d</run_address>
         <size>0x675</size>
         <input_file_ref idref="fl-86"/>
      </object_component>
      <object_component id="oc-2e">
         <name>.debug_info</name>
         <load_address>0x5be2</load_address>
         <run_address>0x5be2</run_address>
         <size>0x67d</size>
         <input_file_ref idref="fl-87"/>
      </object_component>
      <object_component id="oc-33">
         <name>.debug_info</name>
         <load_address>0x625f</load_address>
         <run_address>0x625f</run_address>
         <size>0x3ba1</size>
         <input_file_ref idref="fl-88"/>
      </object_component>
      <object_component id="oc-37">
         <name>.debug_info</name>
         <load_address>0x9e00</load_address>
         <run_address>0x9e00</run_address>
         <size>0x759</size>
         <input_file_ref idref="fl-89"/>
      </object_component>
      <object_component id="oc-3a">
         <name>.debug_info</name>
         <load_address>0xa559</load_address>
         <run_address>0xa559</run_address>
         <size>0x712</size>
         <input_file_ref idref="fl-8a"/>
      </object_component>
      <object_component id="oc-3d">
         <name>.debug_info</name>
         <load_address>0xac6b</load_address>
         <run_address>0xac6b</run_address>
         <size>0x7e1</size>
         <input_file_ref idref="fl-8b"/>
      </object_component>
      <object_component id="oc-40">
         <name>.debug_info</name>
         <load_address>0xb44c</load_address>
         <run_address>0xb44c</run_address>
         <size>0x8e9</size>
         <input_file_ref idref="fl-8c"/>
      </object_component>
      <object_component id="oc-43">
         <name>.debug_info</name>
         <load_address>0xbd35</load_address>
         <run_address>0xbd35</run_address>
         <size>0x6d6</size>
         <input_file_ref idref="fl-8d"/>
      </object_component>
      <object_component id="oc-46">
         <name>.debug_info</name>
         <load_address>0xc40b</load_address>
         <run_address>0xc40b</run_address>
         <size>0x761</size>
         <input_file_ref idref="fl-8e"/>
      </object_component>
      <object_component id="oc-49">
         <name>.debug_info</name>
         <load_address>0xcb6c</load_address>
         <run_address>0xcb6c</run_address>
         <size>0x857</size>
         <input_file_ref idref="fl-8f"/>
      </object_component>
      <object_component id="oc-4c">
         <name>.debug_info</name>
         <load_address>0xd3c3</load_address>
         <run_address>0xd3c3</run_address>
         <size>0x62b</size>
         <input_file_ref idref="fl-90"/>
      </object_component>
      <object_component id="oc-4e">
         <name>.debug_info</name>
         <load_address>0xd9ee</load_address>
         <run_address>0xd9ee</run_address>
         <size>0x718</size>
         <input_file_ref idref="fl-91"/>
      </object_component>
      <object_component id="oc-52">
         <name>.debug_info</name>
         <load_address>0xe106</load_address>
         <run_address>0xe106</run_address>
         <size>0xa3b</size>
         <input_file_ref idref="fl-92"/>
      </object_component>
      <object_component id="oc-55">
         <name>.debug_info</name>
         <load_address>0xeb41</load_address>
         <run_address>0xeb41</run_address>
         <size>0x101</size>
         <input_file_ref idref="fl-93"/>
      </object_component>
      <object_component id="oc-58">
         <name>.debug_info</name>
         <load_address>0xec42</load_address>
         <run_address>0xec42</run_address>
         <size>0x6bf</size>
         <input_file_ref idref="fl-94"/>
      </object_component>
      <object_component id="oc-5b">
         <name>.debug_info</name>
         <load_address>0xf301</load_address>
         <run_address>0xf301</run_address>
         <size>0x6c2</size>
         <input_file_ref idref="fl-95"/>
      </object_component>
      <object_component id="oc-5e">
         <name>.debug_info</name>
         <load_address>0xf9c3</load_address>
         <run_address>0xf9c3</run_address>
         <size>0x6e1</size>
         <input_file_ref idref="fl-96"/>
      </object_component>
      <object_component id="oc-61">
         <name>.debug_info</name>
         <load_address>0x100a4</load_address>
         <run_address>0x100a4</run_address>
         <size>0x85b</size>
         <input_file_ref idref="fl-97"/>
      </object_component>
      <object_component id="oc-64">
         <name>.debug_info</name>
         <load_address>0x108ff</load_address>
         <run_address>0x108ff</run_address>
         <size>0xdb1</size>
         <input_file_ref idref="fl-98"/>
      </object_component>
      <object_component id="oc-68">
         <name>.debug_info</name>
         <load_address>0x116b0</load_address>
         <run_address>0x116b0</run_address>
         <size>0x6d5</size>
         <input_file_ref idref="fl-99"/>
      </object_component>
      <object_component id="oc-6b">
         <name>.debug_info</name>
         <load_address>0x11d85</load_address>
         <run_address>0x11d85</run_address>
         <size>0x6cc</size>
         <input_file_ref idref="fl-9a"/>
      </object_component>
      <object_component id="oc-6e">
         <name>.debug_info</name>
         <load_address>0x12451</load_address>
         <run_address>0x12451</run_address>
         <size>0x835</size>
         <input_file_ref idref="fl-9b"/>
      </object_component>
      <object_component id="oc-71">
         <name>.debug_info</name>
         <load_address>0x12c86</load_address>
         <run_address>0x12c86</run_address>
         <size>0x830</size>
         <input_file_ref idref="fl-9c"/>
      </object_component>
      <object_component id="oc-74">
         <name>.debug_info</name>
         <load_address>0x134b6</load_address>
         <run_address>0x134b6</run_address>
         <size>0x847</size>
         <input_file_ref idref="fl-9d"/>
      </object_component>
      <object_component id="oc-77">
         <name>.debug_info</name>
         <load_address>0x13cfd</load_address>
         <run_address>0x13cfd</run_address>
         <size>0x732</size>
         <input_file_ref idref="fl-9e"/>
      </object_component>
      <object_component id="oc-7a">
         <name>.debug_info</name>
         <load_address>0x1442f</load_address>
         <run_address>0x1442f</run_address>
         <size>0x11b7</size>
         <input_file_ref idref="fl-9f"/>
      </object_component>
      <object_component id="oc-7f">
         <name>.debug_info</name>
         <load_address>0x155e6</load_address>
         <run_address>0x155e6</run_address>
         <size>0x7c1</size>
         <input_file_ref idref="fl-a0"/>
      </object_component>
      <object_component id="oc-82">
         <name>.debug_info</name>
         <load_address>0x15da7</load_address>
         <run_address>0x15da7</run_address>
         <size>0x764</size>
         <input_file_ref idref="fl-a1"/>
      </object_component>
      <object_component id="oc-85">
         <name>.debug_info</name>
         <load_address>0x1650b</load_address>
         <run_address>0x1650b</run_address>
         <size>0x110</size>
         <input_file_ref idref="fl-a2"/>
      </object_component>
      <object_component id="oc-88">
         <name>.debug_info</name>
         <load_address>0x1661b</load_address>
         <run_address>0x1661b</run_address>
         <size>0x848</size>
         <input_file_ref idref="fl-a3"/>
      </object_component>
      <object_component id="oc-8b">
         <name>.debug_info</name>
         <load_address>0x16e63</load_address>
         <run_address>0x16e63</run_address>
         <size>0x716</size>
         <input_file_ref idref="fl-a4"/>
      </object_component>
      <object_component id="oc-8e">
         <name>.debug_info</name>
         <load_address>0x17579</load_address>
         <run_address>0x17579</run_address>
         <size>0x6e8</size>
         <input_file_ref idref="fl-a5"/>
      </object_component>
      <object_component id="oc-91">
         <name>.debug_info</name>
         <load_address>0x17c61</load_address>
         <run_address>0x17c61</run_address>
         <size>0x64e</size>
         <input_file_ref idref="fl-a6"/>
      </object_component>
      <object_component id="oc-94">
         <name>.debug_info</name>
         <load_address>0x182af</load_address>
         <run_address>0x182af</run_address>
         <size>0x649</size>
         <input_file_ref idref="fl-a7"/>
      </object_component>
      <object_component id="oc-97">
         <name>.debug_info</name>
         <load_address>0x188f8</load_address>
         <run_address>0x188f8</run_address>
         <size>0x675</size>
         <input_file_ref idref="fl-a8"/>
      </object_component>
      <object_component id="oc-9a">
         <name>.debug_info</name>
         <load_address>0x18f6d</load_address>
         <run_address>0x18f6d</run_address>
         <size>0x11f7</size>
         <input_file_ref idref="fl-a9"/>
      </object_component>
      <object_component id="oc-9e">
         <name>.debug_info</name>
         <load_address>0x1a164</load_address>
         <run_address>0x1a164</run_address>
         <size>0xa1e</size>
         <input_file_ref idref="fl-aa"/>
      </object_component>
      <object_component id="oc-a2">
         <name>.debug_info</name>
         <load_address>0x1ab82</load_address>
         <run_address>0x1ab82</run_address>
         <size>0x78b</size>
         <input_file_ref idref="fl-ab"/>
      </object_component>
      <object_component id="oc-a5">
         <name>.debug_info</name>
         <load_address>0x1b30d</load_address>
         <run_address>0x1b30d</run_address>
         <size>0x5fd</size>
         <input_file_ref idref="fl-ac"/>
      </object_component>
      <object_component id="oc-a8">
         <name>.debug_info</name>
         <load_address>0x1b90a</load_address>
         <run_address>0x1b90a</run_address>
         <size>0x71b</size>
         <input_file_ref idref="fl-ad"/>
      </object_component>
      <object_component id="oc-ab">
         <name>.debug_info</name>
         <load_address>0x1c025</load_address>
         <run_address>0x1c025</run_address>
         <size>0x7b2</size>
         <input_file_ref idref="fl-ae"/>
      </object_component>
      <object_component id="oc-ae">
         <name>.debug_info</name>
         <load_address>0x1c7d7</load_address>
         <run_address>0x1c7d7</run_address>
         <size>0x727</size>
         <input_file_ref idref="fl-af"/>
      </object_component>
      <object_component id="oc-b1">
         <name>.debug_info</name>
         <load_address>0x1cefe</load_address>
         <run_address>0x1cefe</run_address>
         <size>0x763</size>
         <input_file_ref idref="fl-b0"/>
      </object_component>
      <object_component id="oc-b4">
         <name>.debug_info</name>
         <load_address>0x1d661</load_address>
         <run_address>0x1d661</run_address>
         <size>0x7ea</size>
         <input_file_ref idref="fl-b1"/>
      </object_component>
      <object_component id="oc-b7">
         <name>.debug_info</name>
         <load_address>0x1de4b</load_address>
         <run_address>0x1de4b</run_address>
         <size>0x7a0</size>
         <input_file_ref idref="fl-b2"/>
      </object_component>
      <object_component id="oc-ba">
         <name>.debug_info</name>
         <load_address>0x1e5eb</load_address>
         <run_address>0x1e5eb</run_address>
         <size>0x844</size>
         <input_file_ref idref="fl-b3"/>
      </object_component>
      <object_component id="oc-bd">
         <name>.debug_info</name>
         <load_address>0x1ee2f</load_address>
         <run_address>0x1ee2f</run_address>
         <size>0x8fd</size>
         <input_file_ref idref="fl-b4"/>
      </object_component>
      <object_component id="oc-c2">
         <name>.debug_info</name>
         <load_address>0x1f72c</load_address>
         <run_address>0x1f72c</run_address>
         <size>0xc94</size>
         <input_file_ref idref="fl-b5"/>
      </object_component>
      <object_component id="oc-c8">
         <name>.debug_info</name>
         <load_address>0x203c0</load_address>
         <run_address>0x203c0</run_address>
         <size>0x837</size>
         <input_file_ref idref="fl-b6"/>
      </object_component>
      <object_component id="oc-cb">
         <name>.debug_info</name>
         <load_address>0x20bf7</load_address>
         <run_address>0x20bf7</run_address>
         <size>0x695</size>
         <input_file_ref idref="fl-b7"/>
      </object_component>
      <object_component id="oc-d2">
         <name>.debug_info</name>
         <load_address>0x2128c</load_address>
         <run_address>0x2128c</run_address>
         <size>0xcc6</size>
         <input_file_ref idref="fl-b8"/>
      </object_component>
      <object_component id="oc-d7">
         <name>.debug_info</name>
         <load_address>0x21f52</load_address>
         <run_address>0x21f52</run_address>
         <size>0xfac</size>
         <input_file_ref idref="fl-b9"/>
      </object_component>
      <object_component id="oc-dd">
         <name>.debug_info</name>
         <load_address>0x22efe</load_address>
         <run_address>0x22efe</run_address>
         <size>0xd57</size>
         <input_file_ref idref="fl-ba"/>
      </object_component>
      <object_component id="oc-e4">
         <name>.debug_info</name>
         <load_address>0x23c55</load_address>
         <run_address>0x23c55</run_address>
         <size>0xbbd</size>
         <input_file_ref idref="fl-bb"/>
      </object_component>
      <object_component id="oc-eb">
         <name>.debug_info</name>
         <load_address>0x24812</load_address>
         <run_address>0x24812</run_address>
         <size>0xba3</size>
         <input_file_ref idref="fl-bc"/>
      </object_component>
      <object_component id="oc-f2">
         <name>.debug_info</name>
         <load_address>0x253b5</load_address>
         <run_address>0x253b5</run_address>
         <size>0x78a</size>
         <input_file_ref idref="fl-bd"/>
      </object_component>
      <object_component id="oc-f7">
         <name>.debug_info</name>
         <load_address>0x25b3f</load_address>
         <run_address>0x25b3f</run_address>
         <size>0x641</size>
         <input_file_ref idref="fl-be"/>
      </object_component>
      <object_component id="oc-fd">
         <name>.debug_info</name>
         <load_address>0x26180</load_address>
         <run_address>0x26180</run_address>
         <size>0x7c2</size>
         <input_file_ref idref="fl-bf"/>
      </object_component>
      <object_component id="oc-100">
         <name>.debug_info</name>
         <load_address>0x26942</load_address>
         <run_address>0x26942</run_address>
         <size>0x107</size>
         <input_file_ref idref="fl-c0"/>
      </object_component>
      <object_component id="oc-104">
         <name>.debug_info</name>
         <load_address>0x26a49</load_address>
         <run_address>0x26a49</run_address>
         <size>0x730</size>
         <input_file_ref idref="fl-c1"/>
      </object_component>
      <object_component id="oc-107">
         <name>.debug_info</name>
         <load_address>0x27179</load_address>
         <run_address>0x27179</run_address>
         <size>0x730</size>
         <input_file_ref idref="fl-c2"/>
      </object_component>
      <object_component id="oc-1e1">
         <name>.debug_info</name>
         <load_address>0x278a9</load_address>
         <run_address>0x278a9</run_address>
         <size>0x6e</size>
      </object_component>
      <object_component id="oc-6">
         <name>.debug_frame</name>
         <load_address>0x0</load_address>
         <run_address>0x0</run_address>
         <size>0x2d8</size>
         <input_file_ref idref="fl-2"/>
      </object_component>
      <object_component id="oc-c">
         <name>.debug_frame</name>
         <load_address>0x2d8</load_address>
         <run_address>0x2d8</run_address>
         <size>0x34d</size>
         <input_file_ref idref="fl-3"/>
      </object_component>
      <object_component id="oc-13">
         <name>.debug_frame</name>
         <load_address>0x625</load_address>
         <run_address>0x625</run_address>
         <size>0x259</size>
         <input_file_ref idref="fl-4"/>
      </object_component>
      <object_component id="oc-df">
         <name>.debug_frame</name>
         <load_address>0x87e</load_address>
         <run_address>0x87e</run_address>
         <size>0x1d4</size>
         <input_file_ref idref="fl-ba"/>
      </object_component>
      <object_component id="oc-e6">
         <name>.debug_frame</name>
         <load_address>0xa52</load_address>
         <run_address>0xa52</run_address>
         <size>0x134</size>
         <input_file_ref idref="fl-bb"/>
      </object_component>
      <object_component id="oc-ed">
         <name>.debug_frame</name>
         <load_address>0xb86</load_address>
         <run_address>0xb86</run_address>
         <size>0x174</size>
         <input_file_ref idref="fl-bc"/>
      </object_component>
      <object_component id="oc-f4">
         <name>.debug_frame</name>
         <load_address>0xcfa</load_address>
         <run_address>0xcfa</run_address>
         <size>0x130</size>
         <input_file_ref idref="fl-bd"/>
      </object_component>
      <object_component id="oc-f9">
         <name>.debug_frame</name>
         <load_address>0xe2a</load_address>
         <run_address>0xe2a</run_address>
         <size>0x14c</size>
         <input_file_ref idref="fl-be"/>
      </object_component>
      <object_component id="oc-ff">
         <name>.debug_frame</name>
         <load_address>0xf76</load_address>
         <run_address>0xf76</run_address>
         <size>0x190</size>
         <input_file_ref idref="fl-bf"/>
      </object_component>
      <object_component id="oc-7">
         <name>.debug_line</name>
         <load_address>0x0</load_address>
         <run_address>0x0</run_address>
         <size>0x105</size>
         <input_file_ref idref="fl-2"/>
      </object_component>
      <object_component id="oc-d">
         <name>.debug_line</name>
         <load_address>0x105</load_address>
         <run_address>0x105</run_address>
         <size>0x14b</size>
         <input_file_ref idref="fl-3"/>
      </object_component>
      <object_component id="oc-14">
         <name>.debug_line</name>
         <load_address>0x250</load_address>
         <run_address>0x250</run_address>
         <size>0x4c</size>
         <input_file_ref idref="fl-4"/>
      </object_component>
      <object_component id="oc-18">
         <name>.debug_line</name>
         <load_address>0x29c</load_address>
         <run_address>0x29c</run_address>
         <size>0x3d</size>
         <input_file_ref idref="fl-80"/>
      </object_component>
      <object_component id="oc-1b">
         <name>.debug_line</name>
         <load_address>0x2d9</load_address>
         <run_address>0x2d9</run_address>
         <size>0x37</size>
         <input_file_ref idref="fl-81"/>
      </object_component>
      <object_component id="oc-20">
         <name>.debug_line</name>
         <load_address>0x310</load_address>
         <run_address>0x310</run_address>
         <size>0x4f</size>
         <input_file_ref idref="fl-82"/>
      </object_component>
      <object_component id="oc-23">
         <name>.debug_line</name>
         <load_address>0x35f</load_address>
         <run_address>0x35f</run_address>
[...]
         <value>0x9100</value>
         <object_component_ref idref="oc-136"/>
      </symbol>
      <symbol id="sm-11d">
         <name>C$$EXIT</name>
         <value>0xa000</value>
         <object_component_ref idref="oc-122"/>
      </symbol>
      <symbol id="sm-11e">
         <name>_exit</name>
         <value>0x8c00</value>
         <object_component_ref idref="oc-10b"/>
      </symbol>
      <symbol id="sm-11f">
         <name>___TI_enable_exit_profile_output</name>
         <value>0xa7b8</value>
         <object_component_ref idref="oc-1f"/>
      </symbol>
      <symbol id="sm-120">
         <name>_abort</name>
         <value>0xa000</value>
         <object_component_ref idref="oc-122"/>
      </symbol>
      <symbol id="sm-121">
         <name>__cleanup_ptr</name>
         <value>0xa7b0</value>
         <object_component_ref idref="oc-1f"/>
      </symbol>
      <symbol id="sm-122">
         <name>__dtors_ptr</name>
         <value>0xa7b4</value>
         <object_component_ref idref="oc-1f"/>
      </symbol>
      <symbol id="sm-12c">
         <name>__fixfi</name>
         <value>0x9660</value>
         <object_component_ref idref="oc-135"/>
      </symbol>
      <symbol id="sm-136">
         <name>__mpyf</name>
         <value>0x5680</value>
         <object_component_ref idref="oc-133"/>
      </symbol>
      <symbol id="sm-144">
         <name>_printf</name>
         <value>0x85e0</value>
         <object_component_ref idref="oc-127"/>
      </symbol>
      <symbol id="sm-14e">
         <name>__subf</name>
         <value>0x9e20</value>
         <object_component_ref idref="oc-134"/>
      </symbol>
      <symbol id="sm-15c">
         <name>__unlock</name>
         <value>0xa7c8</value>
         <object_component_ref idref="oc-30"/>
      </symbol>
      <symbol id="sm-15d">
         <name>__lock</name>
         <value>0xa7c4</value>
         <object_component_ref idref="oc-30"/>
      </symbol>
      <symbol id="sm-15e">
         <name>__nop</name>
         <value>0x9fa0</value>
         <object_component_ref idref="oc-10c"/>
      </symbol>
      <symbol id="sm-18e">
         <name>__printfi</name>
         <value>0x17e0</value>
         <object_component_ref idref="oc-131"/>
      </symbol>
      <symbol id="sm-198">
         <name>__addf</name>
         <value>0x3420</value>
         <object_component_ref idref="oc-13f"/>
      </symbol>
      <symbol id="sm-1a2">
         <name>__args_main</name>
         <value>0x9d60</value>
         <object_component_ref idref="oc-10a"/>
      </symbol>
      <symbol id="sm-1a3">
         <name>__TI_args_main</name>
         <value>0x1</value>
      </symbol>
      <symbol id="sm-1ad">
         <name>_atoi</name>
         <value>0x7400</value>
         <object_component_ref idref="oc-144"/>
      </symbol>
      <symbol id="sm-1b7">
         <name>__auto_init</name>
         <value>0x7fc0</value>
         <object_component_ref idref="oc-109"/>
      </symbol>
      <symbol id="sm-1c1">
         <name>__cmpd</name>
         <value>0x80a0</value>
         <object_component_ref idref="oc-14d"/>
      </symbol>
      <symbol id="sm-1cb">
         <name>___TI_cpp_init</name>
         <value>0x9560</value>
         <object_component_ref idref="oc-120"/>
      </symbol>
      <symbol id="sm-1d5">
         <name>_copy_in</name>
         <value>0x9380</value>
         <object_component_ref idref="oc-11e"/>
      </symbol>
      <symbol id="sm-1dd">
         <name>__ctypes_</name>
         <value>0xb3d8</value>
         <object_component_ref idref="oc-14a"/>
      </symbol>
      <symbol id="sm-1e7">
         <name>__tmpnams</name>
         <value>0xa240</value>
         <object_component_ref idref="oc-50"/>
      </symbol>
      <symbol id="sm-1e8">
         <name>__ft_end</name>
         <value>0xa380</value>
         <object_component_ref idref="oc-50"/>
      </symbol>
      <symbol id="sm-1e9">
         <name>__ftable</name>
         <value>0xa060</value>
         <object_component_ref idref="oc-50"/>
      </symbol>
      <symbol id="sm-1f5">
         <name>__divd</name>
         <value>0xc80</value>
         <object_component_ref idref="oc-15f"/>
      </symbol>
      <symbol id="sm-1fd">
         <name>__c6xabi_divu</name>
         <value>0x8900</value>
         <object_component_ref idref="oc-16d"/>
      </symbol>
      <symbol id="sm-1fe">
         <name>__divu</name>
         <value>0x8900</value>
         <object_component_ref idref="oc-16d"/>
      </symbol>
      <symbol id="sm-208">
         <name>__fixdi</name>
         <value>0x95e0</value>
         <object_component_ref idref="oc-169"/>
      </symbol>
      <symbol id="sm-212">
         <name>__fixdli</name>
         <value>0x9240</value>
         <object_component_ref idref="oc-165"/>
      </symbol>
      <symbol id="sm-21c">
         <name>__fltlid</name>
         <value>0x96e0</value>
         <object_component_ref idref="oc-167"/>
      </symbol>
      <symbol id="sm-226">
         <name>_putc</name>
         <value>0x4d60</value>
         <object_component_ref idref="oc-13d"/>
      </symbol>
      <symbol id="sm-227">
         <name>_fputc</name>
         <value>0x4d60</value>
         <object_component_ref idref="oc-13d"/>
      </symbol>
      <symbol id="sm-233">
         <name>_fputs</name>
         <value>0x1ca0</value>
         <object_component_ref idref="oc-138"/>
      </symbol>
      <symbol id="sm-23d">
         <name>__frcmpyd_div</name>
         <value>0x7820</value>
         <object_component_ref idref="oc-16c"/>
      </symbol>
      <symbol id="sm-247">
         <name>__frcmpyf</name>
         <value>0x9a60</value>
         <object_component_ref idref="oc-13e"/>
      </symbol>
      <symbol id="sm-255">
         <name>__divul</name>
         <value>0x6660</value>
         <object_component_ref idref="oc-16e"/>
      </symbol>
      <symbol id="sm-256">
         <name>__remli</name>
         <value>0x9b20</value>
         <object_component_ref idref="oc-172"/>
      </symbol>
      <symbol id="sm-257">
         <name>__divli</name>
         <value>0x91a0</value>
         <object_component_ref idref="oc-173"/>
      </symbol>
      <symbol id="sm-263">
         <name>__subcull</name>
         <value>0x9b80</value>
         <object_component_ref idref="oc-176"/>
      </symbol>
      <symbol id="sm-264">
         <name>__divull</name>
         <value>0x40a0</value>
         <object_component_ref idref="oc-16f"/>
      </symbol>
      <symbol id="sm-26e">
         <name>___isinf</name>
         <value>0x9ce0</value>
         <object_component_ref idref="oc-14c"/>
      </symbol>
      <symbol id="sm-27a">
         <name>__llshl</name>
         <value>0x9760</value>
         <object_component_ref idref="oc-175"/>
      </symbol>
      <symbol id="sm-27b">
         <name>__llshru</name>
         <value>0x9ac0</value>
         <object_component_ref idref="oc-177"/>
      </symbol>
      <symbol id="sm-293">
         <name>_unlink</name>
         <value>0x9960</value>
         <object_component_ref idref="oc-178"/>
      </symbol>
      <symbol id="sm-294">
         <name>_lseek</name>
         <value>0x8cc0</value>
         <object_component_ref idref="oc-155"/>
      </symbol>
      <symbol id="sm-295">
         <name>_close</name>
         <value>0x7920</value>
         <object_component_ref idref="oc-170"/>
      </symbol>
      <symbol id="sm-296">
         <name>_write</name>
         <value>0x8f00</value>
         <object_component_ref idref="oc-142"/>
      </symbol>
      <symbol id="sm-2a0">
         <name>_ltoa</name>
         <value>0x7a20</value>
         <object_component_ref idref="oc-166"/>
      </symbol>
      <symbol id="sm-2aa">
         <name>_memccpy</name>
         <value>0x9860</value>
         <object_component_ref idref="oc-147"/>
      </symbol>
      <symbol id="sm-2b2">
         <name>_memcpy</name>
         <value>0x8420</value>
         <object_component_ref idref="oc-11f"/>
      </symbol>
      <symbol id="sm-2bc">
         <name>_memset</name>
         <value>0x7b20</value>
         <object_component_ref idref="oc-143"/>
      </symbol>
      <symbol id="sm-2c6">
         <name>__mpyd</name>
         <value>0x4360</value>
         <object_component_ref idref="oc-15e"/>
      </symbol>
      <symbol id="sm-2d0">
         <name>__mpyll</name>
         <value>0x97e0</value>
         <object_component_ref idref="oc-161"/>
      </symbol>
      <symbol id="sm-2da">
         <name>__negd</name>
         <value>0x9da0</value>
         <object_component_ref idref="oc-14e"/>
      </symbol>
      <symbol id="sm-2e4">
         <name>__negll</name>
         <value>0x9f80</value>
         <object_component_ref idref="oc-153"/>
      </symbol>
      <symbol id="sm-2ee">
         <name>__subd</name>
         <value>0x9de0</value>
         <object_component_ref idref="oc-168"/>
      </symbol>
      <symbol id="sm-306">
         <name>_HOSTopen</name>
         <value>0x7520</value>
         <object_component_ref idref="oc-10d"/>
      </symbol>
      <symbol id="sm-307">
         <name>_HOSTread</name>
         <value>0x7620</value>
         <object_component_ref idref="oc-10f"/>
      </symbol>
      <symbol id="sm-308">
         <name>_HOSTrename</name>
         <value>0x5ce0</value>
         <object_component_ref idref="oc-113"/>
      </symbol>
      <symbol id="sm-309">
         <name>_HOSTwrite</name>
         <value>0x7720</value>
         <object_component_ref idref="oc-110"/>
      </symbol>
      <symbol id="sm-30a">
         <name>_HOSTlseek</name>
         <value>0x70a0</value>
         <object_component_ref idref="oc-111"/>
      </symbol>
      <symbol id="sm-30b">
         <name>_HOSTunlink</name>
         <value>0x7d20</value>
         <object_component_ref idref="oc-112"/>
      </symbol>
      <symbol id="sm-30c">
         <name>_HOSTclose</name>
         <value>0x86c0</value>
         <object_component_ref idref="oc-10e"/>
      </symbol>
      <symbol id="sm-31a">
         <name>C$$IO$$</name>
         <value>0x9c98</value>
         <object_component_ref idref="oc-123"/>
      </symbol>
      <symbol id="sm-31b">
         <name>__CIOBUF_</name>
         <value>0xb680</value>
         <object_component_ref idref="oc-9f"/>
      </symbol>
      <symbol id="sm-31c">
         <name>_readmsg</name>
         <value>0x98e0</value>
         <object_component_ref idref="oc-124"/>
      </symbol>
      <symbol id="sm-31d">
         <name>_writemsg</name>
         <value>0x9c40</value>
         <object_component_ref idref="oc-123"/>
      </symbol>
      <symbol id="sm-327">
         <name>__wrt_ok</name>
         <value>0x72e0</value>
         <object_component_ref idref="oc-140"/>
      </symbol>
      <symbol id="sm-338">
         <name>__addd</name>
         <value>0x4fc0</value>
         <object_component_ref idref="oc-174"/>
      </symbol>
      <symbol id="sm-342">
         <name>__doflush</name>
         <value>0x8260</value>
         <object_component_ref idref="oc-141"/>
      </symbol>
      <symbol id="sm-34c">
         <name>__frcaddd</name>
         <value>0x48a0</value>
         <object_component_ref idref="oc-179"/>
      </symbol>
      <symbol id="sm-356">
         <name>__frcmpyd</name>
         <value>0x71c0</value>
         <object_component_ref idref="oc-16a"/>
      </symbol>
      <symbol id="sm-360">
         <name>_fseek</name>
         <value>0x69a0</value>
         <object_component_ref idref="oc-148"/>
      </symbol>
      <symbol id="sm-36a">
         <name>__renormd</name>
         <value>0x92e0</value>
         <object_component_ref idref="oc-17b"/>
      </symbol>
      <symbol id="sm-374">
         <name>_setvbuf</name>
         <value>0x5440</value>
         <object_component_ref idref="oc-149"/>
      </symbol>
      <symbol id="sm-382">
         <name>__cleanup</name>
         <value>0x8840</value>
         <object_component_ref idref="oc-158"/>
      </symbol>
      <symbol id="sm-398">
         <name>__sys_memory</name>
         <value>0xabe0</value>
         <object_component_ref idref="oc-c5"/>
      </symbol>
      <symbol id="sm-399">
         <name>_free</name>
         <value>0x3dc0</value>
         <object_component_ref idref="oc-156"/>
      </symbol>
      <symbol id="sm-39a">
         <name>_malloc</name>
         <value>0x64a0</value>
         <object_component_ref idref="oc-157"/>
      </symbol>
      <symbol id="sm-3a4">
         <name>__closefile</name>
         <value>0x6f60</value>
         <object_component_ref idref="oc-164"/>
      </symbol>
      <symbol id="sm-3ae">
         <name>_remove</name>
         <value>0xa020</value>
         <object_component_ref idref="oc-171"/>
      </symbol>
      <symbol id="sm-3ca">
         <name>__IRQ_eventTable</name>
         <value>0xa5e0</value>
         <object_component_ref idref="oc-d0"/>
      </symbol>
      <symbol id="sm-3cb">
         <name>_IRQ_nmiEnable</name>
         <value>0x9ec0</value>
         <object_component_ref idref="oc-12e"/>
      </symbol>
      <symbol id="sm-3cc">
         <name>_IRQ_reset</name>
         <value>0x9ca0</value>
         <object_component_ref idref="oc-12c"/>
      </symbol>
      <symbol id="sm-3cd">
         <name>__IRQ_intTable</name>
         <value>0xa668</value>
         <object_component_ref idref="oc-d0"/>
      </symbol>
      <symbol id="sm-3ce">
         <name>_IRQ_globalEnable</name>
         <value>0x9ea0</value>
         <object_component_ref idref="oc-12d"/>
      </symbol>
      <symbol id="sm-3cf">
         <name>_IRQ_globalDisable</name>
         <value>0x9e80</value>
         <object_component_ref idref="oc-129"/>
      </symbol>
      <symbol id="sm-3d0">
         <name>_IRQ_map</name>
         <value>0x60e0</value>
         <object_component_ref idref="oc-12b"/>
      </symbol>
      <symbol id="sm-3d1">
         <name>_IRQ_enable</name>
         <value>0x9e60</value>
         <object_component_ref idref="oc-12f"/>
      </symbol>
      <symbol id="sm-3d2">
         <name>__IRQ_dispatchTable</name>
         <value>0xa6a8</value>
         <object_component_ref idref="oc-d0"/>
      </symbol>
      <symbol id="sm-3d3">
         <name>__IRQ_hookFetchPacket</name>
         <value>0xa040</value>
         <object_component_ref idref="oc-ce"/>
      </symbol>
      <symbol id="sm-3f1">
         <name>_MCBSP_reset</name>
         <value>0x62c0</value>
         <object_component_ref idref="oc-125"/>
      </symbol>
      <symbol id="sm-3f2">
         <name>_MCBSP_read</name>
         <value>0x9f00</value>
         <object_component_ref idref="oc-11b"/>
      </symbol>
      <symbol id="sm-3f3">
         <name>_MCBSP_getXmtEventId</name>
         <value>0x9ee0</value>
         <object_component_ref idref="oc-12a"/>
      </symbol>
      <symbol id="sm-3f4">
         <name>_MCBSP_open</name>
         <value>0x7e00</value>
         <object_component_ref idref="oc-117"/>
      </symbol>
      <symbol id="sm-3f5">
         <name>__MCBSP_hDev0</name>
         <value>0xa758</value>
         <object_component_ref idref="oc-d5"/>
      </symbol>
      <symbol id="sm-3f6">
         <name>__MCBSP_hDev1</name>
         <value>0xa75c</value>
         <object_component_ref idref="oc-d5"/>
      </symbol>
      <symbol id="sm-3f7">
         <name>__MCBSP_hDev2</name>
         <value>0xa760</value>
         <object_component_ref idref="oc-d5"/>
      </symbol>
      <symbol id="sm-3f8">
         <name>_MCBSP_start</name>
         <value>0x7ee0</value>
         <object_component_ref idref="oc-119"/>
      </symbol>
      <symbol id="sm-3f9">
         <name>_MCBSP_rrdy</name>
         <value>0x9f20</value>
         <object_component_ref idref="oc-11a"/>
      </symbol>
      <symbol id="sm-3fa">
         <name>_MCBSP_config</name>
         <value>0x8780</value>
         <object_component_ref idref="oc-118"/>
      </symbol>
      <symbol id="sm-3fb">
         <name>_MCBSP_xrdy</name>
         <value>0x9f60</value>
         <object_component_ref idref="oc-11c"/>
      </symbol>
      <symbol id="sm-3fc">
         <name>_MCBSP_write</name>
         <value>0x9f40</value>
         <object_component_ref idref="oc-11d"/>
      </symbol>
      <symbol id="sm-42c">
         <name>_DSK6416_waitusec</name>
         <value>0x3300</value>
         <object_component_ref idref="oc-d9"/>
      </symbol>
      <symbol id="sm-42d">
         <name>_DSK6416_rget</name>
         <value>0x3210</value>
         <object_component_ref idref="oc-d9"/>
      </symbol>
      <symbol id="sm-42e">
         <name>_DSK6416_wait</name>
         <value>0x3290</value>
         <object_component_ref idref="oc-d9"/>
      </symbol>
      <symbol id="sm-42f">
         <name>_DSK6416_rset</name>
         <value>0x3248</value>
         <object_component_ref idref="oc-d9"/>
      </symbol>
      <symbol id="sm-430">
         <name>_DSK6416_version</name>
         <value>0xa384</value>
         <object_component_ref idref="oc-da"/>
      </symbol>
      <symbol id="sm-431">
         <name>_DSK6416_getVersion</name>
         <value>0x334c</value>
         <object_component_ref idref="oc-d9"/>
      </symbol>
      <symbol id="sm-432">
         <name>_DSK6416_init</name>
         <value>0x3060</value>
         <object_component_ref idref="oc-d9"/>
      </symbol>
      <symbol id="sm-454">
         <name>_DSK6416_AIC23_openCodec</name>
         <value>0x58a0</value>
         <object_component_ref idref="oc-e0"/>
      </symbol>
      <symbol id="sm-455">
         <name>_DSK6416_AIC23_codecdatahandle</name>
         <value>0xa7c0</value>
         <object_component_ref idref="oc-e1"/>
      </symbol>
      <symbol id="sm-456">
         <name>_DSK6416_AIC23_codeccontrolhandle</name>
         <value>0xa7bc</value>
         <object_component_ref idref="oc-e1"/>
      </symbol>
      <symbol id="sm-483">
         <name>_DSK6416_AIC23_rset</name>
         <value>0x5ac0</value>
         <object_component_ref idref="oc-e7"/>
      </symbol>
      <symbol id="sm-484">
         <name>_DSK6416_AIC23_config</name>
         <value>0x5c1c</value>
         <object_component_ref idref="oc-e7"/>
      </symbol>
      <symbol id="sm-485">
         <name>_DSK6416_AIC23_rget</name>
         <value>0x5bdc</value>
         <object_component_ref idref="oc-e7"/>
      </symbol>
      <symbol id="sm-4a2">
         <name>_DSK6416_AIC23_setFreq</name>
         <value>0x7c20</value>
         <object_component_ref idref="oc-ee"/>
      </symbol>
      <symbol id="sm-4b2">
         <name>_DSK6416_DIP_init</name>
         <value>0x99e0</value>
         <object_component_ref idref="oc-f5"/>
      </symbol>
      <symbol id="sm-4b3">
         <name>_DSK6416_DIP_get</name>
         <value>0x99e4</value>
         <object_component_ref idref="oc-f5"/>
      </symbol>
      <symbol id="sm-4cc">
         <name>_DSK6416_LED_init</name>
         <value>0x6800</value>
         <object_component_ref idref="oc-fa"/>
      </symbol>
      <symbol id="sm-4cd">
         <name>_DSK6416_LED_toggle</name>
         <value>0x6920</value>
         <object_component_ref idref="oc-fa"/>
      </symbol>
      <symbol id="sm-4ce">
         <name>_DSK6416_LED_on</name>
         <value>0x68b4</value>
         <object_component_ref idref="oc-fa"/>
      </symbol>
      <symbol id="sm-4cf">
         <name>_DSK6416_LED_off</name>
         <value>0x6848</value>
         <object_component_ref idref="oc-fa"/>
      </symbol>
      <symbol id="sm-4d7">
         <name>__strasg</name>
         <value>0x8b40</value>
         <object_component_ref idref="oc-114"/>
      </symbol>
      <symbol id="sm-4e1">
         <name>_EMIFA_config</name>
         <value>0x8fc0</value>
         <object_component_ref idref="oc-116"/>
      </symbol>
      <symbol id="sm-4eb">
         <name>_EMIFB_config</name>
         <value>0x9060</value>
         <object_component_ref idref="oc-115"/>
      </symbol>
   </symbol_table>
</link_info>
