
**** Build of configuration Debug for project lab_6_2 ****

"C:\\Program Files\\TI\\ccsv7\\utils\\bin\\gmake" -k -j 16 all -O 
'Building file: ../Fir_block.c'
'Invoking: C6000 Compiler'
"C:/Program Files/TI/ccsv7/tools/compiler/ti-cgt-c6000_7.4.20/bin/cl6x" -mv6400 --abi=coffabi -g --include_path="C:/Program Files/TI/ccsv7/tools/compiler/ti-cgt-c6000_7.4.20/include" --include_path="D:/linh-tinh/1_USB_total/2_ThuvienDSP/BIOS/include" --include_path="D:/linh-tinh/1_USB_total/2_ThuvienDSP/CSL/Include" --include_path="D:/linh-tinh/1_USB_total/2_ThuvienDSP/DSK6416/Include" --define=CHIP_6416 --diag_warning=225 --diag_wrap=off --display_error_number --mem_model:data=far --preproc_with_compile --preproc_dependency="Fir_block.d"  "../Fir_block.c"
"../Fir_block.c", line 20: warning #225-D: function declared implicitly
"../Fir_block.c", line 21: warning #225-D: function declared implicitly
"../Fir_block.c", line 35: warning #225-D: function declared implicitly
"../Fir_block.c", line 41: warning #225-D: function declared implicitly
"../Fir_block.c", line 44: warning #225-D: function declared implicitly
"../Fir_block.c", line 50: warning #225-D: function declared implicitly
"../Fir_block.c", line 19: warning #179-D: variable "i" was declared but never referenced
'Finished building: ../Fir_block.c'
' '
'Building target: lab_6_2.out'
'Invoking: C6000 Linker'
"C:/Program Files/TI/ccsv7/tools/compiler/ti-cgt-c6000_7.4.20/bin/cl6x" -mv6400 --abi=coffabi -g --define=CHIP_6416 --diag_warning=225 --diag_wrap=off --display_error_number --mem_model:data=far -z -m"lab_6_2.map" --stack_size="0x400" --heap_size="0x400" -i"C:/Program Files/TI/ccsv7/tools/compiler/ti-cgt-c6000_7.4.20/lib" -i"D:/linh-tinh/1_USB_total/2_ThuvienDSP/BIOS/lib" -i"D:/linh-tinh/1_USB_total/2_ThuvienDSP/CSL/lib/lib_3x" -i"D:/linh-tinh/1_USB_total/2_ThuvienDSP/DSK6416/lib/dsk6416bsl" -i"C:/Program Files/TI/ccsv7/tools/compiler/ti-cgt-c6000_7.4.20/include" --reread_libs --warn_sections --display_error_number --diag_wrap=off --xml_link_info="lab_6_2_linkInfo.xml" --rom_model -o "lab_6_2.out" "./Fir_block.obj" "./c6416dskinit.obj"  -llibc.a -l"D:/linh-tinh/1_USB_total/2_ThuvienDSP/lib/csl6416.lib" -l"D:/linh-tinh/1_USB_total/2_ThuvienDSP/lib/dsk6416bsl.lib" 
<Linking>
warning #16002-D: build attribute vendor section TI missing in "D:/linh-tinh/1_USB_total/2_ThuvienDSP/lib/csl6416.lib<csl_irq.obj>": compatibility cannot be determined
warning #16002-D: build attribute vendor section TI missing in "D:/linh-tinh/1_USB_total/2_ThuvienDSP/lib/csl6416.lib<csl_mcbsp.obj>": compatibility cannot be determined
warning #16002-D: build attribute vendor section TI missing in "D:/linh-tinh/1_USB_total/2_ThuvienDSP/lib/dsk6416bsl.lib<dsk6416.obj>": compatibility cannot be determined
warning #16002-D: build attribute vendor section TI missing in "D:/linh-tinh/1_USB_total/2_ThuvienDSP/lib/dsk6416bsl.lib<dsk6416_aic23_opencodec.obj>": compatibility cannot be determined
warning #16002-D: build attribute vendor section TI missing in "D:/linh-tinh/1_USB_total/2_ThuvienDSP/lib/dsk6416bsl.lib<dsk6416_aic23_registers.obj>": compatibility cannot be determined
warning #16002-D: build attribute vendor section TI missing in "D:/linh-tinh/1_USB_total/2_ThuvienDSP/lib/dsk6416bsl.lib<dsk6416_aic23_setfreq.obj>": compatibility cannot be determined
warning #16002-D: build attribute vendor section TI missing in "D:/linh-tinh/1_USB_total/2_ThuvienDSP/lib/dsk6416bsl.lib<dsk6416_dip.obj>": compatibility cannot be determined
warning #16002-D: build attribute vendor section TI missing in "D:/linh-tinh/1_USB_total/2_ThuvienDSP/lib/dsk6416bsl.lib<dsk6416_led.obj>": compatibility cannot be determined
warning #16002-D: build attribute vendor section TI missing in "D:/linh-tinh/1_USB_total/2_ThuvienDSP/lib/csl6416.lib<csl_emifa.obj>": compatibility cannot be determined
warning #16002-D: build attribute vendor section TI missing in "D:/linh-tinh/1_USB_total/2_ThuvienDSP/lib/csl6416.lib<csl_emifb.obj>": compatibility cannot be determined
'Finished building target: lab_6_2.out'
' '

**** Build Finished ****

**** Build of configuration Debug for project lab_6_2 ****

"C:\\Program Files\\TI\\ccsv7\\utils\\bin\\gmake" -k -j 16 all -O 
gmake[1]: 'lab_6_2.out' is up to date.

**** Build Finished ****

**** Build of configuration Debug for project lab_6_2 ****

"C:\\Program Files\\TI\\ccsv7\\utils\\bin\\gmake" -k -j 16 all -O 
'Building file: ../Fir_block.c'
'Invoking: C6000 Compiler'
"C:/Program Files/TI/ccsv7/tools/compiler/ti-cgt-c6000_7.4.20/bin/cl6x" -mv6400 --abi=coffabi -g --include_path="C:/Program Files/TI/ccsv7/tools/compiler/ti-cgt-c6000_7.4.20/include" --include_path="D:/linh-tinh/1_USB_total/2_ThuvienDSP/BIOS/include" --include_path="D:/linh-tinh/1_USB_total/2_ThuvienDSP/CSL/Include" --include_path="D:/linh-tinh/1_USB_total/2_ThuvienDSP/DSK6416/Include" --define=CHIP_6416 --diag_warning=225 --diag_wrap=off --display_error_number --mem_model:data=far --preproc_with_compile --preproc_dependency="Fir_block.d"  "../Fir_block.c"

>> Compilation failure
subdir_rules.mk:9: recipe for target 'Fir_block.obj' failed
"..\record.h", line 4: warning #48-D: incompatible redefinition of macro "N" (declared at line 3 of "..\lp1500_256.cof")
"..\record.h", line 6: error #148: declaration is incompatible with "short h[256]" (declared at line 5 of "..\lp1500_256.cof")
"../Fir_block.c", line 15: error #20: identifier "SPEECHBUF" is undefined
"../Fir_block.c", line 20: warning #225-D: function declared implicitly
"../Fir_block.c", line 21: warning #225-D: function declared implicitly
"../Fir_block.c", line 27: error #20: identifier "Speech" is undefined
"../Fir_block.c", line 35: warning #225-D: function declared implicitly
"../Fir_block.c", line 41: warning #225-D: function declared implicitly
"../Fir_block.c", line 44: warning #225-D: function declared implicitly
"../Fir_block.c", line 44: error #20: identifier "Speech" is undefined
"../Fir_block.c", line 50: warning #225-D: function declared implicitly
"../Fir_block.c", line 19: warning #179-D: variable "i" was declared but never referenced
4 errors detected in the compilation of "../Fir_block.c".
gmake: *** [Fir_block.obj] Error 1
gmake: Target 'all' not remade because of errors.

**** Build Finished ****

**** Build of configuration Debug for project lab_6_2 ****

"C:\\Program Files\\TI\\ccsv7\\utils\\bin\\gmake" -k -j 16 all -O 
'Building file: ../Fir_block.c'
'Invoking: C6000 Compiler'
"C:/Program Files/TI/ccsv7/tools/compiler/ti-cgt-c6000_7.4.20/bin/cl6x" -mv6400 --abi=coffabi -g --include_path="C:/Program Files/TI/ccsv7/tools/compiler/ti-cgt-c6000_7.4.20/include" --include_path="D:/linh-tinh/1_USB_total/2_ThuvienDSP/BIOS/include" --include_path="D:/linh-tinh/1_USB_total/2_ThuvienDSP/CSL/Include" --include_path="D:/linh-tinh/1_USB_total/2_ThuvienDSP/DSK6416/Include" --define=CHIP_6416 --diag_warning=225 --diag_wrap=off --display_error_number --mem_model:data=far --preproc_with_compile --preproc_dependency="Fir_block.d"  "../Fir_block.c"

>> Compilation failure
subdir_rules.mk:9: recipe for target 'Fir_block.obj' failed
"..\record.h", line 6: error #148: declaration is incompatible with "short h[256]" (declared at line 5 of "..\lp1500_256.cof")
"../Fir_block.c", line 20: warning #225-D: function declared implicitly
"../Fir_block.c", line 21: warning #225-D: function declared implicitly
"../Fir_block.c", line 27: error #20: identifier "Speech" is undefined
"../Fir_block.c", line 35: warning #225-D: function declared implicitly
"../Fir_block.c", line 41: warning #225-D: function declared implicitly
"../Fir_block.c", line 44: warning #225-D: function declared implicitly
"../Fir_block.c", line 44: error #20: identifier "Speech" is undefined
"../Fir_block.c", line 50: warning #225-D: function declared implicitly
"../Fir_block.c", line 19: warning #179-D: variable "i" was declared but never referenced
3 errors detected in the compilation of "../Fir_block.c".
gmake: *** [Fir_block.obj] Error 1
gmake: Target 'all' not remade because of errors.

**** Build Finished ****

**** Build of configuration Debug for project lab_6_2 ****

"C:\\Program Files\\TI\\ccsv7\\utils\\bin\\gmake" -k -j 16 all -O 
'Building file: ../Fir_block.c'
'Invoking: C6000 Compiler'
"C:/Program Files/TI/ccsv7/tools/compiler/ti-cgt-c6000_7.4.20/bin/cl6x" -mv6400 --abi=coffabi -g --include_path="C:/Program Files/TI/ccsv7/tools/compiler/ti-cgt-c6000_7.4.20/include" --include_path="D:/linh-tinh/1_USB_total/2_ThuvienDSP/BIOS/include" --include_path="D:/linh-tinh/1_USB_total/2_ThuvienDSP/CSL/Include" --include_path="D:/linh-tinh/1_USB_total/2_ThuvienDSP/DSK6416/Include" --define=CHIP_6416 --diag_warning=225 --diag_wrap=off --display_error_number --mem_model:data=far --preproc_with_compile --preproc_dependency="Fir_block.d"  "../Fir_block.c"
"../Fir_block.c", line 20: warning #225-D: function declared implicitly
"../Fir_block.c", line 21: warning #225-D: function declared implicitly
"../Fir_block.c", line 35: warning #225-D: function declared implicitly
"../Fir_block.c", line 41: warning #225-D: function declared implicitly
"../Fir_block.c", line 44: warning #225-D: function declared implicitly
"../Fir_block.c", line 50: warning #225-D: function declared implicitly
"../Fir_block.c", line 19: warning #179-D: variable "i" was declared but never referenced
'Finished building: ../Fir_block.c'
' '
'Building target: lab_6_2.out'
'Invoking: C6000 Linker'
"C:/Program Files/TI/ccsv7/tools/compiler/ti-cgt-c6000_7.4.20/bin/cl6x" -mv6400 --abi=coffabi -g --define=CHIP_6416 --diag_warning=225 --diag_wrap=off --display_error_number --mem_model:data=far -z -m"lab_6_2.map" --stack_size="0x400" --heap_size="0x400" -i"C:/Program Files/TI/ccsv7/tools/compiler/ti-cgt-c6000_7.4.20/lib" -i"D:/linh-tinh/1_USB_total/2_ThuvienDSP/BIOS/lib" -i"D:/linh-tinh/1_USB_total/2_ThuvienDSP/CSL/lib/lib_3x" -i"D:/linh-tinh/1_USB_total/2_ThuvienDSP/DSK6416/lib/dsk6416bsl" -i"C:/Program Files/TI/ccsv7/tools/compiler/ti-cgt-c6000_7.4.20/include" --reread_libs --warn_sections --display_error_number --diag_wrap=off --xml_link_info="lab_6_2_linkInfo.xml" --rom_model -o "lab_6_2.out" "./Fir_block.obj" "./c6416dskinit.obj"  -llibc.a -l"D:/linh-tinh/1_USB_total/2_ThuvienDSP/lib/csl6416.lib" -l"D:/linh-tinh/1_USB_total/2_ThuvienDSP/lib/dsk6416bsl.lib" 
<Linking>
warning #16002-D: build attribute vendor section TI missing in "D:/linh-tinh/1_USB_total/2_ThuvienDSP/lib/csl6416.lib<csl_irq.obj>": compatibility cannot be determined
warning #16002-D: build attribute vendor section TI missing in "D:/linh-tinh/1_USB_total/2_ThuvienDSP/lib/csl6416.lib<csl_mcbsp.obj>": compatibility cannot be determined
warning #16002-D: build attribute vendor section TI missing in "D:/linh-tinh/1_USB_total/2_ThuvienDSP/lib/dsk6416bsl.lib<dsk6416.obj>": compatibility cannot be determined
warning #16002-D: build attribute vendor section TI missing in "D:/linh-tinh/1_USB_total/2_ThuvienDSP/lib/dsk6416bsl.lib<dsk6416_aic23_opencodec.obj>": compatibility cannot be determined
warning #16002-D: build attribute vendor section TI missing in "D:/linh-tinh/1_USB_total/2_ThuvienDSP/lib/dsk6416bsl.lib<dsk6416_aic23_registers.obj>": compatibility cannot be determined
warning #16002-D: build attribute vendor section TI missing in "D:/linh-tinh/1_USB_total/2_ThuvienDSP/lib/dsk6416bsl.lib<dsk6416_aic23_setfreq.obj>": compatibility cannot be determined
warning #16002-D: build attribute vendor section TI missing in "D:/linh-tinh/1_USB_total/2_ThuvienDSP/lib/dsk6416bsl.lib<dsk6416_dip.obj>": compatibility cannot be determined
warning #16002-D: build attribute vendor section TI missing in "D:/linh-tinh/1_USB_total/2_ThuvienDSP/lib/dsk6416bsl.lib<dsk6416_led.obj>": compatibility cannot be determined
warning #16002-D: build attribute vendor section TI missing in "D:/linh-tinh/1_USB_total/2_ThuvienDSP/lib/csl6416.lib<csl_emifa.obj>": compatibility cannot be determined
warning #16002-D: build attribute vendor section TI missing in "D:/linh-tinh/1_USB_total/2_ThuvienDSP/lib/csl6416.lib<csl_emifb.obj>": compatibility cannot be determined
'Finished building target: lab_6_2.out'
' '

**** Build Finished ****
