
**** Build of configuration Debug for project hello ****

"C:\\Program Files\\TI\\ccsv7\\utils\\bin\\gmake" -k -j 16 all -O 
'Building file: ../main.c'
'Invoking: C6000 Compiler'
"C:/Program Files/TI/ccsv7/tools/compiler/ti-cgt-c6000_7.4.20/bin/cl6x" -mv6400 --abi=coffabi -g --include_path="C:/Program Files/TI/ccsv7/tools/compiler/ti-cgt-c6000_7.4.20/include" --include_path="D:/linh-tinh/1_USB_total/2_ThuvienDSP/BIOS/include" --include_path="D:/linh-tinh/1_USB_total/2_ThuvienDSP/CSL/Include" --include_path="D:/linh-tinh/1_USB_total/2_ThuvienDSP/DSK6416/Include" --define=CHIP_6416 --diag_warning=225 --diag_wrap=off --display_error_number --mem_model:data=far --preproc_with_compile --preproc_dependency="main.d"  "../main.c"
"../main.c", line 17: warning #225-D: function declared implicitly
"../main.c", line 19: warning #225-D: function declared implicitly
"../main.c", line 20: warning #225-D: function declared implicitly
"../main.c", line 26: warning #225-D: function declared implicitly
"../main.c", line 28: warning #225-D: function declared implicitly
"../main.c", line 31: warning #225-D: function declared implicitly
"../main.c", line 38: warning #225-D: function declared implicitly
'Finished building: ../main.c'
' '
'Building file: ../c6416dskinit.c'
'Invoking: C6000 Compiler'
"C:/Program Files/TI/ccsv7/tools/compiler/ti-cgt-c6000_7.4.20/bin/cl6x" -mv6400 --abi=coffabi -g --include_path="C:/Program Files/TI/ccsv7/tools/compiler/ti-cgt-c6000_7.4.20/include" --include_path="D:/linh-tinh/1_USB_total/2_ThuvienDSP/BIOS/include" --include_path="D:/linh-tinh/1_USB_total/2_ThuvienDSP/CSL/Include" --include_path="D:/linh-tinh/1_USB_total/2_ThuvienDSP/DSK6416/Include" --define=CHIP_6416 --diag_warning=225 --diag_wrap=off --display_error_number --mem_model:data=far --preproc_with_compile --preproc_dependency="c6416dskinit.d"  "../c6416dskinit.c"
'Finished building: ../c6416dskinit.c'
' '
'Building target: hello.out'
'Invoking: C6000 Linker'
"C:/Program Files/TI/ccsv7/tools/compiler/ti-cgt-c6000_7.4.20/bin/cl6x" -mv6400 --abi=coffabi -g --define=CHIP_6416 --diag_warning=225 --diag_wrap=off --display_error_number --mem_model:data=far -z -m"hello.map" --stack_size="0x400" --heap_size="0x400" -i"C:/Program Files/TI/ccsv7/tools/compiler/ti-cgt-c6000_7.4.20/lib" -i"D:/linh-tinh/1_USB_total/2_ThuvienDSP/BIOS/lib" -i"D:/linh-tinh/1_USB_total/2_ThuvienDSP/CSL/lib/lib_3x" -i"D:/linh-tinh/1_USB_total/2_ThuvienDSP/DSK6416/lib/dsk6416bsl" -i"C:/Program Files/TI/ccsv7/tools/compiler/ti-cgt-c6000_7.4.20/include" --reread_libs --warn_sections --display_error_number --diag_wrap=off --xml_link_info="hello_linkInfo.xml" --rom_model -o "hello.out" "./c6416dskinit.obj" "./main.obj"  -llibc.a -l"D:/linh-tinh/1_USB_total/2_ThuvienDSP/lib/csl6416.lib" -l"D:/linh-tinh/1_USB_total/2_ThuvienDSP/lib/dsk6416bsl.lib" 
<Linking>
warning #16002-D: build attribute vendor section TI missing in "D:/linh-tinh/1_USB_total/2_ThuvienDSP/lib/csl6416.lib<csl_irq.obj>": compatibility cannot be determined
warning #16002-D: build attribute vendor section TI missing in "D:/linh-tinh/1_USB_total/2_ThuvienDSP/lib/csl6416.lib<csl_mcbsp.obj>": compatibility cannot be determined
warning #16002-D: build attribute vendor section TI missing in "D:/linh-tinh/1_USB_total/2_ThuvienDSP/lib/dsk6416bsl.lib<dsk6416.obj>": compatibility cannot be determined
warning #16002-D: build attribute vendor section TI missing in "D:/linh-tinh/1_USB_total/2_ThuvienDSP/lib/dsk6416bsl.lib<dsk6416_aic23_opencodec.obj>": compatibility cannot be determined
warning #16002-D: build attribute vendor section TI missing in "D:/linh-tinh/1_USB_total/2_ThuvienDSP/lib/dsk6416bsl.lib<dsk6416_aic23_registers.obj>": compatibility cannot be determined
warning #16002-D: build attribute vendor section TI missing in "D:/linh-tinh/1_USB_total/2_ThuvienDSP/lib/dsk6416bsl.lib<dsk6416_aic23_setfreq.obj>": compatibility cannot be determined
warning #16002-D: build attribute vendor section TI missing in "D:/linh-tinh/1_USB_total/2_ThuvienDSP/lib/dsk6416bsl.lib<dsk6416_dip.obj>": compatibility cannot be determined
warning #16002-D: build attribute vendor section TI missing in "D:/linh-tinh/1_USB_total/2_ThuvienDSP/lib/dsk6416bsl.lib<dsk6416_led.obj>": compatibility cannot be determined
warning #16002-D: build attribute vendor section TI missing in "D:/linh-tinh/1_USB_total/2_ThuvienDSP/lib/csl6416.lib<csl_emifa.obj>": compatibility cannot be determined
warning #16002-D: build attribute vendor section TI missing in "D:/linh-tinh/1_USB_total/2_ThuvienDSP/lib/csl6416.lib<csl_emifb.obj>": compatibility cannot be determined
'Finished building target: hello.out'
' '

**** Build Finished ****
