
**** Build of configuration Debug for project lab_6 ****

"C:\\Program Files\\TI\\ccsv7\\utils\\bin\\gmake" -k -j 16 all -O 
'Building file: ../IIR.c'
'Invoking: C6000 Compiler'
"C:/Program Files/TI/ccsv7/tools/compiler/ti-cgt-c6000_7.4.20/bin/cl6x" -mv6400 --abi=coffabi -g --include_path="C:/Program Files/TI/ccsv7/tools/compiler/ti-cgt-c6000_7.4.20/include" --include_path="D:/linh-tinh/1_USB_total/2_ThuvienDSP/BIOS/include" --include_path="D:/linh-tinh/1_USB_total/2_ThuvienDSP/CSL/Include" --include_path="D:/linh-tinh/1_USB_total/2_ThuvienDSP/DSK6416/Include" --define=CHIP_6416 --diag_wrap=off --display_error_number --diag_warning=225 --mem_model:data=far --preproc_with_compile --preproc_dependency="IIR.d"  "../IIR.c"
"..\impinv.cof", line 3: warning #1-D: last line of file ends without a newline
"../IIR.c", line 16: warning #225-D: function declared implicitly
"../IIR.c", line 28: warning #225-D: function declared implicitly
"../IIR.c", line 41: warning #225-D: function declared implicitly
'Finished building: ../IIR.c'
' '
'Building target: lab_6.out'
'Invoking: C6000 Linker'
"C:/Program Files/TI/ccsv7/tools/compiler/ti-cgt-c6000_7.4.20/bin/cl6x" -mv6400 --abi=coffabi -g --define=CHIP_6416 --diag_wrap=off --display_error_number --diag_warning=225 --mem_model:data=far -z -m"lab_6.map" --stack_size="0x400" --heap_size="0x400" -i"C:/Program Files/TI/ccsv7/tools/compiler/ti-cgt-c6000_7.4.20/lib" -i"D:/linh-tinh/1_USB_total/2_ThuvienDSP/BIOS/lib" -i"D:/linh-tinh/1_USB_total/2_ThuvienDSP/CSL/lib/lib_3x" -i"D:/linh-tinh/1_USB_total/2_ThuvienDSP/DSK6416/lib/dsk6416bsl" -i"C:/Program Files/TI/ccsv7/tools/compiler/ti-cgt-c6000_7.4.20/include" --reread_libs --diag_wrap=off --display_error_number --warn_sections --xml_link_info="lab_6_linkInfo.xml" --rom_model -o "lab_6.out" "./IIR.obj" "./Vectors_intr.obj" "./c6416dskinit.obj"  -llibc.a -l"D:/linh-tinh/1_USB_total/2_ThuvienDSP/lib/csl6416.lib" -l"D:/linh-tinh/1_USB_total/2_ThuvienDSP/lib/dsk6416bsl.lib" 
<Linking>
warning #16002-D: build attribute vendor section TI missing in "D:/linh-tinh/1_USB_total/2_ThuvienDSP/lib/csl6416.lib<csl_irq.obj>": compatibility cannot be determined
warning #16002-D: build attribute vendor section TI missing in "D:/linh-tinh/1_USB_total/2_ThuvienDSP/lib/csl6416.lib<csl_mcbsp.obj>": compatibility cannot be determined
warning #16002-D: build attribute vendor section TI missing in "D:/linh-tinh/1_USB_total/2_ThuvienDSP/lib/dsk6416bsl.lib<dsk6416.obj>": compatibility cannot be determined
warning #16002-D: build attribute vendor section TI missing in "D:/linh-tinh/1_USB_total/2_ThuvienDSP/lib/dsk6416bsl.lib<dsk6416_aic23_opencodec.obj>": compatibility cannot be determined
warning #16002-D: build attribute vendor section TI missing in "D:/linh-tinh/1_USB_total/2_ThuvienDSP/lib/dsk6416bsl.lib<dsk6416_aic23_registers.obj>": compatibility cannot be determined
warning #16002-D: build attribute vendor section TI missing in "D:/linh-tinh/1_USB_total/2_ThuvienDSP/lib/dsk6416bsl.lib<dsk6416_aic23_setfreq.obj>": compatibility cannot be determined
warning #16002-D: build attribute vendor section TI missing in "D:/linh-tinh/1_USB_total/2_ThuvienDSP/lib/csl6416.lib<csl_emifa.obj>": compatibility cannot be determined
warning #16002-D: build attribute vendor section TI missing in "D:/linh-tinh/1_USB_total/2_ThuvienDSP/lib/csl6416.lib<csl_emifb.obj>": compatibility cannot be determined
warning #10247-D: creating output section ".vecs" without a SECTIONS specification
'Finished building target: lab_6.out'
' '

**** Build Finished ****
