******************************************************************************
               TMS320C6x Linker PC v7.4.20                     
******************************************************************************
>> Linked Wed Mar 11 09:29:42 2026

OUTPUT FILE NAME:   <lab_7.out>
ENTRY POINT SYMBOL: "_c_int00"  address: 000027a0


MEMORY CONFIGURATION

         name            origin    length      used     unused   attr    fill
----------------------  --------  ---------  --------  --------  ----  --------
  RAM                   00000001   fffffffe  00003934  ffffc6ca  RWIX


SECTION ALLOCATION MAP

 output                                  attributes/
section   page    origin      length       input sections
--------  ----  ----------  ----------   ----------------
.pinit     0    00000004    00000000     UNINITIALIZED

.data      0    00000008    00000000     UNINITIALIZED

.bss       0    00000008    00000000     UNINITIALIZED

.text      0    00000020    00002a40     
                  00000020    00000640     c6416dskinit.obj (.text)
                  00000660    000004c0     IIRsos.obj (.text:retain)
                  00000b20    000003c0     dsk6416bsl.lib : dsk6416.obj (.text)
                  00000ee0    00000380     rts6400.lib : addf.obj (.text:__addf)
                  00001260    00000220                 : mpyf.obj (.text:__mpyf)
                  00001480    00000220     dsk6416bsl.lib : dsk6416_aic23_opencodec.obj (.text)
                  000016a0    00000220                    : dsk6416_aic23_registers.obj (.text)
                  000018c0    000001e0     csl6416.lib : csl_irq.obj (.text:_IRQ_map)
                  00001aa0    000001e0                 : csl_mcbsp.obj (.text:_MCBSP_reset)
                  00001c80    00000100     dsk6416bsl.lib : dsk6416_aic23_setfreq.obj (.text)
                  00001d80    000000e0     csl6416.lib : csl_mcbsp.obj (.text:_MCBSP_open)
                  00001e60    000000e0                 : csl_mcbsp.obj (.text:_MCBSP_start)
                  00001f40    000000e0     rts6400.lib : autoinit.obj (.text:__auto_init)
                  00002020    000000e0                 : memcpy64.obj (.text:_memcpy)
                  00002100    000000c0     csl6416.lib : csl_mcbsp.obj (.text:_MCBSP_config)
                  000021c0    000000c0     rts6400.lib : strasg.obj (.text:__strasg)
                  00002280    000000c0                 : exit.obj (.text:_exit)
                  00002340    000000c0     csl6416.lib : csl_irq.obj (.text:_setMux)
                  00002400    000000a0                 : csl_emifa.obj (.text:_EMIFA_config)
                  000024a0    000000a0                 : csl_emifb.obj (.text:_EMIFB_config)
                  00002540    000000a0     rts6400.lib : cpy_tbl.obj (.text:_copy_in)
                  000025e0    00000080                 : cpp_init.obj (.text:___TI_cpp_init)
                  00002660    00000080                 : fixfi.obj (.text:__fixfi)
                  000026e0    00000060                 : fltif.obj (.text:__fltif)
                  00002740    00000060                 : frcmpyf.obj (.text:__frcmpyf)
                  000027a0    00000060                 : boot.obj (.text:_c_int00)
                  00002800    00000040     csl6416.lib : csl_irq.obj (.text:_IRQ_reset)
                  00002840    00000040     rts6400.lib : args_main.obj (.text:__args_main)
                  00002880    00000040                 : subf.obj (.text:__subf)
                  000028c0    00000020     IIRsos.obj (.text)
                  000028e0    00000020     Vectors_intr.obj (.text)
                  00002900    00000020     csl6416.lib : csl_irq.obj (.text:_IRQ_enable)
                  00002920    00000020                 : csl_irq.obj (.text:_IRQ_globalDisable)
                  00002940    00000020                 : csl_irq.obj (.text:_IRQ_globalEnable)
                  00002960    00000020                 : csl_irq.obj (.text:_IRQ_nmiEnable)
                  00002980    00000020                 : csl_mcbsp.obj (.text:_MCBSP_getXmtEventId)
                  000029a0    00000020                 : csl_mcbsp.obj (.text:_MCBSP_read)
                  000029c0    00000020                 : csl_mcbsp.obj (.text:_MCBSP_rrdy)
                  000029e0    00000020                 : csl_mcbsp.obj (.text:_MCBSP_write)
                  00002a00    00000020                 : csl_mcbsp.obj (.text:_MCBSP_xrdy)
                  00002a20    00000020     rts6400.lib : exit.obj (.text:_abort)
                  00002a40    00000020     csl6416.lib : csl_irq.obj (.text)

.stack     0    00002a60    00000400     UNINITIALIZED
                  00002a60    00000008     rts6400.lib : boot.obj (.stack)
                  00002a68    000003f8     --HOLE--

.cinit     0    00002e60    0000040c     
                  00002e60    0000017c     IIRsos.obj (.cinit)
                  00002fdc    00000004     --HOLE-- [fill = 0]
                  00002fe0    0000012c     csl6416.lib : csl_irq.obj (.cinit)
                  0000310c    00000004     --HOLE-- [fill = 0]
                  00003110    0000007c                 : csl_mcbsp.obj (.cinit)
                  0000318c    00000004     --HOLE-- [fill = 0]
                  00003190    0000005c     c6416dskinit.obj (.cinit)
                  000031ec    00000004     --HOLE-- [fill = 0]
                  000031f0    0000002c     rts6400.lib : exit.obj (.cinit)
                  0000321c    00000004     --HOLE-- [fill = 0]
                  00003220    00000028     dsk6416bsl.lib : dsk6416_aic23_setfreq.obj (.cinit)
                  00003248    0000001c                    : dsk6416_aic23_registers.obj (.cinit)
                  00003264    00000004     --HOLE-- [fill = 0]
                  00003268    00000004     (.pad.cinit) [fill = 0]

.far       0    00003270    000003b8     UNINITIALIZED
                  00003270    000001b4     IIRsos.obj (.far)
                  00003424    00000004     dsk6416bsl.lib : dsk6416.obj (.far)
                  00003428    00000100     csl6416.lib : csl_irq.obj (.far)
                  00003528    0000005a     c6416dskinit.obj (.far)
                  00003582    00000006     --HOLE--
                  00003588    00000054     csl6416.lib : csl_mcbsp.obj (.far)
                  000035dc    00000004     --HOLE--
                  000035e0    00000020     dsk6416bsl.lib : dsk6416_aic23_setfreq.obj (.far)
                  00003600    00000014                    : dsk6416_aic23_registers.obj (.far)
                  00003614    0000000c     rts6400.lib : exit.obj (.far)
                  00003620    00000008     dsk6416bsl.lib : dsk6416_aic23_opencodec.obj (.far)

.const     0    00003628    00000130     
                  00003628    000000c0     dsk6416bsl.lib : dsk6416.obj (.const)
                  000036e8    00000070                    : dsk6416_aic23_opencodec.obj (.const)

.vecs      0    00003800    00000200     
                  00003800    00000200     Vectors_intr.obj (.vecs)


GLOBAL SYMBOLS: SORTED ALPHABETICALLY BY Name 

address    name
--------   ----
00000008   $bss
00000008   .bss
00000008   .data
00000020   .text
00002a20   C$$EXIT
00003534   _AIC23CfgData
00003528   _AIC_data
00003620   _DSK6416_AIC23_codeccontrolhandle
00003624   _DSK6416_AIC23_codecdatahandle
000017fc   _DSK6416_AIC23_config
00001480   _DSK6416_AIC23_openCodec
000017bc   _DSK6416_AIC23_rget
000016a0   _DSK6416_AIC23_rset
00001c80   _DSK6416_AIC23_setFreq
00000e0c   _DSK6416_getVersion
00000b20   _DSK6416_init
00000cd0   _DSK6416_rget
00000d08   _DSK6416_rset
00003424   _DSK6416_version
00000d50   _DSK6416_wait
00000dc0   _DSK6416_waitusec
00002400   _EMIFA_config
000024a0   _EMIFB_config
00002900   _IRQ_enable
00002920   _IRQ_globalDisable
00002940   _IRQ_globalEnable
000018c0   _IRQ_map
00002960   _IRQ_nmiEnable
00002800   _IRQ_reset
00002100   _MCBSP_config
00002980   _MCBSP_getXmtEventId
00001d80   _MCBSP_open
000029a0   _MCBSP_read
00001aa0   _MCBSP_reset
000029c0   _MCBSP_rrdy
00001e60   _MCBSP_start
000029e0   _MCBSP_write
00002a00   _MCBSP_xrdy
00003520   __IRQ_dispatchTable
00003458   __IRQ_eventTable
00002a40   __IRQ_hookFetchPacket
000034e0   __IRQ_intTable
000035d0   __MCBSP_hDev0
000035d4   __MCBSP_hDev1
000035d8   __MCBSP_hDev2
00002e60   __STACK_END
00000400   __STACK_SIZE
00000001   __TI_args_main
000025e0   ___TI_cpp_init
0000361c   ___TI_enable_exit_profile_output
ffffffff   ___TI_pprof_out_hndl
ffffffff   ___TI_prof_data_size
ffffffff   ___TI_prof_data_start
ffffffff   ___binit__
00000008   ___bss__
ffffffff   ___c_args__
00002e60   ___cinit__
00000008   ___data__
00000008   ___edata__
00000008   ___end__
00002a60   ___etext__
ffffffff   ___pinit__
00000020   ___text__
00000ee0   __addf
00002840   __args_main
00001f40   __auto_init
00003614   __cleanup_ptr
00003618   __dtors_ptr
00002660   __fixfi
000026e0   __fltif
00002740   __frcmpyf
00001260   __mpyf
00002a60   __stack
000021c0   __strasg
00002880   __subf
00003278   _a
00002a20   _abort
00003318   _b
00000020   _c6416_dsk_init
000027a0   _c_int00
00000660   _c_int11
000000ec   _comm_intr
000000c4   _comm_poll
0000356c   _config
00002540   _copy_in
00002280   _exit
00003270   _fs
00003420   _gain
00003580   _hAIC23_handle
00000508   _input_left_sample
000005a8   _input_right_sample
00000430   _input_sample
000028c0   _main
00002020   _memcpy
000002c4   _output_left_sample
0000037c   _output_right_sample
000001d8   _output_sample
00003820   _vector1
00003940   _vector10
00003980   _vector12
000039a0   _vector13
000039c0   _vector14
000039e0   _vector15
00003840   _vector2
00003860   _vector3
00003880   _vector4
000038a0   _vector5
000038c0   _vector6
000038e0   _vector7
00003900   _vector8
00003920   _vector9
00003800   _vectors
000033b8   _w
ffffffff   binit
00002e60   cinit
00000008   edata
00000008   end
00002a60   etext
ffffffff   pinit


GLOBAL SYMBOLS: SORTED BY Symbol Address 

address    name
--------   ----
00000001   __TI_args_main
00000008   $bss
00000008   .bss
00000008   .data
00000008   ___bss__
00000008   ___data__
00000008   ___edata__
00000008   ___end__
00000008   edata
00000008   end
00000020   .text
00000020   ___text__
00000020   _c6416_dsk_init
000000c4   _comm_poll
000000ec   _comm_intr
000001d8   _output_sample
000002c4   _output_left_sample
0000037c   _output_right_sample
00000400   __STACK_SIZE
00000430   _input_sample
00000508   _input_left_sample
000005a8   _input_right_sample
00000660   _c_int11
00000b20   _DSK6416_init
00000cd0   _DSK6416_rget
00000d08   _DSK6416_rset
00000d50   _DSK6416_wait
00000dc0   _DSK6416_waitusec
00000e0c   _DSK6416_getVersion
00000ee0   __addf
00001260   __mpyf
00001480   _DSK6416_AIC23_openCodec
000016a0   _DSK6416_AIC23_rset
000017bc   _DSK6416_AIC23_rget
000017fc   _DSK6416_AIC23_config
000018c0   _IRQ_map
00001aa0   _MCBSP_reset
00001c80   _DSK6416_AIC23_setFreq
00001d80   _MCBSP_open
00001e60   _MCBSP_start
00001f40   __auto_init
00002020   _memcpy
00002100   _MCBSP_config
000021c0   __strasg
00002280   _exit
00002400   _EMIFA_config
000024a0   _EMIFB_config
00002540   _copy_in
000025e0   ___TI_cpp_init
00002660   __fixfi
000026e0   __fltif
00002740   __frcmpyf
000027a0   _c_int00
00002800   _IRQ_reset
00002840   __args_main
00002880   __subf
000028c0   _main
00002900   _IRQ_enable
00002920   _IRQ_globalDisable
00002940   _IRQ_globalEnable
00002960   _IRQ_nmiEnable
00002980   _MCBSP_getXmtEventId
000029a0   _MCBSP_read
000029c0   _MCBSP_rrdy
000029e0   _MCBSP_write
00002a00   _MCBSP_xrdy
00002a20   C$$EXIT
00002a20   _abort
00002a40   __IRQ_hookFetchPacket
00002a60   ___etext__
00002a60   __stack
00002a60   etext
00002e60   __STACK_END
00002e60   ___cinit__
00002e60   cinit
00003270   _fs
00003278   _a
00003318   _b
000033b8   _w
00003420   _gain
00003424   _DSK6416_version
00003458   __IRQ_eventTable
000034e0   __IRQ_intTable
00003520   __IRQ_dispatchTable
00003528   _AIC_data
00003534   _AIC23CfgData
0000356c   _config
00003580   _hAIC23_handle
000035d0   __MCBSP_hDev0
000035d4   __MCBSP_hDev1
000035d8   __MCBSP_hDev2
00003614   __cleanup_ptr
00003618   __dtors_ptr
0000361c   ___TI_enable_exit_profile_output
00003620   _DSK6416_AIC23_codeccontrolhandle
00003624   _DSK6416_AIC23_codecdatahandle
00003800   _vectors
00003820   _vector1
00003840   _vector2
00003860   _vector3
00003880   _vector4
000038a0   _vector5
000038c0   _vector6
000038e0   _vector7
00003900   _vector8
00003920   _vector9
00003940   _vector10
00003980   _vector12
000039a0   _vector13
000039c0   _vector14
000039e0   _vector15
ffffffff   ___TI_pprof_out_hndl
ffffffff   ___TI_prof_data_size
ffffffff   ___TI_prof_data_start
ffffffff   ___binit__
ffffffff   ___c_args__
ffffffff   ___pinit__
ffffffff   binit
ffffffff   pinit

[119 symbols]
